# No-Compile Static Analysis Log

Root: /home/hp/文档/output/CE7-FYQ-src_flat_out/CduModulePowerDutyGet/IP_CduModulePowerDutyGet.c
Files: 1
Functions: 2
Call edges: 19
Field accesses: 45
Unresolved calls: 2
Missing local includes: 0
Function invariants: 61
Project invariants: 9

## Missing Local Includes
- none

## Duplicate Function Definitions
- none

## Unresolved Calls
- ASSERT: CduModulePowerDutyGet@IP_CduModulePowerDutyGet.c:104, CduModulePowerDutyGet@IP_CduModulePowerDutyGet.c:105, CduModulePowerDutyGet@IP_CduModulePowerDutyGet.c:106, CduModulePowerDutyGet@IP_CduModulePowerDutyGet.c:107, CduModulePowerDutyGet@IP_CduModulePowerDutyGet.c:108, CduModulePowerDutyGet@IP_CduModulePowerDutyGet.c:109, CduModulePowerDutyGet@IP_CduModulePowerDutyGet.c:110, CduModulePowerDutyGet@IP_CduModulePowerDutyGet.c:111 (+1 more)
- Drv_IO_Bit_In: CduModulePowerDutyGet@IP_CduModulePowerDutyGet.c:50, CduModulePowerDutyGet@IP_CduModulePowerDutyGet.c:51, CduModulePowerDutyGet@IP_CduModulePowerDutyGet.c:52, CduModulePowerDutyGet@IP_CduModulePowerDutyGet.c:53, CduModulePowerDutyGet@IP_CduModulePowerDutyGet.c:54, CduModulePowerDutyGet@IP_CduModulePowerDutyGet.c:55, CduModulePowerDutyGet@IP_CduModulePowerDutyGet.c:56, CduModulePowerDutyGet@IP_CduModulePowerDutyGet.c:57 (+1 more)

## Call Graph
- CduModulePowerDutyGet -> ASSERT? x9, DevCommInit, Drv_IO_Bit_In? x9

## State Transitions
- none

## Field Access Summary
- sCduStatus.CduModuleFlag: read=2 write=0 read_write=0 functions=CduModulePowerDutyGet
- sCduStatus.CduOnDuty: read=12 write=3 read_write=0 functions=CduModulePowerDutyGet
- sCduStatus.CduOnDutyForce: read=6 write=3 read_write=0 functions=CduModulePowerDutyGet
- sCduStatus.CduOnDutyOld: read=3 write=3 read_write=0 functions=CduModulePowerDutyGet
- sCduStatus.CduPowerOn: read=6 write=3 read_write=0 functions=CduModulePowerDutyGet
- sFtdiComm.cntCommErrorCnt: read=0 write=1 read_write=0 functions=DevCommInit
- sLtpsComm.cntCommErrorCnt: read=0 write=1 read_write=0 functions=DevCommInit
- sOtsComm.cntCommErrorCnt: read=0 write=1 read_write=0 functions=DevCommInit
- sZlqCcuStatus.cntCommErrorCnt: read=0 write=1 read_write=0 functions=DevCommInit

## Project Invariants
- [project_input_field/medium] sCduStatus.CduModuleFlag is only read by CduModulePowerDutyGet (field summary)
- [project_state_field/medium] sCduStatus.CduOnDuty is read and written (field summary)
- [project_state_field/medium] sCduStatus.CduOnDutyForce is read and written (field summary)
- [project_state_field/medium] sCduStatus.CduOnDutyOld is read and written (field summary)
- [project_state_field/medium] sCduStatus.CduPowerOn is read and written (field summary)
- [project_output_field/medium] sFtdiComm.cntCommErrorCnt is only written by DevCommInit (field summary)
- [project_output_field/medium] sLtpsComm.cntCommErrorCnt is only written by DevCommInit (field summary)
- [project_output_field/medium] sOtsComm.cntCommErrorCnt is only written by DevCommInit (field summary)
- [project_output_field/medium] sZlqCcuStatus.cntCommErrorCnt is only written by DevCommInit (field summary)

## Function Details
### DevCommInit (IP_CduModulePowerDutyGet.c:7)
- params: void
- locals: none
- calls: none
- undefined_calls: none
- reads: FALSE32
- writes: bCommFault, cntCommErrorCnt, sFtdiComm, sLtpsComm, sOtsComm, sZlqCcuStatus
- summary.modifies: sFtdiComm.cntCommErrorCnt, sLtpsComm.cntCommErrorCnt, sOtsComm.cntCommErrorCnt, sZlqCcuStatus.cntCommErrorCnt
- summary.ensures_observed:
  - bCommFault in [0, 0]
  - cntCommErrorCnt in [0, 0]
  - sFtdiComm.cntCommErrorCnt in [0, 0]
  - sLtpsComm.cntCommErrorCnt in [0, 0]
  - sOtsComm.cntCommErrorCnt in [0, 0]
  - sZlqCcuStatus.cntCommErrorCnt in [0, 0]
  - cntCommErrorCnt is reset to 0
  - cntCommErrorCnt is reset to 0
  - cntCommErrorCnt is reset to 0
  - cntCommErrorCnt is reset to 0
  - cntCommErrorCnt is reset to 0
  - cntCommErrorCnt is reset to 0
  - cntCommErrorCnt is reset to 0
  - cntCommErrorCnt is reset to 0
  - sFtdiComm.cntCommErrorCnt is reset to 0
  - sLtpsComm.cntCommErrorCnt is reset to 0
  - ... 3 more
- invariants:
  - [value_range/medium] bCommFault in [0, 0] (macro FALSE32@26; macro FALSE32@27; macro FALSE32@29; macro FALSE32@30; macro FALSE32@32; macro FALSE32@33; macro FALSE32@34; macro FALSE32@35)
  - [value_range/medium] cntCommErrorCnt in [0, 0] (literal@9; literal@10; literal@12; literal@13; literal@15; literal@16; literal@17; literal@18)
  - [value_range/medium] sFtdiComm.cntCommErrorCnt in [0, 0] (literal@20)
  - [value_range/medium] sLtpsComm.cntCommErrorCnt in [0, 0] (literal@21)
  - [value_range/medium] sOtsComm.cntCommErrorCnt in [0, 0] (literal@22)
  - [value_range/medium] sZlqCcuStatus.cntCommErrorCnt in [0, 0] (literal@23)
  - [assignment_value/high]@9 cntCommErrorCnt may be assigned 0 (cntCommErrorCnt = 0)
  - [reset/high]@9 cntCommErrorCnt is reset to 0 (cntCommErrorCnt = 0)
  - [assignment_value/high]@10 cntCommErrorCnt may be assigned 0 (cntCommErrorCnt = 0)
  - [reset/high]@10 cntCommErrorCnt is reset to 0 (cntCommErrorCnt = 0)
  - [assignment_value/high]@12 cntCommErrorCnt may be assigned 0 (cntCommErrorCnt = 0)
  - [reset/high]@12 cntCommErrorCnt is reset to 0 (cntCommErrorCnt = 0)
  - [assignment_value/high]@13 cntCommErrorCnt may be assigned 0 (cntCommErrorCnt = 0)
  - [reset/high]@13 cntCommErrorCnt is reset to 0 (cntCommErrorCnt = 0)
  - [assignment_value/high]@15 cntCommErrorCnt may be assigned 0 (cntCommErrorCnt = 0)
  - [reset/high]@15 cntCommErrorCnt is reset to 0 (cntCommErrorCnt = 0)
  - [assignment_value/high]@16 cntCommErrorCnt may be assigned 0 (cntCommErrorCnt = 0)
  - [reset/high]@16 cntCommErrorCnt is reset to 0 (cntCommErrorCnt = 0)
  - [assignment_value/high]@17 cntCommErrorCnt may be assigned 0 (cntCommErrorCnt = 0)
  - [reset/high]@17 cntCommErrorCnt is reset to 0 (cntCommErrorCnt = 0)
  - [assignment_value/high]@18 cntCommErrorCnt may be assigned 0 (cntCommErrorCnt = 0)
  - [reset/high]@18 cntCommErrorCnt is reset to 0 (cntCommErrorCnt = 0)
  - [assignment_value/high]@20 sFtdiComm.cntCommErrorCnt may be assigned 0 (sFtdiComm.cntCommErrorCnt = 0)
  - [reset/high]@20 sFtdiComm.cntCommErrorCnt is reset to 0 (sFtdiComm.cntCommErrorCnt = 0)
  - [assignment_value/high]@21 sLtpsComm.cntCommErrorCnt may be assigned 0 (sLtpsComm.cntCommErrorCnt = 0)
  - [reset/high]@21 sLtpsComm.cntCommErrorCnt is reset to 0 (sLtpsComm.cntCommErrorCnt = 0)
  - [assignment_value/high]@22 sOtsComm.cntCommErrorCnt may be assigned 0 (sOtsComm.cntCommErrorCnt = 0)
  - [reset/high]@22 sOtsComm.cntCommErrorCnt is reset to 0 (sOtsComm.cntCommErrorCnt = 0)
  - [assignment_value/high]@23 sZlqCcuStatus.cntCommErrorCnt may be assigned 0 (sZlqCcuStatus.cntCommErrorCnt = 0)
  - [reset/high]@23 sZlqCcuStatus.cntCommErrorCnt is reset to 0 (sZlqCcuStatus.cntCommErrorCnt = 0)
  - ... 11 more
- value_ranges:
  - bCommFault: [0, 0] (macro FALSE32@26; macro FALSE32@27; macro FALSE32@29; macro FALSE32@30; +4 more)
  - cntCommErrorCnt: [0, 0] (literal@9; literal@10; literal@12; literal@13; +4 more)
  - sFtdiComm.cntCommErrorCnt: [0, 0] (literal@20)
  - sLtpsComm.cntCommErrorCnt: [0, 0] (literal@21)
  - sOtsComm.cntCommErrorCnt: [0, 0] (literal@22)
  - sZlqCcuStatus.cntCommErrorCnt: [0, 0] (literal@23)
- assignments:
  - 9: cntCommErrorCnt = <literal/unknown>
  - 10: cntCommErrorCnt = <literal/unknown>
  - 12: cntCommErrorCnt = <literal/unknown>
  - 13: cntCommErrorCnt = <literal/unknown>
  - 15: cntCommErrorCnt = <literal/unknown>
  - 16: cntCommErrorCnt = <literal/unknown>
  - 17: cntCommErrorCnt = <literal/unknown>
  - 18: cntCommErrorCnt = <literal/unknown>
  - 20: sFtdiComm.cntCommErrorCnt = <literal/unknown>
  - 21: sLtpsComm.cntCommErrorCnt = <literal/unknown>
  - 22: sOtsComm.cntCommErrorCnt = <literal/unknown>
  - 23: sZlqCcuStatus.cntCommErrorCnt = <literal/unknown>
  - 26: bCommFault = FALSE32
  - 27: bCommFault = FALSE32
  - 29: bCommFault = FALSE32
  - 30: bCommFault = FALSE32
  - 32: bCommFault = FALSE32
  - 33: bCommFault = FALSE32
  - 34: bCommFault = FALSE32
  - 35: bCommFault = FALSE32

### CduModulePowerDutyGet (IP_CduModulePowerDutyGet.c:41)
- params: void
- locals: bOnDutySwitch
- calls: Drv_IO_Bit_In, Drv_IO_Bit_In, Drv_IO_Bit_In, Drv_IO_Bit_In, Drv_IO_Bit_In, Drv_IO_Bit_In, Drv_IO_Bit_In, Drv_IO_Bit_In, Drv_IO_Bit_In, DevCommInit, ASSERT, ASSERT, ASSERT, ASSERT, ASSERT, ASSERT, ASSERT, ASSERT, ASSERT
- undefined_calls: ASSERT, Drv_IO_Bit_In
- reads: CDU_DUTY_OFF, CDU_DUTY_ON, CDU_MODULE_A, CDU_MODULE_B, CduModuleFlag, CduOnDuty, CduOnDutyOld, Drv_IO_Bit_In, FALSE32, IO_BIT_IN_NO_ONDUTY_A, IO_BIT_IN_NO_ONDUTY_A_FORCE, IO_BIT_IN_NO_ONDUTY_B, IO_BIT_IN_NO_ONDUTY_B_FORCE, IO_BIT_IN_NO_ONDUTY_C, IO_BIT_IN_NO_ONDUTY_C_FORCE, IO_BIT_IN_NO_POWERON_A, IO_BIT_IN_NO_POWERON_B, IO_BIT_IN_NO_POWERON_C, TRUE32, sCduStatus
- writes: SYSPowerSwitch, bOnDutySwitch, sCduStatus
- summary.modifies: sCduStatus.CduOnDuty, sCduStatus.CduOnDutyForce, sCduStatus.CduOnDutyOld, sCduStatus.CduPowerOn
- summary.ensures_observed:
  - SYSPowerSwitch in [0, 0]
  - bOnDutySwitch in [0, 4294967295]
  - SYSPowerSwitch is reset to 0
  - bOnDutySwitch assigned values are subset of {FALSE32, TRUE32}
  - bOnDutySwitch observed states subset of {FALSE32, TRUE32}
- invariants:
  - [value_range/medium] SYSPowerSwitch in [0, 0] (literal@97)
  - [value_range/medium] bOnDutySwitch in [0, 4294967295] (macro FALSE32@63; macro TRUE32@71; macro TRUE32@80; macro TRUE32@89)
  - [condition_range/high]@94 bOnDutySwitch in [1, 4294967295] when bOnDutySwitch == TRUE32 (bOnDutySwitch == TRUE32)
  - [branch_condition/high]@66 inside if branch: sCduStatus.CduModuleFlag == CDU_MODULE_A (sCduStatus.CduModuleFlag == CDU_MODULE_A)
  - [branch_condition/high]@68 inside if branch: (sCduStatus.CduOnDutyOld[0] == CDU_DUTY_OFF) && (sCduStatus.CduOnDuty[0] == CDU_DUTY_ON) ((sCduStatus.CduOnDutyOld[0] == CDU_DUTY_OFF) && (sCduStatus.CduOnDuty[0] == CDU_DUTY_ON))
  - [branch_condition/high]@75 inside if branch: sCduStatus.CduModuleFlag == CDU_MODULE_B (sCduStatus.CduModuleFlag == CDU_MODULE_B)
  - [branch_condition/high]@77 inside if branch: (sCduStatus.CduOnDutyOld[1] == CDU_DUTY_OFF) && (sCduStatus.CduOnDuty[1] == CDU_DUTY_ON) ((sCduStatus.CduOnDutyOld[1] == CDU_DUTY_OFF) && (sCduStatus.CduOnDuty[1] == CDU_DUTY_ON))
  - [branch_condition/high]@86 inside if branch: (sCduStatus.CduOnDutyOld[2] == CDU_DUTY_OFF) && (sCduStatus.CduOnDuty[2] == CDU_DUTY_ON) ((sCduStatus.CduOnDutyOld[2] == CDU_DUTY_OFF) && (sCduStatus.CduOnDuty[2] == CDU_DUTY_ON))
  - [branch_condition/high]@94 inside if branch: bOnDutySwitch == TRUE32 (bOnDutySwitch == TRUE32)
  - [assignment_value/high]@63 bOnDutySwitch may be assigned FALSE32 (bOnDutySwitch = FALSE32)
  - [assignment_value/high]@71 bOnDutySwitch may be assigned TRUE32 (bOnDutySwitch = TRUE32)
  - [assignment_value/high]@80 bOnDutySwitch may be assigned TRUE32 (bOnDutySwitch = TRUE32)
  - [assignment_value/high]@89 bOnDutySwitch may be assigned TRUE32 (bOnDutySwitch = TRUE32)
  - [assignment_value/high]@97 SYSPowerSwitch may be assigned 0x00 (SYSPowerSwitch = 0x00)
  - [reset/high]@97 SYSPowerSwitch is reset to 0 (SYSPowerSwitch = 0x00)
  - [assigned_value_set/medium] bOnDutySwitch assigned values are subset of {FALSE32, TRUE32} (literal/macro assignments)
  - [state_value_set/medium] bOnDutySwitch observed states subset of {FALSE32, TRUE32} (state assignments/tests)
  - [modifies_fields/high] function may modify fields: sCduStatus.CduOnDuty, sCduStatus.CduOnDutyForce, sCduStatus.CduOnDutyOld, sCduStatus.CduPowerOn (field writes)
  - [reads_fields/high] function may read fields: sCduStatus.CduModuleFlag, sCduStatus.CduOnDuty, sCduStatus.CduOnDutyForce, sCduStatus.CduOnDutyOld, sCduStatus.CduPowerOn (field reads)
  - [modifies_symbols/medium] function may assign symbols: SYSPowerSwitch, bOnDutySwitch, sCduStatus.CduOnDutyForce[0], sCduStatus.CduOnDutyForce[1], sCduStatus.CduOnDutyForce[2], sCduStatus.CduOnDutyOld[0], sCduStatus.CduOnDutyOld[1], sCduStatus.CduOnDutyOld[2], sCduStatus.CduOnDuty[0], sCduStatus.CduOnDuty[1], sCduStatus.CduOnDuty[2], sCduStatus.CduPowerOn[0], sCduStatus.CduPowerOn[1], sCduStatus.CduPowerOn[2] (assignments)
- value_ranges:
  - SYSPowerSwitch: [0, 0] (literal@97)
  - bOnDutySwitch: [0, 4294967295] (macro FALSE32@63; macro TRUE32@71; macro TRUE32@80; macro TRUE32@89)
- condition_ranges:
  - bOnDutySwitch: [1, 4294967295] when bOnDutySwitch == TRUE32@94
- conditions:
  - if@66: sCduStatus.CduModuleFlag == CDU_MODULE_A
  - if@68: (sCduStatus.CduOnDutyOld[0] == CDU_DUTY_OFF) && (sCduStatus.CduOnDuty[0] == CDU_DUTY_ON)
  - if@75: sCduStatus.CduModuleFlag == CDU_MODULE_B
  - if@77: (sCduStatus.CduOnDutyOld[1] == CDU_DUTY_OFF) && (sCduStatus.CduOnDuty[1] == CDU_DUTY_ON)
  - if@86: (sCduStatus.CduOnDutyOld[2] == CDU_DUTY_OFF) && (sCduStatus.CduOnDuty[2] == CDU_DUTY_ON)
  - if@94: bOnDutySwitch == TRUE32
- assignments:
  - 45: sCduStatus.CduOnDutyOld[0] = CduOnDuty,sCduStatus
  - 46: sCduStatus.CduOnDutyOld[1] = CduOnDuty,sCduStatus
  - 47: sCduStatus.CduOnDutyOld[2] = CduOnDuty,sCduStatus
  - 50: sCduStatus.CduOnDutyForce[0] = Drv_IO_Bit_In,IO_BIT_IN_NO_ONDUTY_A_FORCE
  - 51: sCduStatus.CduOnDutyForce[1] = Drv_IO_Bit_In,IO_BIT_IN_NO_ONDUTY_B_FORCE
  - 52: sCduStatus.CduOnDutyForce[2] = Drv_IO_Bit_In,IO_BIT_IN_NO_ONDUTY_C_FORCE
  - 53: sCduStatus.CduOnDuty[0] = Drv_IO_Bit_In,IO_BIT_IN_NO_ONDUTY_A
  - 54: sCduStatus.CduOnDuty[1] = Drv_IO_Bit_In,IO_BIT_IN_NO_ONDUTY_B
  - 55: sCduStatus.CduOnDuty[2] = Drv_IO_Bit_In,IO_BIT_IN_NO_ONDUTY_C
  - 56: sCduStatus.CduPowerOn[0] = Drv_IO_Bit_In,IO_BIT_IN_NO_POWERON_A
  - 57: sCduStatus.CduPowerOn[1] = Drv_IO_Bit_In,IO_BIT_IN_NO_POWERON_B
  - 58: sCduStatus.CduPowerOn[2] = Drv_IO_Bit_In,IO_BIT_IN_NO_POWERON_C
  - 63: bOnDutySwitch = FALSE32
  - 71: bOnDutySwitch = TRUE32
  - 80: bOnDutySwitch = TRUE32
  - 89: bOnDutySwitch = TRUE32
  - 97: SYSPowerSwitch = <literal/unknown>

## JSON
{
  "root": "/home/hp/文档/output/CE7-FYQ-src_flat_out/CduModulePowerDutyGet/IP_CduModulePowerDutyGet.c",
  "files": [
    {
      "file": "/home/hp/文档/output/CE7-FYQ-src_flat_out/CduModulePowerDutyGet/IP_CduModulePowerDutyGet.c",
      "lines": 116,
      "includes": [
        {
          "name": "IP_CduModulePowerDutyGet.h",
          "kind": "local",
          "line": 1,
          "resolved": "/home/hp/文档/output/CE7-FYQ-src_flat_out/CduModulePowerDutyGet/IP_CduModulePowerDutyGet.h"
        }
      ],
      "macros": [],
      "typedefs": [],
      "globals": [],
      "functions": [
        {
          "name": "DevCommInit",
          "line": 7,
          "params": []
        },
        {
          "name": "CduModulePowerDutyGet",
          "line": 41,
          "params": []
        }
      ]
    }
  ],
  "summary": {
    "file_count": 1,
    "function_count": 2,
    "defined_function_count": 2,
    "declared_function_count": 0,
    "macro_count": 0,
    "typedef_count": 0,
    "global_count": 0,
    "call_edge_count": 19,
    "unresolved_call_count": 2,
    "field_access_count": 45,
    "missing_local_include_count": 0,
    "function_invariant_count": 61,
    "project_invariant_count": 9
  },
  "symbols": {
    "defined_functions": {
      "DevCommInit": [
        {
          "file": "/home/hp/文档/output/CE7-FYQ-src_flat_out/CduModulePowerDutyGet/IP_CduModulePowerDutyGet.c",
          "line": 7
        }
      ],
      "CduModulePowerDutyGet": [
        {
          "file": "/home/hp/文档/output/CE7-FYQ-src_flat_out/CduModulePowerDutyGet/IP_CduModulePowerDutyGet.c",
          "line": 41
        }
      ]
    },
    "declared_functions": {},
    "macros": {},
    "typedefs": {},
    "enum_constants": [],
    "globals": {},
    "struct_fields": {},
    "duplicate_functions": {}
  },
  "functions": [
    {
      "file": "/home/hp/文档/output/CE7-FYQ-src_flat_out/CduModulePowerDutyGet/IP_CduModulePowerDutyGet.c",
      "name": "DevCommInit",
      "line": 7,
      "return_type": "void",
      "params": [],
      "locals": [],
      "calls": [],
      "assignments": [
        {
          "line": 9,
          "lhs": "cntCommErrorCnt",
          "operator": "=",
          "rhs": "0",
          "rhs_identifiers": []
        },
        {
          "line": 10,
          "lhs": "cntCommErrorCnt",
          "operator": "=",
          "rhs": "0",
          "rhs_identifiers": []
        },
        {
          "line": 12,
          "lhs": "cntCommErrorCnt",
          "operator": "=",
          "rhs": "0",
          "rhs_identifiers": []
        },
        {
          "line": 13,
          "lhs": "cntCommErrorCnt",
          "operator": "=",
          "rhs": "0",
          "rhs_identifiers": []
        },
        {
          "line": 15,
          "lhs": "cntCommErrorCnt",
          "operator": "=",
          "rhs": "0",
          "rhs_identifiers": []
        },
        {
          "line": 16,
          "lhs": "cntCommErrorCnt",
          "operator": "=",
          "rhs": "0",
          "rhs_identifiers": []
        },
        {
          "line": 17,
          "lhs": "cntCommErrorCnt",
          "operator": "=",
          "rhs": "0",
          "rhs_identifiers": []
        },
        {
          "line": 18,
          "lhs": "cntCommErrorCnt",
          "operator": "=",
          "rhs": "0",
          "rhs_identifiers": []
        },
        {
          "line": 20,
          "lhs": "sFtdiComm.cntCommErrorCnt",
          "operator": "=",
          "rhs": "0",
          "rhs_identifiers": []
        },
        {
          "line": 21,
          "lhs": "sLtpsComm.cntCommErrorCnt",
          "operator": "=",
          "rhs": "0",
          "rhs_identifiers": []
        },
        {
          "line": 22,
          "lhs": "sOtsComm.cntCommErrorCnt",
          "operator": "=",
          "rhs": "0",
          "rhs_identifiers": []
        },
        {
          "line": 23,
          "lhs": "sZlqCcuStatus.cntCommErrorCnt",
          "operator": "=",
          "rhs": "0",
          "rhs_identifiers": []
        },
        {
          "line": 26,
          "lhs": "bCommFault",
          "operator": "=",
          "rhs": "FALSE32",
          "rhs_identifiers": [
            "FALSE32"
          ]
        },
        {
          "line": 27,
          "lhs": "bCommFault",
          "operator": "=",
          "rhs": "FALSE32",
          "rhs_identifiers": [
            "FALSE32"
          ]
        },
        {
          "line": 29,
          "lhs": "bCommFault",
          "operator": "=",
          "rhs": "FALSE32",
          "rhs_identifiers": [
            "FALSE32"
          ]
        },
        {
          "line": 30,
          "lhs": "bCommFault",
          "operator": "=",
          "rhs": "FALSE32",
          "rhs_identifiers": [
            "FALSE32"
          ]
        },
        {
          "line": 32,
          "lhs": "bCommFault",
          "operator": "=",
          "rhs": "FALSE32",
          "rhs_identifiers": [
            "FALSE32"
          ]
        },
        {
          "line": 33,
          "lhs": "bCommFault",
          "operator": "=",
          "rhs": "FALSE32",
          "rhs_identifiers": [
            "FALSE32"
          ]
        },
        {
          "line": 34,
          "lhs": "bCommFault",
          "operator": "=",
          "rhs": "FALSE32",
          "rhs_identifiers": [
            "FALSE32"
          ]
        },
        {
          "line": 35,
          "lhs": "bCommFault",
          "operator": "=",
          "rhs": "FALSE32",
          "rhs_identifiers": [
            "FALSE32"
          ]
        }
      ],
      "conditions": [],
      "switch_cases": [],
      "field_accesses": [
        {
          "line": 20,
          "object": "sFtdiComm",
          "operator": ".",
          "field": "cntCommErrorCnt",
          "access": "write",
          "name": "sFtdiComm.cntCommErrorCnt"
        },
        {
          "line": 21,
          "object": "sLtpsComm",
          "operator": ".",
          "field": "cntCommErrorCnt",
          "access": "write",
          "name": "sLtpsComm.cntCommErrorCnt"
        },
        {
          "line": 22,
          "object": "sOtsComm",
          "operator": ".",
          "field": "cntCommErrorCnt",
          "access": "write",
          "name": "sOtsComm.cntCommErrorCnt"
        },
        {
          "line": 23,
          "object": "sZlqCcuStatus",
          "operator": ".",
          "field": "cntCommErrorCnt",
          "access": "write",
          "name": "sZlqCcuStatus.cntCommErrorCnt"
        }
      ],
      "returns": [
        {
          "line": 37,
          "expression": "",
          "identifiers": []
        }
      ],
      "macro_uses": [
        {
          "name": "FALSE32",
          "line": 26,
          "known": false
        },
        {
          "name": "FALSE32",
          "line": 27,
          "known": false
        },
        {
          "name": "FALSE32",
          "line": 29,
          "known": false
        },
        {
          "name": "FALSE32",
          "line": 30,
          "known": false
        },
        {
          "name": "FALSE32",
          "line": 32,
          "known": false
        },
        {
          "name": "FALSE32",
          "line": 33,
          "known": false
        },
        {
          "name": "FALSE32",
          "line": 34,
          "known": false
        },
        {
          "name": "FALSE32",
          "line": 35,
          "known": false
        }
      ],
      "type_uses": [],
      "value_ranges": [
        {
          "symbol": "bCommFault",
          "range": "[0, 0]",
          "min": 0.0,
          "max": 0.0,
          "evidence": [
            "macro FALSE32@26",
            "macro FALSE32@27",
            "macro FALSE32@29",
            "macro FALSE32@30",
            "macro FALSE32@32",
            "macro FALSE32@33",
            "macro FALSE32@34",
            "macro FALSE32@35"
          ]
        },
        {
          "symbol": "cntCommErrorCnt",
          "range": "[0, 0]",
          "min": 0.0,
          "max": 0.0,
          "evidence": [
            "literal@9",
            "literal@10",
            "literal@12",
            "literal@13",
            "literal@15",
            "literal@16",
            "literal@17",
            "literal@18"
          ]
        },
        {
          "symbol": "sFtdiComm.cntCommErrorCnt",
          "range": "[0, 0]",
          "min": 0.0,
          "max": 0.0,
          "evidence": [
            "literal@20"
          ]
        },
        {
          "symbol": "sLtpsComm.cntCommErrorCnt",
          "range": "[0, 0]",
          "min": 0.0,
          "max": 0.0,
          "evidence": [
            "literal@21"
          ]
        },
        {
          "symbol": "sOtsComm.cntCommErrorCnt",
          "range": "[0, 0]",
          "min": 0.0,
          "max": 0.0,
          "evidence": [
            "literal@22"
          ]
        },
        {
          "symbol": "sZlqCcuStatus.cntCommErrorCnt",
          "range": "[0, 0]",
          "min": 0.0,
          "max": 0.0,
          "evidence": [
            "literal@23"
          ]
        }
      ],
      "condition_ranges": [],
      "reads": [
        "FALSE32"
      ],
      "writes": [
        "bCommFault",
        "cntCommErrorCnt",
        "sFtdiComm",
        "sLtpsComm",
        "sOtsComm",
        "sZlqCcuStatus"
      ],
      "global_reads": [],
      "global_writes": [],
      "input_fields": [],
      "output_fields": [
        "sFtdiComm.cntCommErrorCnt",
        "sLtpsComm.cntCommErrorCnt",
        "sOtsComm.cntCommErrorCnt",
        "sZlqCcuStatus.cntCommErrorCnt"
      ],
      "undefined_calls": [],
      "invariants": [
        {
          "kind": "value_range",
          "text": "bCommFault in [0, 0]",
          "confidence": "medium",
          "evidence": "macro FALSE32@26; macro FALSE32@27; macro FALSE32@29; macro FALSE32@30; macro FALSE32@32; macro FALSE32@33; macro FALSE32@34; macro FALSE32@35",
          "symbol": "bCommFault",
          "min": 0.0,
          "max": 0.0
        },
        {
          "kind": "value_range",
          "text": "cntCommErrorCnt in [0, 0]",
          "confidence": "medium",
          "evidence": "literal@9; literal@10; literal@12; literal@13; literal@15; literal@16; literal@17; literal@18",
          "symbol": "cntCommErrorCnt",
          "min": 0.0,
          "max": 0.0
        },
        {
          "kind": "value_range",
          "text": "sFtdiComm.cntCommErrorCnt in [0, 0]",
          "confidence": "medium",
          "evidence": "literal@20",
          "symbol": "sFtdiComm.cntCommErrorCnt",
          "min": 0.0,
          "max": 0.0
        },
        {
          "kind": "value_range",
          "text": "sLtpsComm.cntCommErrorCnt in [0, 0]",
          "confidence": "medium",
          "evidence": "literal@21",
          "symbol": "sLtpsComm.cntCommErrorCnt",
          "min": 0.0,
          "max": 0.0
        },
        {
          "kind": "value_range",
          "text": "sOtsComm.cntCommErrorCnt in [0, 0]",
          "confidence": "medium",
          "evidence": "literal@22",
          "symbol": "sOtsComm.cntCommErrorCnt",
          "min": 0.0,
          "max": 0.0
        },
        {
          "kind": "value_range",
          "text": "sZlqCcuStatus.cntCommErrorCnt in [0, 0]",
          "confidence": "medium",
          "evidence": "literal@23",
          "symbol": "sZlqCcuStatus.cntCommErrorCnt",
          "min": 0.0,
          "max": 0.0
        },
        {
          "kind": "assignment_value",
          "text": "cntCommErrorCnt may be assigned 0",
          "confidence": "high",
          "line": 9,
          "evidence": "cntCommErrorCnt = 0",
          "symbol": "cntCommErrorCnt",
          "value": "0"
        },
        {
          "kind": "reset",
          "text": "cntCommErrorCnt is reset to 0",
          "confidence": "high",
          "line": 9,
          "evidence": "cntCommErrorCnt = 0",
          "symbol": "cntCommErrorCnt"
        },
        {
          "kind": "assignment_value",
          "text": "cntCommErrorCnt may be assigned 0",
          "confidence": "high",
          "line": 10,
          "evidence": "cntCommErrorCnt = 0",
          "symbol": "cntCommErrorCnt",
          "value": "0"
        },
        {
          "kind": "reset",
          "text": "cntCommErrorCnt is reset to 0",
          "confidence": "high",
          "line": 10,
          "evidence": "cntCommErrorCnt = 0",
          "symbol": "cntCommErrorCnt"
        },
        {
          "kind": "assignment_value",
          "text": "cntCommErrorCnt may be assigned 0",
          "confidence": "high",
          "line": 12,
          "evidence": "cntCommErrorCnt = 0",
          "symbol": "cntCommErrorCnt",
          "value": "0"
        },
        {
          "kind": "reset",
          "text": "cntCommErrorCnt is reset to 0",
          "confidence": "high",
          "line": 12,
          "evidence": "cntCommErrorCnt = 0",
          "symbol": "cntCommErrorCnt"
        },
        {
          "kind": "assignment_value",
          "text": "cntCommErrorCnt may be assigned 0",
          "confidence": "high",
          "line": 13,
          "evidence": "cntCommErrorCnt = 0",
          "symbol": "cntCommErrorCnt",
          "value": "0"
        },
        {
          "kind": "reset",
          "text": "cntCommErrorCnt is reset to 0",
          "confidence": "high",
          "line": 13,
          "evidence": "cntCommErrorCnt = 0",
          "symbol": "cntCommErrorCnt"
        },
        {
          "kind": "assignment_value",
          "text": "cntCommErrorCnt may be assigned 0",
          "confidence": "high",
          "line": 15,
          "evidence": "cntCommErrorCnt = 0",
          "symbol": "cntCommErrorCnt",
          "value": "0"
        },
        {
          "kind": "reset",
          "text": "cntCommErrorCnt is reset to 0",
          "confidence": "high",
          "line": 15,
          "evidence": "cntCommErrorCnt = 0",
          "symbol": "cntCommErrorCnt"
        },
        {
          "kind": "assignment_value",
          "text": "cntCommErrorCnt may be assigned 0",
          "confidence": "high",
          "line": 16,
          "evidence": "cntCommErrorCnt = 0",
          "symbol": "cntCommErrorCnt",
          "value": "0"
        },
        {
          "kind": "reset",
          "text": "cntCommErrorCnt is reset to 0",
          "confidence": "high",
          "line": 16,
          "evidence": "cntCommErrorCnt = 0",
          "symbol": "cntCommErrorCnt"
        },
        {
          "kind": "assignment_value",
          "text": "cntCommErrorCnt may be assigned 0",
          "confidence": "high",
          "line": 17,
          "evidence": "cntCommErrorCnt = 0",
          "symbol": "cntCommErrorCnt",
          "value": "0"
        },
        {
          "kind": "reset",
          "text": "cntCommErrorCnt is reset to 0",
          "confidence": "high",
          "line": 17,
          "evidence": "cntCommErrorCnt = 0",
          "symbol": "cntCommErrorCnt"
        },
        {
          "kind": "assignment_value",
          "text": "cntCommErrorCnt may be assigned 0",
          "confidence": "high",
          "line": 18,
          "evidence": "cntCommErrorCnt = 0",
          "symbol": "cntCommErrorCnt",
          "value": "0"
        },
        {
          "kind": "reset",
          "text": "cntCommErrorCnt is reset to 0",
          "confidence": "high",
          "line": 18,
          "evidence": "cntCommErrorCnt = 0",
          "symbol": "cntCommErrorCnt"
        },
        {
          "kind": "assignment_value",
          "text": "sFtdiComm.cntCommErrorCnt may be assigned 0",
          "confidence": "high",
          "line": 20,
          "evidence": "sFtdiComm.cntCommErrorCnt = 0",
          "symbol": "sFtdiComm.cntCommErrorCnt",
          "value": "0"
        },
        {
          "kind": "reset",
          "text": "sFtdiComm.cntCommErrorCnt is reset to 0",
          "confidence": "high",
          "line": 20,
          "evidence": "sFtdiComm.cntCommErrorCnt = 0",
          "symbol": "sFtdiComm.cntCommErrorCnt"
        },
        {
          "kind": "assignment_value",
          "text": "sLtpsComm.cntCommErrorCnt may be assigned 0",
          "confidence": "high",
          "line": 21,
          "evidence": "sLtpsComm.cntCommErrorCnt = 0",
          "symbol": "sLtpsComm.cntCommErrorCnt",
          "value": "0"
        },
        {
          "kind": "reset",
          "text": "sLtpsComm.cntCommErrorCnt is reset to 0",
          "confidence": "high",
          "line": 21,
          "evidence": "sLtpsComm.cntCommErrorCnt = 0",
          "symbol": "sLtpsComm.cntCommErrorCnt"
        },
        {
          "kind": "assignment_value",
          "text": "sOtsComm.cntCommErrorCnt may be assigned 0",
          "confidence": "high",
          "line": 22,
          "evidence": "sOtsComm.cntCommErrorCnt = 0",
          "symbol": "sOtsComm.cntCommErrorCnt",
          "value": "0"
        },
        {
          "kind": "reset",
          "text": "sOtsComm.cntCommErrorCnt is reset to 0",
          "confidence": "high",
          "line": 22,
          "evidence": "sOtsComm.cntCommErrorCnt = 0",
          "symbol": "sOtsComm.cntCommErrorCnt"
        },
        {
          "kind": "assignment_value",
          "text": "sZlqCcuStatus.cntCommErrorCnt may be assigned 0",
          "confidence": "high",
          "line": 23,
          "evidence": "sZlqCcuStatus.cntCommErrorCnt = 0",
          "symbol": "sZlqCcuStatus.cntCommErrorCnt",
          "value": "0"
        },
        {
          "kind": "reset",
          "text": "sZlqCcuStatus.cntCommErrorCnt is reset to 0",
          "confidence": "high",
          "line": 23,
          "evidence": "sZlqCcuStatus.cntCommErrorCnt = 0",
          "symbol": "sZlqCcuStatus.cntCommErrorCnt"
        },
        {
          "kind": "assignment_value",
          "text": "bCommFault may be assigned FALSE32",
          "confidence": "high",
          "line": 26,
          "evidence": "bCommFault = FALSE32",
          "symbol": "bCommFault",
          "value": "FALSE32"
        },
        {
          "kind": "assignment_value",
          "text": "bCommFault may be assigned FALSE32",
          "confidence": "high",
          "line": 27,
          "evidence": "bCommFault = FALSE32",
          "symbol": "bCommFault",
          "value": "FALSE32"
        },
        {
          "kind": "assignment_value",
          "text": "bCommFault may be assigned FALSE32",
          "confidence": "high",
          "line": 29,
          "evidence": "bCommFault = FALSE32",
          "symbol": "bCommFault",
          "value": "FALSE32"
        },
        {
          "kind": "assignment_value",
          "text": "bCommFault may be assigned FALSE32",
          "confidence": "high",
          "line": 30,
          "evidence": "bCommFault = FALSE32",
          "symbol": "bCommFault",
          "value": "FALSE32"
        },
        {
          "kind": "assignment_value",
          "text": "bCommFault may be assigned FALSE32",
          "confidence": "high",
          "line": 32,
          "evidence": "bCommFault = FALSE32",
          "symbol": "bCommFault",
          "value": "FALSE32"
        },
        {
          "kind": "assignment_value",
          "text": "bCommFault may be assigned FALSE32",
          "confidence": "high",
          "line": 33,
          "evidence": "bCommFault = FALSE32",
          "symbol": "bCommFault",
          "value": "FALSE32"
        },
        {
          "kind": "assignment_value",
          "text": "bCommFault may be assigned FALSE32",
          "confidence": "high",
          "line": 34,
          "evidence": "bCommFault = FALSE32",
          "symbol": "bCommFault",
          "value": "FALSE32"
        },
        {
          "kind": "assignment_value",
          "text": "bCommFault may be assigned FALSE32",
          "confidence": "high",
          "line": 35,
          "evidence": "bCommFault = FALSE32",
          "symbol": "bCommFault",
          "value": "FALSE32"
        },
        {
          "kind": "state_value_set",
          "text": "bCommFault observed states subset of {FALSE32}",
          "confidence": "medium",
          "evidence": "state assignments/tests",
          "symbol": "bCommFault",
          "values": [
            "FALSE32"
          ]
        },
        {
          "kind": "modifies_fields",
          "text": "function may modify fields: sFtdiComm.cntCommErrorCnt, sLtpsComm.cntCommErrorCnt, sOtsComm.cntCommErrorCnt, sZlqCcuStatus.cntCommErrorCnt",
          "confidence": "high",
          "evidence": "field writes",
          "fields": [
            "sFtdiComm.cntCommErrorCnt",
            "sLtpsComm.cntCommErrorCnt",
            "sOtsComm.cntCommErrorCnt",
            "sZlqCcuStatus.cntCommErrorCnt"
          ]
        },
        {
          "kind": "modifies_symbols",
          "text": "function may assign symbols: bCommFault, cntCommErrorCnt, sFtdiComm.cntCommErrorCnt, sLtpsComm.cntCommErrorCnt, sOtsComm.cntCommErrorCnt, sZlqCcuStatus.cntCommErrorCnt",
          "confidence": "medium",
          "evidence": "assignments",
          "symbols": [
            "bCommFault",
            "cntCommErrorCnt",
            "sFtdiComm.cntCommErrorCnt",
            "sLtpsComm.cntCommErrorCnt",
            "sOtsComm.cntCommErrorCnt",
            "sZlqCcuStatus.cntCommErrorCnt"
          ]
        }
      ],
      "summary": {
        "requires_observed": [],
        "modifies": [
          "sFtdiComm.cntCommErrorCnt",
          "sLtpsComm.cntCommErrorCnt",
          "sOtsComm.cntCommErrorCnt",
          "sZlqCcuStatus.cntCommErrorCnt"
        ],
        "ensures_observed": [
          "bCommFault in [0, 0]",
          "cntCommErrorCnt in [0, 0]",
          "sFtdiComm.cntCommErrorCnt in [0, 0]",
          "sLtpsComm.cntCommErrorCnt in [0, 0]",
          "sOtsComm.cntCommErrorCnt in [0, 0]",
          "sZlqCcuStatus.cntCommErrorCnt in [0, 0]",
          "cntCommErrorCnt is reset to 0",
          "cntCommErrorCnt is reset to 0",
          "cntCommErrorCnt is reset to 0",
          "cntCommErrorCnt is reset to 0",
          "cntCommErrorCnt is reset to 0",
          "cntCommErrorCnt is reset to 0",
          "cntCommErrorCnt is reset to 0",
          "cntCommErrorCnt is reset to 0",
          "sFtdiComm.cntCommErrorCnt is reset to 0",
          "sLtpsComm.cntCommErrorCnt is reset to 0",
          "sOtsComm.cntCommErrorCnt is reset to 0",
          "sZlqCcuStatus.cntCommErrorCnt is reset to 0",
          "bCommFault observed states subset of {FALSE32}"
        ],
        "calls": [],
        "undefined_calls": []
      }
    },
    {
      "file": "/home/hp/文档/output/CE7-FYQ-src_flat_out/CduModulePowerDutyGet/IP_CduModulePowerDutyGet.c",
      "name": "CduModulePowerDutyGet",
      "line": 41,
      "return_type": "void",
      "params": [],
      "locals": [
        "bOnDutySwitch"
      ],
      "calls": [
        {
          "name": "Drv_IO_Bit_In",
          "line": 50,
          "kind": "function",
          "resolved": false
        },
        {
          "name": "Drv_IO_Bit_In",
          "line": 51,
          "kind": "function",
          "resolved": false
        },
        {
          "name": "Drv_IO_Bit_In",
          "line": 52,
          "kind": "function",
          "resolved": false
        },
        {
          "name": "Drv_IO_Bit_In",
          "line": 53,
          "kind": "function",
          "resolved": false
        },
        {
          "name": "Drv_IO_Bit_In",
          "line": 54,
          "kind": "function",
          "resolved": false
        },
        {
          "name": "Drv_IO_Bit_In",
          "line": 55,
          "kind": "function",
          "resolved": false
        },
        {
          "name": "Drv_IO_Bit_In",
          "line": 56,
          "kind": "function",
          "resolved": false
        },
        {
          "name": "Drv_IO_Bit_In",
          "line": 57,
          "kind": "function",
          "resolved": false
        },
        {
          "name": "Drv_IO_Bit_In",
          "line": 58,
          "kind": "function",
          "resolved": false
        },
        {
          "name": "DevCommInit",
          "line": 99,
          "kind": "function",
          "resolved": true
        },
        {
          "name": "ASSERT",
          "line": 104,
          "kind": "function",
          "resolved": false
        },
        {
          "name": "ASSERT",
          "line": 105,
          "kind": "function",
          "resolved": false
        },
        {
          "name": "ASSERT",
          "line": 106,
          "kind": "function",
          "resolved": false
        },
        {
          "name": "ASSERT",
          "line": 107,
          "kind": "function",
          "resolved": false
        },
        {
          "name": "ASSERT",
          "line": 108,
          "kind": "function",
          "resolved": false
        },
        {
          "name": "ASSERT",
          "line": 109,
          "kind": "function",
          "resolved": false
        },
        {
          "name": "ASSERT",
          "line": 110,
          "kind": "function",
          "resolved": false
        },
        {
          "name": "ASSERT",
          "line": 111,
          "kind": "function",
          "resolved": false
        },
        {
          "name": "ASSERT",
          "line": 112,
          "kind": "function",
          "resolved": false
        }
      ],
      "assignments": [
        {
          "line": 45,
          "lhs": "sCduStatus.CduOnDutyOld[0]",
          "operator": "=",
          "rhs": "sCduStatus.CduOnDuty[0]",
          "rhs_identifiers": [
            "CduOnDuty",
            "sCduStatus"
          ]
        },
        {
          "line": 46,
          "lhs": "sCduStatus.CduOnDutyOld[1]",
          "operator": "=",
          "rhs": "sCduStatus.CduOnDuty[1]",
          "rhs_identifiers": [
            "CduOnDuty",
            "sCduStatus"
          ]
        },
        {
          "line": 47,
          "lhs": "sCduStatus.CduOnDutyOld[2]",
          "operator": "=",
          "rhs": "sCduStatus.CduOnDuty[2]",
          "rhs_identifiers": [
            "CduOnDuty",
            "sCduStatus"
          ]
        },
        {
          "line": 50,
          "lhs": "sCduStatus.CduOnDutyForce[0]",
          "operator": "=",
          "rhs": "Drv_IO_Bit_In(IO_BIT_IN_NO_ONDUTY_A_FORCE)",
          "rhs_identifiers": [
            "Drv_IO_Bit_In",
            "IO_BIT_IN_NO_ONDUTY_A_FORCE"
          ]
        },
        {
          "line": 51,
          "lhs": "sCduStatus.CduOnDutyForce[1]",
          "operator": "=",
          "rhs": "Drv_IO_Bit_In(IO_BIT_IN_NO_ONDUTY_B_FORCE)",
          "rhs_identifiers": [
            "Drv_IO_Bit_In",
            "IO_BIT_IN_NO_ONDUTY_B_FORCE"
          ]
        },
        {
          "line": 52,
          "lhs": "sCduStatus.CduOnDutyForce[2]",
          "operator": "=",
          "rhs": "Drv_IO_Bit_In(IO_BIT_IN_NO_ONDUTY_C_FORCE)",
          "rhs_identifiers": [
            "Drv_IO_Bit_In",
            "IO_BIT_IN_NO_ONDUTY_C_FORCE"
          ]
        },
        {
          "line": 53,
          "lhs": "sCduStatus.CduOnDuty[0]",
          "operator": "=",
          "rhs": "Drv_IO_Bit_In(IO_BIT_IN_NO_ONDUTY_A)",
          "rhs_identifiers": [
            "Drv_IO_Bit_In",
            "IO_BIT_IN_NO_ONDUTY_A"
          ]
        },
        {
          "line": 54,
          "lhs": "sCduStatus.CduOnDuty[1]",
          "operator": "=",
          "rhs": "Drv_IO_Bit_In(IO_BIT_IN_NO_ONDUTY_B)",
          "rhs_identifiers": [
            "Drv_IO_Bit_In",
            "IO_BIT_IN_NO_ONDUTY_B"
          ]
        },
        {
          "line": 55,
          "lhs": "sCduStatus.CduOnDuty[2]",
          "operator": "=",
          "rhs": "Drv_IO_Bit_In(IO_BIT_IN_NO_ONDUTY_C)",
          "rhs_identifiers": [
            "Drv_IO_Bit_In",
            "IO_BIT_IN_NO_ONDUTY_C"
          ]
        },
        {
          "line": 56,
          "lhs": "sCduStatus.CduPowerOn[0]",
          "operator": "=",
          "rhs": "Drv_IO_Bit_In(IO_BIT_IN_NO_POWERON_A)",
          "rhs_identifiers": [
            "Drv_IO_Bit_In",
            "IO_BIT_IN_NO_POWERON_A"
          ]
        },
        {
          "line": 57,
          "lhs": "sCduStatus.CduPowerOn[1]",
          "operator": "=",
          "rhs": "Drv_IO_Bit_In(IO_BIT_IN_NO_POWERON_B)",
          "rhs_identifiers": [
            "Drv_IO_Bit_In",
            "IO_BIT_IN_NO_POWERON_B"
          ]
        },
        {
          "line": 58,
          "lhs": "sCduStatus.CduPowerOn[2]",
          "operator": "=",
          "rhs": "Drv_IO_Bit_In(IO_BIT_IN_NO_POWERON_C)",
          "rhs_identifiers": [
            "Drv_IO_Bit_In",
            "IO_BIT_IN_NO_POWERON_C"
          ]
        },
        {
          "line": 63,
          "lhs": "bOnDutySwitch",
          "operator": "=",
          "rhs": "FALSE32",
          "rhs_identifiers": [
            "FALSE32"
          ]
        },
        {
          "line": 71,
          "lhs": "bOnDutySwitch",
          "operator": "=",
          "rhs": "TRUE32",
          "rhs_identifiers": [
            "TRUE32"
          ]
        },
        {
          "line": 80,
          "lhs": "bOnDutySwitch",
          "operator": "=",
          "rhs": "TRUE32",
          "rhs_identifiers": [
            "TRUE32"
          ]
        },
        {
          "line": 89,
          "lhs": "bOnDutySwitch",
          "operator": "=",
          "rhs": "TRUE32",
          "rhs_identifiers": [
            "TRUE32"
          ]
        },
        {
          "line": 97,
          "lhs": "SYSPowerSwitch",
          "operator": "=",
          "rhs": "0x00",
          "rhs_identifiers": []
        }
      ],
      "conditions": [
        {
          "line": 66,
          "kind": "if",
          "expression": "sCduStatus.CduModuleFlag == CDU_MODULE_A",
          "identifiers": [
            "CDU_MODULE_A",
            "CduModuleFlag",
            "sCduStatus"
          ]
        },
        {
          "line": 68,
          "kind": "if",
          "expression": "(sCduStatus.CduOnDutyOld[0] == CDU_DUTY_OFF) && (sCduStatus.CduOnDuty[0] == CDU_DUTY_ON)",
          "identifiers": [
            "CDU_DUTY_OFF",
            "CDU_DUTY_ON",
            "CduOnDuty",
            "CduOnDutyOld",
            "sCduStatus"
          ]
        },
        {
          "line": 75,
          "kind": "if",
          "expression": "sCduStatus.CduModuleFlag == CDU_MODULE_B",
          "identifiers": [
            "CDU_MODULE_B",
            "CduModuleFlag",
            "sCduStatus"
          ]
        },
        {
          "line": 77,
          "kind": "if",
          "expression": "(sCduStatus.CduOnDutyOld[1] == CDU_DUTY_OFF) && (sCduStatus.CduOnDuty[1] == CDU_DUTY_ON)",
          "identifiers": [
            "CDU_DUTY_OFF",
            "CDU_DUTY_ON",
            "CduOnDuty",
            "CduOnDutyOld",
            "sCduStatus"
          ]
        },
        {
          "line": 86,
          "kind": "if",
          "expression": "(sCduStatus.CduOnDutyOld[2] == CDU_DUTY_OFF) && (sCduStatus.CduOnDuty[2] == CDU_DUTY_ON)",
          "identifiers": [
            "CDU_DUTY_OFF",
            "CDU_DUTY_ON",
            "CduOnDuty",
            "CduOnDutyOld",
            "sCduStatus"
          ]
        },
        {
          "line": 94,
          "kind": "if",
          "expression": "bOnDutySwitch == TRUE32",
          "identifiers": [
            "TRUE32",
            "bOnDutySwitch"
          ]
        }
      ],
      "switch_cases": [],
      "field_accesses": [
        {
          "line": 45,
          "object": "sCduStatus",
          "operator": ".",
          "field": "CduOnDutyOld",
          "access": "write",
          "name": "sCduStatus.CduOnDutyOld"
        },
        {
          "line": 45,
          "object": "sCduStatus",
          "operator": ".",
          "field": "CduOnDuty",
          "access": "read",
          "name": "sCduStatus.CduOnDuty"
        },
        {
          "line": 46,
          "object": "sCduStatus",
          "operator": ".",
          "field": "CduOnDutyOld",
          "access": "write",
          "name": "sCduStatus.CduOnDutyOld"
        },
        {
          "line": 46,
          "object": "sCduStatus",
          "operator": ".",
          "field": "CduOnDuty",
          "access": "read",
          "name": "sCduStatus.CduOnDuty"
        },
        {
          "line": 47,
          "object": "sCduStatus",
          "operator": ".",
          "field": "CduOnDutyOld",
          "access": "write",
          "name": "sCduStatus.CduOnDutyOld"
        },
        {
          "line": 47,
          "object": "sCduStatus",
          "operator": ".",
          "field": "CduOnDuty",
          "access": "read",
          "name": "sCduStatus.CduOnDuty"
        },
        {
          "line": 50,
          "object": "sCduStatus",
          "operator": ".",
          "field": "CduOnDutyForce",
          "access": "write",
          "name": "sCduStatus.CduOnDutyForce"
        },
        {
          "line": 51,
          "object": "sCduStatus",
          "operator": ".",
          "field": "CduOnDutyForce",
          "access": "write",
          "name": "sCduStatus.CduOnDutyForce"
        },
        {
          "line": 52,
          "object": "sCduStatus",
          "operator": ".",
          "field": "CduOnDutyForce",
          "access": "write",
          "name": "sCduStatus.CduOnDutyForce"
        },
        {
          "line": 53,
          "object": "sCduStatus",
          "operator": ".",
          "field": "CduOnDuty",
          "access": "write",
          "name": "sCduStatus.CduOnDuty"
        },
        {
          "line": 54,
          "object": "sCduStatus",
          "operator": ".",
          "field": "CduOnDuty",
          "access": "write",
          "name": "sCduStatus.CduOnDuty"
        },
        {
          "line": 55,
          "object": "sCduStatus",
          "operator": ".",
          "field": "CduOnDuty",
          "access": "write",
          "name": "sCduStatus.CduOnDuty"
        },
        {
          "line": 56,
          "object": "sCduStatus",
          "operator": ".",
          "field": "CduPowerOn",
          "access": "write",
          "name": "sCduStatus.CduPowerOn"
        },
        {
          "line": 57,
          "object": "sCduStatus",
          "operator": ".",
          "field": "CduPowerOn",
          "access": "write",
          "name": "sCduStatus.CduPowerOn"
        },
        {
          "line": 58,
          "object": "sCduStatus",
          "operator": ".",
          "field": "CduPowerOn",
          "access": "write",
          "name": "sCduStatus.CduPowerOn"
        },
        {
          "line": 66,
          "object": "sCduStatus",
          "operator": ".",
          "field": "CduModuleFlag",
          "access": "read",
          "name": "sCduStatus.CduModuleFlag"
        },
        {
          "line": 68,
          "object": "sCduStatus",
          "operator": ".",
          "field": "CduOnDutyOld",
          "access": "read",
          "name": "sCduStatus.CduOnDutyOld"
        },
        {
          "line": 69,
          "object": "sCduStatus",
          "operator": ".",
          "field": "CduOnDuty",
          "access": "read",
          "name": "sCduStatus.CduOnDuty"
        },
        {
          "line": 75,
          "object": "sCduStatus",
          "operator": ".",
          "field": "CduModuleFlag",
          "access": "read",
          "name": "sCduStatus.CduModuleFlag"
        },
        {
          "line": 77,
          "object": "sCduStatus",
          "operator": ".",
          "field": "CduOnDutyOld",
          "access": "read",
          "name": "sCduStatus.CduOnDutyOld"
        },
        {
          "line": 78,
          "object": "sCduStatus",
          "operator": ".",
          "field": "CduOnDuty",
          "access": "read",
          "name": "sCduStatus.CduOnDuty"
        },
        {
          "line": 86,
          "object": "sCduStatus",
          "operator": ".",
          "field": "CduOnDutyOld",
          "access": "read",
          "name": "sCduStatus.CduOnDutyOld"
        },
        {
          "line": 87,
          "object": "sCduStatus",
          "operator": ".",
          "field": "CduOnDuty",
          "access": "read",
          "name": "sCduStatus.CduOnDuty"
        },
        {
          "line": 104,
          "object": "sCduStatus",
          "operator": ".",
          "field": "CduOnDutyForce",
          "access": "read",
          "name": "sCduStatus.CduOnDutyForce"
        },
        {
          "line": 104,
          "object": "sCduStatus",
          "operator": ".",
          "field": "CduOnDutyForce",
          "access": "read",
          "name": "sCduStatus.CduOnDutyForce"
        },
        {
          "line": 105,
          "object": "sCduStatus",
          "operator": ".",
          "field": "CduOnDutyForce",
          "access": "read",
          "name": "sCduStatus.CduOnDutyForce"
        },
        {
          "line": 105,
          "object": "sCduStatus",
          "operator": ".",
          "field": "CduOnDutyForce",
          "access": "read",
          "name": "sCduStatus.CduOnDutyForce"
        },
        {
          "line": 106,
          "object": "sCduStatus",
          "operator": ".",
          "field": "CduOnDutyForce",
          "access": "read",
          "name": "sCduStatus.CduOnDutyForce"
        },
        {
          "line": 106,
          "object": "sCduStatus",
          "operator": ".",
          "field": "CduOnDutyForce",
          "access": "read",
          "name": "sCduStatus.CduOnDutyForce"
        },
        {
          "line": 107,
          "object": "sCduStatus",
          "operator": ".",
          "field": "CduOnDuty",
          "access": "read",
          "name": "sCduStatus.CduOnDuty"
        },
        {
          "line": 107,
          "object": "sCduStatus",
          "operator": ".",
          "field": "CduOnDuty",
          "access": "read",
          "name": "sCduStatus.CduOnDuty"
        },
        {
          "line": 108,
          "object": "sCduStatus",
          "operator": ".",
          "field": "CduOnDuty",
          "access": "read",
          "name": "sCduStatus.CduOnDuty"
        },
        {
          "line": 108,
          "object": "sCduStatus",
          "operator": ".",
          "field": "CduOnDuty",
          "access": "read",
          "name": "sCduStatus.CduOnDuty"
        },
        {
          "line": 109,
          "object": "sCduStatus",
          "operator": ".",
          "field": "CduOnDuty",
          "access": "read",
          "name": "sCduStatus.CduOnDuty"
        },
        {
          "line": 109,
          "object": "sCduStatus",
          "operator": ".",
          "field": "CduOnDuty",
          "access": "read",
          "name": "sCduStatus.CduOnDuty"
        },
        {
          "line": 110,
          "object": "sCduStatus",
          "operator": ".",
          "field": "CduPowerOn",
          "access": "read",
          "name": "sCduStatus.CduPowerOn"
        },
        {
          "line": 110,
          "object": "sCduStatus",
          "operator": ".",
          "field": "CduPowerOn",
          "access": "read",
          "name": "sCduStatus.CduPowerOn"
        },
        {
          "line": 111,
          "object": "sCduStatus",
          "operator": ".",
          "field": "CduPowerOn",
          "access": "read",
          "name": "sCduStatus.CduPowerOn"
        },
        {
          "line": 111,
          "object": "sCduStatus",
          "operator": ".",
          "field": "CduPowerOn",
          "access": "read",
          "name": "sCduStatus.CduPowerOn"
        },
        {
          "line": 112,
          "object": "sCduStatus",
          "operator": ".",
          "field": "CduPowerOn",
          "access": "read",
          "name": "sCduStatus.CduPowerOn"
        },
        {
          "line": 112,
          "object": "sCduStatus",
          "operator": ".",
          "field": "CduPowerOn",
          "access": "read",
          "name": "sCduStatus.CduPowerOn"
        }
      ],
      "returns": [
        {
          "line": 114,
          "expression": "",
          "identifiers": []
        }
      ],
      "macro_uses": [
        {
          "name": "ASSERT",
          "line": 104,
          "known": false
        },
        {
          "name": "ASSERT",
          "line": 105,
          "known": false
        },
        {
          "name": "ASSERT",
          "line": 106,
          "known": false
        },
        {
          "name": "ASSERT",
          "line": 107,
          "known": false
        },
        {
          "name": "ASSERT",
          "line": 108,
          "known": false
        },
        {
          "name": "ASSERT",
          "line": 109,
          "known": false
        },
        {
          "name": "ASSERT",
          "line": 110,
          "known": false
        },
        {
          "name": "ASSERT",
          "line": 111,
          "known": false
        },
        {
          "name": "ASSERT",
          "line": 112,
          "known": false
        },
        {
          "name": "CDU_DUTY_OFF",
          "line": 68,
          "known": false
        },
        {
          "name": "CDU_DUTY_OFF",
          "line": 77,
          "known": false
        },
        {
          "name": "CDU_DUTY_OFF",
          "line": 86,
          "known": false
        },
        {
          "name": "CDU_DUTY_OFF",
          "line": 107,
          "known": false
        },
        {
          "name": "CDU_DUTY_OFF",
          "line": 108,
          "known": false
        },
        {
          "name": "CDU_DUTY_OFF",
          "line": 109,
          "known": false
        },
        {
          "name": "CDU_DUTY_ON",
          "line": 69,
          "known": false
        },
        {
          "name": "CDU_DUTY_ON",
          "line": 78,
          "known": false
        },
        {
          "name": "CDU_DUTY_ON",
          "line": 87,
          "known": false
        },
        {
          "name": "CDU_DUTY_ON",
          "line": 107,
          "known": false
        },
        {
          "name": "CDU_DUTY_ON",
          "line": 108,
          "known": false
        },
        {
          "name": "CDU_DUTY_ON",
          "line": 109,
          "known": false
        },
        {
          "name": "CDU_FORCE_DUTY_OFF",
          "line": 104,
          "known": false
        },
        {
          "name": "CDU_FORCE_DUTY_OFF",
          "line": 105,
          "known": false
        },
        {
          "name": "CDU_FORCE_DUTY_OFF",
          "line": 106,
          "known": false
        },
        {
          "name": "CDU_FORCE_DUTY_ON",
          "line": 104,
          "known": false
        },
        {
          "name": "CDU_FORCE_DUTY_ON",
          "line": 105,
          "known": false
        },
        {
          "name": "CDU_FORCE_DUTY_ON",
          "line": 106,
          "known": false
        },
        {
          "name": "CDU_MODULE_A",
          "line": 66,
          "known": false
        },
        {
          "name": "CDU_MODULE_B",
          "line": 75,
          "known": false
        },
        {
          "name": "CDU_POWER_OFF",
          "line": 110,
          "known": false
        },
        {
          "name": "CDU_POWER_OFF",
          "line": 111,
          "known": false
        },
        {
          "name": "CDU_POWER_OFF",
          "line": 112,
          "known": false
        },
        {
          "name": "CDU_POWER_ON",
          "line": 110,
          "known": false
        },
        {
          "name": "CDU_POWER_ON",
          "line": 111,
          "known": false
        },
        {
          "name": "CDU_POWER_ON",
          "line": 112,
          "known": false
        },
        {
          "name": "FALSE32",
          "line": 63,
          "known": false
        },
        {
          "name": "IO_BIT_IN_NO_ONDUTY_A",
          "line": 53,
          "known": false
        },
        {
          "name": "IO_BIT_IN_NO_ONDUTY_A_FORCE",
          "line": 50,
          "known": false
        },
        {
          "name": "IO_BIT_IN_NO_ONDUTY_B",
          "line": 54,
          "known": false
        },
        {
          "name": "IO_BIT_IN_NO_ONDUTY_B_FORCE",
          "line": 51,
          "known": false
        },
        {
          "name": "IO_BIT_IN_NO_ONDUTY_C",
          "line": 55,
          "known": false
        },
        {
          "name": "IO_BIT_IN_NO_ONDUTY_C_FORCE",
          "line": 52,
          "known": false
        },
        {
          "name": "IO_BIT_IN_NO_POWERON_A",
          "line": 56,
          "known": false
        },
        {
          "name": "IO_BIT_IN_NO_POWERON_B",
          "line": 57,
          "known": false
        },
        {
          "name": "IO_BIT_IN_NO_POWERON_C",
          "line": 58,
          "known": false
        },
        {
          "name": "TRUE32",
          "line": 71,
          "known": false
        },
        {
          "name": "TRUE32",
          "line": 80,
          "known": false
        },
        {
          "name": "TRUE32",
          "line": 89,
          "known": false
        },
        {
          "name": "TRUE32",
          "line": 94,
          "known": false
        }
      ],
      "type_uses": [],
      "value_ranges": [
        {
          "symbol": "SYSPowerSwitch",
          "range": "[0, 0]",
          "min": 0.0,
          "max": 0.0,
          "evidence": [
            "literal@97"
          ]
        },
        {
          "symbol": "bOnDutySwitch",
          "range": "[0, 4294967295]",
          "min": 0.0,
          "max": 4294967295.0,
          "evidence": [
            "macro FALSE32@63",
            "macro TRUE32@71",
            "macro TRUE32@80",
            "macro TRUE32@89"
          ]
        }
      ],
      "condition_ranges": [
        {
          "symbol": "bOnDutySwitch",
          "range": "[1, 4294967295]",
          "min": 1.0,
          "max": 4294967295.0,
          "line": 94,
          "condition": "bOnDutySwitch == TRUE32"
        }
      ],
      "reads": [
        "CDU_DUTY_OFF",
        "CDU_DUTY_ON",
        "CDU_MODULE_A",
        "CDU_MODULE_B",
        "CduModuleFlag",
        "CduOnDuty",
        "CduOnDutyOld",
        "Drv_IO_Bit_In",
        "FALSE32",
        "IO_BIT_IN_NO_ONDUTY_A",
        "IO_BIT_IN_NO_ONDUTY_A_FORCE",
        "IO_BIT_IN_NO_ONDUTY_B",
        "IO_BIT_IN_NO_ONDUTY_B_FORCE",
        "IO_BIT_IN_NO_ONDUTY_C",
        "IO_BIT_IN_NO_ONDUTY_C_FORCE",
        "IO_BIT_IN_NO_POWERON_A",
        "IO_BIT_IN_NO_POWERON_B",
        "IO_BIT_IN_NO_POWERON_C",
        "TRUE32",
        "sCduStatus"
      ],
      "writes": [
        "SYSPowerSwitch",
        "bOnDutySwitch",
        "sCduStatus"
      ],
      "global_reads": [],
      "global_writes": [],
      "input_fields": [
        "sCduStatus.CduModuleFlag",
        "sCduStatus.CduOnDuty",
        "sCduStatus.CduOnDutyForce",
        "sCduStatus.CduOnDutyOld",
        "sCduStatus.CduPowerOn"
      ],
      "output_fields": [
        "sCduStatus.CduOnDuty",
        "sCduStatus.CduOnDutyForce",
        "sCduStatus.CduOnDutyOld",
        "sCduStatus.CduPowerOn"
      ],
      "undefined_calls": [
        "ASSERT",
        "Drv_IO_Bit_In"
      ],
      "invariants": [
        {
          "kind": "value_range",
          "text": "SYSPowerSwitch in [0, 0]",
          "confidence": "medium",
          "evidence": "literal@97",
          "symbol": "SYSPowerSwitch",
          "min": 0.0,
          "max": 0.0
        },
        {
          "kind": "value_range",
          "text": "bOnDutySwitch in [0, 4294967295]",
          "confidence": "medium",
          "evidence": "macro FALSE32@63; macro TRUE32@71; macro TRUE32@80; macro TRUE32@89",
          "symbol": "bOnDutySwitch",
          "min": 0.0,
          "max": 4294967295.0
        },
        {
          "kind": "condition_range",
          "text": "bOnDutySwitch in [1, 4294967295] when bOnDutySwitch == TRUE32",
          "confidence": "high",
          "line": 94,
          "evidence": "bOnDutySwitch == TRUE32",
          "symbol": "bOnDutySwitch",
          "min": 1.0,
          "max": 4294967295.0
        },
        {
          "kind": "branch_condition",
          "text": "inside if branch: sCduStatus.CduModuleFlag == CDU_MODULE_A",
          "confidence": "high",
          "line": 66,
          "evidence": "sCduStatus.CduModuleFlag == CDU_MODULE_A",
          "identifiers": [
            "CDU_MODULE_A",
            "CduModuleFlag",
            "sCduStatus"
          ]
        },
        {
          "kind": "branch_condition",
          "text": "inside if branch: (sCduStatus.CduOnDutyOld[0] == CDU_DUTY_OFF) && (sCduStatus.CduOnDuty[0] == CDU_DUTY_ON)",
          "confidence": "high",
          "line": 68,
          "evidence": "(sCduStatus.CduOnDutyOld[0] == CDU_DUTY_OFF) && (sCduStatus.CduOnDuty[0] == CDU_DUTY_ON)",
          "identifiers": [
            "CDU_DUTY_OFF",
            "CDU_DUTY_ON",
            "CduOnDuty",
            "CduOnDutyOld",
            "sCduStatus"
          ]
        },
        {
          "kind": "branch_condition",
          "text": "inside if branch: sCduStatus.CduModuleFlag == CDU_MODULE_B",
          "confidence": "high",
          "line": 75,
          "evidence": "sCduStatus.CduModuleFlag == CDU_MODULE_B",
          "identifiers": [
            "CDU_MODULE_B",
            "CduModuleFlag",
            "sCduStatus"
          ]
        },
        {
          "kind": "branch_condition",
          "text": "inside if branch: (sCduStatus.CduOnDutyOld[1] == CDU_DUTY_OFF) && (sCduStatus.CduOnDuty[1] == CDU_DUTY_ON)",
          "confidence": "high",
          "line": 77,
          "evidence": "(sCduStatus.CduOnDutyOld[1] == CDU_DUTY_OFF) && (sCduStatus.CduOnDuty[1] == CDU_DUTY_ON)",
          "identifiers": [
            "CDU_DUTY_OFF",
            "CDU_DUTY_ON",
            "CduOnDuty",
            "CduOnDutyOld",
            "sCduStatus"
          ]
        },
        {
          "kind": "branch_condition",
          "text": "inside if branch: (sCduStatus.CduOnDutyOld[2] == CDU_DUTY_OFF) && (sCduStatus.CduOnDuty[2] == CDU_DUTY_ON)",
          "confidence": "high",
          "line": 86,
          "evidence": "(sCduStatus.CduOnDutyOld[2] == CDU_DUTY_OFF) && (sCduStatus.CduOnDuty[2] == CDU_DUTY_ON)",
          "identifiers": [
            "CDU_DUTY_OFF",
            "CDU_DUTY_ON",
            "CduOnDuty",
            "CduOnDutyOld",
            "sCduStatus"
          ]
        },
        {
          "kind": "branch_condition",
          "text": "inside if branch: bOnDutySwitch == TRUE32",
          "confidence": "high",
          "line": 94,
          "evidence": "bOnDutySwitch == TRUE32",
          "identifiers": [
            "TRUE32",
            "bOnDutySwitch"
          ]
        },
        {
          "kind": "assignment_value",
          "text": "bOnDutySwitch may be assigned FALSE32",
          "confidence": "high",
          "line": 63,
          "evidence": "bOnDutySwitch = FALSE32",
          "symbol": "bOnDutySwitch",
          "value": "FALSE32"
        },
        {
          "kind": "assignment_value",
          "text": "bOnDutySwitch may be assigned TRUE32",
          "confidence": "high",
          "line": 71,
          "evidence": "bOnDutySwitch = TRUE32",
          "symbol": "bOnDutySwitch",
          "value": "TRUE32"
        },
        {
          "kind": "assignment_value",
          "text": "bOnDutySwitch may be assigned TRUE32",
          "confidence": "high",
          "line": 80,
          "evidence": "bOnDutySwitch = TRUE32",
          "symbol": "bOnDutySwitch",
          "value": "TRUE32"
        },
        {
          "kind": "assignment_value",
          "text": "bOnDutySwitch may be assigned TRUE32",
          "confidence": "high",
          "line": 89,
          "evidence": "bOnDutySwitch = TRUE32",
          "symbol": "bOnDutySwitch",
          "value": "TRUE32"
        },
        {
          "kind": "assignment_value",
          "text": "SYSPowerSwitch may be assigned 0x00",
          "confidence": "high",
          "line": 97,
          "evidence": "SYSPowerSwitch = 0x00",
          "symbol": "SYSPowerSwitch",
          "value": "0x00"
        },
        {
          "kind": "reset",
          "text": "SYSPowerSwitch is reset to 0",
          "confidence": "high",
          "line": 97,
          "evidence": "SYSPowerSwitch = 0x00",
          "symbol": "SYSPowerSwitch"
        },
        {
          "kind": "assigned_value_set",
          "text": "bOnDutySwitch assigned values are subset of {FALSE32, TRUE32}",
          "confidence": "medium",
          "evidence": "literal/macro assignments",
          "symbol": "bOnDutySwitch",
          "values": [
            "FALSE32",
            "TRUE32"
          ]
        },
        {
          "kind": "state_value_set",
          "text": "bOnDutySwitch observed states subset of {FALSE32, TRUE32}",
          "confidence": "medium",
          "evidence": "state assignments/tests",
          "symbol": "bOnDutySwitch",
          "values": [
            "FALSE32",
            "TRUE32"
          ]
        },
        {
          "kind": "modifies_fields",
          "text": "function may modify fields: sCduStatus.CduOnDuty, sCduStatus.CduOnDutyForce, sCduStatus.CduOnDutyOld, sCduStatus.CduPowerOn",
          "confidence": "high",
          "evidence": "field writes",
          "fields": [
            "sCduStatus.CduOnDuty",
            "sCduStatus.CduOnDutyForce",
            "sCduStatus.CduOnDutyOld",
            "sCduStatus.CduPowerOn"
          ]
        },
        {
          "kind": "reads_fields",
          "text": "function may read fields: sCduStatus.CduModuleFlag, sCduStatus.CduOnDuty, sCduStatus.CduOnDutyForce, sCduStatus.CduOnDutyOld, sCduStatus.CduPowerOn",
          "confidence": "high",
          "evidence": "field reads",
          "fields": [
            "sCduStatus.CduModuleFlag",
            "sCduStatus.CduOnDuty",
            "sCduStatus.CduOnDutyForce",
            "sCduStatus.CduOnDutyOld",
            "sCduStatus.CduPowerOn"
          ]
        },
        {
          "kind": "modifies_symbols",
          "text": "function may assign symbols: SYSPowerSwitch, bOnDutySwitch, sCduStatus.CduOnDutyForce[0], sCduStatus.CduOnDutyForce[1], sCduStatus.CduOnDutyForce[2], sCduStatus.CduOnDutyOld[0], sCduStatus.CduOnDutyOld[1], sCduStatus.CduOnDutyOld[2], sCduStatus.CduOnDuty[0], sCduStatus.CduOnDuty[1], sCduStatus.CduOnDuty[2], sCduStatus.CduPowerOn[0], sCduStatus.CduPowerOn[1], sCduStatus.CduPowerOn[2]",
          "confidence": "medium",
          "evidence": "assignments",
          "symbols": [
            "SYSPowerSwitch",
            "bOnDutySwitch",
            "sCduStatus.CduOnDutyForce[0]",
            "sCduStatus.CduOnDutyForce[1]",
            "sCduStatus.CduOnDutyForce[2]",
            "sCduStatus.CduOnDutyOld[0]",
            "sCduStatus.CduOnDutyOld[1]",
            "sCduStatus.CduOnDutyOld[2]",
            "sCduStatus.CduOnDuty[0]",
            "sCduStatus.CduOnDuty[1]",
            "sCduStatus.CduOnDuty[2]",
            "sCduStatus.CduPowerOn[0]",
            "sCduStatus.CduPowerOn[1]",
            "sCduStatus.CduPowerOn[2]"
          ]
        }
      ],
      "summary": {
        "requires_observed": [
          "inside if branch: sCduStatus.CduModuleFlag == CDU_MODULE_A",
          "inside if branch: (sCduStatus.CduOnDutyOld[0] == CDU_DUTY_OFF) && (sCduStatus.CduOnDuty[0] == CDU_DUTY_ON)",
          "inside if branch: sCduStatus.CduModuleFlag == CDU_MODULE_B",
          "inside if branch: (sCduStatus.CduOnDutyOld[1] == CDU_DUTY_OFF) && (sCduStatus.CduOnDuty[1] == CDU_DUTY_ON)",
          "inside if branch: (sCduStatus.CduOnDutyOld[2] == CDU_DUTY_OFF) && (sCduStatus.CduOnDuty[2] == CDU_DUTY_ON)",
          "inside if branch: bOnDutySwitch == TRUE32"
        ],
        "modifies": [
          "sCduStatus.CduOnDuty",
          "sCduStatus.CduOnDutyForce",
          "sCduStatus.CduOnDutyOld",
          "sCduStatus.CduPowerOn"
        ],
        "ensures_observed": [
          "SYSPowerSwitch in [0, 0]",
          "bOnDutySwitch in [0, 4294967295]",
          "SYSPowerSwitch is reset to 0",
          "bOnDutySwitch assigned values are subset of {FALSE32, TRUE32}",
          "bOnDutySwitch observed states subset of {FALSE32, TRUE32}"
        ],
        "calls": [
          "Drv_IO_Bit_In",
          "Drv_IO_Bit_In",
          "Drv_IO_Bit_In",
          "Drv_IO_Bit_In",
          "Drv_IO_Bit_In",
          "Drv_IO_Bit_In",
          "Drv_IO_Bit_In",
          "Drv_IO_Bit_In",
          "Drv_IO_Bit_In",
          "DevCommInit",
          "ASSERT",
          "ASSERT",
          "ASSERT",
          "ASSERT",
          "ASSERT",
          "ASSERT",
          "ASSERT",
          "ASSERT",
          "ASSERT"
        ],
        "undefined_calls": [
          "ASSERT",
          "Drv_IO_Bit_In"
        ]
      }
    }
  ],
  "relations": {
    "call_graph": [
      {
        "caller": "CduModulePowerDutyGet",
        "callee": "Drv_IO_Bit_In",
        "file": "/home/hp/文档/output/CE7-FYQ-src_flat_out/CduModulePowerDutyGet/IP_CduModulePowerDutyGet.c",
        "line": 50,
        "kind": "function",
        "resolved": false
      },
      {
        "caller": "CduModulePowerDutyGet",
        "callee": "Drv_IO_Bit_In",
        "file": "/home/hp/文档/output/CE7-FYQ-src_flat_out/CduModulePowerDutyGet/IP_CduModulePowerDutyGet.c",
        "line": 51,
        "kind": "function",
        "resolved": false
      },
      {
        "caller": "CduModulePowerDutyGet",
        "callee": "Drv_IO_Bit_In",
        "file": "/home/hp/文档/output/CE7-FYQ-src_flat_out/CduModulePowerDutyGet/IP_CduModulePowerDutyGet.c",
        "line": 52,
        "kind": "function",
        "resolved": false
      },
      {
        "caller": "CduModulePowerDutyGet",
        "callee": "Drv_IO_Bit_In",
        "file": "/home/hp/文档/output/CE7-FYQ-src_flat_out/CduModulePowerDutyGet/IP_CduModulePowerDutyGet.c",
        "line": 53,
        "kind": "function",
        "resolved": false
      },
      {
        "caller": "CduModulePowerDutyGet",
        "callee": "Drv_IO_Bit_In",
        "file": "/home/hp/文档/output/CE7-FYQ-src_flat_out/CduModulePowerDutyGet/IP_CduModulePowerDutyGet.c",
        "line": 54,
        "kind": "function",
        "resolved": false
      },
      {
        "caller": "CduModulePowerDutyGet",
        "callee": "Drv_IO_Bit_In",
        "file": "/home/hp/文档/output/CE7-FYQ-src_flat_out/CduModulePowerDutyGet/IP_CduModulePowerDutyGet.c",
        "line": 55,
        "kind": "function",
        "resolved": false
      },
      {
        "caller": "CduModulePowerDutyGet",
        "callee": "Drv_IO_Bit_In",
        "file": "/home/hp/文档/output/CE7-FYQ-src_flat_out/CduModulePowerDutyGet/IP_CduModulePowerDutyGet.c",
        "line": 56,
        "kind": "function",
        "resolved": false
      },
      {
        "caller": "CduModulePowerDutyGet",
        "callee": "Drv_IO_Bit_In",
        "file": "/home/hp/文档/output/CE7-FYQ-src_flat_out/CduModulePowerDutyGet/IP_CduModulePowerDutyGet.c",
        "line": 57,
        "kind": "function",
        "resolved": false
      },
      {
        "caller": "CduModulePowerDutyGet",
        "callee": "Drv_IO_Bit_In",
        "file": "/home/hp/文档/output/CE7-FYQ-src_flat_out/CduModulePowerDutyGet/IP_CduModulePowerDutyGet.c",
        "line": 58,
        "kind": "function",
        "resolved": false
      },
      {
        "caller": "CduModulePowerDutyGet",
        "callee": "DevCommInit",
        "file": "/home/hp/文档/output/CE7-FYQ-src_flat_out/CduModulePowerDutyGet/IP_CduModulePowerDutyGet.c",
        "line": 99,
        "kind": "function",
        "resolved": true
      },
      {
        "caller": "CduModulePowerDutyGet",
        "callee": "ASSERT",
        "file": "/home/hp/文档/output/CE7-FYQ-src_flat_out/CduModulePowerDutyGet/IP_CduModulePowerDutyGet.c",
        "line": 104,
        "kind": "function",
        "resolved": false
      },
      {
        "caller": "CduModulePowerDutyGet",
        "callee": "ASSERT",
        "file": "/home/hp/文档/output/CE7-FYQ-src_flat_out/CduModulePowerDutyGet/IP_CduModulePowerDutyGet.c",
        "line": 105,
        "kind": "function",
        "resolved": false
      },
      {
        "caller": "CduModulePowerDutyGet",
        "callee": "ASSERT",
        "file": "/home/hp/文档/output/CE7-FYQ-src_flat_out/CduModulePowerDutyGet/IP_CduModulePowerDutyGet.c",
        "line": 106,
        "kind": "function",
        "resolved": false
      },
      {
        "caller": "CduModulePowerDutyGet",
        "callee": "ASSERT",
        "file": "/home/hp/文档/output/CE7-FYQ-src_flat_out/CduModulePowerDutyGet/IP_CduModulePowerDutyGet.c",
        "line": 107,
        "kind": "function",
        "resolved": false
      },
      {
        "caller": "CduModulePowerDutyGet",
        "callee": "ASSERT",
        "file": "/home/hp/文档/output/CE7-FYQ-src_flat_out/CduModulePowerDutyGet/IP_CduModulePowerDutyGet.c",
        "line": 108,
        "kind": "function",
        "resolved": false
      },
      {
        "caller": "CduModulePowerDutyGet",
        "callee": "ASSERT",
        "file": "/home/hp/文档/output/CE7-FYQ-src_flat_out/CduModulePowerDutyGet/IP_CduModulePowerDutyGet.c",
        "line": 109,
        "kind": "function",
        "resolved": false
      },
      {
        "caller": "CduModulePowerDutyGet",
        "callee": "ASSERT",
        "file": "/home/hp/文档/output/CE7-FYQ-src_flat_out/CduModulePowerDutyGet/IP_CduModulePowerDutyGet.c",
        "line": 110,
        "kind": "function",
        "resolved": false
      },
      {
        "caller": "CduModulePowerDutyGet",
        "callee": "ASSERT",
        "file": "/home/hp/文档/output/CE7-FYQ-src_flat_out/CduModulePowerDutyGet/IP_CduModulePowerDutyGet.c",
        "line": 111,
        "kind": "function",
        "resolved": false
      },
      {
        "caller": "CduModulePowerDutyGet",
        "callee": "ASSERT",
        "file": "/home/hp/文档/output/CE7-FYQ-src_flat_out/CduModulePowerDutyGet/IP_CduModulePowerDutyGet.c",
        "line": 112,
        "kind": "function",
        "resolved": false
      }
    ],
    "field_accesses": [
      {
        "name": "sCduStatus.CduModuleFlag",
        "reads": 2,
        "writes": 0,
        "read_writes": 0,
        "functions": [
          "CduModulePowerDutyGet"
        ],
        "readers": [
          "CduModulePowerDutyGet"
        ],
        "writers": []
      },
      {
        "name": "sCduStatus.CduOnDuty",
        "reads": 12,
        "writes": 3,
        "read_writes": 0,
        "functions": [
          "CduModulePowerDutyGet"
        ],
        "readers": [
          "CduModulePowerDutyGet"
        ],
        "writers": [
          "CduModulePowerDutyGet"
        ]
      },
      {
        "name": "sCduStatus.CduOnDutyForce",
        "reads": 6,
        "writes": 3,
        "read_writes": 0,
        "functions": [
          "CduModulePowerDutyGet"
        ],
        "readers": [
          "CduModulePowerDutyGet"
        ],
        "writers": [
          "CduModulePowerDutyGet"
        ]
      },
      {
        "name": "sCduStatus.CduOnDutyOld",
        "reads": 3,
        "writes": 3,
        "read_writes": 0,
        "functions": [
          "CduModulePowerDutyGet"
        ],
        "readers": [
          "CduModulePowerDutyGet"
        ],
        "writers": [
          "CduModulePowerDutyGet"
        ]
      },
      {
        "name": "sCduStatus.CduPowerOn",
        "reads": 6,
        "writes": 3,
        "read_writes": 0,
        "functions": [
          "CduModulePowerDutyGet"
        ],
        "readers": [
          "CduModulePowerDutyGet"
        ],
        "writers": [
          "CduModulePowerDutyGet"
        ]
      },
      {
        "name": "sFtdiComm.cntCommErrorCnt",
        "reads": 0,
        "writes": 1,
        "read_writes": 0,
        "functions": [
          "DevCommInit"
        ],
        "readers": [],
        "writers": [
          "DevCommInit"
        ]
      },
      {
        "name": "sLtpsComm.cntCommErrorCnt",
        "reads": 0,
        "writes": 1,
        "read_writes": 0,
        "functions": [
          "DevCommInit"
        ],
        "readers": [],
        "writers": [
          "DevCommInit"
        ]
      },
      {
        "name": "sOtsComm.cntCommErrorCnt",
        "reads": 0,
        "writes": 1,
        "read_writes": 0,
        "functions": [
          "DevCommInit"
        ],
        "readers": [],
        "writers": [
          "DevCommInit"
        ]
      },
      {
        "name": "sZlqCcuStatus.cntCommErrorCnt",
        "reads": 0,
        "writes": 1,
        "read_writes": 0,
        "functions": [
          "DevCommInit"
        ],
        "readers": [],
        "writers": [
          "DevCommInit"
        ]
      }
    ],
    "state_transitions": [],
    "missing_local_includes": [],
    "unresolved_calls": {
      "ASSERT": [
        {
          "caller": "CduModulePowerDutyGet",
          "file": "/home/hp/文档/output/CE7-FYQ-src_flat_out/CduModulePowerDutyGet/IP_CduModulePowerDutyGet.c",
          "line": 104
        },
        {
          "caller": "CduModulePowerDutyGet",
          "file": "/home/hp/文档/output/CE7-FYQ-src_flat_out/CduModulePowerDutyGet/IP_CduModulePowerDutyGet.c",
          "line": 105
        },
        {
          "caller": "CduModulePowerDutyGet",
          "file": "/home/hp/文档/output/CE7-FYQ-src_flat_out/CduModulePowerDutyGet/IP_CduModulePowerDutyGet.c",
          "line": 106
        },
        {
          "caller": "CduModulePowerDutyGet",
          "file": "/home/hp/文档/output/CE7-FYQ-src_flat_out/CduModulePowerDutyGet/IP_CduModulePowerDutyGet.c",
          "line": 107
        },
        {
          "caller": "CduModulePowerDutyGet",
          "file": "/home/hp/文档/output/CE7-FYQ-src_flat_out/CduModulePowerDutyGet/IP_CduModulePowerDutyGet.c",
          "line": 108
        },
        {
          "caller": "CduModulePowerDutyGet",
          "file": "/home/hp/文档/output/CE7-FYQ-src_flat_out/CduModulePowerDutyGet/IP_CduModulePowerDutyGet.c",
          "line": 109
        },
        {
          "caller": "CduModulePowerDutyGet",
          "file": "/home/hp/文档/output/CE7-FYQ-src_flat_out/CduModulePowerDutyGet/IP_CduModulePowerDutyGet.c",
          "line": 110
        },
        {
          "caller": "CduModulePowerDutyGet",
          "file": "/home/hp/文档/output/CE7-FYQ-src_flat_out/CduModulePowerDutyGet/IP_CduModulePowerDutyGet.c",
          "line": 111
        },
        {
          "caller": "CduModulePowerDutyGet",
          "file": "/home/hp/文档/output/CE7-FYQ-src_flat_out/CduModulePowerDutyGet/IP_CduModulePowerDutyGet.c",
          "line": 112
        }
      ],
      "Drv_IO_Bit_In": [
        {
          "caller": "CduModulePowerDutyGet",
          "file": "/home/hp/文档/output/CE7-FYQ-src_flat_out/CduModulePowerDutyGet/IP_CduModulePowerDutyGet.c",
          "line": 50
        },
        {
          "caller": "CduModulePowerDutyGet",
          "file": "/home/hp/文档/output/CE7-FYQ-src_flat_out/CduModulePowerDutyGet/IP_CduModulePowerDutyGet.c",
          "line": 51
        },
        {
          "caller": "CduModulePowerDutyGet",
          "file": "/home/hp/文档/output/CE7-FYQ-src_flat_out/CduModulePowerDutyGet/IP_CduModulePowerDutyGet.c",
          "line": 52
        },
        {
          "caller": "CduModulePowerDutyGet",
          "file": "/home/hp/文档/output/CE7-FYQ-src_flat_out/CduModulePowerDutyGet/IP_CduModulePowerDutyGet.c",
          "line": 53
        },
        {
          "caller": "CduModulePowerDutyGet",
          "file": "/home/hp/文档/output/CE7-FYQ-src_flat_out/CduModulePowerDutyGet/IP_CduModulePowerDutyGet.c",
          "line": 54
        },
        {
          "caller": "CduModulePowerDutyGet",
          "file": "/home/hp/文档/output/CE7-FYQ-src_flat_out/CduModulePowerDutyGet/IP_CduModulePowerDutyGet.c",
          "line": 55
        },
        {
          "caller": "CduModulePowerDutyGet",
          "file": "/home/hp/文档/output/CE7-FYQ-src_flat_out/CduModulePowerDutyGet/IP_CduModulePowerDutyGet.c",
          "line": 56
        },
        {
          "caller": "CduModulePowerDutyGet",
          "file": "/home/hp/文档/output/CE7-FYQ-src_flat_out/CduModulePowerDutyGet/IP_CduModulePowerDutyGet.c",
          "line": 57
        },
        {
          "caller": "CduModulePowerDutyGet",
          "file": "/home/hp/文档/output/CE7-FYQ-src_flat_out/CduModulePowerDutyGet/IP_CduModulePowerDutyGet.c",
          "line": 58
        }
      ]
    }
  },
  "invariants": {
    "project": [
      {
        "kind": "project_input_field",
        "text": "sCduStatus.CduModuleFlag is only read by CduModulePowerDutyGet",
        "confidence": "medium",
        "evidence": "field summary",
        "field": "sCduStatus.CduModuleFlag",
        "readers": [
          "CduModulePowerDutyGet"
        ]
      },
      {
        "kind": "project_state_field",
        "text": "sCduStatus.CduOnDuty is read and written",
        "confidence": "medium",
        "evidence": "field summary",
        "field": "sCduStatus.CduOnDuty",
        "readers": [
          "CduModulePowerDutyGet"
        ],
        "writers": [
          "CduModulePowerDutyGet"
        ]
      },
      {
        "kind": "project_state_field",
        "text": "sCduStatus.CduOnDutyForce is read and written",
        "confidence": "medium",
        "evidence": "field summary",
        "field": "sCduStatus.CduOnDutyForce",
        "readers": [
          "CduModulePowerDutyGet"
        ],
        "writers": [
          "CduModulePowerDutyGet"
        ]
      },
      {
        "kind": "project_state_field",
        "text": "sCduStatus.CduOnDutyOld is read and written",
        "confidence": "medium",
        "evidence": "field summary",
        "field": "sCduStatus.CduOnDutyOld",
        "readers": [
          "CduModulePowerDutyGet"
        ],
        "writers": [
          "CduModulePowerDutyGet"
        ]
      },
      {
        "kind": "project_state_field",
        "text": "sCduStatus.CduPowerOn is read and written",
        "confidence": "medium",
        "evidence": "field summary",
        "field": "sCduStatus.CduPowerOn",
        "readers": [
          "CduModulePowerDutyGet"
        ],
        "writers": [
          "CduModulePowerDutyGet"
        ]
      },
      {
        "kind": "project_output_field",
        "text": "sFtdiComm.cntCommErrorCnt is only written by DevCommInit",
        "confidence": "medium",
        "evidence": "field summary",
        "field": "sFtdiComm.cntCommErrorCnt",
        "writers": [
          "DevCommInit"
        ]
      },
      {
        "kind": "project_output_field",
        "text": "sLtpsComm.cntCommErrorCnt is only written by DevCommInit",
        "confidence": "medium",
        "evidence": "field summary",
        "field": "sLtpsComm.cntCommErrorCnt",
        "writers": [
          "DevCommInit"
        ]
      },
      {
        "kind": "project_output_field",
        "text": "sOtsComm.cntCommErrorCnt is only written by DevCommInit",
        "confidence": "medium",
        "evidence": "field summary",
        "field": "sOtsComm.cntCommErrorCnt",
        "writers": [
          "DevCommInit"
        ]
      },
      {
        "kind": "project_output_field",
        "text": "sZlqCcuStatus.cntCommErrorCnt is only written by DevCommInit",
        "confidence": "medium",
        "evidence": "field summary",
        "field": "sZlqCcuStatus.cntCommErrorCnt",
        "writers": [
          "DevCommInit"
        ]
      }
    ]
  }
}
