===== source2fsm batch debug =====
name: CruDataReadFromTr32
source: IP_CruDataReadFromTr32.c
source directory: /home/hp/文档/output/CE7-FYQ-src_flat_out/CruDataReadFromTr32
output directory: /home/hp/文档/output/CE7-FYQ-src_flat_out/CruDataReadFromTr32
copied input .c files:
  IP_CruDataReadFromTr32.c
===== docker output =====
source-only mode: /work/input/IP_CruDataReadFromTr32.c
source-only cfg
function "CruDataReadFromTr32" found
nodes: 7
edges: 7
dot: /work/output/.CruDataReadFromTr32.dot
cfg nodes:
  n0 [basic] unint32 tr32Var; | unint32 countOfbuffer;
  n1 [loop] for(countOfbuffer=0; countOfbuffer<CRU_TOTAL_LENGTH; | countOfbuffer=countOfbuffer+4)
  n2 [basic] tr32Var = Tr32Uint((volatile unint32 *)(SOC_SRAM_TR32_CRUDATA_FIRST + | countOfbuffer), (volatile unint32 *)(SOC_SRAM_TR32_CRUDATA_SECOND + | countOfbuffer), (volatile unint32 *)(SOC_SRAM_TR32_CRUDATA_THIRD + | countOfbuffer)); | sCrucialRest.tr32Buff[countOfbuffer + 0] = UI32_HIHI8(tr32Var); | sCrucialRest.tr32Buff[countOfbuffer + 1] = UI32_HILO8(tr32Var); | sCrucialRest.tr32Buff[countOfbuffer + 2] = UI32_LOHI8(tr32Var); | sCrucialRest.tr32Buff[countOfbuffer + 3] = UI32_LOLO8(tr32Var);
  n3 [terminal] return;
png: /work/output/CruDataReadFromTr32.png
