# No-Compile Static Analysis Log

Root: /home/hp/文档/output/CE7-FYQ-src_flat_out/CruDataReadFromTr32/IP_CruDataReadFromTr32.c
Files: 1
Functions: 1
Call edges: 5
Field accesses: 4
Unresolved calls: 5
Missing local includes: 0
Function invariants: 6
Project invariants: 1

## Missing Local Includes
- none

## Duplicate Function Definitions
- none

## Unresolved Calls
- Tr32Uint: CruDataReadFromTr32@IP_CruDataReadFromTr32.c:13
- UI32_HIHI8: CruDataReadFromTr32@IP_CruDataReadFromTr32.c:17
- UI32_HILO8: CruDataReadFromTr32@IP_CruDataReadFromTr32.c:18
- UI32_LOHI8: CruDataReadFromTr32@IP_CruDataReadFromTr32.c:19
- UI32_LOLO8: CruDataReadFromTr32@IP_CruDataReadFromTr32.c:20

## Call Graph
- CruDataReadFromTr32 -> Tr32Uint?, UI32_HIHI8?, UI32_HILO8?, UI32_LOHI8?, UI32_LOLO8?

## State Transitions
- none

## Field Access Summary
- sCrucialRest.tr32Buff: read=0 write=4 read_write=0 functions=CruDataReadFromTr32

## Project Invariants
- [project_output_field/medium] sCrucialRest.tr32Buff is only written by CruDataReadFromTr32 (field summary)

## Function Details
### CruDataReadFromTr32 (IP_CruDataReadFromTr32.c:7)
- params: void
- locals: countOfbuffer, tr32Var
- calls: Tr32Uint, UI32_HIHI8, UI32_HILO8, UI32_LOHI8, UI32_LOLO8
- undefined_calls: Tr32Uint, UI32_HIHI8, UI32_HILO8, UI32_LOHI8, UI32_LOLO8
- reads: CRU_TOTAL_LENGTH, SOC_SRAM_TR32_CRUDATA_FIRST, SOC_SRAM_TR32_CRUDATA_SECOND, SOC_SRAM_TR32_CRUDATA_THIRD, Tr32Uint, UI32_HIHI8, UI32_HILO8, UI32_LOHI8, UI32_LOLO8, unint32
- writes: countOfbuffer, sCrucialRest, tr32Var
- summary.modifies: sCrucialRest.tr32Buff
- summary.ensures_observed:
  - countOfbuffer in [0, 4294967295]
  - tr32Var in [0, 4294967295]
  - countOfbuffer is reset to 0
- invariants:
  - [value_range/medium] countOfbuffer in [0, 4294967295] (decl unint32@9; literal@11)
  - [value_range/medium] tr32Var in [0, 4294967295] (decl unint32@8)
  - [assignment_value/high]@11 countOfbuffer may be assigned 0 (countOfbuffer = 0)
  - [reset/high]@11 countOfbuffer is reset to 0 (countOfbuffer = 0)
  - [modifies_fields/high] function may modify fields: sCrucialRest.tr32Buff (field writes)
  - [modifies_symbols/medium] function may assign symbols: countOfbuffer, sCrucialRest.tr32Buff[countOfbuffer + 0], sCrucialRest.tr32Buff[countOfbuffer + 1], sCrucialRest.tr32Buff[countOfbuffer + 2], sCrucialRest.tr32Buff[countOfbuffer + 3], tr32Var (assignments)
- value_ranges:
  - countOfbuffer: [0, 4294967295] (decl unint32@9; literal@11)
  - tr32Var: [0, 4294967295] (decl unint32@8)
- conditions:
  - for@11: countOfbuffer=0; countOfbuffer<CRU_TOTAL_LENGTH; countOfbuffer=countOfbuffer+4
- assignments:
  - 11: countOfbuffer = <literal/unknown>
  - 11: countOfbuffer = SOC_SRAM_TR32_CRUDATA_FIRST,SOC_SRAM_TR32_CRUDATA_SECOND,SOC_SRAM_TR32_CRUDATA_THIRD,Tr32Uint,countOfbuffer,tr32Var,unint32
  - 13: tr32Var = SOC_SRAM_TR32_CRUDATA_FIRST,SOC_SRAM_TR32_CRUDATA_SECOND,SOC_SRAM_TR32_CRUDATA_THIRD,Tr32Uint,countOfbuffer,unint32
  - 17: sCrucialRest.tr32Buff[countOfbuffer + 0] = UI32_HIHI8,tr32Var
  - 18: sCrucialRest.tr32Buff[countOfbuffer + 1] = UI32_HILO8,tr32Var
  - 19: sCrucialRest.tr32Buff[countOfbuffer + 2] = UI32_LOHI8,tr32Var
  - 20: sCrucialRest.tr32Buff[countOfbuffer + 3] = UI32_LOLO8,tr32Var

## JSON
{
  "root": "/home/hp/文档/output/CE7-FYQ-src_flat_out/CruDataReadFromTr32/IP_CruDataReadFromTr32.c",
  "files": [
    {
      "file": "/home/hp/文档/output/CE7-FYQ-src_flat_out/CruDataReadFromTr32/IP_CruDataReadFromTr32.c",
      "lines": 25,
      "includes": [
        {
          "name": "IP_CruDataReadFromTr32.h",
          "kind": "local",
          "line": 1,
          "resolved": "/home/hp/文档/output/CE7-FYQ-src_flat_out/CruDataReadFromTr32/IP_CruDataReadFromTr32.h"
        }
      ],
      "macros": [],
      "typedefs": [],
      "globals": [],
      "functions": [
        {
          "name": "CruDataReadFromTr32",
          "line": 7,
          "params": []
        }
      ]
    }
  ],
  "summary": {
    "file_count": 1,
    "function_count": 1,
    "defined_function_count": 1,
    "declared_function_count": 0,
    "macro_count": 0,
    "typedef_count": 0,
    "global_count": 0,
    "call_edge_count": 5,
    "unresolved_call_count": 5,
    "field_access_count": 4,
    "missing_local_include_count": 0,
    "function_invariant_count": 6,
    "project_invariant_count": 1
  },
  "symbols": {
    "defined_functions": {
      "CruDataReadFromTr32": [
        {
          "file": "/home/hp/文档/output/CE7-FYQ-src_flat_out/CruDataReadFromTr32/IP_CruDataReadFromTr32.c",
          "line": 7
        }
      ]
    },
    "declared_functions": {},
    "macros": {},
    "typedefs": {},
    "enum_constants": [],
    "globals": {},
    "struct_fields": {},
    "duplicate_functions": {}
  },
  "functions": [
    {
      "file": "/home/hp/文档/output/CE7-FYQ-src_flat_out/CruDataReadFromTr32/IP_CruDataReadFromTr32.c",
      "name": "CruDataReadFromTr32",
      "line": 7,
      "return_type": "void",
      "params": [],
      "locals": [
        "countOfbuffer",
        "tr32Var"
      ],
      "calls": [
        {
          "name": "Tr32Uint",
          "line": 13,
          "kind": "function",
          "resolved": false
        },
        {
          "name": "UI32_HIHI8",
          "line": 17,
          "kind": "function",
          "resolved": false
        },
        {
          "name": "UI32_HILO8",
          "line": 18,
          "kind": "function",
          "resolved": false
        },
        {
          "name": "UI32_LOHI8",
          "line": 19,
          "kind": "function",
          "resolved": false
        },
        {
          "name": "UI32_LOLO8",
          "line": 20,
          "kind": "function",
          "resolved": false
        }
      ],
      "assignments": [
        {
          "line": 11,
          "lhs": "countOfbuffer",
          "operator": "=",
          "rhs": "0",
          "rhs_identifiers": []
        },
        {
          "line": 11,
          "lhs": "countOfbuffer",
          "operator": "=",
          "rhs": "countOfbuffer+4) { tr32Var = Tr32Uint((volatile unint32 *)(SOC_SRAM_TR32_CRUDATA_FIRST + countOfbuffer), (volatile unint32 *)(SOC_SRAM_TR32_CRUDATA_SECOND + countOfbuffer), (volatile unint32 *)(SOC_SRAM_TR32_CRUDATA_THIRD + countOfbuffer))",
          "rhs_identifiers": [
            "SOC_SRAM_TR32_CRUDATA_FIRST",
            "SOC_SRAM_TR32_CRUDATA_SECOND",
            "SOC_SRAM_TR32_CRUDATA_THIRD",
            "Tr32Uint",
            "countOfbuffer",
            "tr32Var",
            "unint32"
          ]
        },
        {
          "line": 13,
          "lhs": "tr32Var",
          "operator": "=",
          "rhs": "Tr32Uint((volatile unint32 *)(SOC_SRAM_TR32_CRUDATA_FIRST + countOfbuffer), (volatile unint32 *)(SOC_SRAM_TR32_CRUDATA_SECOND + countOfbuffer), (volatile unint32 *)(SOC_SRAM_TR32_CRUDATA_THIRD + countOfbuffer))",
          "rhs_identifiers": [
            "SOC_SRAM_TR32_CRUDATA_FIRST",
            "SOC_SRAM_TR32_CRUDATA_SECOND",
            "SOC_SRAM_TR32_CRUDATA_THIRD",
            "Tr32Uint",
            "countOfbuffer",
            "unint32"
          ]
        },
        {
          "line": 17,
          "lhs": "sCrucialRest.tr32Buff[countOfbuffer + 0]",
          "operator": "=",
          "rhs": "UI32_HIHI8(tr32Var)",
          "rhs_identifiers": [
            "UI32_HIHI8",
            "tr32Var"
          ]
        },
        {
          "line": 18,
          "lhs": "sCrucialRest.tr32Buff[countOfbuffer + 1]",
          "operator": "=",
          "rhs": "UI32_HILO8(tr32Var)",
          "rhs_identifiers": [
            "UI32_HILO8",
            "tr32Var"
          ]
        },
        {
          "line": 19,
          "lhs": "sCrucialRest.tr32Buff[countOfbuffer + 2]",
          "operator": "=",
          "rhs": "UI32_LOHI8(tr32Var)",
          "rhs_identifiers": [
            "UI32_LOHI8",
            "tr32Var"
          ]
        },
        {
          "line": 20,
          "lhs": "sCrucialRest.tr32Buff[countOfbuffer + 3]",
          "operator": "=",
          "rhs": "UI32_LOLO8(tr32Var)",
          "rhs_identifiers": [
            "UI32_LOLO8",
            "tr32Var"
          ]
        }
      ],
      "conditions": [
        {
          "line": 11,
          "kind": "for",
          "expression": "countOfbuffer=0; countOfbuffer<CRU_TOTAL_LENGTH; countOfbuffer=countOfbuffer+4",
          "identifiers": [
            "CRU_TOTAL_LENGTH",
            "countOfbuffer"
          ]
        }
      ],
      "switch_cases": [],
      "field_accesses": [
        {
          "line": 17,
          "object": "sCrucialRest",
          "operator": ".",
          "field": "tr32Buff",
          "access": "write",
          "name": "sCrucialRest.tr32Buff"
        },
        {
          "line": 18,
          "object": "sCrucialRest",
          "operator": ".",
          "field": "tr32Buff",
          "access": "write",
          "name": "sCrucialRest.tr32Buff"
        },
        {
          "line": 19,
          "object": "sCrucialRest",
          "operator": ".",
          "field": "tr32Buff",
          "access": "write",
          "name": "sCrucialRest.tr32Buff"
        },
        {
          "line": 20,
          "object": "sCrucialRest",
          "operator": ".",
          "field": "tr32Buff",
          "access": "write",
          "name": "sCrucialRest.tr32Buff"
        }
      ],
      "returns": [
        {
          "line": 23,
          "expression": "",
          "identifiers": []
        }
      ],
      "macro_uses": [
        {
          "name": "CRU_TOTAL_LENGTH",
          "line": 11,
          "known": false
        },
        {
          "name": "SOC_SRAM_TR32_CRUDATA_FIRST",
          "line": 13,
          "known": false
        },
        {
          "name": "SOC_SRAM_TR32_CRUDATA_SECOND",
          "line": 14,
          "known": false
        },
        {
          "name": "SOC_SRAM_TR32_CRUDATA_THIRD",
          "line": 15,
          "known": false
        },
        {
          "name": "UI32_HIHI8",
          "line": 17,
          "known": false
        },
        {
          "name": "UI32_HILO8",
          "line": 18,
          "known": false
        },
        {
          "name": "UI32_LOHI8",
          "line": 19,
          "known": false
        },
        {
          "name": "UI32_LOLO8",
          "line": 20,
          "known": false
        }
      ],
      "type_uses": [],
      "value_ranges": [
        {
          "symbol": "countOfbuffer",
          "range": "[0, 4294967295]",
          "min": 0.0,
          "max": 4294967295.0,
          "evidence": [
            "decl unint32@9",
            "literal@11"
          ]
        },
        {
          "symbol": "tr32Var",
          "range": "[0, 4294967295]",
          "min": 0.0,
          "max": 4294967295.0,
          "evidence": [
            "decl unint32@8"
          ]
        }
      ],
      "condition_ranges": [],
      "reads": [
        "CRU_TOTAL_LENGTH",
        "SOC_SRAM_TR32_CRUDATA_FIRST",
        "SOC_SRAM_TR32_CRUDATA_SECOND",
        "SOC_SRAM_TR32_CRUDATA_THIRD",
        "Tr32Uint",
        "UI32_HIHI8",
        "UI32_HILO8",
        "UI32_LOHI8",
        "UI32_LOLO8",
        "unint32"
      ],
      "writes": [
        "countOfbuffer",
        "sCrucialRest",
        "tr32Var"
      ],
      "global_reads": [],
      "global_writes": [],
      "input_fields": [],
      "output_fields": [
        "sCrucialRest.tr32Buff"
      ],
      "undefined_calls": [
        "Tr32Uint",
        "UI32_HIHI8",
        "UI32_HILO8",
        "UI32_LOHI8",
        "UI32_LOLO8"
      ],
      "invariants": [
        {
          "kind": "value_range",
          "text": "countOfbuffer in [0, 4294967295]",
          "confidence": "medium",
          "evidence": "decl unint32@9; literal@11",
          "symbol": "countOfbuffer",
          "min": 0.0,
          "max": 4294967295.0
        },
        {
          "kind": "value_range",
          "text": "tr32Var in [0, 4294967295]",
          "confidence": "medium",
          "evidence": "decl unint32@8",
          "symbol": "tr32Var",
          "min": 0.0,
          "max": 4294967295.0
        },
        {
          "kind": "assignment_value",
          "text": "countOfbuffer may be assigned 0",
          "confidence": "high",
          "line": 11,
          "evidence": "countOfbuffer = 0",
          "symbol": "countOfbuffer",
          "value": "0"
        },
        {
          "kind": "reset",
          "text": "countOfbuffer is reset to 0",
          "confidence": "high",
          "line": 11,
          "evidence": "countOfbuffer = 0",
          "symbol": "countOfbuffer"
        },
        {
          "kind": "modifies_fields",
          "text": "function may modify fields: sCrucialRest.tr32Buff",
          "confidence": "high",
          "evidence": "field writes",
          "fields": [
            "sCrucialRest.tr32Buff"
          ]
        },
        {
          "kind": "modifies_symbols",
          "text": "function may assign symbols: countOfbuffer, sCrucialRest.tr32Buff[countOfbuffer + 0], sCrucialRest.tr32Buff[countOfbuffer + 1], sCrucialRest.tr32Buff[countOfbuffer + 2], sCrucialRest.tr32Buff[countOfbuffer + 3], tr32Var",
          "confidence": "medium",
          "evidence": "assignments",
          "symbols": [
            "countOfbuffer",
            "sCrucialRest.tr32Buff[countOfbuffer + 0]",
            "sCrucialRest.tr32Buff[countOfbuffer + 1]",
            "sCrucialRest.tr32Buff[countOfbuffer + 2]",
            "sCrucialRest.tr32Buff[countOfbuffer + 3]",
            "tr32Var"
          ]
        }
      ],
      "summary": {
        "requires_observed": [],
        "modifies": [
          "sCrucialRest.tr32Buff"
        ],
        "ensures_observed": [
          "countOfbuffer in [0, 4294967295]",
          "tr32Var in [0, 4294967295]",
          "countOfbuffer is reset to 0"
        ],
        "calls": [
          "Tr32Uint",
          "UI32_HIHI8",
          "UI32_HILO8",
          "UI32_LOHI8",
          "UI32_LOLO8"
        ],
        "undefined_calls": [
          "Tr32Uint",
          "UI32_HIHI8",
          "UI32_HILO8",
          "UI32_LOHI8",
          "UI32_LOLO8"
        ]
      }
    }
  ],
  "relations": {
    "call_graph": [
      {
        "caller": "CruDataReadFromTr32",
        "callee": "Tr32Uint",
        "file": "/home/hp/文档/output/CE7-FYQ-src_flat_out/CruDataReadFromTr32/IP_CruDataReadFromTr32.c",
        "line": 13,
        "kind": "function",
        "resolved": false
      },
      {
        "caller": "CruDataReadFromTr32",
        "callee": "UI32_HIHI8",
        "file": "/home/hp/文档/output/CE7-FYQ-src_flat_out/CruDataReadFromTr32/IP_CruDataReadFromTr32.c",
        "line": 17,
        "kind": "function",
        "resolved": false
      },
      {
        "caller": "CruDataReadFromTr32",
        "callee": "UI32_HILO8",
        "file": "/home/hp/文档/output/CE7-FYQ-src_flat_out/CruDataReadFromTr32/IP_CruDataReadFromTr32.c",
        "line": 18,
        "kind": "function",
        "resolved": false
      },
      {
        "caller": "CruDataReadFromTr32",
        "callee": "UI32_LOHI8",
        "file": "/home/hp/文档/output/CE7-FYQ-src_flat_out/CruDataReadFromTr32/IP_CruDataReadFromTr32.c",
        "line": 19,
        "kind": "function",
        "resolved": false
      },
      {
        "caller": "CruDataReadFromTr32",
        "callee": "UI32_LOLO8",
        "file": "/home/hp/文档/output/CE7-FYQ-src_flat_out/CruDataReadFromTr32/IP_CruDataReadFromTr32.c",
        "line": 20,
        "kind": "function",
        "resolved": false
      }
    ],
    "field_accesses": [
      {
        "name": "sCrucialRest.tr32Buff",
        "reads": 0,
        "writes": 4,
        "read_writes": 0,
        "functions": [
          "CruDataReadFromTr32"
        ],
        "readers": [],
        "writers": [
          "CruDataReadFromTr32"
        ]
      }
    ],
    "state_transitions": [],
    "missing_local_includes": [],
    "unresolved_calls": {
      "Tr32Uint": [
        {
          "caller": "CruDataReadFromTr32",
          "file": "/home/hp/文档/output/CE7-FYQ-src_flat_out/CruDataReadFromTr32/IP_CruDataReadFromTr32.c",
          "line": 13
        }
      ],
      "UI32_HIHI8": [
        {
          "caller": "CruDataReadFromTr32",
          "file": "/home/hp/文档/output/CE7-FYQ-src_flat_out/CruDataReadFromTr32/IP_CruDataReadFromTr32.c",
          "line": 17
        }
      ],
      "UI32_HILO8": [
        {
          "caller": "CruDataReadFromTr32",
          "file": "/home/hp/文档/output/CE7-FYQ-src_flat_out/CruDataReadFromTr32/IP_CruDataReadFromTr32.c",
          "line": 18
        }
      ],
      "UI32_LOHI8": [
        {
          "caller": "CruDataReadFromTr32",
          "file": "/home/hp/文档/output/CE7-FYQ-src_flat_out/CruDataReadFromTr32/IP_CruDataReadFromTr32.c",
          "line": 19
        }
      ],
      "UI32_LOLO8": [
        {
          "caller": "CruDataReadFromTr32",
          "file": "/home/hp/文档/output/CE7-FYQ-src_flat_out/CruDataReadFromTr32/IP_CruDataReadFromTr32.c",
          "line": 20
        }
      ]
    }
  },
  "invariants": {
    "project": [
      {
        "kind": "project_output_field",
        "text": "sCrucialRest.tr32Buff is only written by CruDataReadFromTr32",
        "confidence": "medium",
        "evidence": "field summary",
        "field": "sCrucialRest.tr32Buff",
        "writers": [
          "CruDataReadFromTr32"
        ]
      }
    ]
  }
}
