# No-Compile Static Analysis Log

Root: /home/hp/文档/output/CE7-FYQ-src_flat_out/AttDeterWalk/IP_AttDeterWalk.c
Files: 1
Functions: 1
Call edges: 17
Field accesses: 18
Unresolved calls: 6
Missing local includes: 0
Function invariants: 15
Project invariants: 9

## Missing Local Includes
- none

## Duplicate Function Definitions
- none

## Unresolved Calls
- Asinx: AttDeterWalk@IP_AttDeterWalk.c:35
- Atan2x: AttDeterWalk@IP_AttDeterWalk.c:34
- Cosx: AttDeterWalk@IP_AttDeterWalk.c:28, AttDeterWalk@IP_AttDeterWalk.c:29, AttDeterWalk@IP_AttDeterWalk.c:38, AttDeterWalk@IP_AttDeterWalk.c:40
- MatrixMulti333: AttDeterWalk@IP_AttDeterWalk.c:59, AttDeterWalk@IP_AttDeterWalk.c:62, AttDeterWalk@IP_AttDeterWalk.c:66, AttDeterWalk@IP_AttDeterWalk.c:69
- MatrixTran33: AttDeterWalk@IP_AttDeterWalk.c:57, AttDeterWalk@IP_AttDeterWalk.c:58, AttDeterWalk@IP_AttDeterWalk.c:65
- Sinx: AttDeterWalk@IP_AttDeterWalk.c:30, AttDeterWalk@IP_AttDeterWalk.c:31, AttDeterWalk@IP_AttDeterWalk.c:37, AttDeterWalk@IP_AttDeterWalk.c:39

## Call Graph
- AttDeterWalk -> Asinx?, Atan2x?, Cosx? x4, MatrixMulti333? x4, MatrixTran33? x3, Sinx? x4

## State Transitions
- none

## Field Access Summary
- sAttiData.cbi: read=1 write=0 read_write=0 functions=AttDeterWalk
- sAttiModifyParam.cBF: read=1 write=0 read_write=0 functions=AttDeterWalk
- sAttiModifyParam.cFBF: read=1 write=0 read_write=0 functions=AttDeterWalk
- sNaviData.cfbn: read=1 write=0 read_write=0 functions=AttDeterWalk
- sNaviData.cmi: read=1 write=0 read_write=0 functions=AttDeterWalk
- sNaviData.cnm: read=10 write=0 read_write=0 functions=AttDeterWalk
- sNaviData.lcal: read=1 write=0 read_write=0 functions=AttDeterWalk
- sNaviData.lmdcal: read=1 write=0 read_write=0 functions=AttDeterWalk
- sNaviData.rM: read=1 write=0 read_write=0 functions=AttDeterWalk

## Project Invariants
- [project_input_field/medium] sAttiData.cbi is only read by AttDeterWalk (field summary)
- [project_input_field/medium] sAttiModifyParam.cBF is only read by AttDeterWalk (field summary)
- [project_input_field/medium] sAttiModifyParam.cFBF is only read by AttDeterWalk (field summary)
- [project_input_field/medium] sNaviData.cfbn is only read by AttDeterWalk (field summary)
- [project_input_field/medium] sNaviData.cmi is only read by AttDeterWalk (field summary)
- [project_input_field/medium] sNaviData.cnm is only read by AttDeterWalk (field summary)
- [project_input_field/medium] sNaviData.lcal is only read by AttDeterWalk (field summary)
- [project_input_field/medium] sNaviData.lmdcal is only read by AttDeterWalk (field summary)
- [project_input_field/medium] sNaviData.rM is only read by AttDeterWalk (field summary)

## Function Details
### AttDeterWalk (IP_AttDeterWalk.c:7)
- params: void
- locals: alphaHn, alphaHt, tmpCosAlpHn, tmpCosAlpHt, tmpFloat, tmpLc, tmpLmdc, tmpMat33, tmpMat33T, tmpSinAlpHn, tmpSinAlpHt, tmpr, tmprM
- calls: Cosx, Cosx, Sinx, Sinx, Atan2x, Asinx, Sinx, Cosx, Sinx, Cosx, MatrixTran33, MatrixTran33, MatrixMulti333, MatrixMulti333, MatrixTran33, MatrixMulti333, MatrixMulti333
- undefined_calls: Asinx, Atan2x, Cosx, MatrixMulti333, MatrixTran33, Sinx
- reads: Asinx, Atan2x, Cosx, Sinx, lcal, lmdcal, rM, sNaviData
- writes: alphaHn, alphaHt, tmpCosAlpHn, tmpCosAlpHt, tmpFloat, tmpLc, tmpLmdc, tmpSinAlpHn, tmpSinAlpHt, tmpr, tmprM
- summary.ensures_observed:
  - alphaHn in [-1.79769e+308, 1.79769e+308]
  - alphaHt in [-1.79769e+308, 1.79769e+308]
  - tmpCosAlpHn in [-1.79769e+308, 1.79769e+308]
  - tmpCosAlpHt in [-1.79769e+308, 1.79769e+308]
  - tmpFloat in [-1.79769e+308, 1.79769e+308]
  - tmpLc in [-1.79769e+308, 1.79769e+308]
  - tmpLmdc in [-1.79769e+308, 1.79769e+308]
  - tmpMat33 in [-1.79769e+308, 1.79769e+308]
  - tmpMat33T in [-1.79769e+308, 1.79769e+308]
  - tmpSinAlpHn in [-1.79769e+308, 1.79769e+308]
  - tmpSinAlpHt in [-1.79769e+308, 1.79769e+308]
  - tmpr in [-1.79769e+308, 1.79769e+308]
  - tmprM in [-1.79769e+308, 1.79769e+308]
- invariants:
  - [value_range/medium] alphaHn in [-1.79769e+308, 1.79769e+308] (decl float64@12)
  - [value_range/medium] alphaHt in [-1.79769e+308, 1.79769e+308] (decl float64@13)
  - [value_range/medium] tmpCosAlpHn in [-1.79769e+308, 1.79769e+308] (decl float64@15)
  - [value_range/medium] tmpCosAlpHt in [-1.79769e+308, 1.79769e+308] (decl float64@17)
  - [value_range/medium] tmpFloat in [-1.79769e+308, 1.79769e+308] (decl float64@11)
  - [value_range/medium] tmpLc in [-1.79769e+308, 1.79769e+308] (decl float64@9)
  - [value_range/medium] tmpLmdc in [-1.79769e+308, 1.79769e+308] (decl float64@8)
  - [value_range/medium] tmpMat33 in [-1.79769e+308, 1.79769e+308] (decl float64@19)
  - [value_range/medium] tmpMat33T in [-1.79769e+308, 1.79769e+308] (decl float64@20)
  - [value_range/medium] tmpSinAlpHn in [-1.79769e+308, 1.79769e+308] (decl float64@14)
  - [value_range/medium] tmpSinAlpHt in [-1.79769e+308, 1.79769e+308] (decl float64@16)
  - [value_range/medium] tmpr in [-1.79769e+308, 1.79769e+308] (decl float64@18)
  - [value_range/medium] tmprM in [-1.79769e+308, 1.79769e+308] (decl float64@10)
  - [reads_fields/high] function may read fields: sAttiData.cbi, sAttiModifyParam.cBF, sAttiModifyParam.cFBF, sNaviData.cfbn, sNaviData.cmi, sNaviData.cnm, sNaviData.lcal, sNaviData.lmdcal, sNaviData.rM (field reads)
  - [modifies_symbols/medium] function may assign symbols: alphaHn, alphaHt, tmpCosAlpHn, tmpCosAlpHt, tmpFloat, tmpLc, tmpLmdc, tmpSinAlpHn, tmpSinAlpHt, tmprM, tmpr[0], tmpr[1], tmpr[2] (assignments)
- value_ranges:
  - alphaHn: [-1.79769e+308, 1.79769e+308] (decl float64@12)
  - alphaHt: [-1.79769e+308, 1.79769e+308] (decl float64@13)
  - tmpCosAlpHn: [-1.79769e+308, 1.79769e+308] (decl float64@15)
  - tmpCosAlpHt: [-1.79769e+308, 1.79769e+308] (decl float64@17)
  - tmpFloat: [-1.79769e+308, 1.79769e+308] (decl float64@11)
  - tmpLc: [-1.79769e+308, 1.79769e+308] (decl float64@9)
  - tmpLmdc: [-1.79769e+308, 1.79769e+308] (decl float64@8)
  - tmpMat33: [-1.79769e+308, 1.79769e+308] (decl float64@19)
  - tmpMat33T: [-1.79769e+308, 1.79769e+308] (decl float64@20)
  - tmpSinAlpHn: [-1.79769e+308, 1.79769e+308] (decl float64@14)
  - tmpSinAlpHt: [-1.79769e+308, 1.79769e+308] (decl float64@16)
  - tmpr: [-1.79769e+308, 1.79769e+308] (decl float64@18)
  - tmprM: [-1.79769e+308, 1.79769e+308] (decl float64@10)
- assignments:
  - 23: tmpLmdc = lmdcal,sNaviData
  - 24: tmpLc = lcal,sNaviData
  - 25: tmprM = rM,sNaviData
  - 28: tmpFloat = Cosx,tmpLc,tmprM
  - 29: tmpr[0] = Cosx,tmpFloat,tmpLmdc
  - 30: tmpr[1] = Sinx,tmpFloat,tmpLmdc
  - 31: tmpr[2] = Sinx,tmpLc,tmprM
  - 34: alphaHn = Atan2x,tmpr
  - 35: alphaHt = Asinx,tmpr,tmprM
  - 37: tmpSinAlpHn = Sinx,alphaHn
  - 38: tmpCosAlpHn = Cosx,alphaHn
  - 39: tmpSinAlpHt = Sinx,alphaHt
  - 40: tmpCosAlpHt = Cosx,alphaHt

## JSON
{
  "root": "/home/hp/文档/output/CE7-FYQ-src_flat_out/AttDeterWalk/IP_AttDeterWalk.c",
  "files": [
    {
      "file": "/home/hp/文档/output/CE7-FYQ-src_flat_out/AttDeterWalk/IP_AttDeterWalk.c",
      "lines": 73,
      "includes": [
        {
          "name": "IP_AttDeterWalk.h",
          "kind": "local",
          "line": 1,
          "resolved": "/home/hp/文档/output/CE7-FYQ-src_flat_out/AttDeterWalk/IP_AttDeterWalk.h"
        }
      ],
      "macros": [],
      "typedefs": [],
      "globals": [],
      "functions": [
        {
          "name": "AttDeterWalk",
          "line": 7,
          "params": []
        }
      ]
    }
  ],
  "summary": {
    "file_count": 1,
    "function_count": 1,
    "defined_function_count": 1,
    "declared_function_count": 0,
    "macro_count": 0,
    "typedef_count": 0,
    "global_count": 0,
    "call_edge_count": 17,
    "unresolved_call_count": 6,
    "field_access_count": 18,
    "missing_local_include_count": 0,
    "function_invariant_count": 15,
    "project_invariant_count": 9
  },
  "symbols": {
    "defined_functions": {
      "AttDeterWalk": [
        {
          "file": "/home/hp/文档/output/CE7-FYQ-src_flat_out/AttDeterWalk/IP_AttDeterWalk.c",
          "line": 7
        }
      ]
    },
    "declared_functions": {},
    "macros": {},
    "typedefs": {},
    "enum_constants": [],
    "globals": {},
    "struct_fields": {},
    "duplicate_functions": {}
  },
  "functions": [
    {
      "file": "/home/hp/文档/output/CE7-FYQ-src_flat_out/AttDeterWalk/IP_AttDeterWalk.c",
      "name": "AttDeterWalk",
      "line": 7,
      "return_type": "void",
      "params": [],
      "locals": [
        "alphaHn",
        "alphaHt",
        "tmpCosAlpHn",
        "tmpCosAlpHt",
        "tmpFloat",
        "tmpLc",
        "tmpLmdc",
        "tmpMat33",
        "tmpMat33T",
        "tmpSinAlpHn",
        "tmpSinAlpHt",
        "tmpr",
        "tmprM"
      ],
      "calls": [
        {
          "name": "Cosx",
          "line": 28,
          "kind": "function",
          "resolved": false
        },
        {
          "name": "Cosx",
          "line": 29,
          "kind": "function",
          "resolved": false
        },
        {
          "name": "Sinx",
          "line": 30,
          "kind": "function",
          "resolved": false
        },
        {
          "name": "Sinx",
          "line": 31,
          "kind": "function",
          "resolved": false
        },
        {
          "name": "Atan2x",
          "line": 34,
          "kind": "function",
          "resolved": false
        },
        {
          "name": "Asinx",
          "line": 35,
          "kind": "function",
          "resolved": false
        },
        {
          "name": "Sinx",
          "line": 37,
          "kind": "function",
          "resolved": false
        },
        {
          "name": "Cosx",
          "line": 38,
          "kind": "function",
          "resolved": false
        },
        {
          "name": "Sinx",
          "line": 39,
          "kind": "function",
          "resolved": false
        },
        {
          "name": "Cosx",
          "line": 40,
          "kind": "function",
          "resolved": false
        },
        {
          "name": "MatrixTran33",
          "line": 57,
          "kind": "function",
          "resolved": false
        },
        {
          "name": "MatrixTran33",
          "line": 58,
          "kind": "function",
          "resolved": false
        },
        {
          "name": "MatrixMulti333",
          "line": 59,
          "kind": "function",
          "resolved": false
        },
        {
          "name": "MatrixMulti333",
          "line": 62,
          "kind": "function",
          "resolved": false
        },
        {
          "name": "MatrixTran33",
          "line": 65,
          "kind": "function",
          "resolved": false
        },
        {
          "name": "MatrixMulti333",
          "line": 66,
          "kind": "function",
          "resolved": false
        },
        {
          "name": "MatrixMulti333",
          "line": 69,
          "kind": "function",
          "resolved": false
        }
      ],
      "assignments": [
        {
          "line": 23,
          "lhs": "tmpLmdc",
          "operator": "=",
          "rhs": "sNaviData.lmdcal",
          "rhs_identifiers": [
            "lmdcal",
            "sNaviData"
          ]
        },
        {
          "line": 24,
          "lhs": "tmpLc",
          "operator": "=",
          "rhs": "sNaviData.lcal",
          "rhs_identifiers": [
            "lcal",
            "sNaviData"
          ]
        },
        {
          "line": 25,
          "lhs": "tmprM",
          "operator": "=",
          "rhs": "sNaviData.rM",
          "rhs_identifiers": [
            "rM",
            "sNaviData"
          ]
        },
        {
          "line": 28,
          "lhs": "tmpFloat",
          "operator": "=",
          "rhs": "tmprM * Cosx(tmpLc)",
          "rhs_identifiers": [
            "Cosx",
            "tmpLc",
            "tmprM"
          ]
        },
        {
          "line": 29,
          "lhs": "tmpr[0]",
          "operator": "=",
          "rhs": "tmpFloat * Cosx(tmpLmdc)",
          "rhs_identifiers": [
            "Cosx",
            "tmpFloat",
            "tmpLmdc"
          ]
        },
        {
          "line": 30,
          "lhs": "tmpr[1]",
          "operator": "=",
          "rhs": "tmpFloat * Sinx(tmpLmdc)",
          "rhs_identifiers": [
            "Sinx",
            "tmpFloat",
            "tmpLmdc"
          ]
        },
        {
          "line": 31,
          "lhs": "tmpr[2]",
          "operator": "=",
          "rhs": "tmprM * Sinx(tmpLc)",
          "rhs_identifiers": [
            "Sinx",
            "tmpLc",
            "tmprM"
          ]
        },
        {
          "line": 34,
          "lhs": "alphaHn",
          "operator": "=",
          "rhs": "Atan2x(tmpr[0], tmpr[2])",
          "rhs_identifiers": [
            "Atan2x",
            "tmpr"
          ]
        },
        {
          "line": 35,
          "lhs": "alphaHt",
          "operator": "=",
          "rhs": "Asinx(tmpr[1] / tmprM)",
          "rhs_identifiers": [
            "Asinx",
            "tmpr",
            "tmprM"
          ]
        },
        {
          "line": 37,
          "lhs": "tmpSinAlpHn",
          "operator": "=",
          "rhs": "Sinx(alphaHn)",
          "rhs_identifiers": [
            "Sinx",
            "alphaHn"
          ]
        },
        {
          "line": 38,
          "lhs": "tmpCosAlpHn",
          "operator": "=",
          "rhs": "Cosx(alphaHn)",
          "rhs_identifiers": [
            "Cosx",
            "alphaHn"
          ]
        },
        {
          "line": 39,
          "lhs": "tmpSinAlpHt",
          "operator": "=",
          "rhs": "Sinx(alphaHt)",
          "rhs_identifiers": [
            "Sinx",
            "alphaHt"
          ]
        },
        {
          "line": 40,
          "lhs": "tmpCosAlpHt",
          "operator": "=",
          "rhs": "Cosx(alphaHt)",
          "rhs_identifiers": [
            "Cosx",
            "alphaHt"
          ]
        }
      ],
      "conditions": [],
      "switch_cases": [],
      "field_accesses": [
        {
          "line": 23,
          "object": "sNaviData",
          "operator": ".",
          "field": "lmdcal",
          "access": "read",
          "name": "sNaviData.lmdcal"
        },
        {
          "line": 24,
          "object": "sNaviData",
          "operator": ".",
          "field": "lcal",
          "access": "read",
          "name": "sNaviData.lcal"
        },
        {
          "line": 25,
          "object": "sNaviData",
          "operator": ".",
          "field": "rM",
          "access": "read",
          "name": "sNaviData.rM"
        },
        {
          "line": 42,
          "object": "sNaviData",
          "operator": ".",
          "field": "cnm",
          "access": "read",
          "name": "sNaviData.cnm"
        },
        {
          "line": 43,
          "object": "sNaviData",
          "operator": ".",
          "field": "cnm",
          "access": "read",
          "name": "sNaviData.cnm"
        },
        {
          "line": 44,
          "object": "sNaviData",
          "operator": ".",
          "field": "cnm",
          "access": "read",
          "name": "sNaviData.cnm"
        },
        {
          "line": 45,
          "object": "sNaviData",
          "operator": ".",
          "field": "cnm",
          "access": "read",
          "name": "sNaviData.cnm"
        },
        {
          "line": 46,
          "object": "sNaviData",
          "operator": ".",
          "field": "cnm",
          "access": "read",
          "name": "sNaviData.cnm"
        },
        {
          "line": 47,
          "object": "sNaviData",
          "operator": ".",
          "field": "cnm",
          "access": "read",
          "name": "sNaviData.cnm"
        },
        {
          "line": 48,
          "object": "sNaviData",
          "operator": ".",
          "field": "cnm",
          "access": "read",
          "name": "sNaviData.cnm"
        },
        {
          "line": 49,
          "object": "sNaviData",
          "operator": ".",
          "field": "cnm",
          "access": "read",
          "name": "sNaviData.cnm"
        },
        {
          "line": 50,
          "object": "sNaviData",
          "operator": ".",
          "field": "cnm",
          "access": "read",
          "name": "sNaviData.cnm"
        },
        {
          "line": 57,
          "object": "sNaviData",
          "operator": ".",
          "field": "cnm",
          "access": "read",
          "name": "sNaviData.cnm"
        },
        {
          "line": 58,
          "object": "sNaviData",
          "operator": ".",
          "field": "cmi",
          "access": "read",
          "name": "sNaviData.cmi"
        },
        {
          "line": 62,
          "object": "sAttiData",
          "operator": ".",
          "field": "cbi",
          "access": "read",
          "name": "sAttiData.cbi"
        },
        {
          "line": 65,
          "object": "sAttiModifyParam",
          "operator": ".",
          "field": "cBF",
          "access": "read",
          "name": "sAttiModifyParam.cBF"
        },
        {
          "line": 69,
          "object": "sNaviData",
          "operator": ".",
          "field": "cfbn",
          "access": "read",
          "name": "sNaviData.cfbn"
        },
        {
          "line": 69,
          "object": "sAttiModifyParam",
          "operator": ".",
          "field": "cFBF",
          "access": "read",
          "name": "sAttiModifyParam.cFBF"
        }
      ],
      "returns": [
        {
          "line": 71,
          "expression": "",
          "identifiers": []
        }
      ],
      "macro_uses": [],
      "type_uses": [],
      "value_ranges": [
        {
          "symbol": "alphaHn",
          "range": "[-1.79769e+308, 1.79769e+308]",
          "min": -1.7976931348623157e+308,
          "max": 1.7976931348623157e+308,
          "evidence": [
            "decl float64@12"
          ]
        },
        {
          "symbol": "alphaHt",
          "range": "[-1.79769e+308, 1.79769e+308]",
          "min": -1.7976931348623157e+308,
          "max": 1.7976931348623157e+308,
          "evidence": [
            "decl float64@13"
          ]
        },
        {
          "symbol": "tmpCosAlpHn",
          "range": "[-1.79769e+308, 1.79769e+308]",
          "min": -1.7976931348623157e+308,
          "max": 1.7976931348623157e+308,
          "evidence": [
            "decl float64@15"
          ]
        },
        {
          "symbol": "tmpCosAlpHt",
          "range": "[-1.79769e+308, 1.79769e+308]",
          "min": -1.7976931348623157e+308,
          "max": 1.7976931348623157e+308,
          "evidence": [
            "decl float64@17"
          ]
        },
        {
          "symbol": "tmpFloat",
          "range": "[-1.79769e+308, 1.79769e+308]",
          "min": -1.7976931348623157e+308,
          "max": 1.7976931348623157e+308,
          "evidence": [
            "decl float64@11"
          ]
        },
        {
          "symbol": "tmpLc",
          "range": "[-1.79769e+308, 1.79769e+308]",
          "min": -1.7976931348623157e+308,
          "max": 1.7976931348623157e+308,
          "evidence": [
            "decl float64@9"
          ]
        },
        {
          "symbol": "tmpLmdc",
          "range": "[-1.79769e+308, 1.79769e+308]",
          "min": -1.7976931348623157e+308,
          "max": 1.7976931348623157e+308,
          "evidence": [
            "decl float64@8"
          ]
        },
        {
          "symbol": "tmpMat33",
          "range": "[-1.79769e+308, 1.79769e+308]",
          "min": -1.7976931348623157e+308,
          "max": 1.7976931348623157e+308,
          "evidence": [
            "decl float64@19"
          ]
        },
        {
          "symbol": "tmpMat33T",
          "range": "[-1.79769e+308, 1.79769e+308]",
          "min": -1.7976931348623157e+308,
          "max": 1.7976931348623157e+308,
          "evidence": [
            "decl float64@20"
          ]
        },
        {
          "symbol": "tmpSinAlpHn",
          "range": "[-1.79769e+308, 1.79769e+308]",
          "min": -1.7976931348623157e+308,
          "max": 1.7976931348623157e+308,
          "evidence": [
            "decl float64@14"
          ]
        },
        {
          "symbol": "tmpSinAlpHt",
          "range": "[-1.79769e+308, 1.79769e+308]",
          "min": -1.7976931348623157e+308,
          "max": 1.7976931348623157e+308,
          "evidence": [
            "decl float64@16"
          ]
        },
        {
          "symbol": "tmpr",
          "range": "[-1.79769e+308, 1.79769e+308]",
          "min": -1.7976931348623157e+308,
          "max": 1.7976931348623157e+308,
          "evidence": [
            "decl float64@18"
          ]
        },
        {
          "symbol": "tmprM",
          "range": "[-1.79769e+308, 1.79769e+308]",
          "min": -1.7976931348623157e+308,
          "max": 1.7976931348623157e+308,
          "evidence": [
            "decl float64@10"
          ]
        }
      ],
      "condition_ranges": [],
      "reads": [
        "Asinx",
        "Atan2x",
        "Cosx",
        "Sinx",
        "lcal",
        "lmdcal",
        "rM",
        "sNaviData"
      ],
      "writes": [
        "alphaHn",
        "alphaHt",
        "tmpCosAlpHn",
        "tmpCosAlpHt",
        "tmpFloat",
        "tmpLc",
        "tmpLmdc",
        "tmpSinAlpHn",
        "tmpSinAlpHt",
        "tmpr",
        "tmprM"
      ],
      "global_reads": [],
      "global_writes": [],
      "input_fields": [
        "sAttiData.cbi",
        "sAttiModifyParam.cBF",
        "sAttiModifyParam.cFBF",
        "sNaviData.cfbn",
        "sNaviData.cmi",
        "sNaviData.cnm",
        "sNaviData.lcal",
        "sNaviData.lmdcal",
        "sNaviData.rM"
      ],
      "output_fields": [],
      "undefined_calls": [
        "Asinx",
        "Atan2x",
        "Cosx",
        "MatrixMulti333",
        "MatrixTran33",
        "Sinx"
      ],
      "invariants": [
        {
          "kind": "value_range",
          "text": "alphaHn in [-1.79769e+308, 1.79769e+308]",
          "confidence": "medium",
          "evidence": "decl float64@12",
          "symbol": "alphaHn",
          "min": -1.7976931348623157e+308,
          "max": 1.7976931348623157e+308
        },
        {
          "kind": "value_range",
          "text": "alphaHt in [-1.79769e+308, 1.79769e+308]",
          "confidence": "medium",
          "evidence": "decl float64@13",
          "symbol": "alphaHt",
          "min": -1.7976931348623157e+308,
          "max": 1.7976931348623157e+308
        },
        {
          "kind": "value_range",
          "text": "tmpCosAlpHn in [-1.79769e+308, 1.79769e+308]",
          "confidence": "medium",
          "evidence": "decl float64@15",
          "symbol": "tmpCosAlpHn",
          "min": -1.7976931348623157e+308,
          "max": 1.7976931348623157e+308
        },
        {
          "kind": "value_range",
          "text": "tmpCosAlpHt in [-1.79769e+308, 1.79769e+308]",
          "confidence": "medium",
          "evidence": "decl float64@17",
          "symbol": "tmpCosAlpHt",
          "min": -1.7976931348623157e+308,
          "max": 1.7976931348623157e+308
        },
        {
          "kind": "value_range",
          "text": "tmpFloat in [-1.79769e+308, 1.79769e+308]",
          "confidence": "medium",
          "evidence": "decl float64@11",
          "symbol": "tmpFloat",
          "min": -1.7976931348623157e+308,
          "max": 1.7976931348623157e+308
        },
        {
          "kind": "value_range",
          "text": "tmpLc in [-1.79769e+308, 1.79769e+308]",
          "confidence": "medium",
          "evidence": "decl float64@9",
          "symbol": "tmpLc",
          "min": -1.7976931348623157e+308,
          "max": 1.7976931348623157e+308
        },
        {
          "kind": "value_range",
          "text": "tmpLmdc in [-1.79769e+308, 1.79769e+308]",
          "confidence": "medium",
          "evidence": "decl float64@8",
          "symbol": "tmpLmdc",
          "min": -1.7976931348623157e+308,
          "max": 1.7976931348623157e+308
        },
        {
          "kind": "value_range",
          "text": "tmpMat33 in [-1.79769e+308, 1.79769e+308]",
          "confidence": "medium",
          "evidence": "decl float64@19",
          "symbol": "tmpMat33",
          "min": -1.7976931348623157e+308,
          "max": 1.7976931348623157e+308
        },
        {
          "kind": "value_range",
          "text": "tmpMat33T in [-1.79769e+308, 1.79769e+308]",
          "confidence": "medium",
          "evidence": "decl float64@20",
          "symbol": "tmpMat33T",
          "min": -1.7976931348623157e+308,
          "max": 1.7976931348623157e+308
        },
        {
          "kind": "value_range",
          "text": "tmpSinAlpHn in [-1.79769e+308, 1.79769e+308]",
          "confidence": "medium",
          "evidence": "decl float64@14",
          "symbol": "tmpSinAlpHn",
          "min": -1.7976931348623157e+308,
          "max": 1.7976931348623157e+308
        },
        {
          "kind": "value_range",
          "text": "tmpSinAlpHt in [-1.79769e+308, 1.79769e+308]",
          "confidence": "medium",
          "evidence": "decl float64@16",
          "symbol": "tmpSinAlpHt",
          "min": -1.7976931348623157e+308,
          "max": 1.7976931348623157e+308
        },
        {
          "kind": "value_range",
          "text": "tmpr in [-1.79769e+308, 1.79769e+308]",
          "confidence": "medium",
          "evidence": "decl float64@18",
          "symbol": "tmpr",
          "min": -1.7976931348623157e+308,
          "max": 1.7976931348623157e+308
        },
        {
          "kind": "value_range",
          "text": "tmprM in [-1.79769e+308, 1.79769e+308]",
          "confidence": "medium",
          "evidence": "decl float64@10",
          "symbol": "tmprM",
          "min": -1.7976931348623157e+308,
          "max": 1.7976931348623157e+308
        },
        {
          "kind": "reads_fields",
          "text": "function may read fields: sAttiData.cbi, sAttiModifyParam.cBF, sAttiModifyParam.cFBF, sNaviData.cfbn, sNaviData.cmi, sNaviData.cnm, sNaviData.lcal, sNaviData.lmdcal, sNaviData.rM",
          "confidence": "high",
          "evidence": "field reads",
          "fields": [
            "sAttiData.cbi",
            "sAttiModifyParam.cBF",
            "sAttiModifyParam.cFBF",
            "sNaviData.cfbn",
            "sNaviData.cmi",
            "sNaviData.cnm",
            "sNaviData.lcal",
            "sNaviData.lmdcal",
            "sNaviData.rM"
          ]
        },
        {
          "kind": "modifies_symbols",
          "text": "function may assign symbols: alphaHn, alphaHt, tmpCosAlpHn, tmpCosAlpHt, tmpFloat, tmpLc, tmpLmdc, tmpSinAlpHn, tmpSinAlpHt, tmprM, tmpr[0], tmpr[1], tmpr[2]",
          "confidence": "medium",
          "evidence": "assignments",
          "symbols": [
            "alphaHn",
            "alphaHt",
            "tmpCosAlpHn",
            "tmpCosAlpHt",
            "tmpFloat",
            "tmpLc",
            "tmpLmdc",
            "tmpSinAlpHn",
            "tmpSinAlpHt",
            "tmprM",
            "tmpr[0]",
            "tmpr[1]",
            "tmpr[2]"
          ]
        }
      ],
      "summary": {
        "requires_observed": [],
        "modifies": [],
        "ensures_observed": [
          "alphaHn in [-1.79769e+308, 1.79769e+308]",
          "alphaHt in [-1.79769e+308, 1.79769e+308]",
          "tmpCosAlpHn in [-1.79769e+308, 1.79769e+308]",
          "tmpCosAlpHt in [-1.79769e+308, 1.79769e+308]",
          "tmpFloat in [-1.79769e+308, 1.79769e+308]",
          "tmpLc in [-1.79769e+308, 1.79769e+308]",
          "tmpLmdc in [-1.79769e+308, 1.79769e+308]",
          "tmpMat33 in [-1.79769e+308, 1.79769e+308]",
          "tmpMat33T in [-1.79769e+308, 1.79769e+308]",
          "tmpSinAlpHn in [-1.79769e+308, 1.79769e+308]",
          "tmpSinAlpHt in [-1.79769e+308, 1.79769e+308]",
          "tmpr in [-1.79769e+308, 1.79769e+308]",
          "tmprM in [-1.79769e+308, 1.79769e+308]"
        ],
        "calls": [
          "Cosx",
          "Cosx",
          "Sinx",
          "Sinx",
          "Atan2x",
          "Asinx",
          "Sinx",
          "Cosx",
          "Sinx",
          "Cosx",
          "MatrixTran33",
          "MatrixTran33",
          "MatrixMulti333",
          "MatrixMulti333",
          "MatrixTran33",
          "MatrixMulti333",
          "MatrixMulti333"
        ],
        "undefined_calls": [
          "Asinx",
          "Atan2x",
          "Cosx",
          "MatrixMulti333",
          "MatrixTran33",
          "Sinx"
        ]
      }
    }
  ],
  "relations": {
    "call_graph": [
      {
        "caller": "AttDeterWalk",
        "callee": "Cosx",
        "file": "/home/hp/文档/output/CE7-FYQ-src_flat_out/AttDeterWalk/IP_AttDeterWalk.c",
        "line": 28,
        "kind": "function",
        "resolved": false
      },
      {
        "caller": "AttDeterWalk",
        "callee": "Cosx",
        "file": "/home/hp/文档/output/CE7-FYQ-src_flat_out/AttDeterWalk/IP_AttDeterWalk.c",
        "line": 29,
        "kind": "function",
        "resolved": false
      },
      {
        "caller": "AttDeterWalk",
        "callee": "Sinx",
        "file": "/home/hp/文档/output/CE7-FYQ-src_flat_out/AttDeterWalk/IP_AttDeterWalk.c",
        "line": 30,
        "kind": "function",
        "resolved": false
      },
      {
        "caller": "AttDeterWalk",
        "callee": "Sinx",
        "file": "/home/hp/文档/output/CE7-FYQ-src_flat_out/AttDeterWalk/IP_AttDeterWalk.c",
        "line": 31,
        "kind": "function",
        "resolved": false
      },
      {
        "caller": "AttDeterWalk",
        "callee": "Atan2x",
        "file": "/home/hp/文档/output/CE7-FYQ-src_flat_out/AttDeterWalk/IP_AttDeterWalk.c",
        "line": 34,
        "kind": "function",
        "resolved": false
      },
      {
        "caller": "AttDeterWalk",
        "callee": "Asinx",
        "file": "/home/hp/文档/output/CE7-FYQ-src_flat_out/AttDeterWalk/IP_AttDeterWalk.c",
        "line": 35,
        "kind": "function",
        "resolved": false
      },
      {
        "caller": "AttDeterWalk",
        "callee": "Sinx",
        "file": "/home/hp/文档/output/CE7-FYQ-src_flat_out/AttDeterWalk/IP_AttDeterWalk.c",
        "line": 37,
        "kind": "function",
        "resolved": false
      },
      {
        "caller": "AttDeterWalk",
        "callee": "Cosx",
        "file": "/home/hp/文档/output/CE7-FYQ-src_flat_out/AttDeterWalk/IP_AttDeterWalk.c",
        "line": 38,
        "kind": "function",
        "resolved": false
      },
      {
        "caller": "AttDeterWalk",
        "callee": "Sinx",
        "file": "/home/hp/文档/output/CE7-FYQ-src_flat_out/AttDeterWalk/IP_AttDeterWalk.c",
        "line": 39,
        "kind": "function",
        "resolved": false
      },
      {
        "caller": "AttDeterWalk",
        "callee": "Cosx",
        "file": "/home/hp/文档/output/CE7-FYQ-src_flat_out/AttDeterWalk/IP_AttDeterWalk.c",
        "line": 40,
        "kind": "function",
        "resolved": false
      },
      {
        "caller": "AttDeterWalk",
        "callee": "MatrixTran33",
        "file": "/home/hp/文档/output/CE7-FYQ-src_flat_out/AttDeterWalk/IP_AttDeterWalk.c",
        "line": 57,
        "kind": "function",
        "resolved": false
      },
      {
        "caller": "AttDeterWalk",
        "callee": "MatrixTran33",
        "file": "/home/hp/文档/output/CE7-FYQ-src_flat_out/AttDeterWalk/IP_AttDeterWalk.c",
        "line": 58,
        "kind": "function",
        "resolved": false
      },
      {
        "caller": "AttDeterWalk",
        "callee": "MatrixMulti333",
        "file": "/home/hp/文档/output/CE7-FYQ-src_flat_out/AttDeterWalk/IP_AttDeterWalk.c",
        "line": 59,
        "kind": "function",
        "resolved": false
      },
      {
        "caller": "AttDeterWalk",
        "callee": "MatrixMulti333",
        "file": "/home/hp/文档/output/CE7-FYQ-src_flat_out/AttDeterWalk/IP_AttDeterWalk.c",
        "line": 62,
        "kind": "function",
        "resolved": false
      },
      {
        "caller": "AttDeterWalk",
        "callee": "MatrixTran33",
        "file": "/home/hp/文档/output/CE7-FYQ-src_flat_out/AttDeterWalk/IP_AttDeterWalk.c",
        "line": 65,
        "kind": "function",
        "resolved": false
      },
      {
        "caller": "AttDeterWalk",
        "callee": "MatrixMulti333",
        "file": "/home/hp/文档/output/CE7-FYQ-src_flat_out/AttDeterWalk/IP_AttDeterWalk.c",
        "line": 66,
        "kind": "function",
        "resolved": false
      },
      {
        "caller": "AttDeterWalk",
        "callee": "MatrixMulti333",
        "file": "/home/hp/文档/output/CE7-FYQ-src_flat_out/AttDeterWalk/IP_AttDeterWalk.c",
        "line": 69,
        "kind": "function",
        "resolved": false
      }
    ],
    "field_accesses": [
      {
        "name": "sAttiData.cbi",
        "reads": 1,
        "writes": 0,
        "read_writes": 0,
        "functions": [
          "AttDeterWalk"
        ],
        "readers": [
          "AttDeterWalk"
        ],
        "writers": []
      },
      {
        "name": "sAttiModifyParam.cBF",
        "reads": 1,
        "writes": 0,
        "read_writes": 0,
        "functions": [
          "AttDeterWalk"
        ],
        "readers": [
          "AttDeterWalk"
        ],
        "writers": []
      },
      {
        "name": "sAttiModifyParam.cFBF",
        "reads": 1,
        "writes": 0,
        "read_writes": 0,
        "functions": [
          "AttDeterWalk"
        ],
        "readers": [
          "AttDeterWalk"
        ],
        "writers": []
      },
      {
        "name": "sNaviData.cfbn",
        "reads": 1,
        "writes": 0,
        "read_writes": 0,
        "functions": [
          "AttDeterWalk"
        ],
        "readers": [
          "AttDeterWalk"
        ],
        "writers": []
      },
      {
        "name": "sNaviData.cmi",
        "reads": 1,
        "writes": 0,
        "read_writes": 0,
        "functions": [
          "AttDeterWalk"
        ],
        "readers": [
          "AttDeterWalk"
        ],
        "writers": []
      },
      {
        "name": "sNaviData.cnm",
        "reads": 10,
        "writes": 0,
        "read_writes": 0,
        "functions": [
          "AttDeterWalk"
        ],
        "readers": [
          "AttDeterWalk"
        ],
        "writers": []
      },
      {
        "name": "sNaviData.lcal",
        "reads": 1,
        "writes": 0,
        "read_writes": 0,
        "functions": [
          "AttDeterWalk"
        ],
        "readers": [
          "AttDeterWalk"
        ],
        "writers": []
      },
      {
        "name": "sNaviData.lmdcal",
        "reads": 1,
        "writes": 0,
        "read_writes": 0,
        "functions": [
          "AttDeterWalk"
        ],
        "readers": [
          "AttDeterWalk"
        ],
        "writers": []
      },
      {
        "name": "sNaviData.rM",
        "reads": 1,
        "writes": 0,
        "read_writes": 0,
        "functions": [
          "AttDeterWalk"
        ],
        "readers": [
          "AttDeterWalk"
        ],
        "writers": []
      }
    ],
    "state_transitions": [],
    "missing_local_includes": [],
    "unresolved_calls": {
      "Asinx": [
        {
          "caller": "AttDeterWalk",
          "file": "/home/hp/文档/output/CE7-FYQ-src_flat_out/AttDeterWalk/IP_AttDeterWalk.c",
          "line": 35
        }
      ],
      "Atan2x": [
        {
          "caller": "AttDeterWalk",
          "file": "/home/hp/文档/output/CE7-FYQ-src_flat_out/AttDeterWalk/IP_AttDeterWalk.c",
          "line": 34
        }
      ],
      "Cosx": [
        {
          "caller": "AttDeterWalk",
          "file": "/home/hp/文档/output/CE7-FYQ-src_flat_out/AttDeterWalk/IP_AttDeterWalk.c",
          "line": 28
        },
        {
          "caller": "AttDeterWalk",
          "file": "/home/hp/文档/output/CE7-FYQ-src_flat_out/AttDeterWalk/IP_AttDeterWalk.c",
          "line": 29
        },
        {
          "caller": "AttDeterWalk",
          "file": "/home/hp/文档/output/CE7-FYQ-src_flat_out/AttDeterWalk/IP_AttDeterWalk.c",
          "line": 38
        },
        {
          "caller": "AttDeterWalk",
          "file": "/home/hp/文档/output/CE7-FYQ-src_flat_out/AttDeterWalk/IP_AttDeterWalk.c",
          "line": 40
        }
      ],
      "MatrixMulti333": [
        {
          "caller": "AttDeterWalk",
          "file": "/home/hp/文档/output/CE7-FYQ-src_flat_out/AttDeterWalk/IP_AttDeterWalk.c",
          "line": 59
        },
        {
          "caller": "AttDeterWalk",
          "file": "/home/hp/文档/output/CE7-FYQ-src_flat_out/AttDeterWalk/IP_AttDeterWalk.c",
          "line": 62
        },
        {
          "caller": "AttDeterWalk",
          "file": "/home/hp/文档/output/CE7-FYQ-src_flat_out/AttDeterWalk/IP_AttDeterWalk.c",
          "line": 66
        },
        {
          "caller": "AttDeterWalk",
          "file": "/home/hp/文档/output/CE7-FYQ-src_flat_out/AttDeterWalk/IP_AttDeterWalk.c",
          "line": 69
        }
      ],
      "MatrixTran33": [
        {
          "caller": "AttDeterWalk",
          "file": "/home/hp/文档/output/CE7-FYQ-src_flat_out/AttDeterWalk/IP_AttDeterWalk.c",
          "line": 57
        },
        {
          "caller": "AttDeterWalk",
          "file": "/home/hp/文档/output/CE7-FYQ-src_flat_out/AttDeterWalk/IP_AttDeterWalk.c",
          "line": 58
        },
        {
          "caller": "AttDeterWalk",
          "file": "/home/hp/文档/output/CE7-FYQ-src_flat_out/AttDeterWalk/IP_AttDeterWalk.c",
          "line": 65
        }
      ],
      "Sinx": [
        {
          "caller": "AttDeterWalk",
          "file": "/home/hp/文档/output/CE7-FYQ-src_flat_out/AttDeterWalk/IP_AttDeterWalk.c",
          "line": 30
        },
        {
          "caller": "AttDeterWalk",
          "file": "/home/hp/文档/output/CE7-FYQ-src_flat_out/AttDeterWalk/IP_AttDeterWalk.c",
          "line": 31
        },
        {
          "caller": "AttDeterWalk",
          "file": "/home/hp/文档/output/CE7-FYQ-src_flat_out/AttDeterWalk/IP_AttDeterWalk.c",
          "line": 37
        },
        {
          "caller": "AttDeterWalk",
          "file": "/home/hp/文档/output/CE7-FYQ-src_flat_out/AttDeterWalk/IP_AttDeterWalk.c",
          "line": 39
        }
      ]
    }
  },
  "invariants": {
    "project": [
      {
        "kind": "project_input_field",
        "text": "sAttiData.cbi is only read by AttDeterWalk",
        "confidence": "medium",
        "evidence": "field summary",
        "field": "sAttiData.cbi",
        "readers": [
          "AttDeterWalk"
        ]
      },
      {
        "kind": "project_input_field",
        "text": "sAttiModifyParam.cBF is only read by AttDeterWalk",
        "confidence": "medium",
        "evidence": "field summary",
        "field": "sAttiModifyParam.cBF",
        "readers": [
          "AttDeterWalk"
        ]
      },
      {
        "kind": "project_input_field",
        "text": "sAttiModifyParam.cFBF is only read by AttDeterWalk",
        "confidence": "medium",
        "evidence": "field summary",
        "field": "sAttiModifyParam.cFBF",
        "readers": [
          "AttDeterWalk"
        ]
      },
      {
        "kind": "project_input_field",
        "text": "sNaviData.cfbn is only read by AttDeterWalk",
        "confidence": "medium",
        "evidence": "field summary",
        "field": "sNaviData.cfbn",
        "readers": [
          "AttDeterWalk"
        ]
      },
      {
        "kind": "project_input_field",
        "text": "sNaviData.cmi is only read by AttDeterWalk",
        "confidence": "medium",
        "evidence": "field summary",
        "field": "sNaviData.cmi",
        "readers": [
          "AttDeterWalk"
        ]
      },
      {
        "kind": "project_input_field",
        "text": "sNaviData.cnm is only read by AttDeterWalk",
        "confidence": "medium",
        "evidence": "field summary",
        "field": "sNaviData.cnm",
        "readers": [
          "AttDeterWalk"
        ]
      },
      {
        "kind": "project_input_field",
        "text": "sNaviData.lcal is only read by AttDeterWalk",
        "confidence": "medium",
        "evidence": "field summary",
        "field": "sNaviData.lcal",
        "readers": [
          "AttDeterWalk"
        ]
      },
      {
        "kind": "project_input_field",
        "text": "sNaviData.lmdcal is only read by AttDeterWalk",
        "confidence": "medium",
        "evidence": "field summary",
        "field": "sNaviData.lmdcal",
        "readers": [
          "AttDeterWalk"
        ]
      },
      {
        "kind": "project_input_field",
        "text": "sNaviData.rM is only read by AttDeterWalk",
        "confidence": "medium",
        "evidence": "field summary",
        "field": "sNaviData.rM",
        "readers": [
          "AttDeterWalk"
        ]
      }
    ]
  }
}
