===== source2fsm batch debug =====
name: AutoPackByte
source: IP_AutoPackByte.c
source directory: /home/hp/文档/output/CE7-FYQ-src_flat_out/AutoPackByte
output directory: /home/hp/文档/output/CE7-FYQ-src_flat_out/AutoPackByte
copied input .c files:
  IP_AutoPackByte.c
===== docker output =====
source-only mode: /work/input/IP_AutoPackByte.c
source-only cfg
function "AutoPackByte" found
nodes: 53
edges: 74
dot: /work/output/.AutoPackByte.dot
cfg nodes:
  n0 [basic] STcmdDataConverte sTcmdDataConverte; | unint08 * pDst; | unint32 tmpGlobalByteIndex; | sTcmdDataConverte.ui16 = 0; | sTcmdDataConverte.ui32 = 0; | tmpGlobalByteIndex = 0;
  n1 [if] if (*firstTime == TRUE32)
  n2 [basic] pDst = &pBuf[ sPackShift.byteIndex ]; | pData->byteID = sPackShift.byteIndex;
  n3 [basic] pDst = &pBuf[ pData->byteID ];
  n4 [switch] switch (pData->type)
  n5 [case] case ORIGIN_NULL:
  n6 [terminal] pDst[0] = 0x00; | tmpGlobalByteIndex = 1; | break;
  n7 [case] case ORIGIN_BYTE:
  n8 [terminal] *pDst = *(unint08*)pData->pSrc; | tmpGlobalByteIndex = 1; | break;
  n9 [case] case ORIGIN_WORD:
  n10 [terminal] pDst[0] = *((unint08*)pData->pSrc + 1); | pDst[1] = *(unint08*)pData->pSrc; | tmpGlobalByteIndex = 2; | break;
  n11 [case] case ORIGIN_3BYTE:
  n12 [terminal] pDst[0] = *((unint08*)pData->pSrc + 2); | pDst[1] = *((unint08*)pData->pSrc + 1); | pDst[2] = *(unint08*)pData->pSrc; | tmpGlobalByteIndex = 3; | break;
  n13 [case] case ORIGIN_DWORD:
  n14 [terminal] pDst[0] = *((unint08*)pData->pSrc + 3); | pDst[1] = *((unint08*)pData->pSrc + 2); | pDst[2] = *((unint08*)pData->pSrc + 1); | pDst[3] = *(unint08*)pData->pSrc; | tmpGlobalByteIndex = 4; | break;
  n15 [case] case ORIGIN_8BYTE:
  n16 [terminal] pDst[0] = *((unint08*)pData->pSrc + 7); | pDst[1] = *((unint08*)pData->pSrc + 6); | pDst[2] = *((unint08*)pData->pSrc + 5); | pDst[3] = *((unint08*)pData->pSrc + 4); | pDst[4] = *((unint08*)pData->pSrc + 3); | pDst[5] = *((unint08*)pData->pSrc + 2); | pDst[6] = *((unint08*)pData->pSrc + 1); | pDst[7] = *(unint08*)pData->pSrc; | tmpGlobalByteIndex = 8; | break;
  n17 [case] case DBL_TO_UN32_ID:
  n18 [terminal] sTcmdDataConverte.fl64 = *(float64*)pData->pSrc; | sTcmdDataConverte.fl64 = Fabsx (sTcmdDataConverte.fl64 / NZ(pData->eq, | FLT64_ZERO)); | sTcmdDataConverte.ui32 = DBL_TO_UN32(sTcmdDataConverte.fl64); | pDst[0] = UI32_HIHI8(sTcmdDataConverte.ui32); | pDst[1] = UI32_HILO8(sTcmdDataConverte.ui32); | pDst[2] = UI32_LOHI8(sTcmdDataConverte.ui32); | pDst[3] = UI32_LOLO8(sTcmdDataConverte.ui32); | tmpGlobalByteIndex = 4; | break;
  n19 [case] case DBL_TO_UN24_ID:
  n20 [terminal] sTcmdDataConverte.fl64 = *(float64*)pData->pSrc; | sTcmdDataConverte.fl64 = Fabsx (sTcmdDataConverte.fl64 / NZ(pData->eq, | FLT64_ZERO)); | sTcmdDataConverte.ui32 = DBL_TO_UN32(sTcmdDataConverte.fl64); | pDst[0] = UI32_HILO8(sTcmdDataConverte.ui32); | pDst[1] = UI32_LOHI8(sTcmdDataConverte.ui32); | pDst[2] = UI32_LOLO8(sTcmdDataConverte.ui32); | tmpGlobalByteIndex = 3; | break;
  n21 [case] case DBL_TO_UN16_ID:
  n22 [terminal] sTcmdDataConverte.fl64 = *(float64*)pData->pSrc; | sTcmdDataConverte.fl64 = Fabsx (sTcmdDataConverte.fl64 / NZ(pData->eq, | FLT64_ZERO)); | sTcmdDataConverte.ui16 = DBL_TO_UN16(sTcmdDataConverte.fl64); | pDst[0] = UI32_LOHI8(sTcmdDataConverte.ui16); | pDst[1] = UI32_LOLO8(sTcmdDataConverte.ui16); | tmpGlobalByteIndex = 2; | break;
  n23 [case] case DBL_TO_UN08_ID:
  n24 [terminal] sTcmdDataConverte.fl64 = *(float64*)pData->pSrc; | sTcmdDataConverte.fl64 = Fabsx (sTcmdDataConverte.fl64 / NZ(pData->eq, | FLT64_ZERO)); | *pDst = DBL_TO_UN08(sTcmdDataConverte.fl64); | tmpGlobalByteIndex = 1; | break;
  n25 [case] case DBL_TO_SI32_ID:
  n26 [terminal] sTcmdDataConverte.fl64 = *(float64*)pData->pSrc; | sTcmdDataConverte.fl64 = sTcmdDataConverte.fl64 / NZ(pData->eq, FLT64_ZERO); | sTcmdDataConverte.ui32 = (unint32)DBL_TO_SI32(sTcmdDataConverte.fl64); | pDst[0] = UI32_HIHI8(sTcmdDataConverte.ui32); | pDst[1] = UI32_HILO8(sTcmdDataConverte.ui32); | pDst[2] = UI32_LOHI8(sTcmdDataConverte.ui32); | pDst[3] = UI32_LOLO8(sTcmdDataConverte.ui32); | tmpGlobalByteIndex = 4; | break;
  n27 [case] case DBL_TO_SI24_ID:
  n28 [terminal] sTcmdDataConverte.fl64 = *(float64*)pData->pSrc; | sTcmdDataConverte.fl64 = sTcmdDataConverte.fl64 / NZ(pData->eq, FLT64_ZERO); | sTcmdDataConverte.ui32 = (unint32)DBL_TO_SI32(sTcmdDataConverte.fl64); | pDst[0] = UI32_HILO8(sTcmdDataConverte.ui32); | pDst[1] = UI32_LOHI8(sTcmdDataConverte.ui32); | pDst[2] = UI32_LOLO8(sTcmdDataConverte.ui32); | tmpGlobalByteIndex = 3; | break;
  n29 [case] case DBL_TO_SI16_ID:
  n30 [terminal] sTcmdDataConverte.fl64 = *(float64*)pData->pSrc; | sTcmdDataConverte.fl64 = sTcmdDataConverte.fl64 / NZ(pData->eq, FLT64_ZERO); | sTcmdDataConverte.ui16 = (unint16)DBL_TO_SI16(sTcmdDataConverte.fl64); | pDst[0] = UI32_LOHI8(sTcmdDataConverte.ui16); | pDst[1] = UI32_LOLO8(sTcmdDataConverte.ui16); | tmpGlobalByteIndex = 2; | break;
  n31 [case] case DBL_TO_SI08_ID:
  n32 [terminal] sTcmdDataConverte.fl64 = *(float64*)pData->pSrc; | sTcmdDataConverte.fl64 = sTcmdDataConverte.fl64 / NZ(pData->eq, FLT64_ZERO); | *pDst = (unint08)DBL_TO_SI08(sTcmdDataConverte.fl64); | tmpGlobalByteIndex = 1; | break;
  n33 [case] case DBL_TO_FLT_ID:
  n34 [terminal] sTcmdDataConverte.fl64 = *(float64*)pData->pSrc; | sTcmdDataConverte.fl64 = sTcmdDataConverte.fl64 / NZ(pData->eq, FLT64_ZERO); | sTcmdDataConverte.fl32 = (float32)(sTcmdDataConverte.fl64); | sTcmdDataConverte.ui32 = FLT32_TO_MEM(&sTcmdDataConverte.fl32); | pDst[0] = UI32_HIHI8(sTcmdDataConverte.ui32); | pDst[1] = UI32_HILO8(sTcmdDataConverte.ui32); | pDst[2] = UI32_LOHI8(sTcmdDataConverte.ui32); | pDst[3] = UI32_LOLO8(sTcmdDataConverte.ui32); | tmpGlobalByteIndex = 4; | break;
  n35 [case] case DBL_TO_HAF_ID:
  n36 [terminal] sTcmdDataConverte.fl64 = *(float64*)pData->pSrc; | sTcmdDataConverte.fl64 = sTcmdDataConverte.fl64 / NZ(pData->eq, FLT64_ZERO); | sTcmdDataConverte.fl32 = (float32)(sTcmdDataConverte.fl64); | sTcmdDataConverte.ui32 = FLT32_TO_MEM(&sTcmdDataConverte.fl32); | pDst[0] = UI32_HIHI8(sTcmdDataConverte.ui32); | pDst[1] = UI32_HILO8(sTcmdDataConverte.ui32); | tmpGlobalByteIndex = 2; | break;
  n37 [case] case UN32_TO_SI08_ID:
  n38 [terminal] sTcmdDataConverte.ui32 = *(unint32*)pData->pSrc; | *pDst = UI32_LOLO8(sTcmdDataConverte.ui32); | tmpGlobalByteIndex = 1; | break;
  n39 [case] case UN32_TO_SI16_ID:
  n40 [terminal] sTcmdDataConverte.ui32 = *(unint32*)pData->pSrc; | sTcmdDataConverte.ui32 = DBL_TO_UN32((float64)(sTcmdDataConverte.ui32) / | NZ(pData->eq, FLT64_ZERO)); | pDst[0] = UI32_LOHI8(sTcmdDataConverte.ui32); | pDst[1] = UI32_LOLO8(sTcmdDataConverte.ui32); | tmpGlobalByteIndex = 2; | break;
  n41 [case] case UN32_TO_UN08_ID:
  n42 [terminal] sTcmdDataConverte.ui32 = *(unint32*)pData->pSrc; | sTcmdDataConverte.ui32 = DBL_TO_UN32((float64)(sTcmdDataConverte.ui32) / | NZ(pData->eq, FLT64_ZERO)); | pDst[0] = UI32_LOLO8(sTcmdDataConverte.ui32); | tmpGlobalByteIndex = 1; | break;
  n43 [case] case MEMRY_COPY:
  n44 [terminal] Memcpyx(pDst, (unint08*)pData->pSrc, DBL_TO_UN32(pData->eq)); | tmpGlobalByteIndex = DBL_TO_UN32(pData->eq); | break;
  n45 [case] default:
  n46 [terminal] break;
  n47 [if] if (*firstTime == TRUE32)
  n48 [basic] sPackShift.byteIndex = sPackShift.byteIndex + tmpGlobalByteIndex; | ASSERT(sPackShift.byteIndex <= lengthofAddress);
  n49 [terminal] return;
png: /work/output/AutoPackByte.png
