# No-Compile Static Analysis Log

Root: /home/hp/文档/output/CE7-FYQ-src_flat_out/CoastingDynamic/IP_CoastingDynamic.c
Files: 1
Functions: 1
Call edges: 5
Field accesses: 0
Unresolved calls: 2
Missing local includes: 0
Function invariants: 5
Project invariants: 0

## Missing Local Includes
- none

## Duplicate Function Definitions
- none

## Unresolved Calls
- LG: CoastingDynamic@IP_CoastingDynamic.c:14
- VectorEval3: CoastingDynamic@IP_CoastingDynamic.c:12, CoastingDynamic@IP_CoastingDynamic.c:13, CoastingDynamic@IP_CoastingDynamic.c:15, CoastingDynamic@IP_CoastingDynamic.c:16

## Call Graph
- CoastingDynamic -> LG?, VectorEval3? x4

## State Transitions
- none

## Field Access Summary

## Project Invariants
- none

## Function Details
### CoastingDynamic (IP_CoastingDynamic.c:7)
- params: float64 *pOutX, float64 *x
- locals: tmpg, tmpr, tmpv
- calls: VectorEval3, VectorEval3, LG, VectorEval3, VectorEval3
- undefined_calls: LG, VectorEval3
- reads: none
- writes: none
- summary.ensures_observed:
  - pOutX in [-1.79769e+308, 1.79769e+308]
  - tmpg in [-1.79769e+308, 1.79769e+308]
  - tmpr in [-1.79769e+308, 1.79769e+308]
  - tmpv in [-1.79769e+308, 1.79769e+308]
  - x in [-1.79769e+308, 1.79769e+308]
- invariants:
  - [value_range/medium] pOutX in [-1.79769e+308, 1.79769e+308] (type float64)
  - [value_range/medium] tmpg in [-1.79769e+308, 1.79769e+308] (decl float64@10)
  - [value_range/medium] tmpr in [-1.79769e+308, 1.79769e+308] (decl float64@8)
  - [value_range/medium] tmpv in [-1.79769e+308, 1.79769e+308] (decl float64@9)
  - [value_range/medium] x in [-1.79769e+308, 1.79769e+308] (type float64)
- value_ranges:
  - pOutX: [-1.79769e+308, 1.79769e+308] (type float64)
  - tmpg: [-1.79769e+308, 1.79769e+308] (decl float64@10)
  - tmpr: [-1.79769e+308, 1.79769e+308] (decl float64@8)
  - tmpv: [-1.79769e+308, 1.79769e+308] (decl float64@9)
  - x: [-1.79769e+308, 1.79769e+308] (type float64)

## JSON
{
  "root": "/home/hp/文档/output/CE7-FYQ-src_flat_out/CoastingDynamic/IP_CoastingDynamic.c",
  "files": [
    {
      "file": "/home/hp/文档/output/CE7-FYQ-src_flat_out/CoastingDynamic/IP_CoastingDynamic.c",
      "lines": 20,
      "includes": [
        {
          "name": "IP_CoastingDynamic.h",
          "kind": "local",
          "line": 1,
          "resolved": "/home/hp/文档/output/CE7-FYQ-src_flat_out/CoastingDynamic/IP_CoastingDynamic.h"
        }
      ],
      "macros": [],
      "typedefs": [],
      "globals": [],
      "functions": [
        {
          "name": "CoastingDynamic",
          "line": 7,
          "params": [
            "float64 *pOutX",
            "float64 *x"
          ]
        }
      ]
    }
  ],
  "summary": {
    "file_count": 1,
    "function_count": 1,
    "defined_function_count": 1,
    "declared_function_count": 0,
    "macro_count": 0,
    "typedef_count": 0,
    "global_count": 0,
    "call_edge_count": 5,
    "unresolved_call_count": 2,
    "field_access_count": 0,
    "missing_local_include_count": 0,
    "function_invariant_count": 5,
    "project_invariant_count": 0
  },
  "symbols": {
    "defined_functions": {
      "CoastingDynamic": [
        {
          "file": "/home/hp/文档/output/CE7-FYQ-src_flat_out/CoastingDynamic/IP_CoastingDynamic.c",
          "line": 7
        }
      ]
    },
    "declared_functions": {},
    "macros": {},
    "typedefs": {},
    "enum_constants": [],
    "globals": {},
    "struct_fields": {},
    "duplicate_functions": {}
  },
  "functions": [
    {
      "file": "/home/hp/文档/output/CE7-FYQ-src_flat_out/CoastingDynamic/IP_CoastingDynamic.c",
      "name": "CoastingDynamic",
      "line": 7,
      "return_type": "void",
      "params": [
        "float64 *pOutX",
        "float64 *x"
      ],
      "locals": [
        "tmpg",
        "tmpr",
        "tmpv"
      ],
      "calls": [
        {
          "name": "VectorEval3",
          "line": 12,
          "kind": "function",
          "resolved": false
        },
        {
          "name": "VectorEval3",
          "line": 13,
          "kind": "function",
          "resolved": false
        },
        {
          "name": "LG",
          "line": 14,
          "kind": "function",
          "resolved": false
        },
        {
          "name": "VectorEval3",
          "line": 15,
          "kind": "function",
          "resolved": false
        },
        {
          "name": "VectorEval3",
          "line": 16,
          "kind": "function",
          "resolved": false
        }
      ],
      "assignments": [],
      "conditions": [],
      "switch_cases": [],
      "field_accesses": [],
      "returns": [
        {
          "line": 18,
          "expression": "",
          "identifiers": []
        }
      ],
      "macro_uses": [],
      "type_uses": [],
      "value_ranges": [
        {
          "symbol": "pOutX",
          "range": "[-1.79769e+308, 1.79769e+308]",
          "min": -1.7976931348623157e+308,
          "max": 1.7976931348623157e+308,
          "evidence": [
            "type float64"
          ]
        },
        {
          "symbol": "tmpg",
          "range": "[-1.79769e+308, 1.79769e+308]",
          "min": -1.7976931348623157e+308,
          "max": 1.7976931348623157e+308,
          "evidence": [
            "decl float64@10"
          ]
        },
        {
          "symbol": "tmpr",
          "range": "[-1.79769e+308, 1.79769e+308]",
          "min": -1.7976931348623157e+308,
          "max": 1.7976931348623157e+308,
          "evidence": [
            "decl float64@8"
          ]
        },
        {
          "symbol": "tmpv",
          "range": "[-1.79769e+308, 1.79769e+308]",
          "min": -1.7976931348623157e+308,
          "max": 1.7976931348623157e+308,
          "evidence": [
            "decl float64@9"
          ]
        },
        {
          "symbol": "x",
          "range": "[-1.79769e+308, 1.79769e+308]",
          "min": -1.7976931348623157e+308,
          "max": 1.7976931348623157e+308,
          "evidence": [
            "type float64"
          ]
        }
      ],
      "condition_ranges": [],
      "reads": [],
      "writes": [],
      "global_reads": [],
      "global_writes": [],
      "input_fields": [],
      "output_fields": [],
      "undefined_calls": [
        "LG",
        "VectorEval3"
      ],
      "invariants": [
        {
          "kind": "value_range",
          "text": "pOutX in [-1.79769e+308, 1.79769e+308]",
          "confidence": "medium",
          "evidence": "type float64",
          "symbol": "pOutX",
          "min": -1.7976931348623157e+308,
          "max": 1.7976931348623157e+308
        },
        {
          "kind": "value_range",
          "text": "tmpg in [-1.79769e+308, 1.79769e+308]",
          "confidence": "medium",
          "evidence": "decl float64@10",
          "symbol": "tmpg",
          "min": -1.7976931348623157e+308,
          "max": 1.7976931348623157e+308
        },
        {
          "kind": "value_range",
          "text": "tmpr in [-1.79769e+308, 1.79769e+308]",
          "confidence": "medium",
          "evidence": "decl float64@8",
          "symbol": "tmpr",
          "min": -1.7976931348623157e+308,
          "max": 1.7976931348623157e+308
        },
        {
          "kind": "value_range",
          "text": "tmpv in [-1.79769e+308, 1.79769e+308]",
          "confidence": "medium",
          "evidence": "decl float64@9",
          "symbol": "tmpv",
          "min": -1.7976931348623157e+308,
          "max": 1.7976931348623157e+308
        },
        {
          "kind": "value_range",
          "text": "x in [-1.79769e+308, 1.79769e+308]",
          "confidence": "medium",
          "evidence": "type float64",
          "symbol": "x",
          "min": -1.7976931348623157e+308,
          "max": 1.7976931348623157e+308
        }
      ],
      "summary": {
        "requires_observed": [],
        "modifies": [],
        "ensures_observed": [
          "pOutX in [-1.79769e+308, 1.79769e+308]",
          "tmpg in [-1.79769e+308, 1.79769e+308]",
          "tmpr in [-1.79769e+308, 1.79769e+308]",
          "tmpv in [-1.79769e+308, 1.79769e+308]",
          "x in [-1.79769e+308, 1.79769e+308]"
        ],
        "calls": [
          "VectorEval3",
          "VectorEval3",
          "LG",
          "VectorEval3",
          "VectorEval3"
        ],
        "undefined_calls": [
          "LG",
          "VectorEval3"
        ]
      }
    }
  ],
  "relations": {
    "call_graph": [
      {
        "caller": "CoastingDynamic",
        "callee": "VectorEval3",
        "file": "/home/hp/文档/output/CE7-FYQ-src_flat_out/CoastingDynamic/IP_CoastingDynamic.c",
        "line": 12,
        "kind": "function",
        "resolved": false
      },
      {
        "caller": "CoastingDynamic",
        "callee": "VectorEval3",
        "file": "/home/hp/文档/output/CE7-FYQ-src_flat_out/CoastingDynamic/IP_CoastingDynamic.c",
        "line": 13,
        "kind": "function",
        "resolved": false
      },
      {
        "caller": "CoastingDynamic",
        "callee": "LG",
        "file": "/home/hp/文档/output/CE7-FYQ-src_flat_out/CoastingDynamic/IP_CoastingDynamic.c",
        "line": 14,
        "kind": "function",
        "resolved": false
      },
      {
        "caller": "CoastingDynamic",
        "callee": "VectorEval3",
        "file": "/home/hp/文档/output/CE7-FYQ-src_flat_out/CoastingDynamic/IP_CoastingDynamic.c",
        "line": 15,
        "kind": "function",
        "resolved": false
      },
      {
        "caller": "CoastingDynamic",
        "callee": "VectorEval3",
        "file": "/home/hp/文档/output/CE7-FYQ-src_flat_out/CoastingDynamic/IP_CoastingDynamic.c",
        "line": 16,
        "kind": "function",
        "resolved": false
      }
    ],
    "field_accesses": [],
    "state_transitions": [],
    "missing_local_includes": [],
    "unresolved_calls": {
      "LG": [
        {
          "caller": "CoastingDynamic",
          "file": "/home/hp/文档/output/CE7-FYQ-src_flat_out/CoastingDynamic/IP_CoastingDynamic.c",
          "line": 14
        }
      ],
      "VectorEval3": [
        {
          "caller": "CoastingDynamic",
          "file": "/home/hp/文档/output/CE7-FYQ-src_flat_out/CoastingDynamic/IP_CoastingDynamic.c",
          "line": 12
        },
        {
          "caller": "CoastingDynamic",
          "file": "/home/hp/文档/output/CE7-FYQ-src_flat_out/CoastingDynamic/IP_CoastingDynamic.c",
          "line": 13
        },
        {
          "caller": "CoastingDynamic",
          "file": "/home/hp/文档/output/CE7-FYQ-src_flat_out/CoastingDynamic/IP_CoastingDynamic.c",
          "line": 15
        },
        {
          "caller": "CoastingDynamic",
          "file": "/home/hp/文档/output/CE7-FYQ-src_flat_out/CoastingDynamic/IP_CoastingDynamic.c",
          "line": 16
        }
      ]
    }
  },
  "invariants": {
    "project": []
  }
}
