Program: `/tmp/qcp-null-macro-5zturhsq/xizi_circular_area_release.c`
Start to parse strategies file common
File Path: builtin/common.strategies
Finish parsing strategies file common
Start to parse strategies file string_literal
File Path: builtin/string_literal.strategies
Finish parsing strategies file string_literal
Start to parse function declaration of function x_free
Start to parse strategies file uchar_array
File Path: builtin/uchar_array.strategies
Finish parsing strategies file uchar_array
Start to parse strategies file undef_uchar_array
File Path: builtin/undef_uchar_array.strategies
Finish parsing strategies file undef_uchar_array
Start to parse strategies file mixed_uchar_array
File Path: builtin/mixed_uchar_array.strategies
Finish parsing strategies file mixed_uchar_array
Start to parse strategies file uchar_array_shape
File Path: builtin/uchar_array_shape.strategies
Finish parsing strategies file uchar_array_shape
Start to parse function declaration of function x_free
Function `CircularAreaRelease`
End of function `CircularAreaRelease`
Successfully finished symbolic execution
