===== source2fsm batch debug =====
name: CruInit
source: IP_CruInit.c
source directory: /home/hp/文档/output/CE7-FYQ-src_flat_out/CruInit
output directory: /home/hp/文档/output/CE7-FYQ-src_flat_out/CruInit
copied input .c files:
  IP_CruInit.c
===== docker output =====
source-only mode: /work/input/IP_CruInit.c
source-only cfg
function "CruInit" found
nodes: 8
edges: 8
dot: /work/output/.CruInit.dot
cfg nodes:
  n0 [basic] sCrucialSave.cycleSave = 0x00; | sCrucialSave.firstTime = TRUE32; | sCrucialSave.firstTime3To2 = TRUE32; | sCrucialRest.cycleRestore = 0x00; | sCrucialRest.rcvedFlg = 0x00;
  n1 [if] if (bCruRestore == TRUE32)
  n2 [basic] sCrucialRest.flgCruStage = CRU_RESTORE_STAGE_SERV_REQ;
  n3 [basic] sCrucialRest.flgCruStage = CRU_RESTORE_STAGE_NULL;
  n4 [terminal] sCrucialRest.flgCruResult = CRU_RESTORE_RESULT_NULL; | sCrucialRest.bRecvedTime = FALSE32; | sSmuServReq.cntSerSetGap = 100; | return;
png: /work/output/CruInit.png
