# No-Compile Static Analysis Log

Root: /home/hp/文档/output/CE7-FYQ-src_flat_out/CruInit/IP_CruInit.c
Files: 1
Functions: 1
Call edges: 0
Field accesses: 10
Unresolved calls: 0
Missing local includes: 0
Function invariants: 29
Project invariants: 9

## Missing Local Includes
- none

## Duplicate Function Definitions
- none

## Unresolved Calls
- none

## Call Graph

## State Transitions
- none

## Field Access Summary
- sCrucialRest.bRecvedTime: read=0 write=1 read_write=0 functions=CruInit
- sCrucialRest.cycleRestore: read=0 write=1 read_write=0 functions=CruInit
- sCrucialRest.flgCruResult: read=0 write=1 read_write=0 functions=CruInit
- sCrucialRest.flgCruStage: read=0 write=2 read_write=0 functions=CruInit
- sCrucialRest.rcvedFlg: read=0 write=1 read_write=0 functions=CruInit
- sCrucialSave.cycleSave: read=0 write=1 read_write=0 functions=CruInit
- sCrucialSave.firstTime: read=0 write=1 read_write=0 functions=CruInit
- sCrucialSave.firstTime3To2: read=0 write=1 read_write=0 functions=CruInit
- sSmuServReq.cntSerSetGap: read=0 write=1 read_write=0 functions=CruInit

## Project Invariants
- [project_output_field/medium] sCrucialRest.bRecvedTime is only written by CruInit (field summary)
- [project_output_field/medium] sCrucialRest.cycleRestore is only written by CruInit (field summary)
- [project_output_field/medium] sCrucialRest.flgCruResult is only written by CruInit (field summary)
- [project_output_field/medium] sCrucialRest.flgCruStage is only written by CruInit (field summary)
- [project_output_field/medium] sCrucialRest.rcvedFlg is only written by CruInit (field summary)
- [project_output_field/medium] sCrucialSave.cycleSave is only written by CruInit (field summary)
- [project_output_field/medium] sCrucialSave.firstTime is only written by CruInit (field summary)
- [project_output_field/medium] sCrucialSave.firstTime3To2 is only written by CruInit (field summary)
- [project_output_field/medium] sSmuServReq.cntSerSetGap is only written by CruInit (field summary)

## Function Details
### CruInit (IP_CruInit.c:7)
- params: boolu32 bCruRestore
- locals: none
- calls: none
- undefined_calls: none
- reads: CRU_RESTORE_RESULT_NULL, CRU_RESTORE_STAGE_NULL, CRU_RESTORE_STAGE_SERV_REQ, FALSE32, TRUE32
- writes: sCrucialRest, sCrucialSave, sSmuServReq
- summary.modifies: sCrucialRest.bRecvedTime, sCrucialRest.cycleRestore, sCrucialRest.flgCruResult, sCrucialRest.flgCruStage, sCrucialRest.rcvedFlg, sCrucialSave.cycleSave, sCrucialSave.firstTime, sCrucialSave.firstTime3To2, sSmuServReq.cntSerSetGap
- summary.ensures_observed:
  - sCrucialRest.bRecvedTime in [0, 0]
  - sCrucialRest.cycleRestore in [0, 0]
  - sCrucialRest.rcvedFlg in [0, 0]
  - sCrucialSave.cycleSave in [0, 0]
  - sCrucialSave.firstTime in [1, 4294967295]
  - sCrucialSave.firstTime3To2 in [1, 4294967295]
  - sSmuServReq.cntSerSetGap in [100, 100]
  - sCrucialSave.cycleSave is reset to 0
  - sCrucialRest.cycleRestore is reset to 0
  - sCrucialRest.rcvedFlg is reset to 0
  - sCrucialRest.flgCruStage assigned values are subset of {CRU_RESTORE_STAGE_NULL, CRU_RESTORE_STAGE_SERV_REQ}
  - bCruRestore observed states subset of {TRUE32}
  - sCrucialRest.bRecvedTime observed states subset of {FALSE32}
  - sCrucialRest.flgCruResult observed states subset of {CRU_RESTORE_RESULT_NULL}
  - sCrucialRest.flgCruStage observed states subset of {CRU_RESTORE_STAGE_NULL, CRU_RESTORE_STAGE_SERV_REQ}
- invariants:
  - [value_range/medium] sCrucialRest.bRecvedTime in [0, 0] (macro FALSE32@35)
  - [value_range/medium] sCrucialRest.cycleRestore in [0, 0] (literal@16)
  - [value_range/medium] sCrucialRest.rcvedFlg in [0, 0] (literal@19)
  - [value_range/medium] sCrucialSave.cycleSave in [0, 0] (literal@9)
  - [value_range/medium] sCrucialSave.firstTime in [1, 4294967295] (macro TRUE32@12)
  - [value_range/medium] sCrucialSave.firstTime3To2 in [1, 4294967295] (macro TRUE32@13)
  - [value_range/medium] sSmuServReq.cntSerSetGap in [100, 100] (literal@38)
  - [condition_range/high]@22 bCruRestore in [1, 4294967295] when bCruRestore == TRUE32 (bCruRestore == TRUE32)
  - [branch_condition/high]@22 inside if branch: bCruRestore == TRUE32 (bCruRestore == TRUE32)
  - [assignment_value/high]@9 sCrucialSave.cycleSave may be assigned 0x00 (sCrucialSave.cycleSave = 0x00)
  - [reset/high]@9 sCrucialSave.cycleSave is reset to 0 (sCrucialSave.cycleSave = 0x00)
  - [assignment_value/high]@12 sCrucialSave.firstTime may be assigned TRUE32 (sCrucialSave.firstTime = TRUE32)
  - [assignment_value/high]@13 sCrucialSave.firstTime3To2 may be assigned TRUE32 (sCrucialSave.firstTime3To2 = TRUE32)
  - [assignment_value/high]@16 sCrucialRest.cycleRestore may be assigned 0x00 (sCrucialRest.cycleRestore = 0x00)
  - [reset/high]@16 sCrucialRest.cycleRestore is reset to 0 (sCrucialRest.cycleRestore = 0x00)
  - [assignment_value/high]@19 sCrucialRest.rcvedFlg may be assigned 0x00 (sCrucialRest.rcvedFlg = 0x00)
  - [reset/high]@19 sCrucialRest.rcvedFlg is reset to 0 (sCrucialRest.rcvedFlg = 0x00)
  - [assignment_value/high]@24 sCrucialRest.flgCruStage may be assigned CRU_RESTORE_STAGE_SERV_REQ (sCrucialRest.flgCruStage = CRU_RESTORE_STAGE_SERV_REQ)
  - [assignment_value/high]@28 sCrucialRest.flgCruStage may be assigned CRU_RESTORE_STAGE_NULL (sCrucialRest.flgCruStage = CRU_RESTORE_STAGE_NULL)
  - [assignment_value/high]@32 sCrucialRest.flgCruResult may be assigned CRU_RESTORE_RESULT_NULL (sCrucialRest.flgCruResult = CRU_RESTORE_RESULT_NULL)
  - [assignment_value/high]@35 sCrucialRest.bRecvedTime may be assigned FALSE32 (sCrucialRest.bRecvedTime = FALSE32)
  - [assignment_value/high]@38 sSmuServReq.cntSerSetGap may be assigned 100 (sSmuServReq.cntSerSetGap = 100)
  - [assigned_value_set/medium] sCrucialRest.flgCruStage assigned values are subset of {CRU_RESTORE_STAGE_NULL, CRU_RESTORE_STAGE_SERV_REQ} (literal/macro assignments)
  - [state_value_set/medium] bCruRestore observed states subset of {TRUE32} (state assignments/tests)
  - [state_value_set/medium] sCrucialRest.bRecvedTime observed states subset of {FALSE32} (state assignments/tests)
  - [state_value_set/medium] sCrucialRest.flgCruResult observed states subset of {CRU_RESTORE_RESULT_NULL} (state assignments/tests)
  - [state_value_set/medium] sCrucialRest.flgCruStage observed states subset of {CRU_RESTORE_STAGE_NULL, CRU_RESTORE_STAGE_SERV_REQ} (state assignments/tests)
  - [modifies_fields/high] function may modify fields: sCrucialRest.bRecvedTime, sCrucialRest.cycleRestore, sCrucialRest.flgCruResult, sCrucialRest.flgCruStage, sCrucialRest.rcvedFlg, sCrucialSave.cycleSave, sCrucialSave.firstTime, sCrucialSave.firstTime3To2, sSmuServReq.cntSerSetGap (field writes)
  - [modifies_symbols/medium] function may assign symbols: sCrucialRest.bRecvedTime, sCrucialRest.cycleRestore, sCrucialRest.flgCruResult, sCrucialRest.flgCruStage, sCrucialRest.rcvedFlg, sCrucialSave.cycleSave, sCrucialSave.firstTime, sCrucialSave.firstTime3To2, sSmuServReq.cntSerSetGap (assignments)
- value_ranges:
  - sCrucialRest.bRecvedTime: [0, 0] (macro FALSE32@35)
  - sCrucialRest.cycleRestore: [0, 0] (literal@16)
  - sCrucialRest.rcvedFlg: [0, 0] (literal@19)
  - sCrucialSave.cycleSave: [0, 0] (literal@9)
  - sCrucialSave.firstTime: [1, 4294967295] (macro TRUE32@12)
  - sCrucialSave.firstTime3To2: [1, 4294967295] (macro TRUE32@13)
  - sSmuServReq.cntSerSetGap: [100, 100] (literal@38)
- condition_ranges:
  - bCruRestore: [1, 4294967295] when bCruRestore == TRUE32@22
- conditions:
  - if@22: bCruRestore == TRUE32
- assignments:
  - 9: sCrucialSave.cycleSave = <literal/unknown>
  - 12: sCrucialSave.firstTime = TRUE32
  - 13: sCrucialSave.firstTime3To2 = TRUE32
  - 16: sCrucialRest.cycleRestore = <literal/unknown>
  - 19: sCrucialRest.rcvedFlg = <literal/unknown>
  - 24: sCrucialRest.flgCruStage = CRU_RESTORE_STAGE_SERV_REQ
  - 28: sCrucialRest.flgCruStage = CRU_RESTORE_STAGE_NULL
  - 32: sCrucialRest.flgCruResult = CRU_RESTORE_RESULT_NULL
  - 35: sCrucialRest.bRecvedTime = FALSE32
  - 38: sSmuServReq.cntSerSetGap = <literal/unknown>

## JSON
{
  "root": "/home/hp/文档/output/CE7-FYQ-src_flat_out/CruInit/IP_CruInit.c",
  "files": [
    {
      "file": "/home/hp/文档/output/CE7-FYQ-src_flat_out/CruInit/IP_CruInit.c",
      "lines": 42,
      "includes": [
        {
          "name": "IP_CruInit.h",
          "kind": "local",
          "line": 1,
          "resolved": "/home/hp/文档/output/CE7-FYQ-src_flat_out/CruInit/IP_CruInit.h"
        }
      ],
      "macros": [],
      "typedefs": [],
      "globals": [],
      "functions": [
        {
          "name": "CruInit",
          "line": 7,
          "params": [
            "boolu32 bCruRestore"
          ]
        }
      ]
    }
  ],
  "summary": {
    "file_count": 1,
    "function_count": 1,
    "defined_function_count": 1,
    "declared_function_count": 0,
    "macro_count": 0,
    "typedef_count": 0,
    "global_count": 0,
    "call_edge_count": 0,
    "unresolved_call_count": 0,
    "field_access_count": 10,
    "missing_local_include_count": 0,
    "function_invariant_count": 29,
    "project_invariant_count": 9
  },
  "symbols": {
    "defined_functions": {
      "CruInit": [
        {
          "file": "/home/hp/文档/output/CE7-FYQ-src_flat_out/CruInit/IP_CruInit.c",
          "line": 7
        }
      ]
    },
    "declared_functions": {},
    "macros": {},
    "typedefs": {},
    "enum_constants": [],
    "globals": {},
    "struct_fields": {},
    "duplicate_functions": {}
  },
  "functions": [
    {
      "file": "/home/hp/文档/output/CE7-FYQ-src_flat_out/CruInit/IP_CruInit.c",
      "name": "CruInit",
      "line": 7,
      "return_type": "void",
      "params": [
        "boolu32 bCruRestore"
      ],
      "locals": [],
      "calls": [],
      "assignments": [
        {
          "line": 9,
          "lhs": "sCrucialSave.cycleSave",
          "operator": "=",
          "rhs": "0x00",
          "rhs_identifiers": []
        },
        {
          "line": 12,
          "lhs": "sCrucialSave.firstTime",
          "operator": "=",
          "rhs": "TRUE32",
          "rhs_identifiers": [
            "TRUE32"
          ]
        },
        {
          "line": 13,
          "lhs": "sCrucialSave.firstTime3To2",
          "operator": "=",
          "rhs": "TRUE32",
          "rhs_identifiers": [
            "TRUE32"
          ]
        },
        {
          "line": 16,
          "lhs": "sCrucialRest.cycleRestore",
          "operator": "=",
          "rhs": "0x00",
          "rhs_identifiers": []
        },
        {
          "line": 19,
          "lhs": "sCrucialRest.rcvedFlg",
          "operator": "=",
          "rhs": "0x00",
          "rhs_identifiers": []
        },
        {
          "line": 24,
          "lhs": "sCrucialRest.flgCruStage",
          "operator": "=",
          "rhs": "CRU_RESTORE_STAGE_SERV_REQ",
          "rhs_identifiers": [
            "CRU_RESTORE_STAGE_SERV_REQ"
          ]
        },
        {
          "line": 28,
          "lhs": "sCrucialRest.flgCruStage",
          "operator": "=",
          "rhs": "CRU_RESTORE_STAGE_NULL",
          "rhs_identifiers": [
            "CRU_RESTORE_STAGE_NULL"
          ]
        },
        {
          "line": 32,
          "lhs": "sCrucialRest.flgCruResult",
          "operator": "=",
          "rhs": "CRU_RESTORE_RESULT_NULL",
          "rhs_identifiers": [
            "CRU_RESTORE_RESULT_NULL"
          ]
        },
        {
          "line": 35,
          "lhs": "sCrucialRest.bRecvedTime",
          "operator": "=",
          "rhs": "FALSE32",
          "rhs_identifiers": [
            "FALSE32"
          ]
        },
        {
          "line": 38,
          "lhs": "sSmuServReq.cntSerSetGap",
          "operator": "=",
          "rhs": "100",
          "rhs_identifiers": []
        }
      ],
      "conditions": [
        {
          "line": 22,
          "kind": "if",
          "expression": "bCruRestore == TRUE32",
          "identifiers": [
            "TRUE32",
            "bCruRestore"
          ]
        }
      ],
      "switch_cases": [],
      "field_accesses": [
        {
          "line": 9,
          "object": "sCrucialSave",
          "operator": ".",
          "field": "cycleSave",
          "access": "write",
          "name": "sCrucialSave.cycleSave"
        },
        {
          "line": 12,
          "object": "sCrucialSave",
          "operator": ".",
          "field": "firstTime",
          "access": "write",
          "name": "sCrucialSave.firstTime"
        },
        {
          "line": 13,
          "object": "sCrucialSave",
          "operator": ".",
          "field": "firstTime3To2",
          "access": "write",
          "name": "sCrucialSave.firstTime3To2"
        },
        {
          "line": 16,
          "object": "sCrucialRest",
          "operator": ".",
          "field": "cycleRestore",
          "access": "write",
          "name": "sCrucialRest.cycleRestore"
        },
        {
          "line": 19,
          "object": "sCrucialRest",
          "operator": ".",
          "field": "rcvedFlg",
          "access": "write",
          "name": "sCrucialRest.rcvedFlg"
        },
        {
          "line": 24,
          "object": "sCrucialRest",
          "operator": ".",
          "field": "flgCruStage",
          "access": "write",
          "name": "sCrucialRest.flgCruStage"
        },
        {
          "line": 28,
          "object": "sCrucialRest",
          "operator": ".",
          "field": "flgCruStage",
          "access": "write",
          "name": "sCrucialRest.flgCruStage"
        },
        {
          "line": 32,
          "object": "sCrucialRest",
          "operator": ".",
          "field": "flgCruResult",
          "access": "write",
          "name": "sCrucialRest.flgCruResult"
        },
        {
          "line": 35,
          "object": "sCrucialRest",
          "operator": ".",
          "field": "bRecvedTime",
          "access": "write",
          "name": "sCrucialRest.bRecvedTime"
        },
        {
          "line": 38,
          "object": "sSmuServReq",
          "operator": ".",
          "field": "cntSerSetGap",
          "access": "write",
          "name": "sSmuServReq.cntSerSetGap"
        }
      ],
      "returns": [
        {
          "line": 40,
          "expression": "",
          "identifiers": []
        }
      ],
      "macro_uses": [
        {
          "name": "CRU_RESTORE_RESULT_NULL",
          "line": 32,
          "known": false
        },
        {
          "name": "CRU_RESTORE_STAGE_NULL",
          "line": 28,
          "known": false
        },
        {
          "name": "CRU_RESTORE_STAGE_SERV_REQ",
          "line": 24,
          "known": false
        },
        {
          "name": "FALSE32",
          "line": 35,
          "known": false
        },
        {
          "name": "TRUE32",
          "line": 12,
          "known": false
        },
        {
          "name": "TRUE32",
          "line": 13,
          "known": false
        },
        {
          "name": "TRUE32",
          "line": 22,
          "known": false
        }
      ],
      "type_uses": [],
      "value_ranges": [
        {
          "symbol": "sCrucialRest.bRecvedTime",
          "range": "[0, 0]",
          "min": 0.0,
          "max": 0.0,
          "evidence": [
            "macro FALSE32@35"
          ]
        },
        {
          "symbol": "sCrucialRest.cycleRestore",
          "range": "[0, 0]",
          "min": 0.0,
          "max": 0.0,
          "evidence": [
            "literal@16"
          ]
        },
        {
          "symbol": "sCrucialRest.rcvedFlg",
          "range": "[0, 0]",
          "min": 0.0,
          "max": 0.0,
          "evidence": [
            "literal@19"
          ]
        },
        {
          "symbol": "sCrucialSave.cycleSave",
          "range": "[0, 0]",
          "min": 0.0,
          "max": 0.0,
          "evidence": [
            "literal@9"
          ]
        },
        {
          "symbol": "sCrucialSave.firstTime",
          "range": "[1, 4294967295]",
          "min": 1.0,
          "max": 4294967295.0,
          "evidence": [
            "macro TRUE32@12"
          ]
        },
        {
          "symbol": "sCrucialSave.firstTime3To2",
          "range": "[1, 4294967295]",
          "min": 1.0,
          "max": 4294967295.0,
          "evidence": [
            "macro TRUE32@13"
          ]
        },
        {
          "symbol": "sSmuServReq.cntSerSetGap",
          "range": "[100, 100]",
          "min": 100.0,
          "max": 100.0,
          "evidence": [
            "literal@38"
          ]
        }
      ],
      "condition_ranges": [
        {
          "symbol": "bCruRestore",
          "range": "[1, 4294967295]",
          "min": 1.0,
          "max": 4294967295.0,
          "line": 22,
          "condition": "bCruRestore == TRUE32"
        }
      ],
      "reads": [
        "CRU_RESTORE_RESULT_NULL",
        "CRU_RESTORE_STAGE_NULL",
        "CRU_RESTORE_STAGE_SERV_REQ",
        "FALSE32",
        "TRUE32"
      ],
      "writes": [
        "sCrucialRest",
        "sCrucialSave",
        "sSmuServReq"
      ],
      "global_reads": [],
      "global_writes": [],
      "input_fields": [],
      "output_fields": [
        "sCrucialRest.bRecvedTime",
        "sCrucialRest.cycleRestore",
        "sCrucialRest.flgCruResult",
        "sCrucialRest.flgCruStage",
        "sCrucialRest.rcvedFlg",
        "sCrucialSave.cycleSave",
        "sCrucialSave.firstTime",
        "sCrucialSave.firstTime3To2",
        "sSmuServReq.cntSerSetGap"
      ],
      "undefined_calls": [],
      "invariants": [
        {
          "kind": "value_range",
          "text": "sCrucialRest.bRecvedTime in [0, 0]",
          "confidence": "medium",
          "evidence": "macro FALSE32@35",
          "symbol": "sCrucialRest.bRecvedTime",
          "min": 0.0,
          "max": 0.0
        },
        {
          "kind": "value_range",
          "text": "sCrucialRest.cycleRestore in [0, 0]",
          "confidence": "medium",
          "evidence": "literal@16",
          "symbol": "sCrucialRest.cycleRestore",
          "min": 0.0,
          "max": 0.0
        },
        {
          "kind": "value_range",
          "text": "sCrucialRest.rcvedFlg in [0, 0]",
          "confidence": "medium",
          "evidence": "literal@19",
          "symbol": "sCrucialRest.rcvedFlg",
          "min": 0.0,
          "max": 0.0
        },
        {
          "kind": "value_range",
          "text": "sCrucialSave.cycleSave in [0, 0]",
          "confidence": "medium",
          "evidence": "literal@9",
          "symbol": "sCrucialSave.cycleSave",
          "min": 0.0,
          "max": 0.0
        },
        {
          "kind": "value_range",
          "text": "sCrucialSave.firstTime in [1, 4294967295]",
          "confidence": "medium",
          "evidence": "macro TRUE32@12",
          "symbol": "sCrucialSave.firstTime",
          "min": 1.0,
          "max": 4294967295.0
        },
        {
          "kind": "value_range",
          "text": "sCrucialSave.firstTime3To2 in [1, 4294967295]",
          "confidence": "medium",
          "evidence": "macro TRUE32@13",
          "symbol": "sCrucialSave.firstTime3To2",
          "min": 1.0,
          "max": 4294967295.0
        },
        {
          "kind": "value_range",
          "text": "sSmuServReq.cntSerSetGap in [100, 100]",
          "confidence": "medium",
          "evidence": "literal@38",
          "symbol": "sSmuServReq.cntSerSetGap",
          "min": 100.0,
          "max": 100.0
        },
        {
          "kind": "condition_range",
          "text": "bCruRestore in [1, 4294967295] when bCruRestore == TRUE32",
          "confidence": "high",
          "line": 22,
          "evidence": "bCruRestore == TRUE32",
          "symbol": "bCruRestore",
          "min": 1.0,
          "max": 4294967295.0
        },
        {
          "kind": "branch_condition",
          "text": "inside if branch: bCruRestore == TRUE32",
          "confidence": "high",
          "line": 22,
          "evidence": "bCruRestore == TRUE32",
          "identifiers": [
            "TRUE32",
            "bCruRestore"
          ]
        },
        {
          "kind": "assignment_value",
          "text": "sCrucialSave.cycleSave may be assigned 0x00",
          "confidence": "high",
          "line": 9,
          "evidence": "sCrucialSave.cycleSave = 0x00",
          "symbol": "sCrucialSave.cycleSave",
          "value": "0x00"
        },
        {
          "kind": "reset",
          "text": "sCrucialSave.cycleSave is reset to 0",
          "confidence": "high",
          "line": 9,
          "evidence": "sCrucialSave.cycleSave = 0x00",
          "symbol": "sCrucialSave.cycleSave"
        },
        {
          "kind": "assignment_value",
          "text": "sCrucialSave.firstTime may be assigned TRUE32",
          "confidence": "high",
          "line": 12,
          "evidence": "sCrucialSave.firstTime = TRUE32",
          "symbol": "sCrucialSave.firstTime",
          "value": "TRUE32"
        },
        {
          "kind": "assignment_value",
          "text": "sCrucialSave.firstTime3To2 may be assigned TRUE32",
          "confidence": "high",
          "line": 13,
          "evidence": "sCrucialSave.firstTime3To2 = TRUE32",
          "symbol": "sCrucialSave.firstTime3To2",
          "value": "TRUE32"
        },
        {
          "kind": "assignment_value",
          "text": "sCrucialRest.cycleRestore may be assigned 0x00",
          "confidence": "high",
          "line": 16,
          "evidence": "sCrucialRest.cycleRestore = 0x00",
          "symbol": "sCrucialRest.cycleRestore",
          "value": "0x00"
        },
        {
          "kind": "reset",
          "text": "sCrucialRest.cycleRestore is reset to 0",
          "confidence": "high",
          "line": 16,
          "evidence": "sCrucialRest.cycleRestore = 0x00",
          "symbol": "sCrucialRest.cycleRestore"
        },
        {
          "kind": "assignment_value",
          "text": "sCrucialRest.rcvedFlg may be assigned 0x00",
          "confidence": "high",
          "line": 19,
          "evidence": "sCrucialRest.rcvedFlg = 0x00",
          "symbol": "sCrucialRest.rcvedFlg",
          "value": "0x00"
        },
        {
          "kind": "reset",
          "text": "sCrucialRest.rcvedFlg is reset to 0",
          "confidence": "high",
          "line": 19,
          "evidence": "sCrucialRest.rcvedFlg = 0x00",
          "symbol": "sCrucialRest.rcvedFlg"
        },
        {
          "kind": "assignment_value",
          "text": "sCrucialRest.flgCruStage may be assigned CRU_RESTORE_STAGE_SERV_REQ",
          "confidence": "high",
          "line": 24,
          "evidence": "sCrucialRest.flgCruStage = CRU_RESTORE_STAGE_SERV_REQ",
          "symbol": "sCrucialRest.flgCruStage",
          "value": "CRU_RESTORE_STAGE_SERV_REQ"
        },
        {
          "kind": "assignment_value",
          "text": "sCrucialRest.flgCruStage may be assigned CRU_RESTORE_STAGE_NULL",
          "confidence": "high",
          "line": 28,
          "evidence": "sCrucialRest.flgCruStage = CRU_RESTORE_STAGE_NULL",
          "symbol": "sCrucialRest.flgCruStage",
          "value": "CRU_RESTORE_STAGE_NULL"
        },
        {
          "kind": "assignment_value",
          "text": "sCrucialRest.flgCruResult may be assigned CRU_RESTORE_RESULT_NULL",
          "confidence": "high",
          "line": 32,
          "evidence": "sCrucialRest.flgCruResult = CRU_RESTORE_RESULT_NULL",
          "symbol": "sCrucialRest.flgCruResult",
          "value": "CRU_RESTORE_RESULT_NULL"
        },
        {
          "kind": "assignment_value",
          "text": "sCrucialRest.bRecvedTime may be assigned FALSE32",
          "confidence": "high",
          "line": 35,
          "evidence": "sCrucialRest.bRecvedTime = FALSE32",
          "symbol": "sCrucialRest.bRecvedTime",
          "value": "FALSE32"
        },
        {
          "kind": "assignment_value",
          "text": "sSmuServReq.cntSerSetGap may be assigned 100",
          "confidence": "high",
          "line": 38,
          "evidence": "sSmuServReq.cntSerSetGap = 100",
          "symbol": "sSmuServReq.cntSerSetGap",
          "value": "100"
        },
        {
          "kind": "assigned_value_set",
          "text": "sCrucialRest.flgCruStage assigned values are subset of {CRU_RESTORE_STAGE_NULL, CRU_RESTORE_STAGE_SERV_REQ}",
          "confidence": "medium",
          "evidence": "literal/macro assignments",
          "symbol": "sCrucialRest.flgCruStage",
          "values": [
            "CRU_RESTORE_STAGE_NULL",
            "CRU_RESTORE_STAGE_SERV_REQ"
          ]
        },
        {
          "kind": "state_value_set",
          "text": "bCruRestore observed states subset of {TRUE32}",
          "confidence": "medium",
          "evidence": "state assignments/tests",
          "symbol": "bCruRestore",
          "values": [
            "TRUE32"
          ]
        },
        {
          "kind": "state_value_set",
          "text": "sCrucialRest.bRecvedTime observed states subset of {FALSE32}",
          "confidence": "medium",
          "evidence": "state assignments/tests",
          "symbol": "sCrucialRest.bRecvedTime",
          "values": [
            "FALSE32"
          ]
        },
        {
          "kind": "state_value_set",
          "text": "sCrucialRest.flgCruResult observed states subset of {CRU_RESTORE_RESULT_NULL}",
          "confidence": "medium",
          "evidence": "state assignments/tests",
          "symbol": "sCrucialRest.flgCruResult",
          "values": [
            "CRU_RESTORE_RESULT_NULL"
          ]
        },
        {
          "kind": "state_value_set",
          "text": "sCrucialRest.flgCruStage observed states subset of {CRU_RESTORE_STAGE_NULL, CRU_RESTORE_STAGE_SERV_REQ}",
          "confidence": "medium",
          "evidence": "state assignments/tests",
          "symbol": "sCrucialRest.flgCruStage",
          "values": [
            "CRU_RESTORE_STAGE_NULL",
            "CRU_RESTORE_STAGE_SERV_REQ"
          ]
        },
        {
          "kind": "modifies_fields",
          "text": "function may modify fields: sCrucialRest.bRecvedTime, sCrucialRest.cycleRestore, sCrucialRest.flgCruResult, sCrucialRest.flgCruStage, sCrucialRest.rcvedFlg, sCrucialSave.cycleSave, sCrucialSave.firstTime, sCrucialSave.firstTime3To2, sSmuServReq.cntSerSetGap",
          "confidence": "high",
          "evidence": "field writes",
          "fields": [
            "sCrucialRest.bRecvedTime",
            "sCrucialRest.cycleRestore",
            "sCrucialRest.flgCruResult",
            "sCrucialRest.flgCruStage",
            "sCrucialRest.rcvedFlg",
            "sCrucialSave.cycleSave",
            "sCrucialSave.firstTime",
            "sCrucialSave.firstTime3To2",
            "sSmuServReq.cntSerSetGap"
          ]
        },
        {
          "kind": "modifies_symbols",
          "text": "function may assign symbols: sCrucialRest.bRecvedTime, sCrucialRest.cycleRestore, sCrucialRest.flgCruResult, sCrucialRest.flgCruStage, sCrucialRest.rcvedFlg, sCrucialSave.cycleSave, sCrucialSave.firstTime, sCrucialSave.firstTime3To2, sSmuServReq.cntSerSetGap",
          "confidence": "medium",
          "evidence": "assignments",
          "symbols": [
            "sCrucialRest.bRecvedTime",
            "sCrucialRest.cycleRestore",
            "sCrucialRest.flgCruResult",
            "sCrucialRest.flgCruStage",
            "sCrucialRest.rcvedFlg",
            "sCrucialSave.cycleSave",
            "sCrucialSave.firstTime",
            "sCrucialSave.firstTime3To2",
            "sSmuServReq.cntSerSetGap"
          ]
        }
      ],
      "summary": {
        "requires_observed": [
          "inside if branch: bCruRestore == TRUE32"
        ],
        "modifies": [
          "sCrucialRest.bRecvedTime",
          "sCrucialRest.cycleRestore",
          "sCrucialRest.flgCruResult",
          "sCrucialRest.flgCruStage",
          "sCrucialRest.rcvedFlg",
          "sCrucialSave.cycleSave",
          "sCrucialSave.firstTime",
          "sCrucialSave.firstTime3To2",
          "sSmuServReq.cntSerSetGap"
        ],
        "ensures_observed": [
          "sCrucialRest.bRecvedTime in [0, 0]",
          "sCrucialRest.cycleRestore in [0, 0]",
          "sCrucialRest.rcvedFlg in [0, 0]",
          "sCrucialSave.cycleSave in [0, 0]",
          "sCrucialSave.firstTime in [1, 4294967295]",
          "sCrucialSave.firstTime3To2 in [1, 4294967295]",
          "sSmuServReq.cntSerSetGap in [100, 100]",
          "sCrucialSave.cycleSave is reset to 0",
          "sCrucialRest.cycleRestore is reset to 0",
          "sCrucialRest.rcvedFlg is reset to 0",
          "sCrucialRest.flgCruStage assigned values are subset of {CRU_RESTORE_STAGE_NULL, CRU_RESTORE_STAGE_SERV_REQ}",
          "bCruRestore observed states subset of {TRUE32}",
          "sCrucialRest.bRecvedTime observed states subset of {FALSE32}",
          "sCrucialRest.flgCruResult observed states subset of {CRU_RESTORE_RESULT_NULL}",
          "sCrucialRest.flgCruStage observed states subset of {CRU_RESTORE_STAGE_NULL, CRU_RESTORE_STAGE_SERV_REQ}"
        ],
        "calls": [],
        "undefined_calls": []
      }
    }
  ],
  "relations": {
    "call_graph": [],
    "field_accesses": [
      {
        "name": "sCrucialRest.bRecvedTime",
        "reads": 0,
        "writes": 1,
        "read_writes": 0,
        "functions": [
          "CruInit"
        ],
        "readers": [],
        "writers": [
          "CruInit"
        ]
      },
      {
        "name": "sCrucialRest.cycleRestore",
        "reads": 0,
        "writes": 1,
        "read_writes": 0,
        "functions": [
          "CruInit"
        ],
        "readers": [],
        "writers": [
          "CruInit"
        ]
      },
      {
        "name": "sCrucialRest.flgCruResult",
        "reads": 0,
        "writes": 1,
        "read_writes": 0,
        "functions": [
          "CruInit"
        ],
        "readers": [],
        "writers": [
          "CruInit"
        ]
      },
      {
        "name": "sCrucialRest.flgCruStage",
        "reads": 0,
        "writes": 2,
        "read_writes": 0,
        "functions": [
          "CruInit"
        ],
        "readers": [],
        "writers": [
          "CruInit"
        ]
      },
      {
        "name": "sCrucialRest.rcvedFlg",
        "reads": 0,
        "writes": 1,
        "read_writes": 0,
        "functions": [
          "CruInit"
        ],
        "readers": [],
        "writers": [
          "CruInit"
        ]
      },
      {
        "name": "sCrucialSave.cycleSave",
        "reads": 0,
        "writes": 1,
        "read_writes": 0,
        "functions": [
          "CruInit"
        ],
        "readers": [],
        "writers": [
          "CruInit"
        ]
      },
      {
        "name": "sCrucialSave.firstTime",
        "reads": 0,
        "writes": 1,
        "read_writes": 0,
        "functions": [
          "CruInit"
        ],
        "readers": [],
        "writers": [
          "CruInit"
        ]
      },
      {
        "name": "sCrucialSave.firstTime3To2",
        "reads": 0,
        "writes": 1,
        "read_writes": 0,
        "functions": [
          "CruInit"
        ],
        "readers": [],
        "writers": [
          "CruInit"
        ]
      },
      {
        "name": "sSmuServReq.cntSerSetGap",
        "reads": 0,
        "writes": 1,
        "read_writes": 0,
        "functions": [
          "CruInit"
        ],
        "readers": [],
        "writers": [
          "CruInit"
        ]
      }
    ],
    "state_transitions": [],
    "missing_local_includes": [],
    "unresolved_calls": {}
  },
  "invariants": {
    "project": [
      {
        "kind": "project_output_field",
        "text": "sCrucialRest.bRecvedTime is only written by CruInit",
        "confidence": "medium",
        "evidence": "field summary",
        "field": "sCrucialRest.bRecvedTime",
        "writers": [
          "CruInit"
        ]
      },
      {
        "kind": "project_output_field",
        "text": "sCrucialRest.cycleRestore is only written by CruInit",
        "confidence": "medium",
        "evidence": "field summary",
        "field": "sCrucialRest.cycleRestore",
        "writers": [
          "CruInit"
        ]
      },
      {
        "kind": "project_output_field",
        "text": "sCrucialRest.flgCruResult is only written by CruInit",
        "confidence": "medium",
        "evidence": "field summary",
        "field": "sCrucialRest.flgCruResult",
        "writers": [
          "CruInit"
        ]
      },
      {
        "kind": "project_output_field",
        "text": "sCrucialRest.flgCruStage is only written by CruInit",
        "confidence": "medium",
        "evidence": "field summary",
        "field": "sCrucialRest.flgCruStage",
        "writers": [
          "CruInit"
        ]
      },
      {
        "kind": "project_output_field",
        "text": "sCrucialRest.rcvedFlg is only written by CruInit",
        "confidence": "medium",
        "evidence": "field summary",
        "field": "sCrucialRest.rcvedFlg",
        "writers": [
          "CruInit"
        ]
      },
      {
        "kind": "project_output_field",
        "text": "sCrucialSave.cycleSave is only written by CruInit",
        "confidence": "medium",
        "evidence": "field summary",
        "field": "sCrucialSave.cycleSave",
        "writers": [
          "CruInit"
        ]
      },
      {
        "kind": "project_output_field",
        "text": "sCrucialSave.firstTime is only written by CruInit",
        "confidence": "medium",
        "evidence": "field summary",
        "field": "sCrucialSave.firstTime",
        "writers": [
          "CruInit"
        ]
      },
      {
        "kind": "project_output_field",
        "text": "sCrucialSave.firstTime3To2 is only written by CruInit",
        "confidence": "medium",
        "evidence": "field summary",
        "field": "sCrucialSave.firstTime3To2",
        "writers": [
          "CruInit"
        ]
      },
      {
        "kind": "project_output_field",
        "text": "sSmuServReq.cntSerSetGap is only written by CruInit",
        "confidence": "medium",
        "evidence": "field summary",
        "field": "sSmuServReq.cntSerSetGap",
        "writers": [
          "CruInit"
        ]
      }
    ]
  }
}
