===== source2fsm batch debug =====
name: AutuPackDataflow
source: IP_AutuPackDataflow.c
source directory: /home/hp/文档/output/CE7-FYQ-src_flat_out/AutuPackDataflow
output directory: /home/hp/文档/output/CE7-FYQ-src_flat_out/AutuPackDataflow
copied input .c files:
  IP_AutuPackDataflow.c
===== docker output =====
source-only mode: /work/input/IP_AutuPackDataflow.c
source-only cfg
function "AutuPackDataflow" found
nodes: 14
edges: 17
dot: /work/output/.AutuPackDataflow.dot
cfg nodes:
  n0 [basic] unint32 index; | index = 0;
  n1 [if] if (*firstTime == TRUE32)
  n2 [basic] sPackShift.byteIndex = 0; | sPackShift.bitIndex = 0;
  n3 [loop] while ((pData[index].Stop != 1) && (index < lengthOfArray))
  n4 [if] if ((pData[index].type & MASK_HI24) != 0)
  n5 [basic] AutoPackBit(pBuf, &pData[index], firstTime, lengthofAddress);
  n6 [basic] AutoPackByte(pBuf, &pData[index], firstTime, lengthofAddress);
  n7 [basic] index++;
  n8 [if] if (*firstTime == TRUE32)
  n9 [basic] *firstTime = FALSE32;
  n10 [terminal] return;
png: /work/output/AutuPackDataflow.png
