# No-Compile Static Analysis Log

Root: /home/hp/文档/output/CE7-FYQ-src_flat_out/AutuPackDataflow/IP_AutuPackDataflow.c
Files: 1
Functions: 1
Call edges: 2
Field accesses: 2
Unresolved calls: 2
Missing local includes: 0
Function invariants: 23
Project invariants: 2

## Missing Local Includes
- none

## Duplicate Function Definitions
- none

## Unresolved Calls
- AutoPackBit: AutuPackDataflow@IP_AutuPackDataflow.c:26
- AutoPackByte: AutuPackDataflow@IP_AutuPackDataflow.c:31

## Call Graph
- AutuPackDataflow -> AutoPackBit?, AutoPackByte?

## State Transitions
- none

## Field Access Summary
- sPackShift.bitIndex: read=0 write=1 read_write=0 functions=AutuPackDataflow
- sPackShift.byteIndex: read=0 write=1 read_write=0 functions=AutuPackDataflow

## Project Invariants
- [project_output_field/medium] sPackShift.bitIndex is only written by AutuPackDataflow (field summary)
- [project_output_field/medium] sPackShift.byteIndex is only written by AutuPackDataflow (field summary)

## Function Details
### AutuPackDataflow (IP_AutuPackDataflow.c:7)
- params: unint08 * pBuf, AUTOPACK * pData, boolu32 * firstTime, unint32 lengthOfArray, unint32 lengthofAddress
- locals: index
- calls: AutoPackBit, AutoPackByte
- undefined_calls: AutoPackBit, AutoPackByte
- reads: FALSE32, MASK_HI24, Stop, TRUE32, type
- writes: firstTime, index, sPackShift
- summary.modifies: sPackShift.bitIndex, sPackShift.byteIndex
- summary.ensures_observed:
  - firstTime in [0, 0]
  - index in [0, 4294967296]
  - lengthOfArray in [0, 4294967295]
  - lengthofAddress in [0, 4294967295]
  - pBuf in [0, 255]
  - sPackShift.bitIndex in [0, 0]
  - sPackShift.byteIndex in [0, 0]
  - index is reset to 0
  - sPackShift.byteIndex is reset to 0
  - sPackShift.bitIndex is reset to 0
- invariants:
  - [value_range/medium] firstTime in [0, 0] (macro FALSE32@40)
  - [value_range/medium] index in [0, 4294967296] (decl unint32@8; literal@11; ++@34)
  - [value_range/medium] lengthOfArray in [0, 4294967295] (type unint32)
  - [value_range/medium] lengthofAddress in [0, 4294967295] (type unint32)
  - [value_range/medium] pBuf in [0, 255] (type unint08)
  - [value_range/medium] sPackShift.bitIndex in [0, 0] (literal@17)
  - [value_range/medium] sPackShift.byteIndex in [0, 0] (literal@16)
  - [condition_range/high]@14 firstTime in [1, 4294967295] when firstTime == TRUE32 (firstTime == TRUE32)
  - [condition_range/high]@38 firstTime in [1, 4294967295] when firstTime == TRUE32 (firstTime == TRUE32)
  - [branch_condition/high]@14 inside if branch: *firstTime == TRUE32 (*firstTime == TRUE32)
  - [branch_condition/high]@21 inside while branch: (pData[index].Stop != 1) && (index < lengthOfArray) ((pData[index].Stop != 1) && (index < lengthOfArray))
  - [branch_condition/high]@23 inside if branch: (pData[index].type & MASK_HI24) != 0 ((pData[index].type & MASK_HI24) != 0)
  - [branch_condition/high]@38 inside if branch: *firstTime == TRUE32 (*firstTime == TRUE32)
  - [assignment_value/high]@11 index may be assigned 0 (index = 0)
  - [reset/high]@11 index is reset to 0 (index = 0)
  - [assignment_value/high]@16 sPackShift.byteIndex may be assigned 0 (sPackShift.byteIndex = 0)
  - [reset/high]@16 sPackShift.byteIndex is reset to 0 (sPackShift.byteIndex = 0)
  - [assignment_value/high]@17 sPackShift.bitIndex may be assigned 0 (sPackShift.bitIndex = 0)
  - [reset/high]@17 sPackShift.bitIndex is reset to 0 (sPackShift.bitIndex = 0)
  - [counter_update/medium]@34 index is nondecreasing at this update (index ++)
  - [assignment_value/high]@40 firstTime may be assigned FALSE32 (firstTime = FALSE32)
  - [modifies_fields/high] function may modify fields: sPackShift.bitIndex, sPackShift.byteIndex (field writes)
  - [modifies_symbols/medium] function may assign symbols: firstTime, index, sPackShift.bitIndex, sPackShift.byteIndex (assignments)
- value_ranges:
  - firstTime: [0, 0] (macro FALSE32@40)
  - index: [0, 4294967296] (decl unint32@8; literal@11; ++@34)
  - lengthOfArray: [0, 4294967295] (type unint32)
  - lengthofAddress: [0, 4294967295] (type unint32)
  - pBuf: [0, 255] (type unint08)
  - sPackShift.bitIndex: [0, 0] (literal@17)
  - sPackShift.byteIndex: [0, 0] (literal@16)
- condition_ranges:
  - firstTime: [1, 4294967295] when firstTime == TRUE32@14
  - firstTime: [1, 4294967295] when firstTime == TRUE32@38
- conditions:
  - if@14: *firstTime == TRUE32
  - while@21: (pData[index].Stop != 1) && (index < lengthOfArray)
  - if@23: (pData[index].type & MASK_HI24) != 0
  - if@38: *firstTime == TRUE32
- assignments:
  - 11: index = <literal/unknown>
  - 16: sPackShift.byteIndex = <literal/unknown>
  - 17: sPackShift.bitIndex = <literal/unknown>
  - 34: index ++ <literal/unknown>
  - 40: firstTime = FALSE32

## JSON
{
  "root": "/home/hp/文档/output/CE7-FYQ-src_flat_out/AutuPackDataflow/IP_AutuPackDataflow.c",
  "files": [
    {
      "file": "/home/hp/文档/output/CE7-FYQ-src_flat_out/AutuPackDataflow/IP_AutuPackDataflow.c",
      "lines": 45,
      "includes": [
        {
          "name": "IP_AutuPackDataflow.h",
          "kind": "local",
          "line": 1,
          "resolved": "/home/hp/文档/output/CE7-FYQ-src_flat_out/AutuPackDataflow/IP_AutuPackDataflow.h"
        }
      ],
      "macros": [],
      "typedefs": [],
      "globals": [],
      "functions": [
        {
          "name": "AutuPackDataflow",
          "line": 7,
          "params": [
            "unint08 * pBuf",
            "AUTOPACK * pData",
            "boolu32 * firstTime",
            "unint32 lengthOfArray",
            "unint32 lengthofAddress"
          ]
        }
      ]
    }
  ],
  "summary": {
    "file_count": 1,
    "function_count": 1,
    "defined_function_count": 1,
    "declared_function_count": 0,
    "macro_count": 0,
    "typedef_count": 0,
    "global_count": 0,
    "call_edge_count": 2,
    "unresolved_call_count": 2,
    "field_access_count": 2,
    "missing_local_include_count": 0,
    "function_invariant_count": 23,
    "project_invariant_count": 2
  },
  "symbols": {
    "defined_functions": {
      "AutuPackDataflow": [
        {
          "file": "/home/hp/文档/output/CE7-FYQ-src_flat_out/AutuPackDataflow/IP_AutuPackDataflow.c",
          "line": 7
        }
      ]
    },
    "declared_functions": {},
    "macros": {},
    "typedefs": {},
    "enum_constants": [],
    "globals": {},
    "struct_fields": {},
    "duplicate_functions": {}
  },
  "functions": [
    {
      "file": "/home/hp/文档/output/CE7-FYQ-src_flat_out/AutuPackDataflow/IP_AutuPackDataflow.c",
      "name": "AutuPackDataflow",
      "line": 7,
      "return_type": "void",
      "params": [
        "unint08 * pBuf",
        "AUTOPACK * pData",
        "boolu32 * firstTime",
        "unint32 lengthOfArray",
        "unint32 lengthofAddress"
      ],
      "locals": [
        "index"
      ],
      "calls": [
        {
          "name": "AutoPackBit",
          "line": 26,
          "kind": "function",
          "resolved": false
        },
        {
          "name": "AutoPackByte",
          "line": 31,
          "kind": "function",
          "resolved": false
        }
      ],
      "assignments": [
        {
          "line": 11,
          "lhs": "index",
          "operator": "=",
          "rhs": "0",
          "rhs_identifiers": []
        },
        {
          "line": 16,
          "lhs": "sPackShift.byteIndex",
          "operator": "=",
          "rhs": "0",
          "rhs_identifiers": []
        },
        {
          "line": 17,
          "lhs": "sPackShift.bitIndex",
          "operator": "=",
          "rhs": "0",
          "rhs_identifiers": []
        },
        {
          "line": 34,
          "lhs": "index",
          "operator": "++",
          "rhs": "",
          "rhs_identifiers": []
        },
        {
          "line": 40,
          "lhs": "firstTime",
          "operator": "=",
          "rhs": "FALSE32",
          "rhs_identifiers": [
            "FALSE32"
          ]
        }
      ],
      "conditions": [
        {
          "line": 14,
          "kind": "if",
          "expression": "*firstTime == TRUE32",
          "identifiers": [
            "TRUE32",
            "firstTime"
          ]
        },
        {
          "line": 21,
          "kind": "while",
          "expression": "(pData[index].Stop != 1) && (index < lengthOfArray)",
          "identifiers": [
            "Stop",
            "index",
            "lengthOfArray",
            "pData"
          ]
        },
        {
          "line": 23,
          "kind": "if",
          "expression": "(pData[index].type & MASK_HI24) != 0",
          "identifiers": [
            "MASK_HI24",
            "index",
            "pData",
            "type"
          ]
        },
        {
          "line": 38,
          "kind": "if",
          "expression": "*firstTime == TRUE32",
          "identifiers": [
            "TRUE32",
            "firstTime"
          ]
        }
      ],
      "switch_cases": [],
      "field_accesses": [
        {
          "line": 16,
          "object": "sPackShift",
          "operator": ".",
          "field": "byteIndex",
          "access": "write",
          "name": "sPackShift.byteIndex"
        },
        {
          "line": 17,
          "object": "sPackShift",
          "operator": ".",
          "field": "bitIndex",
          "access": "write",
          "name": "sPackShift.bitIndex"
        }
      ],
      "returns": [
        {
          "line": 43,
          "expression": "",
          "identifiers": []
        }
      ],
      "macro_uses": [
        {
          "name": "FALSE32",
          "line": 40,
          "known": false
        },
        {
          "name": "MASK_HI24",
          "line": 23,
          "known": false
        },
        {
          "name": "TRUE32",
          "line": 14,
          "known": false
        },
        {
          "name": "TRUE32",
          "line": 38,
          "known": false
        }
      ],
      "type_uses": [],
      "value_ranges": [
        {
          "symbol": "firstTime",
          "range": "[0, 0]",
          "min": 0.0,
          "max": 0.0,
          "evidence": [
            "macro FALSE32@40"
          ]
        },
        {
          "symbol": "index",
          "range": "[0, 4294967296]",
          "min": 0.0,
          "max": 4294967296.0,
          "evidence": [
            "decl unint32@8",
            "literal@11",
            "++@34"
          ]
        },
        {
          "symbol": "lengthOfArray",
          "range": "[0, 4294967295]",
          "min": 0.0,
          "max": 4294967295.0,
          "evidence": [
            "type unint32"
          ]
        },
        {
          "symbol": "lengthofAddress",
          "range": "[0, 4294967295]",
          "min": 0.0,
          "max": 4294967295.0,
          "evidence": [
            "type unint32"
          ]
        },
        {
          "symbol": "pBuf",
          "range": "[0, 255]",
          "min": 0.0,
          "max": 255.0,
          "evidence": [
            "type unint08"
          ]
        },
        {
          "symbol": "sPackShift.bitIndex",
          "range": "[0, 0]",
          "min": 0.0,
          "max": 0.0,
          "evidence": [
            "literal@17"
          ]
        },
        {
          "symbol": "sPackShift.byteIndex",
          "range": "[0, 0]",
          "min": 0.0,
          "max": 0.0,
          "evidence": [
            "literal@16"
          ]
        }
      ],
      "condition_ranges": [
        {
          "symbol": "firstTime",
          "range": "[1, 4294967295]",
          "min": 1.0,
          "max": 4294967295.0,
          "line": 14,
          "condition": "firstTime == TRUE32"
        },
        {
          "symbol": "firstTime",
          "range": "[1, 4294967295]",
          "min": 1.0,
          "max": 4294967295.0,
          "line": 38,
          "condition": "firstTime == TRUE32"
        }
      ],
      "reads": [
        "FALSE32",
        "MASK_HI24",
        "Stop",
        "TRUE32",
        "type"
      ],
      "writes": [
        "firstTime",
        "index",
        "sPackShift"
      ],
      "global_reads": [],
      "global_writes": [],
      "input_fields": [],
      "output_fields": [
        "sPackShift.bitIndex",
        "sPackShift.byteIndex"
      ],
      "undefined_calls": [
        "AutoPackBit",
        "AutoPackByte"
      ],
      "invariants": [
        {
          "kind": "value_range",
          "text": "firstTime in [0, 0]",
          "confidence": "medium",
          "evidence": "macro FALSE32@40",
          "symbol": "firstTime",
          "min": 0.0,
          "max": 0.0
        },
        {
          "kind": "value_range",
          "text": "index in [0, 4294967296]",
          "confidence": "medium",
          "evidence": "decl unint32@8; literal@11; ++@34",
          "symbol": "index",
          "min": 0.0,
          "max": 4294967296.0
        },
        {
          "kind": "value_range",
          "text": "lengthOfArray in [0, 4294967295]",
          "confidence": "medium",
          "evidence": "type unint32",
          "symbol": "lengthOfArray",
          "min": 0.0,
          "max": 4294967295.0
        },
        {
          "kind": "value_range",
          "text": "lengthofAddress in [0, 4294967295]",
          "confidence": "medium",
          "evidence": "type unint32",
          "symbol": "lengthofAddress",
          "min": 0.0,
          "max": 4294967295.0
        },
        {
          "kind": "value_range",
          "text": "pBuf in [0, 255]",
          "confidence": "medium",
          "evidence": "type unint08",
          "symbol": "pBuf",
          "min": 0.0,
          "max": 255.0
        },
        {
          "kind": "value_range",
          "text": "sPackShift.bitIndex in [0, 0]",
          "confidence": "medium",
          "evidence": "literal@17",
          "symbol": "sPackShift.bitIndex",
          "min": 0.0,
          "max": 0.0
        },
        {
          "kind": "value_range",
          "text": "sPackShift.byteIndex in [0, 0]",
          "confidence": "medium",
          "evidence": "literal@16",
          "symbol": "sPackShift.byteIndex",
          "min": 0.0,
          "max": 0.0
        },
        {
          "kind": "condition_range",
          "text": "firstTime in [1, 4294967295] when firstTime == TRUE32",
          "confidence": "high",
          "line": 14,
          "evidence": "firstTime == TRUE32",
          "symbol": "firstTime",
          "min": 1.0,
          "max": 4294967295.0
        },
        {
          "kind": "condition_range",
          "text": "firstTime in [1, 4294967295] when firstTime == TRUE32",
          "confidence": "high",
          "line": 38,
          "evidence": "firstTime == TRUE32",
          "symbol": "firstTime",
          "min": 1.0,
          "max": 4294967295.0
        },
        {
          "kind": "branch_condition",
          "text": "inside if branch: *firstTime == TRUE32",
          "confidence": "high",
          "line": 14,
          "evidence": "*firstTime == TRUE32",
          "identifiers": [
            "TRUE32",
            "firstTime"
          ]
        },
        {
          "kind": "branch_condition",
          "text": "inside while branch: (pData[index].Stop != 1) && (index < lengthOfArray)",
          "confidence": "high",
          "line": 21,
          "evidence": "(pData[index].Stop != 1) && (index < lengthOfArray)",
          "identifiers": [
            "Stop",
            "index",
            "lengthOfArray",
            "pData"
          ]
        },
        {
          "kind": "branch_condition",
          "text": "inside if branch: (pData[index].type & MASK_HI24) != 0",
          "confidence": "high",
          "line": 23,
          "evidence": "(pData[index].type & MASK_HI24) != 0",
          "identifiers": [
            "MASK_HI24",
            "index",
            "pData",
            "type"
          ]
        },
        {
          "kind": "branch_condition",
          "text": "inside if branch: *firstTime == TRUE32",
          "confidence": "high",
          "line": 38,
          "evidence": "*firstTime == TRUE32",
          "identifiers": [
            "TRUE32",
            "firstTime"
          ]
        },
        {
          "kind": "assignment_value",
          "text": "index may be assigned 0",
          "confidence": "high",
          "line": 11,
          "evidence": "index = 0",
          "symbol": "index",
          "value": "0"
        },
        {
          "kind": "reset",
          "text": "index is reset to 0",
          "confidence": "high",
          "line": 11,
          "evidence": "index = 0",
          "symbol": "index"
        },
        {
          "kind": "assignment_value",
          "text": "sPackShift.byteIndex may be assigned 0",
          "confidence": "high",
          "line": 16,
          "evidence": "sPackShift.byteIndex = 0",
          "symbol": "sPackShift.byteIndex",
          "value": "0"
        },
        {
          "kind": "reset",
          "text": "sPackShift.byteIndex is reset to 0",
          "confidence": "high",
          "line": 16,
          "evidence": "sPackShift.byteIndex = 0",
          "symbol": "sPackShift.byteIndex"
        },
        {
          "kind": "assignment_value",
          "text": "sPackShift.bitIndex may be assigned 0",
          "confidence": "high",
          "line": 17,
          "evidence": "sPackShift.bitIndex = 0",
          "symbol": "sPackShift.bitIndex",
          "value": "0"
        },
        {
          "kind": "reset",
          "text": "sPackShift.bitIndex is reset to 0",
          "confidence": "high",
          "line": 17,
          "evidence": "sPackShift.bitIndex = 0",
          "symbol": "sPackShift.bitIndex"
        },
        {
          "kind": "counter_update",
          "text": "index is nondecreasing at this update",
          "confidence": "medium",
          "line": 34,
          "evidence": "index ++",
          "symbol": "index",
          "direction": "nondecreasing"
        },
        {
          "kind": "assignment_value",
          "text": "firstTime may be assigned FALSE32",
          "confidence": "high",
          "line": 40,
          "evidence": "firstTime = FALSE32",
          "symbol": "firstTime",
          "value": "FALSE32"
        },
        {
          "kind": "modifies_fields",
          "text": "function may modify fields: sPackShift.bitIndex, sPackShift.byteIndex",
          "confidence": "high",
          "evidence": "field writes",
          "fields": [
            "sPackShift.bitIndex",
            "sPackShift.byteIndex"
          ]
        },
        {
          "kind": "modifies_symbols",
          "text": "function may assign symbols: firstTime, index, sPackShift.bitIndex, sPackShift.byteIndex",
          "confidence": "medium",
          "evidence": "assignments",
          "symbols": [
            "firstTime",
            "index",
            "sPackShift.bitIndex",
            "sPackShift.byteIndex"
          ]
        }
      ],
      "summary": {
        "requires_observed": [
          "inside if branch: *firstTime == TRUE32",
          "inside while branch: (pData[index].Stop != 1) && (index < lengthOfArray)",
          "inside if branch: (pData[index].type & MASK_HI24) != 0",
          "inside if branch: *firstTime == TRUE32"
        ],
        "modifies": [
          "sPackShift.bitIndex",
          "sPackShift.byteIndex"
        ],
        "ensures_observed": [
          "firstTime in [0, 0]",
          "index in [0, 4294967296]",
          "lengthOfArray in [0, 4294967295]",
          "lengthofAddress in [0, 4294967295]",
          "pBuf in [0, 255]",
          "sPackShift.bitIndex in [0, 0]",
          "sPackShift.byteIndex in [0, 0]",
          "index is reset to 0",
          "sPackShift.byteIndex is reset to 0",
          "sPackShift.bitIndex is reset to 0"
        ],
        "calls": [
          "AutoPackBit",
          "AutoPackByte"
        ],
        "undefined_calls": [
          "AutoPackBit",
          "AutoPackByte"
        ]
      }
    }
  ],
  "relations": {
    "call_graph": [
      {
        "caller": "AutuPackDataflow",
        "callee": "AutoPackBit",
        "file": "/home/hp/文档/output/CE7-FYQ-src_flat_out/AutuPackDataflow/IP_AutuPackDataflow.c",
        "line": 26,
        "kind": "function",
        "resolved": false
      },
      {
        "caller": "AutuPackDataflow",
        "callee": "AutoPackByte",
        "file": "/home/hp/文档/output/CE7-FYQ-src_flat_out/AutuPackDataflow/IP_AutuPackDataflow.c",
        "line": 31,
        "kind": "function",
        "resolved": false
      }
    ],
    "field_accesses": [
      {
        "name": "sPackShift.bitIndex",
        "reads": 0,
        "writes": 1,
        "read_writes": 0,
        "functions": [
          "AutuPackDataflow"
        ],
        "readers": [],
        "writers": [
          "AutuPackDataflow"
        ]
      },
      {
        "name": "sPackShift.byteIndex",
        "reads": 0,
        "writes": 1,
        "read_writes": 0,
        "functions": [
          "AutuPackDataflow"
        ],
        "readers": [],
        "writers": [
          "AutuPackDataflow"
        ]
      }
    ],
    "state_transitions": [],
    "missing_local_includes": [],
    "unresolved_calls": {
      "AutoPackBit": [
        {
          "caller": "AutuPackDataflow",
          "file": "/home/hp/文档/output/CE7-FYQ-src_flat_out/AutuPackDataflow/IP_AutuPackDataflow.c",
          "line": 26
        }
      ],
      "AutoPackByte": [
        {
          "caller": "AutuPackDataflow",
          "file": "/home/hp/文档/output/CE7-FYQ-src_flat_out/AutuPackDataflow/IP_AutuPackDataflow.c",
          "line": 31
        }
      ]
    }
  },
  "invariants": {
    "project": [
      {
        "kind": "project_output_field",
        "text": "sPackShift.bitIndex is only written by AutuPackDataflow",
        "confidence": "medium",
        "evidence": "field summary",
        "field": "sPackShift.bitIndex",
        "writers": [
          "AutuPackDataflow"
        ]
      },
      {
        "kind": "project_output_field",
        "text": "sPackShift.byteIndex is only written by AutuPackDataflow",
        "confidence": "medium",
        "evidence": "field summary",
        "field": "sPackShift.byteIndex",
        "writers": [
          "AutuPackDataflow"
        ]
      }
    ]
  }
}
