===== source2fsm batch debug =====
name: AttProcWalk
source: IP_AttProcWalk.c
source directory: /home/hp/文档/output/CE7-FYQ-src_flat_out/AttProcWalk
output directory: /home/hp/文档/output/CE7-FYQ-src_flat_out/AttProcWalk
copied input .c files:
  IP_AttProcWalk.c
===== docker output =====
source-only mode: /work/input/IP_AttProcWalk.c
source-only cfg
function "AttProcWalk" found
nodes: 7
edges: 7
dot: /work/output/.AttProcWalk.dot
cfg nodes:
  n0 [basic] float64 temp64[3]; | float64 tmpFlt1; | float64 tmpFlt2; | C2Angle321(&temp64[0], &sNaviData.cfbn[0][0]); | sWalkAttData.y_b = YawConvert(temp64[2], sWalkAttData.InitialYaw); | sWalkAttData.r_b = temp64[0]; | sWalkAttData.p_b = temp64[1];
  n1 [if] if (sWalkInstrDemandData.SocAITTestFlag == 1)
  n2 [basic] sWalkAttData.y_b = 0.0; | sWalkAttData.r_b = 0.0; | sWalkAttData.p_b = 0.0;
  n3 [terminal] sWalkSendData.y_fyq = sWalkAttData.y_b; | sWalkSendData.r_fyq = sWalkAttData.r_b; | sWalkSendData.p_fyq = sWalkAttData.p_b; | sWalkModeData.Teleyb = YawConvert(sWalkAttData.y_b, | -sWalkAttData.InitialYaw); | sWalkModeData.Telerb = sWalkAttData.r_b; | sWalkModeData.Telepb = sWalkAttData.p_b; | tmpFlt1 = Tanx(temp64[0]); | tmpFlt2 = Tanx(temp64[1]); | tmpFlt1 = Sqrtx(tmpFlt1 * tmpFlt1 + tmpFlt2 * tmpFlt2); | sWalkModeData.AttBaseBoard = Atanx(tmpFlt1); | return;
png: /work/output/AttProcWalk.png
