===== source2fsm batch debug =====
name: Chebyshev
source: IP_Chebyshev.c
source directory: /home/hp/文档/output/CE7-FYQ-src_flat_out/Chebyshev
output directory: /home/hp/文档/output/CE7-FYQ-src_flat_out/Chebyshev
copied input .c files:
  IP_Chebyshev.c
===== docker output =====
source-only mode: /work/input/IP_Chebyshev.c
source-only cfg
function "Chebyshev" found
nodes: 12
edges: 14
dot: /work/output/.Chebyshev.dot
cfg nodes:
  n0 [basic] siint32 i; | float64 Tn1; | float64 Tn; | float64 Tmp; | *x = 0.0; | Tn1 = 0.0; | Tn = 0.0;
  n1 [loop] for (i=0; i<=n; i++)
  n2 [if] if (i==0)
  n3 [basic] Tn1 = 0.0; | Tn = 1.0;
  n4 [if] if (i==1)
  n5 [basic] Tn1 = Tn; | Tn = tao;
  n6 [basic] Tmp = 2.0 * tao * Tn-Tn1; | Tn1 = Tn; | Tn = Tmp;
  n7 [basic] *x = *x + C[i] * Tn;
  n8 [terminal] return;
png: /work/output/Chebyshev.png
