# No-Compile Static Analysis Log

Root: /home/hp/文档/output/CE7-FYQ-src_flat_out/Chebyshev/IP_Chebyshev.c
Files: 1
Functions: 1
Call edges: 0
Field accesses: 0
Unresolved calls: 0
Missing local includes: 0
Function invariants: 26
Project invariants: 0

## Missing Local Includes
- none

## Duplicate Function Definitions
- none

## Unresolved Calls
- none

## Call Graph

## State Transitions
- none

## Field Access Summary

## Project Invariants
- none

## Function Details
### Chebyshev (IP_Chebyshev.c:7)
- params: float64 *x, float64 tao, float64 *C, siint32 n
- locals: Tmp, Tn, Tn1, i
- calls: none
- undefined_calls: none
- reads: none
- writes: Tmp, Tn, Tn1, i, x
- summary.ensures_observed:
  - C in [-1.79769e+308, 1.79769e+308]
  - Tmp in [-1.79769e+308, 1.79769e+308]
  - Tn in [-1.79769e+308, 1.79769e+308]
  - Tn1 in [-1.79769e+308, 1.79769e+308]
  - i in [-2147483648, 2147483648]
  - n in [-2147483648, 2147483647]
  - tao in [-1.79769e+308, 1.79769e+308]
  - x in [-1.79769e+308, 1.79769e+308]
  - x is reset to 0
  - Tn1 is reset to 0
  - Tn is reset to 0
  - i is reset to 0
  - Tn1 is reset to 0
  - Tn assigned values are subset of {0.0, 1.0}
- invariants:
  - [value_range/medium] C in [-1.79769e+308, 1.79769e+308] (type float64)
  - [value_range/medium] Tmp in [-1.79769e+308, 1.79769e+308] (decl float64@11)
  - [value_range/medium] Tn in [-1.79769e+308, 1.79769e+308] (decl float64@10; literal@17; literal@24; known-symbol@29; known-symbol@35)
  - [value_range/medium] Tn1 in [-1.79769e+308, 1.79769e+308] (decl float64@9; literal@16; literal@23; known-symbol@28; known-symbol@34)
  - [value_range/medium] i in [-2147483648, 2147483648] (decl siint32@8; literal@19; ++@19)
  - [value_range/medium] n in [-2147483648, 2147483647] (type siint32)
  - [value_range/medium] tao in [-1.79769e+308, 1.79769e+308] (type float64)
  - [value_range/medium] x in [-1.79769e+308, 1.79769e+308] (type float64; literal@13)
  - [condition_range/high]@21 i in [0, 0] when i == 0 (i == 0)
  - [condition_range/high]@26 i in [1, 1] when i == 1 (i == 1)
  - [branch_condition/high]@21 inside if branch: i==0 (i==0)
  - [branch_condition/high]@26 inside if branch: i==1 (i==1)
  - [assignment_value/high]@13 x may be assigned 0.0 (x = 0.0)
  - [reset/high]@13 x is reset to 0 (x = 0.0)
  - [assignment_value/high]@16 Tn1 may be assigned 0.0 (Tn1 = 0.0)
  - [reset/high]@16 Tn1 is reset to 0 (Tn1 = 0.0)
  - [assignment_value/high]@17 Tn may be assigned 0.0 (Tn = 0.0)
  - [reset/high]@17 Tn is reset to 0 (Tn = 0.0)
  - [assignment_value/high]@19 i may be assigned 0 (i = 0)
  - [reset/high]@19 i is reset to 0 (i = 0)
  - [counter_update/medium]@19 i is nondecreasing at this update (i ++)
  - [assignment_value/high]@23 Tn1 may be assigned 0.0 (Tn1 = 0.0)
  - [reset/high]@23 Tn1 is reset to 0 (Tn1 = 0.0)
  - [assignment_value/high]@24 Tn may be assigned 1.0 (Tn = 1.0)
  - [assigned_value_set/medium] Tn assigned values are subset of {0.0, 1.0} (literal/macro assignments)
  - [modifies_symbols/medium] function may assign symbols: Tmp, Tn, Tn1, i, x (assignments)
- value_ranges:
  - C: [-1.79769e+308, 1.79769e+308] (type float64)
  - Tmp: [-1.79769e+308, 1.79769e+308] (decl float64@11)
  - Tn: [-1.79769e+308, 1.79769e+308] (decl float64@10; literal@17; literal@24; known-symbol@29; +1 more)
  - Tn1: [-1.79769e+308, 1.79769e+308] (decl float64@9; literal@16; literal@23; known-symbol@28; +1 more)
  - i: [-2147483648, 2147483648] (decl siint32@8; literal@19; ++@19)
  - n: [-2147483648, 2147483647] (type siint32)
  - tao: [-1.79769e+308, 1.79769e+308] (type float64)
  - x: [-1.79769e+308, 1.79769e+308] (type float64; literal@13)
- condition_ranges:
  - i: [0, 0] when i == 0@21
  - i: [1, 1] when i == 1@26
- conditions:
  - for@19: i=0; i<=n; i++
  - if@21: i==0
  - if@26: i==1
- assignments:
  - 13: x = <literal/unknown>
  - 16: Tn1 = <literal/unknown>
  - 17: Tn = <literal/unknown>
  - 19: i = <literal/unknown>
  - 19: i ++ <literal/unknown>
  - 23: Tn1 = <literal/unknown>
  - 24: Tn = <literal/unknown>
  - 28: Tn1 = Tn
  - 29: Tn = tao
  - 33: Tmp = Tn,Tn1,tao
  - 34: Tn1 = Tn
  - 35: Tn = Tmp
  - 38: x = C,Tn,i,x

## JSON
{
  "root": "/home/hp/文档/output/CE7-FYQ-src_flat_out/Chebyshev/IP_Chebyshev.c",
  "files": [
    {
      "file": "/home/hp/文档/output/CE7-FYQ-src_flat_out/Chebyshev/IP_Chebyshev.c",
      "lines": 43,
      "includes": [
        {
          "name": "IP_Chebyshev.h",
          "kind": "local",
          "line": 1,
          "resolved": "/home/hp/文档/output/CE7-FYQ-src_flat_out/Chebyshev/IP_Chebyshev.h"
        }
      ],
      "macros": [],
      "typedefs": [],
      "globals": [],
      "functions": [
        {
          "name": "Chebyshev",
          "line": 7,
          "params": [
            "float64 *x",
            "float64 tao",
            "float64 *C",
            "siint32 n"
          ]
        }
      ]
    }
  ],
  "summary": {
    "file_count": 1,
    "function_count": 1,
    "defined_function_count": 1,
    "declared_function_count": 0,
    "macro_count": 0,
    "typedef_count": 0,
    "global_count": 0,
    "call_edge_count": 0,
    "unresolved_call_count": 0,
    "field_access_count": 0,
    "missing_local_include_count": 0,
    "function_invariant_count": 26,
    "project_invariant_count": 0
  },
  "symbols": {
    "defined_functions": {
      "Chebyshev": [
        {
          "file": "/home/hp/文档/output/CE7-FYQ-src_flat_out/Chebyshev/IP_Chebyshev.c",
          "line": 7
        }
      ]
    },
    "declared_functions": {},
    "macros": {},
    "typedefs": {},
    "enum_constants": [],
    "globals": {},
    "struct_fields": {},
    "duplicate_functions": {}
  },
  "functions": [
    {
      "file": "/home/hp/文档/output/CE7-FYQ-src_flat_out/Chebyshev/IP_Chebyshev.c",
      "name": "Chebyshev",
      "line": 7,
      "return_type": "void",
      "params": [
        "float64 *x",
        "float64 tao",
        "float64 *C",
        "siint32 n"
      ],
      "locals": [
        "Tmp",
        "Tn",
        "Tn1",
        "i"
      ],
      "calls": [],
      "assignments": [
        {
          "line": 13,
          "lhs": "x",
          "operator": "=",
          "rhs": "0.0",
          "rhs_identifiers": []
        },
        {
          "line": 16,
          "lhs": "Tn1",
          "operator": "=",
          "rhs": "0.0",
          "rhs_identifiers": []
        },
        {
          "line": 17,
          "lhs": "Tn",
          "operator": "=",
          "rhs": "0.0",
          "rhs_identifiers": []
        },
        {
          "line": 19,
          "lhs": "i",
          "operator": "=",
          "rhs": "0",
          "rhs_identifiers": []
        },
        {
          "line": 19,
          "lhs": "i",
          "operator": "++",
          "rhs": "",
          "rhs_identifiers": []
        },
        {
          "line": 23,
          "lhs": "Tn1",
          "operator": "=",
          "rhs": "0.0",
          "rhs_identifiers": []
        },
        {
          "line": 24,
          "lhs": "Tn",
          "operator": "=",
          "rhs": "1.0",
          "rhs_identifiers": []
        },
        {
          "line": 28,
          "lhs": "Tn1",
          "operator": "=",
          "rhs": "Tn",
          "rhs_identifiers": [
            "Tn"
          ]
        },
        {
          "line": 29,
          "lhs": "Tn",
          "operator": "=",
          "rhs": "tao",
          "rhs_identifiers": [
            "tao"
          ]
        },
        {
          "line": 33,
          "lhs": "Tmp",
          "operator": "=",
          "rhs": "2.0 * tao * Tn-Tn1",
          "rhs_identifiers": [
            "Tn",
            "Tn1",
            "tao"
          ]
        },
        {
          "line": 34,
          "lhs": "Tn1",
          "operator": "=",
          "rhs": "Tn",
          "rhs_identifiers": [
            "Tn"
          ]
        },
        {
          "line": 35,
          "lhs": "Tn",
          "operator": "=",
          "rhs": "Tmp",
          "rhs_identifiers": [
            "Tmp"
          ]
        },
        {
          "line": 38,
          "lhs": "x",
          "operator": "=",
          "rhs": "*x + C[i] * Tn",
          "rhs_identifiers": [
            "C",
            "Tn",
            "i",
            "x"
          ]
        }
      ],
      "conditions": [
        {
          "line": 19,
          "kind": "for",
          "expression": "i=0; i<=n; i++",
          "identifiers": [
            "i",
            "n"
          ]
        },
        {
          "line": 21,
          "kind": "if",
          "expression": "i==0",
          "identifiers": [
            "i"
          ]
        },
        {
          "line": 26,
          "kind": "if",
          "expression": "i==1",
          "identifiers": [
            "i"
          ]
        }
      ],
      "switch_cases": [],
      "field_accesses": [],
      "returns": [
        {
          "line": 41,
          "expression": "",
          "identifiers": []
        }
      ],
      "macro_uses": [],
      "type_uses": [],
      "value_ranges": [
        {
          "symbol": "C",
          "range": "[-1.79769e+308, 1.79769e+308]",
          "min": -1.7976931348623157e+308,
          "max": 1.7976931348623157e+308,
          "evidence": [
            "type float64"
          ]
        },
        {
          "symbol": "Tmp",
          "range": "[-1.79769e+308, 1.79769e+308]",
          "min": -1.7976931348623157e+308,
          "max": 1.7976931348623157e+308,
          "evidence": [
            "decl float64@11"
          ]
        },
        {
          "symbol": "Tn",
          "range": "[-1.79769e+308, 1.79769e+308]",
          "min": -1.7976931348623157e+308,
          "max": 1.7976931348623157e+308,
          "evidence": [
            "decl float64@10",
            "literal@17",
            "literal@24",
            "known-symbol@29",
            "known-symbol@35"
          ]
        },
        {
          "symbol": "Tn1",
          "range": "[-1.79769e+308, 1.79769e+308]",
          "min": -1.7976931348623157e+308,
          "max": 1.7976931348623157e+308,
          "evidence": [
            "decl float64@9",
            "literal@16",
            "literal@23",
            "known-symbol@28",
            "known-symbol@34"
          ]
        },
        {
          "symbol": "i",
          "range": "[-2147483648, 2147483648]",
          "min": -2147483648.0,
          "max": 2147483648.0,
          "evidence": [
            "decl siint32@8",
            "literal@19",
            "++@19"
          ]
        },
        {
          "symbol": "n",
          "range": "[-2147483648, 2147483647]",
          "min": -2147483648.0,
          "max": 2147483647.0,
          "evidence": [
            "type siint32"
          ]
        },
        {
          "symbol": "tao",
          "range": "[-1.79769e+308, 1.79769e+308]",
          "min": -1.7976931348623157e+308,
          "max": 1.7976931348623157e+308,
          "evidence": [
            "type float64"
          ]
        },
        {
          "symbol": "x",
          "range": "[-1.79769e+308, 1.79769e+308]",
          "min": -1.7976931348623157e+308,
          "max": 1.7976931348623157e+308,
          "evidence": [
            "type float64",
            "literal@13"
          ]
        }
      ],
      "condition_ranges": [
        {
          "symbol": "i",
          "range": "[0, 0]",
          "min": 0.0,
          "max": 0.0,
          "line": 21,
          "condition": "i == 0"
        },
        {
          "symbol": "i",
          "range": "[1, 1]",
          "min": 1.0,
          "max": 1.0,
          "line": 26,
          "condition": "i == 1"
        }
      ],
      "reads": [],
      "writes": [
        "Tmp",
        "Tn",
        "Tn1",
        "i",
        "x"
      ],
      "global_reads": [],
      "global_writes": [],
      "input_fields": [],
      "output_fields": [],
      "undefined_calls": [],
      "invariants": [
        {
          "kind": "value_range",
          "text": "C in [-1.79769e+308, 1.79769e+308]",
          "confidence": "medium",
          "evidence": "type float64",
          "symbol": "C",
          "min": -1.7976931348623157e+308,
          "max": 1.7976931348623157e+308
        },
        {
          "kind": "value_range",
          "text": "Tmp in [-1.79769e+308, 1.79769e+308]",
          "confidence": "medium",
          "evidence": "decl float64@11",
          "symbol": "Tmp",
          "min": -1.7976931348623157e+308,
          "max": 1.7976931348623157e+308
        },
        {
          "kind": "value_range",
          "text": "Tn in [-1.79769e+308, 1.79769e+308]",
          "confidence": "medium",
          "evidence": "decl float64@10; literal@17; literal@24; known-symbol@29; known-symbol@35",
          "symbol": "Tn",
          "min": -1.7976931348623157e+308,
          "max": 1.7976931348623157e+308
        },
        {
          "kind": "value_range",
          "text": "Tn1 in [-1.79769e+308, 1.79769e+308]",
          "confidence": "medium",
          "evidence": "decl float64@9; literal@16; literal@23; known-symbol@28; known-symbol@34",
          "symbol": "Tn1",
          "min": -1.7976931348623157e+308,
          "max": 1.7976931348623157e+308
        },
        {
          "kind": "value_range",
          "text": "i in [-2147483648, 2147483648]",
          "confidence": "medium",
          "evidence": "decl siint32@8; literal@19; ++@19",
          "symbol": "i",
          "min": -2147483648.0,
          "max": 2147483648.0
        },
        {
          "kind": "value_range",
          "text": "n in [-2147483648, 2147483647]",
          "confidence": "medium",
          "evidence": "type siint32",
          "symbol": "n",
          "min": -2147483648.0,
          "max": 2147483647.0
        },
        {
          "kind": "value_range",
          "text": "tao in [-1.79769e+308, 1.79769e+308]",
          "confidence": "medium",
          "evidence": "type float64",
          "symbol": "tao",
          "min": -1.7976931348623157e+308,
          "max": 1.7976931348623157e+308
        },
        {
          "kind": "value_range",
          "text": "x in [-1.79769e+308, 1.79769e+308]",
          "confidence": "medium",
          "evidence": "type float64; literal@13",
          "symbol": "x",
          "min": -1.7976931348623157e+308,
          "max": 1.7976931348623157e+308
        },
        {
          "kind": "condition_range",
          "text": "i in [0, 0] when i == 0",
          "confidence": "high",
          "line": 21,
          "evidence": "i == 0",
          "symbol": "i",
          "min": 0.0,
          "max": 0.0
        },
        {
          "kind": "condition_range",
          "text": "i in [1, 1] when i == 1",
          "confidence": "high",
          "line": 26,
          "evidence": "i == 1",
          "symbol": "i",
          "min": 1.0,
          "max": 1.0
        },
        {
          "kind": "branch_condition",
          "text": "inside if branch: i==0",
          "confidence": "high",
          "line": 21,
          "evidence": "i==0",
          "identifiers": [
            "i"
          ]
        },
        {
          "kind": "branch_condition",
          "text": "inside if branch: i==1",
          "confidence": "high",
          "line": 26,
          "evidence": "i==1",
          "identifiers": [
            "i"
          ]
        },
        {
          "kind": "assignment_value",
          "text": "x may be assigned 0.0",
          "confidence": "high",
          "line": 13,
          "evidence": "x = 0.0",
          "symbol": "x",
          "value": "0.0"
        },
        {
          "kind": "reset",
          "text": "x is reset to 0",
          "confidence": "high",
          "line": 13,
          "evidence": "x = 0.0",
          "symbol": "x"
        },
        {
          "kind": "assignment_value",
          "text": "Tn1 may be assigned 0.0",
          "confidence": "high",
          "line": 16,
          "evidence": "Tn1 = 0.0",
          "symbol": "Tn1",
          "value": "0.0"
        },
        {
          "kind": "reset",
          "text": "Tn1 is reset to 0",
          "confidence": "high",
          "line": 16,
          "evidence": "Tn1 = 0.0",
          "symbol": "Tn1"
        },
        {
          "kind": "assignment_value",
          "text": "Tn may be assigned 0.0",
          "confidence": "high",
          "line": 17,
          "evidence": "Tn = 0.0",
          "symbol": "Tn",
          "value": "0.0"
        },
        {
          "kind": "reset",
          "text": "Tn is reset to 0",
          "confidence": "high",
          "line": 17,
          "evidence": "Tn = 0.0",
          "symbol": "Tn"
        },
        {
          "kind": "assignment_value",
          "text": "i may be assigned 0",
          "confidence": "high",
          "line": 19,
          "evidence": "i = 0",
          "symbol": "i",
          "value": "0"
        },
        {
          "kind": "reset",
          "text": "i is reset to 0",
          "confidence": "high",
          "line": 19,
          "evidence": "i = 0",
          "symbol": "i"
        },
        {
          "kind": "counter_update",
          "text": "i is nondecreasing at this update",
          "confidence": "medium",
          "line": 19,
          "evidence": "i ++",
          "symbol": "i",
          "direction": "nondecreasing"
        },
        {
          "kind": "assignment_value",
          "text": "Tn1 may be assigned 0.0",
          "confidence": "high",
          "line": 23,
          "evidence": "Tn1 = 0.0",
          "symbol": "Tn1",
          "value": "0.0"
        },
        {
          "kind": "reset",
          "text": "Tn1 is reset to 0",
          "confidence": "high",
          "line": 23,
          "evidence": "Tn1 = 0.0",
          "symbol": "Tn1"
        },
        {
          "kind": "assignment_value",
          "text": "Tn may be assigned 1.0",
          "confidence": "high",
          "line": 24,
          "evidence": "Tn = 1.0",
          "symbol": "Tn",
          "value": "1.0"
        },
        {
          "kind": "assigned_value_set",
          "text": "Tn assigned values are subset of {0.0, 1.0}",
          "confidence": "medium",
          "evidence": "literal/macro assignments",
          "symbol": "Tn",
          "values": [
            "0.0",
            "1.0"
          ]
        },
        {
          "kind": "modifies_symbols",
          "text": "function may assign symbols: Tmp, Tn, Tn1, i, x",
          "confidence": "medium",
          "evidence": "assignments",
          "symbols": [
            "Tmp",
            "Tn",
            "Tn1",
            "i",
            "x"
          ]
        }
      ],
      "summary": {
        "requires_observed": [
          "inside if branch: i==0",
          "inside if branch: i==1"
        ],
        "modifies": [],
        "ensures_observed": [
          "C in [-1.79769e+308, 1.79769e+308]",
          "Tmp in [-1.79769e+308, 1.79769e+308]",
          "Tn in [-1.79769e+308, 1.79769e+308]",
          "Tn1 in [-1.79769e+308, 1.79769e+308]",
          "i in [-2147483648, 2147483648]",
          "n in [-2147483648, 2147483647]",
          "tao in [-1.79769e+308, 1.79769e+308]",
          "x in [-1.79769e+308, 1.79769e+308]",
          "x is reset to 0",
          "Tn1 is reset to 0",
          "Tn is reset to 0",
          "i is reset to 0",
          "Tn1 is reset to 0",
          "Tn assigned values are subset of {0.0, 1.0}"
        ],
        "calls": [],
        "undefined_calls": []
      }
    }
  ],
  "relations": {
    "call_graph": [],
    "field_accesses": [],
    "state_transitions": [],
    "missing_local_includes": [],
    "unresolved_calls": {}
  },
  "invariants": {
    "project": []
  }
}
