# No-Compile Static Analysis Log

Root: /home/hp/文档/output/CE7-FYQ-src_flat_out/CduToSmuFramePack/IP_CduToSmuFramePack.c
Files: 1
Functions: 1
Call edges: 2
Field accesses: 16
Unresolved calls: 2
Missing local includes: 0
Function invariants: 15
Project invariants: 2

## Missing Local Includes
- none

## Duplicate Function Definitions
- none

## Unresolved Calls
- CduToSmuFrameDataPack: CduToSmuFramePack@IP_CduToSmuFramePack.c:34
- CheckSumAdd08: CduToSmuFramePack@IP_CduToSmuFramePack.c:37

## Call Graph
- CduToSmuFramePack -> CduToSmuFrameDataPack?, CheckSumAdd08?

## State Transitions
- none

## Field Access Summary
- frameCduSend->data: read=4 write=9 read_write=0 functions=CduToSmuFramePack
- frameCduSend->frmNum: read=2 write=1 read_write=0 functions=CduToSmuFramePack

## Project Invariants
- [project_state_field/medium] frameCduSend->data is read and written (field summary)
- [project_state_field/medium] frameCduSend->frmNum is read and written (field summary)

## Function Details
### CduToSmuFramePack (IP_CduToSmuFramePack.c:7)
- params: SFrameCduSend *frameCduSend
- locals: none
- calls: CduToSmuFrameDataPack, CheckSumAdd08
- undefined_calls: CduToSmuFrameDataPack, CheckSumAdd08
- reads: CheckSumAdd08, SMU_LVDS_ADDR_CDU, SMU_LVDS_ADDR_SMU, SMU_LVDS_SEND_FRAME_LEN, data, frmNum
- writes: frameCduSend
- summary.modifies: frameCduSend->data, frameCduSend->frmNum
- summary.ensures_observed:
  - frameCduSend->data[0] in [235, 235]
  - frameCduSend->data[1] in [149, 149]
  - frameCduSend->data[4] in [3, 3]
  - frameCduSend->data[5] in [249, 249]
  - frameCduSend->data[6] in [68, 68]
- invariants:
  - [value_range/medium] frameCduSend->data[0] in [235, 235] (literal@11)
  - [value_range/medium] frameCduSend->data[1] in [149, 149] (literal@12)
  - [value_range/medium] frameCduSend->data[4] in [3, 3] (literal@21)
  - [value_range/medium] frameCduSend->data[5] in [249, 249] (literal@22)
  - [value_range/medium] frameCduSend->data[6] in [68, 68] (literal@25)
  - [assignment_value/high]@11 frameCduSend->data[0] may be assigned 0xEB (frameCduSend->data[0] = 0xEB)
  - [assignment_value/high]@12 frameCduSend->data[1] may be assigned 0x95 (frameCduSend->data[1] = 0x95)
  - [assignment_value/high]@15 frameCduSend->data[2] may be assigned SMU_LVDS_ADDR_SMU (frameCduSend->data[2] = SMU_LVDS_ADDR_SMU)
  - [assignment_value/high]@18 frameCduSend->data[3] may be assigned SMU_LVDS_ADDR_CDU (frameCduSend->data[3] = SMU_LVDS_ADDR_CDU)
  - [assignment_value/high]@21 frameCduSend->data[4] may be assigned 0x03 (frameCduSend->data[4] = 0x03)
  - [assignment_value/high]@22 frameCduSend->data[5] may be assigned 0xF9 (frameCduSend->data[5] = 0xF9)
  - [assignment_value/high]@25 frameCduSend->data[6] may be assigned 0x44 (frameCduSend->data[6] = 0x44)
  - [modifies_fields/high] function may modify fields: frameCduSend->data, frameCduSend->frmNum (field writes)
  - [reads_fields/high] function may read fields: frameCduSend->data, frameCduSend->frmNum (field reads)
  - [modifies_symbols/medium] function may assign symbols: frameCduSend->data[0], frameCduSend->data[1], frameCduSend->data[2], frameCduSend->data[3], frameCduSend->data[4], frameCduSend->data[5], frameCduSend->data[6], frameCduSend->data[9], frameCduSend->data[SMU_LVDS_SEND_FRAME_LEN-1], frameCduSend->frmNum (assignments)
- value_ranges:
  - frameCduSend->data[0]: [235, 235] (literal@11)
  - frameCduSend->data[1]: [149, 149] (literal@12)
  - frameCduSend->data[4]: [3, 3] (literal@21)
  - frameCduSend->data[5]: [249, 249] (literal@22)
  - frameCduSend->data[6]: [68, 68] (literal@25)
- assignments:
  - 11: frameCduSend->data[0] = <literal/unknown>
  - 12: frameCduSend->data[1] = <literal/unknown>
  - 15: frameCduSend->data[2] = SMU_LVDS_ADDR_SMU
  - 18: frameCduSend->data[3] = SMU_LVDS_ADDR_CDU
  - 21: frameCduSend->data[4] = <literal/unknown>
  - 22: frameCduSend->data[5] = <literal/unknown>
  - 25: frameCduSend->data[6] = <literal/unknown>
  - 28: frameCduSend->data[9] = frameCduSend,frmNum
  - 29: frameCduSend->frmNum = frameCduSend,frmNum
  - 37: frameCduSend->data[SMU_LVDS_SEND_FRAME_LEN-1] = CheckSumAdd08,SMU_LVDS_SEND_FRAME_LEN,data,frameCduSend

## JSON
{
  "root": "/home/hp/文档/output/CE7-FYQ-src_flat_out/CduToSmuFramePack/IP_CduToSmuFramePack.c",
  "files": [
    {
      "file": "/home/hp/文档/output/CE7-FYQ-src_flat_out/CduToSmuFramePack/IP_CduToSmuFramePack.c",
      "lines": 51,
      "includes": [
        {
          "name": "IP_CduToSmuFramePack.h",
          "kind": "local",
          "line": 1,
          "resolved": "/home/hp/文档/output/CE7-FYQ-src_flat_out/CduToSmuFramePack/IP_CduToSmuFramePack.h"
        }
      ],
      "macros": [],
      "typedefs": [],
      "globals": [],
      "functions": [
        {
          "name": "CduToSmuFramePack",
          "line": 7,
          "params": [
            "SFrameCduSend *frameCduSend"
          ]
        }
      ]
    }
  ],
  "summary": {
    "file_count": 1,
    "function_count": 1,
    "defined_function_count": 1,
    "declared_function_count": 0,
    "macro_count": 0,
    "typedef_count": 0,
    "global_count": 0,
    "call_edge_count": 2,
    "unresolved_call_count": 2,
    "field_access_count": 16,
    "missing_local_include_count": 0,
    "function_invariant_count": 15,
    "project_invariant_count": 2
  },
  "symbols": {
    "defined_functions": {
      "CduToSmuFramePack": [
        {
          "file": "/home/hp/文档/output/CE7-FYQ-src_flat_out/CduToSmuFramePack/IP_CduToSmuFramePack.c",
          "line": 7
        }
      ]
    },
    "declared_functions": {},
    "macros": {},
    "typedefs": {},
    "enum_constants": [],
    "globals": {},
    "struct_fields": {},
    "duplicate_functions": {}
  },
  "functions": [
    {
      "file": "/home/hp/文档/output/CE7-FYQ-src_flat_out/CduToSmuFramePack/IP_CduToSmuFramePack.c",
      "name": "CduToSmuFramePack",
      "line": 7,
      "return_type": "void",
      "params": [
        "SFrameCduSend *frameCduSend"
      ],
      "locals": [],
      "calls": [
        {
          "name": "CduToSmuFrameDataPack",
          "line": 34,
          "kind": "function",
          "resolved": false
        },
        {
          "name": "CheckSumAdd08",
          "line": 37,
          "kind": "function",
          "resolved": false
        }
      ],
      "assignments": [
        {
          "line": 11,
          "lhs": "frameCduSend->data[0]",
          "operator": "=",
          "rhs": "0xEB",
          "rhs_identifiers": []
        },
        {
          "line": 12,
          "lhs": "frameCduSend->data[1]",
          "operator": "=",
          "rhs": "0x95",
          "rhs_identifiers": []
        },
        {
          "line": 15,
          "lhs": "frameCduSend->data[2]",
          "operator": "=",
          "rhs": "SMU_LVDS_ADDR_SMU",
          "rhs_identifiers": [
            "SMU_LVDS_ADDR_SMU"
          ]
        },
        {
          "line": 18,
          "lhs": "frameCduSend->data[3]",
          "operator": "=",
          "rhs": "SMU_LVDS_ADDR_CDU",
          "rhs_identifiers": [
            "SMU_LVDS_ADDR_CDU"
          ]
        },
        {
          "line": 21,
          "lhs": "frameCduSend->data[4]",
          "operator": "=",
          "rhs": "0x03",
          "rhs_identifiers": []
        },
        {
          "line": 22,
          "lhs": "frameCduSend->data[5]",
          "operator": "=",
          "rhs": "0xF9",
          "rhs_identifiers": []
        },
        {
          "line": 25,
          "lhs": "frameCduSend->data[6]",
          "operator": "=",
          "rhs": "0x44",
          "rhs_identifiers": []
        },
        {
          "line": 28,
          "lhs": "frameCduSend->data[9]",
          "operator": "=",
          "rhs": "frameCduSend->frmNum",
          "rhs_identifiers": [
            "frameCduSend",
            "frmNum"
          ]
        },
        {
          "line": 29,
          "lhs": "frameCduSend->frmNum",
          "operator": "=",
          "rhs": "(frameCduSend->frmNum + 1u) & 0xFFu",
          "rhs_identifiers": [
            "frameCduSend",
            "frmNum"
          ]
        },
        {
          "line": 37,
          "lhs": "frameCduSend->data[SMU_LVDS_SEND_FRAME_LEN-1]",
          "operator": "=",
          "rhs": "CheckSumAdd08(&frameCduSend->data[6], (SMU_LVDS_SEND_FRAME_LEN-7))",
          "rhs_identifiers": [
            "CheckSumAdd08",
            "SMU_LVDS_SEND_FRAME_LEN",
            "data",
            "frameCduSend"
          ]
        }
      ],
      "conditions": [],
      "switch_cases": [],
      "field_accesses": [
        {
          "line": 11,
          "object": "frameCduSend",
          "operator": "->",
          "field": "data",
          "access": "write",
          "name": "frameCduSend->data"
        },
        {
          "line": 12,
          "object": "frameCduSend",
          "operator": "->",
          "field": "data",
          "access": "write",
          "name": "frameCduSend->data"
        },
        {
          "line": 15,
          "object": "frameCduSend",
          "operator": "->",
          "field": "data",
          "access": "write",
          "name": "frameCduSend->data"
        },
        {
          "line": 18,
          "object": "frameCduSend",
          "operator": "->",
          "field": "data",
          "access": "write",
          "name": "frameCduSend->data"
        },
        {
          "line": 21,
          "object": "frameCduSend",
          "operator": "->",
          "field": "data",
          "access": "write",
          "name": "frameCduSend->data"
        },
        {
          "line": 22,
          "object": "frameCduSend",
          "operator": "->",
          "field": "data",
          "access": "write",
          "name": "frameCduSend->data"
        },
        {
          "line": 25,
          "object": "frameCduSend",
          "operator": "->",
          "field": "data",
          "access": "write",
          "name": "frameCduSend->data"
        },
        {
          "line": 28,
          "object": "frameCduSend",
          "operator": "->",
          "field": "data",
          "access": "write",
          "name": "frameCduSend->data"
        },
        {
          "line": 28,
          "object": "frameCduSend",
          "operator": "->",
          "field": "frmNum",
          "access": "read",
          "name": "frameCduSend->frmNum"
        },
        {
          "line": 29,
          "object": "frameCduSend",
          "operator": "->",
          "field": "frmNum",
          "access": "write",
          "name": "frameCduSend->frmNum"
        },
        {
          "line": 29,
          "object": "frameCduSend",
          "operator": "->",
          "field": "frmNum",
          "access": "read",
          "name": "frameCduSend->frmNum"
        },
        {
          "line": 34,
          "object": "frameCduSend",
          "operator": "->",
          "field": "data",
          "access": "read",
          "name": "frameCduSend->data"
        },
        {
          "line": 34,
          "object": "frameCduSend",
          "operator": "->",
          "field": "data",
          "access": "read",
          "name": "frameCduSend->data"
        },
        {
          "line": 34,
          "object": "frameCduSend",
          "operator": "->",
          "field": "data",
          "access": "read",
          "name": "frameCduSend->data"
        },
        {
          "line": 37,
          "object": "frameCduSend",
          "operator": "->",
          "field": "data",
          "access": "write",
          "name": "frameCduSend->data"
        },
        {
          "line": 37,
          "object": "frameCduSend",
          "operator": "->",
          "field": "data",
          "access": "read",
          "name": "frameCduSend->data"
        }
      ],
      "returns": [
        {
          "line": 39,
          "expression": "",
          "identifiers": []
        }
      ],
      "macro_uses": [
        {
          "name": "SMU_LVDS_ADDR_CDU",
          "line": 18,
          "known": false
        },
        {
          "name": "SMU_LVDS_ADDR_SMU",
          "line": 15,
          "known": false
        },
        {
          "name": "SMU_LVDS_SEND_FRAME_LEN",
          "line": 37,
          "known": false
        },
        {
          "name": "SMU_LVDS_SEND_FRAME_LEN",
          "line": 37,
          "known": false
        }
      ],
      "type_uses": [],
      "value_ranges": [
        {
          "symbol": "frameCduSend->data[0]",
          "range": "[235, 235]",
          "min": 235.0,
          "max": 235.0,
          "evidence": [
            "literal@11"
          ]
        },
        {
          "symbol": "frameCduSend->data[1]",
          "range": "[149, 149]",
          "min": 149.0,
          "max": 149.0,
          "evidence": [
            "literal@12"
          ]
        },
        {
          "symbol": "frameCduSend->data[4]",
          "range": "[3, 3]",
          "min": 3.0,
          "max": 3.0,
          "evidence": [
            "literal@21"
          ]
        },
        {
          "symbol": "frameCduSend->data[5]",
          "range": "[249, 249]",
          "min": 249.0,
          "max": 249.0,
          "evidence": [
            "literal@22"
          ]
        },
        {
          "symbol": "frameCduSend->data[6]",
          "range": "[68, 68]",
          "min": 68.0,
          "max": 68.0,
          "evidence": [
            "literal@25"
          ]
        }
      ],
      "condition_ranges": [],
      "reads": [
        "CheckSumAdd08",
        "SMU_LVDS_ADDR_CDU",
        "SMU_LVDS_ADDR_SMU",
        "SMU_LVDS_SEND_FRAME_LEN",
        "data",
        "frmNum"
      ],
      "writes": [
        "frameCduSend"
      ],
      "global_reads": [],
      "global_writes": [],
      "input_fields": [
        "frameCduSend->data",
        "frameCduSend->frmNum"
      ],
      "output_fields": [
        "frameCduSend->data",
        "frameCduSend->frmNum"
      ],
      "undefined_calls": [
        "CduToSmuFrameDataPack",
        "CheckSumAdd08"
      ],
      "invariants": [
        {
          "kind": "value_range",
          "text": "frameCduSend->data[0] in [235, 235]",
          "confidence": "medium",
          "evidence": "literal@11",
          "symbol": "frameCduSend->data[0]",
          "min": 235.0,
          "max": 235.0
        },
        {
          "kind": "value_range",
          "text": "frameCduSend->data[1] in [149, 149]",
          "confidence": "medium",
          "evidence": "literal@12",
          "symbol": "frameCduSend->data[1]",
          "min": 149.0,
          "max": 149.0
        },
        {
          "kind": "value_range",
          "text": "frameCduSend->data[4] in [3, 3]",
          "confidence": "medium",
          "evidence": "literal@21",
          "symbol": "frameCduSend->data[4]",
          "min": 3.0,
          "max": 3.0
        },
        {
          "kind": "value_range",
          "text": "frameCduSend->data[5] in [249, 249]",
          "confidence": "medium",
          "evidence": "literal@22",
          "symbol": "frameCduSend->data[5]",
          "min": 249.0,
          "max": 249.0
        },
        {
          "kind": "value_range",
          "text": "frameCduSend->data[6] in [68, 68]",
          "confidence": "medium",
          "evidence": "literal@25",
          "symbol": "frameCduSend->data[6]",
          "min": 68.0,
          "max": 68.0
        },
        {
          "kind": "assignment_value",
          "text": "frameCduSend->data[0] may be assigned 0xEB",
          "confidence": "high",
          "line": 11,
          "evidence": "frameCduSend->data[0] = 0xEB",
          "symbol": "frameCduSend->data[0]",
          "value": "0xEB"
        },
        {
          "kind": "assignment_value",
          "text": "frameCduSend->data[1] may be assigned 0x95",
          "confidence": "high",
          "line": 12,
          "evidence": "frameCduSend->data[1] = 0x95",
          "symbol": "frameCduSend->data[1]",
          "value": "0x95"
        },
        {
          "kind": "assignment_value",
          "text": "frameCduSend->data[2] may be assigned SMU_LVDS_ADDR_SMU",
          "confidence": "high",
          "line": 15,
          "evidence": "frameCduSend->data[2] = SMU_LVDS_ADDR_SMU",
          "symbol": "frameCduSend->data[2]",
          "value": "SMU_LVDS_ADDR_SMU"
        },
        {
          "kind": "assignment_value",
          "text": "frameCduSend->data[3] may be assigned SMU_LVDS_ADDR_CDU",
          "confidence": "high",
          "line": 18,
          "evidence": "frameCduSend->data[3] = SMU_LVDS_ADDR_CDU",
          "symbol": "frameCduSend->data[3]",
          "value": "SMU_LVDS_ADDR_CDU"
        },
        {
          "kind": "assignment_value",
          "text": "frameCduSend->data[4] may be assigned 0x03",
          "confidence": "high",
          "line": 21,
          "evidence": "frameCduSend->data[4] = 0x03",
          "symbol": "frameCduSend->data[4]",
          "value": "0x03"
        },
        {
          "kind": "assignment_value",
          "text": "frameCduSend->data[5] may be assigned 0xF9",
          "confidence": "high",
          "line": 22,
          "evidence": "frameCduSend->data[5] = 0xF9",
          "symbol": "frameCduSend->data[5]",
          "value": "0xF9"
        },
        {
          "kind": "assignment_value",
          "text": "frameCduSend->data[6] may be assigned 0x44",
          "confidence": "high",
          "line": 25,
          "evidence": "frameCduSend->data[6] = 0x44",
          "symbol": "frameCduSend->data[6]",
          "value": "0x44"
        },
        {
          "kind": "modifies_fields",
          "text": "function may modify fields: frameCduSend->data, frameCduSend->frmNum",
          "confidence": "high",
          "evidence": "field writes",
          "fields": [
            "frameCduSend->data",
            "frameCduSend->frmNum"
          ]
        },
        {
          "kind": "reads_fields",
          "text": "function may read fields: frameCduSend->data, frameCduSend->frmNum",
          "confidence": "high",
          "evidence": "field reads",
          "fields": [
            "frameCduSend->data",
            "frameCduSend->frmNum"
          ]
        },
        {
          "kind": "modifies_symbols",
          "text": "function may assign symbols: frameCduSend->data[0], frameCduSend->data[1], frameCduSend->data[2], frameCduSend->data[3], frameCduSend->data[4], frameCduSend->data[5], frameCduSend->data[6], frameCduSend->data[9], frameCduSend->data[SMU_LVDS_SEND_FRAME_LEN-1], frameCduSend->frmNum",
          "confidence": "medium",
          "evidence": "assignments",
          "symbols": [
            "frameCduSend->data[0]",
            "frameCduSend->data[1]",
            "frameCduSend->data[2]",
            "frameCduSend->data[3]",
            "frameCduSend->data[4]",
            "frameCduSend->data[5]",
            "frameCduSend->data[6]",
            "frameCduSend->data[9]",
            "frameCduSend->data[SMU_LVDS_SEND_FRAME_LEN-1]",
            "frameCduSend->frmNum"
          ]
        }
      ],
      "summary": {
        "requires_observed": [],
        "modifies": [
          "frameCduSend->data",
          "frameCduSend->frmNum"
        ],
        "ensures_observed": [
          "frameCduSend->data[0] in [235, 235]",
          "frameCduSend->data[1] in [149, 149]",
          "frameCduSend->data[4] in [3, 3]",
          "frameCduSend->data[5] in [249, 249]",
          "frameCduSend->data[6] in [68, 68]"
        ],
        "calls": [
          "CduToSmuFrameDataPack",
          "CheckSumAdd08"
        ],
        "undefined_calls": [
          "CduToSmuFrameDataPack",
          "CheckSumAdd08"
        ]
      }
    }
  ],
  "relations": {
    "call_graph": [
      {
        "caller": "CduToSmuFramePack",
        "callee": "CduToSmuFrameDataPack",
        "file": "/home/hp/文档/output/CE7-FYQ-src_flat_out/CduToSmuFramePack/IP_CduToSmuFramePack.c",
        "line": 34,
        "kind": "function",
        "resolved": false
      },
      {
        "caller": "CduToSmuFramePack",
        "callee": "CheckSumAdd08",
        "file": "/home/hp/文档/output/CE7-FYQ-src_flat_out/CduToSmuFramePack/IP_CduToSmuFramePack.c",
        "line": 37,
        "kind": "function",
        "resolved": false
      }
    ],
    "field_accesses": [
      {
        "name": "frameCduSend->data",
        "reads": 4,
        "writes": 9,
        "read_writes": 0,
        "functions": [
          "CduToSmuFramePack"
        ],
        "readers": [
          "CduToSmuFramePack"
        ],
        "writers": [
          "CduToSmuFramePack"
        ]
      },
      {
        "name": "frameCduSend->frmNum",
        "reads": 2,
        "writes": 1,
        "read_writes": 0,
        "functions": [
          "CduToSmuFramePack"
        ],
        "readers": [
          "CduToSmuFramePack"
        ],
        "writers": [
          "CduToSmuFramePack"
        ]
      }
    ],
    "state_transitions": [],
    "missing_local_includes": [],
    "unresolved_calls": {
      "CduToSmuFrameDataPack": [
        {
          "caller": "CduToSmuFramePack",
          "file": "/home/hp/文档/output/CE7-FYQ-src_flat_out/CduToSmuFramePack/IP_CduToSmuFramePack.c",
          "line": 34
        }
      ],
      "CheckSumAdd08": [
        {
          "caller": "CduToSmuFramePack",
          "file": "/home/hp/文档/output/CE7-FYQ-src_flat_out/CduToSmuFramePack/IP_CduToSmuFramePack.c",
          "line": 37
        }
      ]
    }
  },
  "invariants": {
    "project": [
      {
        "kind": "project_state_field",
        "text": "frameCduSend->data is read and written",
        "confidence": "medium",
        "evidence": "field summary",
        "field": "frameCduSend->data",
        "readers": [
          "CduToSmuFramePack"
        ],
        "writers": [
          "CduToSmuFramePack"
        ]
      },
      {
        "kind": "project_state_field",
        "text": "frameCduSend->frmNum is read and written",
        "confidence": "medium",
        "evidence": "field summary",
        "field": "frameCduSend->frmNum",
        "readers": [
          "CduToSmuFramePack"
        ],
        "writers": [
          "CduToSmuFramePack"
        ]
      }
    ]
  }
}
