===== source2fsm batch debug =====
name: CruDataFlyUnpackQ
source: IP_CruDataFlyUnpackQ.c
source directory: /home/hp/文档/output/CE7-FYQ-src_flat_out/CruDataFlyUnpackQ
output directory: /home/hp/文档/output/CE7-FYQ-src_flat_out/CruDataFlyUnpackQ
copied input .c files:
  IP_CruDataFlyUnpackQ.c
===== docker output =====
source-only mode: /work/input/IP_CruDataFlyUnpackQ.c
source-only cfg
function "CruDataFlyUnpackQ" found
nodes: 16
edges: 19
dot: /work/output/.CruDataFlyUnpackQ.dot
cfg nodes:
  n0 [basic] float64 tmpQS; | tmpQS = sAttiData.q.q4[0]*sAttiData.q.q4[0] + | sAttiData.q.q4[1]*sAttiData.q.q4[1] + sAttiData.q.q4[2]*sAttiData.q.q4[2];
  n1 [if] if (tmpQS > 0.99999)
  n2 [basic] tmpQS = 0.99999;
  n3 [basic] sAttiData.q.q4[3] = Sqrtx((1.0 - tmpQS)); | tmpQS = sAttiData.q0.q4[0]*sAttiData.q0.q4[0] + | sAttiData.q0.q4[1]*sAttiData.q0.q4[1] + | sAttiData.q0.q4[2]*sAttiData.q0.q4[2];
  n4 [if] if (tmpQS > 0.99999)
  n5 [basic] tmpQS = 0.99999;
  n6 [basic] sAttiData.q0.q4[3] = Sqrtx((1.0 - tmpQS)); | tmpQS = sAttiData.qGI.q4[0]*sAttiData.qGI.q4[0] + | sAttiData.qGI.q4[1]*sAttiData.qGI.q4[1] + | sAttiData.qGI.q4[2]*sAttiData.qGI.q4[2];
  n7 [if] if (tmpQS > 0.99999)
  n8 [basic] tmpQS = 0.99999;
  n9 [basic] sAttiData.qGI.q4[3] = Sqrtx((1.0 - tmpQS)); | tmpQS = sNaviParam.qME[0]*sNaviParam.qME[0] + | sNaviParam.qME[1]*sNaviParam.qME[1] + sNaviParam.qME[2]*sNaviParam.qME[2];
  n10 [if] if (tmpQS > 0.99999)
  n11 [basic] tmpQS = 0.99999;
  n12 [terminal] sNaviParam.qME[3] = Sqrtx((1.0 - tmpQS)); | return;
png: /work/output/CruDataFlyUnpackQ.png
