# No-Compile Static Analysis Log

Root: /home/hp/文档/output/CE7-FYQ-src_flat_out/CruDataFlyUnpackQ/IP_CruDataFlyUnpackQ.c
Files: 1
Functions: 1
Call edges: 4
Field accesses: 28
Unresolved calls: 1
Missing local includes: 0
Function invariants: 16
Project invariants: 4

## Missing Local Includes
- none

## Duplicate Function Definitions
- none

## Unresolved Calls
- Sqrtx: CruDataFlyUnpackQ@IP_CruDataFlyUnpackQ.c:16, CruDataFlyUnpackQ@IP_CruDataFlyUnpackQ.c:23, CruDataFlyUnpackQ@IP_CruDataFlyUnpackQ.c:30, CruDataFlyUnpackQ@IP_CruDataFlyUnpackQ.c:37

## Call Graph
- CruDataFlyUnpackQ -> Sqrtx? x4

## State Transitions
- none

## Field Access Summary
- sAttiData.q: read=7 write=0 read_write=0 functions=CruDataFlyUnpackQ
- sAttiData.q0: read=7 write=0 read_write=0 functions=CruDataFlyUnpackQ
- sAttiData.qGI: read=7 write=0 read_write=0 functions=CruDataFlyUnpackQ
- sNaviParam.qME: read=6 write=1 read_write=0 functions=CruDataFlyUnpackQ

## Project Invariants
- [project_input_field/medium] sAttiData.q is only read by CruDataFlyUnpackQ (field summary)
- [project_input_field/medium] sAttiData.q0 is only read by CruDataFlyUnpackQ (field summary)
- [project_input_field/medium] sAttiData.qGI is only read by CruDataFlyUnpackQ (field summary)
- [project_state_field/medium] sNaviParam.qME is read and written (field summary)

## Function Details
### CruDataFlyUnpackQ (IP_CruDataFlyUnpackQ.c:7)
- params: void
- locals: tmpQS
- calls: Sqrtx, Sqrtx, Sqrtx, Sqrtx
- undefined_calls: Sqrtx
- reads: Sqrtx, q, q0, q4, qGI, qME, sAttiData, sNaviParam
- writes: q, q0, qGI, sNaviParam, tmpQS
- summary.modifies: sNaviParam.qME
- summary.ensures_observed:
  - tmpQS in [-1.79769e+308, 1.79769e+308]
- invariants:
  - [value_range/medium] tmpQS in [-1.79769e+308, 1.79769e+308] (decl float64@8; literal@14; literal@21; literal@28; literal@35)
  - [condition_range/high]@12 tmpQS in [1.99999, 1.79769e+308] when tmpQS > 0.99999 (tmpQS > 0.99999)
  - [condition_range/high]@19 tmpQS in [1.99999, 1.79769e+308] when tmpQS > 0.99999 (tmpQS > 0.99999)
  - [condition_range/high]@26 tmpQS in [1.99999, 1.79769e+308] when tmpQS > 0.99999 (tmpQS > 0.99999)
  - [condition_range/high]@33 tmpQS in [1.99999, 1.79769e+308] when tmpQS > 0.99999 (tmpQS > 0.99999)
  - [branch_condition/high]@12 inside if branch: tmpQS > 0.99999 (tmpQS > 0.99999)
  - [branch_condition/high]@19 inside if branch: tmpQS > 0.99999 (tmpQS > 0.99999)
  - [branch_condition/high]@26 inside if branch: tmpQS > 0.99999 (tmpQS > 0.99999)
  - [branch_condition/high]@33 inside if branch: tmpQS > 0.99999 (tmpQS > 0.99999)
  - [assignment_value/high]@14 tmpQS may be assigned 0.99999 (tmpQS = 0.99999)
  - [assignment_value/high]@21 tmpQS may be assigned 0.99999 (tmpQS = 0.99999)
  - [assignment_value/high]@28 tmpQS may be assigned 0.99999 (tmpQS = 0.99999)
  - [assignment_value/high]@35 tmpQS may be assigned 0.99999 (tmpQS = 0.99999)
  - [modifies_fields/high] function may modify fields: sNaviParam.qME (field writes)
  - [reads_fields/high] function may read fields: sAttiData.q, sAttiData.q0, sAttiData.qGI, sNaviParam.qME (field reads)
  - [modifies_symbols/medium] function may assign symbols: q.q4[3], q0.q4[3], qGI.q4[3], sNaviParam.qME[3], tmpQS (assignments)
- value_ranges:
  - tmpQS: [-1.79769e+308, 1.79769e+308] (decl float64@8; literal@14; literal@21; literal@28; +1 more)
- condition_ranges:
  - tmpQS: [1.99999, 1.79769e+308] when tmpQS > 0.99999@12
  - tmpQS: [1.99999, 1.79769e+308] when tmpQS > 0.99999@19
  - tmpQS: [1.99999, 1.79769e+308] when tmpQS > 0.99999@26
  - tmpQS: [1.99999, 1.79769e+308] when tmpQS > 0.99999@33
- conditions:
  - if@12: tmpQS > 0.99999
  - if@19: tmpQS > 0.99999
  - if@26: tmpQS > 0.99999
  - if@33: tmpQS > 0.99999
- assignments:
  - 11: tmpQS = q,q4,sAttiData
  - 14: tmpQS = <literal/unknown>
  - 16: q.q4[3] = Sqrtx,tmpQS
  - 18: tmpQS = q0,q4,sAttiData
  - 21: tmpQS = <literal/unknown>
  - 23: q0.q4[3] = Sqrtx,tmpQS
  - 25: tmpQS = q4,qGI,sAttiData
  - 28: tmpQS = <literal/unknown>
  - 30: qGI.q4[3] = Sqrtx,tmpQS
  - 32: tmpQS = qME,sNaviParam
  - 35: tmpQS = <literal/unknown>
  - 37: sNaviParam.qME[3] = Sqrtx,tmpQS

## JSON
{
  "root": "/home/hp/文档/output/CE7-FYQ-src_flat_out/CruDataFlyUnpackQ/IP_CruDataFlyUnpackQ.c",
  "files": [
    {
      "file": "/home/hp/文档/output/CE7-FYQ-src_flat_out/CruDataFlyUnpackQ/IP_CruDataFlyUnpackQ.c",
      "lines": 41,
      "includes": [
        {
          "name": "IP_CruDataFlyUnpackQ.h",
          "kind": "local",
          "line": 1,
          "resolved": "/home/hp/文档/output/CE7-FYQ-src_flat_out/CruDataFlyUnpackQ/IP_CruDataFlyUnpackQ.h"
        }
      ],
      "macros": [],
      "typedefs": [],
      "globals": [],
      "functions": [
        {
          "name": "CruDataFlyUnpackQ",
          "line": 7,
          "params": []
        }
      ]
    }
  ],
  "summary": {
    "file_count": 1,
    "function_count": 1,
    "defined_function_count": 1,
    "declared_function_count": 0,
    "macro_count": 0,
    "typedef_count": 0,
    "global_count": 0,
    "call_edge_count": 4,
    "unresolved_call_count": 1,
    "field_access_count": 28,
    "missing_local_include_count": 0,
    "function_invariant_count": 16,
    "project_invariant_count": 4
  },
  "symbols": {
    "defined_functions": {
      "CruDataFlyUnpackQ": [
        {
          "file": "/home/hp/文档/output/CE7-FYQ-src_flat_out/CruDataFlyUnpackQ/IP_CruDataFlyUnpackQ.c",
          "line": 7
        }
      ]
    },
    "declared_functions": {},
    "macros": {},
    "typedefs": {},
    "enum_constants": [],
    "globals": {},
    "struct_fields": {},
    "duplicate_functions": {}
  },
  "functions": [
    {
      "file": "/home/hp/文档/output/CE7-FYQ-src_flat_out/CruDataFlyUnpackQ/IP_CruDataFlyUnpackQ.c",
      "name": "CruDataFlyUnpackQ",
      "line": 7,
      "return_type": "void",
      "params": [],
      "locals": [
        "tmpQS"
      ],
      "calls": [
        {
          "name": "Sqrtx",
          "line": 16,
          "kind": "function",
          "resolved": false
        },
        {
          "name": "Sqrtx",
          "line": 23,
          "kind": "function",
          "resolved": false
        },
        {
          "name": "Sqrtx",
          "line": 30,
          "kind": "function",
          "resolved": false
        },
        {
          "name": "Sqrtx",
          "line": 37,
          "kind": "function",
          "resolved": false
        }
      ],
      "assignments": [
        {
          "line": 11,
          "lhs": "tmpQS",
          "operator": "=",
          "rhs": "sAttiData.q.q4[0]*sAttiData.q.q4[0] + sAttiData.q.q4[1]*sAttiData.q.q4[1] + sAttiData.q.q4[2]*sAttiData.q.q4[2]",
          "rhs_identifiers": [
            "q",
            "q4",
            "sAttiData"
          ]
        },
        {
          "line": 14,
          "lhs": "tmpQS",
          "operator": "=",
          "rhs": "0.99999",
          "rhs_identifiers": []
        },
        {
          "line": 16,
          "lhs": "q.q4[3]",
          "operator": "=",
          "rhs": "Sqrtx((1.0 - tmpQS))",
          "rhs_identifiers": [
            "Sqrtx",
            "tmpQS"
          ]
        },
        {
          "line": 18,
          "lhs": "tmpQS",
          "operator": "=",
          "rhs": "sAttiData.q0.q4[0]*sAttiData.q0.q4[0] + sAttiData.q0.q4[1]*sAttiData.q0.q4[1] + sAttiData.q0.q4[2]*sAttiData.q0.q4[2]",
          "rhs_identifiers": [
            "q0",
            "q4",
            "sAttiData"
          ]
        },
        {
          "line": 21,
          "lhs": "tmpQS",
          "operator": "=",
          "rhs": "0.99999",
          "rhs_identifiers": []
        },
        {
          "line": 23,
          "lhs": "q0.q4[3]",
          "operator": "=",
          "rhs": "Sqrtx((1.0 - tmpQS))",
          "rhs_identifiers": [
            "Sqrtx",
            "tmpQS"
          ]
        },
        {
          "line": 25,
          "lhs": "tmpQS",
          "operator": "=",
          "rhs": "sAttiData.qGI.q4[0]*sAttiData.qGI.q4[0] + sAttiData.qGI.q4[1]*sAttiData.qGI.q4[1] + sAttiData.qGI.q4[2]*sAttiData.qGI.q4[2]",
          "rhs_identifiers": [
            "q4",
            "qGI",
            "sAttiData"
          ]
        },
        {
          "line": 28,
          "lhs": "tmpQS",
          "operator": "=",
          "rhs": "0.99999",
          "rhs_identifiers": []
        },
        {
          "line": 30,
          "lhs": "qGI.q4[3]",
          "operator": "=",
          "rhs": "Sqrtx((1.0 - tmpQS))",
          "rhs_identifiers": [
            "Sqrtx",
            "tmpQS"
          ]
        },
        {
          "line": 32,
          "lhs": "tmpQS",
          "operator": "=",
          "rhs": "sNaviParam.qME[0]*sNaviParam.qME[0] + sNaviParam.qME[1]*sNaviParam.qME[1] + sNaviParam.qME[2]*sNaviParam.qME[2]",
          "rhs_identifiers": [
            "qME",
            "sNaviParam"
          ]
        },
        {
          "line": 35,
          "lhs": "tmpQS",
          "operator": "=",
          "rhs": "0.99999",
          "rhs_identifiers": []
        },
        {
          "line": 37,
          "lhs": "sNaviParam.qME[3]",
          "operator": "=",
          "rhs": "Sqrtx((1.0 - tmpQS))",
          "rhs_identifiers": [
            "Sqrtx",
            "tmpQS"
          ]
        }
      ],
      "conditions": [
        {
          "line": 12,
          "kind": "if",
          "expression": "tmpQS > 0.99999",
          "identifiers": [
            "tmpQS"
          ]
        },
        {
          "line": 19,
          "kind": "if",
          "expression": "tmpQS > 0.99999",
          "identifiers": [
            "tmpQS"
          ]
        },
        {
          "line": 26,
          "kind": "if",
          "expression": "tmpQS > 0.99999",
          "identifiers": [
            "tmpQS"
          ]
        },
        {
          "line": 33,
          "kind": "if",
          "expression": "tmpQS > 0.99999",
          "identifiers": [
            "tmpQS"
          ]
        }
      ],
      "switch_cases": [],
      "field_accesses": [
        {
          "line": 11,
          "object": "sAttiData",
          "operator": ".",
          "field": "q",
          "access": "read",
          "name": "sAttiData.q"
        },
        {
          "line": 11,
          "object": "sAttiData",
          "operator": ".",
          "field": "q",
          "access": "read",
          "name": "sAttiData.q"
        },
        {
          "line": 11,
          "object": "sAttiData",
          "operator": ".",
          "field": "q",
          "access": "read",
          "name": "sAttiData.q"
        },
        {
          "line": 11,
          "object": "sAttiData",
          "operator": ".",
          "field": "q",
          "access": "read",
          "name": "sAttiData.q"
        },
        {
          "line": 11,
          "object": "sAttiData",
          "operator": ".",
          "field": "q",
          "access": "read",
          "name": "sAttiData.q"
        },
        {
          "line": 11,
          "object": "sAttiData",
          "operator": ".",
          "field": "q",
          "access": "read",
          "name": "sAttiData.q"
        },
        {
          "line": 16,
          "object": "sAttiData",
          "operator": ".",
          "field": "q",
          "access": "read",
          "name": "sAttiData.q"
        },
        {
          "line": 18,
          "object": "sAttiData",
          "operator": ".",
          "field": "q0",
          "access": "read",
          "name": "sAttiData.q0"
        },
        {
          "line": 18,
          "object": "sAttiData",
          "operator": ".",
          "field": "q0",
          "access": "read",
          "name": "sAttiData.q0"
        },
        {
          "line": 18,
          "object": "sAttiData",
          "operator": ".",
          "field": "q0",
          "access": "read",
          "name": "sAttiData.q0"
        },
        {
          "line": 18,
          "object": "sAttiData",
          "operator": ".",
          "field": "q0",
          "access": "read",
          "name": "sAttiData.q0"
        },
        {
          "line": 18,
          "object": "sAttiData",
          "operator": ".",
          "field": "q0",
          "access": "read",
          "name": "sAttiData.q0"
        },
        {
          "line": 18,
          "object": "sAttiData",
          "operator": ".",
          "field": "q0",
          "access": "read",
          "name": "sAttiData.q0"
        },
        {
          "line": 23,
          "object": "sAttiData",
          "operator": ".",
          "field": "q0",
          "access": "read",
          "name": "sAttiData.q0"
        },
        {
          "line": 25,
          "object": "sAttiData",
          "operator": ".",
          "field": "qGI",
          "access": "read",
          "name": "sAttiData.qGI"
        },
        {
          "line": 25,
          "object": "sAttiData",
          "operator": ".",
          "field": "qGI",
          "access": "read",
          "name": "sAttiData.qGI"
        },
        {
          "line": 25,
          "object": "sAttiData",
          "operator": ".",
          "field": "qGI",
          "access": "read",
          "name": "sAttiData.qGI"
        },
        {
          "line": 25,
          "object": "sAttiData",
          "operator": ".",
          "field": "qGI",
          "access": "read",
          "name": "sAttiData.qGI"
        },
        {
          "line": 25,
          "object": "sAttiData",
          "operator": ".",
          "field": "qGI",
          "access": "read",
          "name": "sAttiData.qGI"
        },
        {
          "line": 25,
          "object": "sAttiData",
          "operator": ".",
          "field": "qGI",
          "access": "read",
          "name": "sAttiData.qGI"
        },
        {
          "line": 30,
          "object": "sAttiData",
          "operator": ".",
          "field": "qGI",
          "access": "read",
          "name": "sAttiData.qGI"
        },
        {
          "line": 32,
          "object": "sNaviParam",
          "operator": ".",
          "field": "qME",
          "access": "read",
          "name": "sNaviParam.qME"
        },
        {
          "line": 32,
          "object": "sNaviParam",
          "operator": ".",
          "field": "qME",
          "access": "read",
          "name": "sNaviParam.qME"
        },
        {
          "line": 32,
          "object": "sNaviParam",
          "operator": ".",
          "field": "qME",
          "access": "read",
          "name": "sNaviParam.qME"
        },
        {
          "line": 32,
          "object": "sNaviParam",
          "operator": ".",
          "field": "qME",
          "access": "read",
          "name": "sNaviParam.qME"
        },
        {
          "line": 32,
          "object": "sNaviParam",
          "operator": ".",
          "field": "qME",
          "access": "read",
          "name": "sNaviParam.qME"
        },
        {
          "line": 32,
          "object": "sNaviParam",
          "operator": ".",
          "field": "qME",
          "access": "read",
          "name": "sNaviParam.qME"
        },
        {
          "line": 37,
          "object": "sNaviParam",
          "operator": ".",
          "field": "qME",
          "access": "write",
          "name": "sNaviParam.qME"
        }
      ],
      "returns": [
        {
          "line": 39,
          "expression": "",
          "identifiers": []
        }
      ],
      "macro_uses": [],
      "type_uses": [],
      "value_ranges": [
        {
          "symbol": "tmpQS",
          "range": "[-1.79769e+308, 1.79769e+308]",
          "min": -1.7976931348623157e+308,
          "max": 1.7976931348623157e+308,
          "evidence": [
            "decl float64@8",
            "literal@14",
            "literal@21",
            "literal@28",
            "literal@35"
          ]
        }
      ],
      "condition_ranges": [
        {
          "symbol": "tmpQS",
          "range": "[1.99999, 1.79769e+308]",
          "min": 1.99999,
          "max": 1.7976931348623157e+308,
          "line": 12,
          "condition": "tmpQS > 0.99999"
        },
        {
          "symbol": "tmpQS",
          "range": "[1.99999, 1.79769e+308]",
          "min": 1.99999,
          "max": 1.7976931348623157e+308,
          "line": 19,
          "condition": "tmpQS > 0.99999"
        },
        {
          "symbol": "tmpQS",
          "range": "[1.99999, 1.79769e+308]",
          "min": 1.99999,
          "max": 1.7976931348623157e+308,
          "line": 26,
          "condition": "tmpQS > 0.99999"
        },
        {
          "symbol": "tmpQS",
          "range": "[1.99999, 1.79769e+308]",
          "min": 1.99999,
          "max": 1.7976931348623157e+308,
          "line": 33,
          "condition": "tmpQS > 0.99999"
        }
      ],
      "reads": [
        "Sqrtx",
        "q",
        "q0",
        "q4",
        "qGI",
        "qME",
        "sAttiData",
        "sNaviParam"
      ],
      "writes": [
        "q",
        "q0",
        "qGI",
        "sNaviParam",
        "tmpQS"
      ],
      "global_reads": [],
      "global_writes": [],
      "input_fields": [
        "sAttiData.q",
        "sAttiData.q0",
        "sAttiData.qGI",
        "sNaviParam.qME"
      ],
      "output_fields": [
        "sNaviParam.qME"
      ],
      "undefined_calls": [
        "Sqrtx"
      ],
      "invariants": [
        {
          "kind": "value_range",
          "text": "tmpQS in [-1.79769e+308, 1.79769e+308]",
          "confidence": "medium",
          "evidence": "decl float64@8; literal@14; literal@21; literal@28; literal@35",
          "symbol": "tmpQS",
          "min": -1.7976931348623157e+308,
          "max": 1.7976931348623157e+308
        },
        {
          "kind": "condition_range",
          "text": "tmpQS in [1.99999, 1.79769e+308] when tmpQS > 0.99999",
          "confidence": "high",
          "line": 12,
          "evidence": "tmpQS > 0.99999",
          "symbol": "tmpQS",
          "min": 1.99999,
          "max": 1.7976931348623157e+308
        },
        {
          "kind": "condition_range",
          "text": "tmpQS in [1.99999, 1.79769e+308] when tmpQS > 0.99999",
          "confidence": "high",
          "line": 19,
          "evidence": "tmpQS > 0.99999",
          "symbol": "tmpQS",
          "min": 1.99999,
          "max": 1.7976931348623157e+308
        },
        {
          "kind": "condition_range",
          "text": "tmpQS in [1.99999, 1.79769e+308] when tmpQS > 0.99999",
          "confidence": "high",
          "line": 26,
          "evidence": "tmpQS > 0.99999",
          "symbol": "tmpQS",
          "min": 1.99999,
          "max": 1.7976931348623157e+308
        },
        {
          "kind": "condition_range",
          "text": "tmpQS in [1.99999, 1.79769e+308] when tmpQS > 0.99999",
          "confidence": "high",
          "line": 33,
          "evidence": "tmpQS > 0.99999",
          "symbol": "tmpQS",
          "min": 1.99999,
          "max": 1.7976931348623157e+308
        },
        {
          "kind": "branch_condition",
          "text": "inside if branch: tmpQS > 0.99999",
          "confidence": "high",
          "line": 12,
          "evidence": "tmpQS > 0.99999",
          "identifiers": [
            "tmpQS"
          ]
        },
        {
          "kind": "branch_condition",
          "text": "inside if branch: tmpQS > 0.99999",
          "confidence": "high",
          "line": 19,
          "evidence": "tmpQS > 0.99999",
          "identifiers": [
            "tmpQS"
          ]
        },
        {
          "kind": "branch_condition",
          "text": "inside if branch: tmpQS > 0.99999",
          "confidence": "high",
          "line": 26,
          "evidence": "tmpQS > 0.99999",
          "identifiers": [
            "tmpQS"
          ]
        },
        {
          "kind": "branch_condition",
          "text": "inside if branch: tmpQS > 0.99999",
          "confidence": "high",
          "line": 33,
          "evidence": "tmpQS > 0.99999",
          "identifiers": [
            "tmpQS"
          ]
        },
        {
          "kind": "assignment_value",
          "text": "tmpQS may be assigned 0.99999",
          "confidence": "high",
          "line": 14,
          "evidence": "tmpQS = 0.99999",
          "symbol": "tmpQS",
          "value": "0.99999"
        },
        {
          "kind": "assignment_value",
          "text": "tmpQS may be assigned 0.99999",
          "confidence": "high",
          "line": 21,
          "evidence": "tmpQS = 0.99999",
          "symbol": "tmpQS",
          "value": "0.99999"
        },
        {
          "kind": "assignment_value",
          "text": "tmpQS may be assigned 0.99999",
          "confidence": "high",
          "line": 28,
          "evidence": "tmpQS = 0.99999",
          "symbol": "tmpQS",
          "value": "0.99999"
        },
        {
          "kind": "assignment_value",
          "text": "tmpQS may be assigned 0.99999",
          "confidence": "high",
          "line": 35,
          "evidence": "tmpQS = 0.99999",
          "symbol": "tmpQS",
          "value": "0.99999"
        },
        {
          "kind": "modifies_fields",
          "text": "function may modify fields: sNaviParam.qME",
          "confidence": "high",
          "evidence": "field writes",
          "fields": [
            "sNaviParam.qME"
          ]
        },
        {
          "kind": "reads_fields",
          "text": "function may read fields: sAttiData.q, sAttiData.q0, sAttiData.qGI, sNaviParam.qME",
          "confidence": "high",
          "evidence": "field reads",
          "fields": [
            "sAttiData.q",
            "sAttiData.q0",
            "sAttiData.qGI",
            "sNaviParam.qME"
          ]
        },
        {
          "kind": "modifies_symbols",
          "text": "function may assign symbols: q.q4[3], q0.q4[3], qGI.q4[3], sNaviParam.qME[3], tmpQS",
          "confidence": "medium",
          "evidence": "assignments",
          "symbols": [
            "q.q4[3]",
            "q0.q4[3]",
            "qGI.q4[3]",
            "sNaviParam.qME[3]",
            "tmpQS"
          ]
        }
      ],
      "summary": {
        "requires_observed": [
          "inside if branch: tmpQS > 0.99999",
          "inside if branch: tmpQS > 0.99999",
          "inside if branch: tmpQS > 0.99999",
          "inside if branch: tmpQS > 0.99999"
        ],
        "modifies": [
          "sNaviParam.qME"
        ],
        "ensures_observed": [
          "tmpQS in [-1.79769e+308, 1.79769e+308]"
        ],
        "calls": [
          "Sqrtx",
          "Sqrtx",
          "Sqrtx",
          "Sqrtx"
        ],
        "undefined_calls": [
          "Sqrtx"
        ]
      }
    }
  ],
  "relations": {
    "call_graph": [
      {
        "caller": "CruDataFlyUnpackQ",
        "callee": "Sqrtx",
        "file": "/home/hp/文档/output/CE7-FYQ-src_flat_out/CruDataFlyUnpackQ/IP_CruDataFlyUnpackQ.c",
        "line": 16,
        "kind": "function",
        "resolved": false
      },
      {
        "caller": "CruDataFlyUnpackQ",
        "callee": "Sqrtx",
        "file": "/home/hp/文档/output/CE7-FYQ-src_flat_out/CruDataFlyUnpackQ/IP_CruDataFlyUnpackQ.c",
        "line": 23,
        "kind": "function",
        "resolved": false
      },
      {
        "caller": "CruDataFlyUnpackQ",
        "callee": "Sqrtx",
        "file": "/home/hp/文档/output/CE7-FYQ-src_flat_out/CruDataFlyUnpackQ/IP_CruDataFlyUnpackQ.c",
        "line": 30,
        "kind": "function",
        "resolved": false
      },
      {
        "caller": "CruDataFlyUnpackQ",
        "callee": "Sqrtx",
        "file": "/home/hp/文档/output/CE7-FYQ-src_flat_out/CruDataFlyUnpackQ/IP_CruDataFlyUnpackQ.c",
        "line": 37,
        "kind": "function",
        "resolved": false
      }
    ],
    "field_accesses": [
      {
        "name": "sAttiData.q",
        "reads": 7,
        "writes": 0,
        "read_writes": 0,
        "functions": [
          "CruDataFlyUnpackQ"
        ],
        "readers": [
          "CruDataFlyUnpackQ"
        ],
        "writers": []
      },
      {
        "name": "sAttiData.q0",
        "reads": 7,
        "writes": 0,
        "read_writes": 0,
        "functions": [
          "CruDataFlyUnpackQ"
        ],
        "readers": [
          "CruDataFlyUnpackQ"
        ],
        "writers": []
      },
      {
        "name": "sAttiData.qGI",
        "reads": 7,
        "writes": 0,
        "read_writes": 0,
        "functions": [
          "CruDataFlyUnpackQ"
        ],
        "readers": [
          "CruDataFlyUnpackQ"
        ],
        "writers": []
      },
      {
        "name": "sNaviParam.qME",
        "reads": 6,
        "writes": 1,
        "read_writes": 0,
        "functions": [
          "CruDataFlyUnpackQ"
        ],
        "readers": [
          "CruDataFlyUnpackQ"
        ],
        "writers": [
          "CruDataFlyUnpackQ"
        ]
      }
    ],
    "state_transitions": [],
    "missing_local_includes": [],
    "unresolved_calls": {
      "Sqrtx": [
        {
          "caller": "CruDataFlyUnpackQ",
          "file": "/home/hp/文档/output/CE7-FYQ-src_flat_out/CruDataFlyUnpackQ/IP_CruDataFlyUnpackQ.c",
          "line": 16
        },
        {
          "caller": "CruDataFlyUnpackQ",
          "file": "/home/hp/文档/output/CE7-FYQ-src_flat_out/CruDataFlyUnpackQ/IP_CruDataFlyUnpackQ.c",
          "line": 23
        },
        {
          "caller": "CruDataFlyUnpackQ",
          "file": "/home/hp/文档/output/CE7-FYQ-src_flat_out/CruDataFlyUnpackQ/IP_CruDataFlyUnpackQ.c",
          "line": 30
        },
        {
          "caller": "CruDataFlyUnpackQ",
          "file": "/home/hp/文档/output/CE7-FYQ-src_flat_out/CruDataFlyUnpackQ/IP_CruDataFlyUnpackQ.c",
          "line": 37
        }
      ]
    }
  },
  "invariants": {
    "project": [
      {
        "kind": "project_input_field",
        "text": "sAttiData.q is only read by CruDataFlyUnpackQ",
        "confidence": "medium",
        "evidence": "field summary",
        "field": "sAttiData.q",
        "readers": [
          "CruDataFlyUnpackQ"
        ]
      },
      {
        "kind": "project_input_field",
        "text": "sAttiData.q0 is only read by CruDataFlyUnpackQ",
        "confidence": "medium",
        "evidence": "field summary",
        "field": "sAttiData.q0",
        "readers": [
          "CruDataFlyUnpackQ"
        ]
      },
      {
        "kind": "project_input_field",
        "text": "sAttiData.qGI is only read by CruDataFlyUnpackQ",
        "confidence": "medium",
        "evidence": "field summary",
        "field": "sAttiData.qGI",
        "readers": [
          "CruDataFlyUnpackQ"
        ]
      },
      {
        "kind": "project_state_field",
        "text": "sNaviParam.qME is read and written",
        "confidence": "medium",
        "evidence": "field summary",
        "field": "sNaviParam.qME",
        "readers": [
          "CruDataFlyUnpackQ"
        ],
        "writers": [
          "CruDataFlyUnpackQ"
        ]
      }
    ]
  }
}
