# No-Compile Static Analysis Log

Root: /home/hp/文档/output/CE7-FYQ-src_flat_out/ClearIntFromDsp/IP_ClearIntFromDsp.c
Files: 1
Functions: 1
Call edges: 1
Field accesses: 0
Unresolved calls: 1
Missing local includes: 0
Function invariants: 0
Project invariants: 0

## Missing Local Includes
- none

## Duplicate Function Definitions
- none

## Unresolved Calls
- HPI_REQUEST_CLR: ClearIntFromDsp@IP_ClearIntFromDsp.c:9

## Call Graph
- ClearIntFromDsp -> HPI_REQUEST_CLR?

## State Transitions
- none

## Field Access Summary

## Project Invariants
- none

## Function Details
### ClearIntFromDsp (IP_ClearIntFromDsp.c:7)
- params: void
- locals: none
- calls: HPI_REQUEST_CLR
- undefined_calls: HPI_REQUEST_CLR
- reads: none
- writes: none

## JSON
{
  "root": "/home/hp/文档/output/CE7-FYQ-src_flat_out/ClearIntFromDsp/IP_ClearIntFromDsp.c",
  "files": [
    {
      "file": "/home/hp/文档/output/CE7-FYQ-src_flat_out/ClearIntFromDsp/IP_ClearIntFromDsp.c",
      "lines": 13,
      "includes": [
        {
          "name": "IP_ClearIntFromDsp.h",
          "kind": "local",
          "line": 1,
          "resolved": "/home/hp/文档/output/CE7-FYQ-src_flat_out/ClearIntFromDsp/IP_ClearIntFromDsp.h"
        }
      ],
      "macros": [],
      "typedefs": [],
      "globals": [],
      "functions": [
        {
          "name": "ClearIntFromDsp",
          "line": 7,
          "params": []
        }
      ]
    }
  ],
  "summary": {
    "file_count": 1,
    "function_count": 1,
    "defined_function_count": 1,
    "declared_function_count": 0,
    "macro_count": 0,
    "typedef_count": 0,
    "global_count": 0,
    "call_edge_count": 1,
    "unresolved_call_count": 1,
    "field_access_count": 0,
    "missing_local_include_count": 0,
    "function_invariant_count": 0,
    "project_invariant_count": 0
  },
  "symbols": {
    "defined_functions": {
      "ClearIntFromDsp": [
        {
          "file": "/home/hp/文档/output/CE7-FYQ-src_flat_out/ClearIntFromDsp/IP_ClearIntFromDsp.c",
          "line": 7
        }
      ]
    },
    "declared_functions": {},
    "macros": {},
    "typedefs": {},
    "enum_constants": [],
    "globals": {},
    "struct_fields": {},
    "duplicate_functions": {}
  },
  "functions": [
    {
      "file": "/home/hp/文档/output/CE7-FYQ-src_flat_out/ClearIntFromDsp/IP_ClearIntFromDsp.c",
      "name": "ClearIntFromDsp",
      "line": 7,
      "return_type": "void",
      "params": [],
      "locals": [],
      "calls": [
        {
          "name": "HPI_REQUEST_CLR",
          "line": 9,
          "kind": "function",
          "resolved": false
        }
      ],
      "assignments": [],
      "conditions": [],
      "switch_cases": [],
      "field_accesses": [],
      "returns": [
        {
          "line": 11,
          "expression": "",
          "identifiers": []
        }
      ],
      "macro_uses": [
        {
          "name": "HPI_REQUEST_CLR",
          "line": 9,
          "known": false
        }
      ],
      "type_uses": [],
      "value_ranges": [],
      "condition_ranges": [],
      "reads": [],
      "writes": [],
      "global_reads": [],
      "global_writes": [],
      "input_fields": [],
      "output_fields": [],
      "undefined_calls": [
        "HPI_REQUEST_CLR"
      ],
      "invariants": [],
      "summary": {
        "requires_observed": [],
        "modifies": [],
        "ensures_observed": [],
        "calls": [
          "HPI_REQUEST_CLR"
        ],
        "undefined_calls": [
          "HPI_REQUEST_CLR"
        ]
      }
    }
  ],
  "relations": {
    "call_graph": [
      {
        "caller": "ClearIntFromDsp",
        "callee": "HPI_REQUEST_CLR",
        "file": "/home/hp/文档/output/CE7-FYQ-src_flat_out/ClearIntFromDsp/IP_ClearIntFromDsp.c",
        "line": 9,
        "kind": "function",
        "resolved": false
      }
    ],
    "field_accesses": [],
    "state_transitions": [],
    "missing_local_includes": [],
    "unresolved_calls": {
      "HPI_REQUEST_CLR": [
        {
          "caller": "ClearIntFromDsp",
          "file": "/home/hp/文档/output/CE7-FYQ-src_flat_out/ClearIntFromDsp/IP_ClearIntFromDsp.c",
          "line": 9
        }
      ]
    }
  },
  "invariants": {
    "project": []
  }
}
