===== source2fsm batch debug =====
name: CruDataFill1553B
source: IP_CruDataFill1553B.c
source directory: /home/hp/文档/output/CE7-FYQ-src_flat_out/CruDataFill1553B
output directory: /home/hp/文档/output/CE7-FYQ-src_flat_out/CruDataFill1553B
copied input .c files:
  IP_CruDataFill1553B.c
===== docker output =====
source-only mode: /work/input/IP_CruDataFill1553B.c
source-only cfg
function "CruDataFill1553B" found
nodes: 7
edges: 7
dot: /work/output/.CruDataFill1553B.dot
cfg nodes:
  n0 [basic] unint32 iCru; | unint32 subAddr; | unint16 cruBuffer16[40];
  n1 [loop] for (iCru=0; iCru<8; iCru++)
  n2 [basic] subAddr = RT_SA10 + iCru; | BufferCopy08to16(&cruBuffer16[0], &sCrucialSave.saveBuff[iCru * 64], | (SA_CRU_LEN*2)); | B1553RtSaWrite(subAddr, B1553_RT_TRAN, &cruBuffer16[0], SA_CRU_LEN, | RT_INSTANCE_01);
  n3 [terminal] return;
png: /work/output/CruDataFill1553B.png
