# No-Compile Static Analysis Log

Root: /home/hp/文档/output/CE7-FYQ-src_flat_out/CruDataFill1553B/IP_CruDataFill1553B.c
Files: 1
Functions: 1
Call edges: 2
Field accesses: 1
Unresolved calls: 2
Missing local includes: 0
Function invariants: 10
Project invariants: 1

## Missing Local Includes
- none

## Duplicate Function Definitions
- none

## Unresolved Calls
- B1553RtSaWrite: CruDataFill1553B@IP_CruDataFill1553B.c:19
- BufferCopy08to16: CruDataFill1553B@IP_CruDataFill1553B.c:18

## Call Graph
- CruDataFill1553B -> B1553RtSaWrite?, BufferCopy08to16?

## State Transitions
- none

## Field Access Summary
- sCrucialSave.saveBuff: read=1 write=0 read_write=0 functions=CruDataFill1553B

## Project Invariants
- [project_input_field/medium] sCrucialSave.saveBuff is only read by CruDataFill1553B (field summary)

## Function Details
### CruDataFill1553B (IP_CruDataFill1553B.c:7)
- params: void
- locals: cruBuffer16, iCru, subAddr
- calls: BufferCopy08to16, B1553RtSaWrite
- undefined_calls: B1553RtSaWrite, BufferCopy08to16
- reads: RT_SA10
- writes: iCru, subAddr
- summary.ensures_observed:
  - cruBuffer16 in [0, 65535]
  - iCru in [0, 7]
  - subAddr in [0, 4294967295]
  - iCru is reset to 0
- invariants:
  - [value_range/medium] cruBuffer16 in [0, 65535] (decl unint16@10)
  - [value_range/medium] iCru in [0, 7] (decl unint32@8; literal@13; ++@13; for-loop < 8@13)
  - [value_range/medium] subAddr in [0, 4294967295] (decl unint32@9)
  - [condition_range/high]@13 iCru in [-1.79769e+308, 7] when iCru < 8 (iCru < 8)
  - [loop_index_range/high]@13 iCru in [0, 7] (for-loop iCru=0; iCru<8; iCru++)
  - [assignment_value/high]@13 iCru may be assigned 0 (iCru = 0)
  - [reset/high]@13 iCru is reset to 0 (iCru = 0)
  - [counter_update/medium]@13 iCru is nondecreasing at this update (iCru ++)
  - [reads_fields/high] function may read fields: sCrucialSave.saveBuff (field reads)
  - [modifies_symbols/medium] function may assign symbols: iCru, subAddr (assignments)
- value_ranges:
  - cruBuffer16: [0, 65535] (decl unint16@10)
  - iCru: [0, 7] (decl unint32@8; literal@13; ++@13; for-loop < 8@13)
  - subAddr: [0, 4294967295] (decl unint32@9)
- condition_ranges:
  - iCru: [-1.79769e+308, 7] when iCru < 8@13
- conditions:
  - for@13: iCru=0; iCru<8; iCru++
- assignments:
  - 13: iCru = <literal/unknown>
  - 13: iCru ++ <literal/unknown>
  - 15: subAddr = RT_SA10,iCru

## JSON
{
  "root": "/home/hp/文档/output/CE7-FYQ-src_flat_out/CruDataFill1553B/IP_CruDataFill1553B.c",
  "files": [
    {
      "file": "/home/hp/文档/output/CE7-FYQ-src_flat_out/CruDataFill1553B/IP_CruDataFill1553B.c",
      "lines": 24,
      "includes": [
        {
          "name": "IP_CruDataFill1553B.h",
          "kind": "local",
          "line": 1,
          "resolved": "/home/hp/文档/output/CE7-FYQ-src_flat_out/CruDataFill1553B/IP_CruDataFill1553B.h"
        }
      ],
      "macros": [],
      "typedefs": [],
      "globals": [],
      "functions": [
        {
          "name": "CruDataFill1553B",
          "line": 7,
          "params": []
        }
      ]
    }
  ],
  "summary": {
    "file_count": 1,
    "function_count": 1,
    "defined_function_count": 1,
    "declared_function_count": 0,
    "macro_count": 0,
    "typedef_count": 0,
    "global_count": 0,
    "call_edge_count": 2,
    "unresolved_call_count": 2,
    "field_access_count": 1,
    "missing_local_include_count": 0,
    "function_invariant_count": 10,
    "project_invariant_count": 1
  },
  "symbols": {
    "defined_functions": {
      "CruDataFill1553B": [
        {
          "file": "/home/hp/文档/output/CE7-FYQ-src_flat_out/CruDataFill1553B/IP_CruDataFill1553B.c",
          "line": 7
        }
      ]
    },
    "declared_functions": {},
    "macros": {},
    "typedefs": {},
    "enum_constants": [],
    "globals": {},
    "struct_fields": {},
    "duplicate_functions": {}
  },
  "functions": [
    {
      "file": "/home/hp/文档/output/CE7-FYQ-src_flat_out/CruDataFill1553B/IP_CruDataFill1553B.c",
      "name": "CruDataFill1553B",
      "line": 7,
      "return_type": "void",
      "params": [],
      "locals": [
        "cruBuffer16",
        "iCru",
        "subAddr"
      ],
      "calls": [
        {
          "name": "BufferCopy08to16",
          "line": 18,
          "kind": "function",
          "resolved": false
        },
        {
          "name": "B1553RtSaWrite",
          "line": 19,
          "kind": "function",
          "resolved": false
        }
      ],
      "assignments": [
        {
          "line": 13,
          "lhs": "iCru",
          "operator": "=",
          "rhs": "0",
          "rhs_identifiers": []
        },
        {
          "line": 13,
          "lhs": "iCru",
          "operator": "++",
          "rhs": "",
          "rhs_identifiers": []
        },
        {
          "line": 15,
          "lhs": "subAddr",
          "operator": "=",
          "rhs": "RT_SA10 + iCru",
          "rhs_identifiers": [
            "RT_SA10",
            "iCru"
          ]
        }
      ],
      "conditions": [
        {
          "line": 13,
          "kind": "for",
          "expression": "iCru=0; iCru<8; iCru++",
          "identifiers": [
            "iCru"
          ]
        }
      ],
      "switch_cases": [],
      "field_accesses": [
        {
          "line": 18,
          "object": "sCrucialSave",
          "operator": ".",
          "field": "saveBuff",
          "access": "read",
          "name": "sCrucialSave.saveBuff"
        }
      ],
      "returns": [
        {
          "line": 22,
          "expression": "",
          "identifiers": []
        }
      ],
      "macro_uses": [
        {
          "name": "B1553_RT_TRAN",
          "line": 19,
          "known": false
        },
        {
          "name": "RT_INSTANCE_01",
          "line": 19,
          "known": false
        },
        {
          "name": "RT_SA10",
          "line": 15,
          "known": false
        },
        {
          "name": "SA_CRU_LEN",
          "line": 18,
          "known": false
        },
        {
          "name": "SA_CRU_LEN",
          "line": 19,
          "known": false
        }
      ],
      "type_uses": [],
      "value_ranges": [
        {
          "symbol": "cruBuffer16",
          "range": "[0, 65535]",
          "min": 0.0,
          "max": 65535.0,
          "evidence": [
            "decl unint16@10"
          ]
        },
        {
          "symbol": "iCru",
          "range": "[0, 7]",
          "min": 0.0,
          "max": 7.0,
          "evidence": [
            "decl unint32@8",
            "literal@13",
            "++@13",
            "for-loop < 8@13"
          ]
        },
        {
          "symbol": "subAddr",
          "range": "[0, 4294967295]",
          "min": 0.0,
          "max": 4294967295.0,
          "evidence": [
            "decl unint32@9"
          ]
        }
      ],
      "condition_ranges": [
        {
          "symbol": "iCru",
          "range": "[-1.79769e+308, 7]",
          "min": -1.7976931348623157e+308,
          "max": 7.0,
          "line": 13,
          "condition": "iCru < 8"
        }
      ],
      "reads": [
        "RT_SA10"
      ],
      "writes": [
        "iCru",
        "subAddr"
      ],
      "global_reads": [],
      "global_writes": [],
      "input_fields": [
        "sCrucialSave.saveBuff"
      ],
      "output_fields": [],
      "undefined_calls": [
        "B1553RtSaWrite",
        "BufferCopy08to16"
      ],
      "invariants": [
        {
          "kind": "value_range",
          "text": "cruBuffer16 in [0, 65535]",
          "confidence": "medium",
          "evidence": "decl unint16@10",
          "symbol": "cruBuffer16",
          "min": 0.0,
          "max": 65535.0
        },
        {
          "kind": "value_range",
          "text": "iCru in [0, 7]",
          "confidence": "medium",
          "evidence": "decl unint32@8; literal@13; ++@13; for-loop < 8@13",
          "symbol": "iCru",
          "min": 0.0,
          "max": 7.0
        },
        {
          "kind": "value_range",
          "text": "subAddr in [0, 4294967295]",
          "confidence": "medium",
          "evidence": "decl unint32@9",
          "symbol": "subAddr",
          "min": 0.0,
          "max": 4294967295.0
        },
        {
          "kind": "condition_range",
          "text": "iCru in [-1.79769e+308, 7] when iCru < 8",
          "confidence": "high",
          "line": 13,
          "evidence": "iCru < 8",
          "symbol": "iCru",
          "min": -1.7976931348623157e+308,
          "max": 7.0
        },
        {
          "kind": "loop_index_range",
          "text": "iCru in [0, 7]",
          "confidence": "high",
          "line": 13,
          "evidence": "for-loop iCru=0; iCru<8; iCru++",
          "symbol": "iCru",
          "min": 0.0,
          "max": 7.0
        },
        {
          "kind": "assignment_value",
          "text": "iCru may be assigned 0",
          "confidence": "high",
          "line": 13,
          "evidence": "iCru = 0",
          "symbol": "iCru",
          "value": "0"
        },
        {
          "kind": "reset",
          "text": "iCru is reset to 0",
          "confidence": "high",
          "line": 13,
          "evidence": "iCru = 0",
          "symbol": "iCru"
        },
        {
          "kind": "counter_update",
          "text": "iCru is nondecreasing at this update",
          "confidence": "medium",
          "line": 13,
          "evidence": "iCru ++",
          "symbol": "iCru",
          "direction": "nondecreasing"
        },
        {
          "kind": "reads_fields",
          "text": "function may read fields: sCrucialSave.saveBuff",
          "confidence": "high",
          "evidence": "field reads",
          "fields": [
            "sCrucialSave.saveBuff"
          ]
        },
        {
          "kind": "modifies_symbols",
          "text": "function may assign symbols: iCru, subAddr",
          "confidence": "medium",
          "evidence": "assignments",
          "symbols": [
            "iCru",
            "subAddr"
          ]
        }
      ],
      "summary": {
        "requires_observed": [],
        "modifies": [],
        "ensures_observed": [
          "cruBuffer16 in [0, 65535]",
          "iCru in [0, 7]",
          "subAddr in [0, 4294967295]",
          "iCru is reset to 0"
        ],
        "calls": [
          "BufferCopy08to16",
          "B1553RtSaWrite"
        ],
        "undefined_calls": [
          "B1553RtSaWrite",
          "BufferCopy08to16"
        ]
      }
    }
  ],
  "relations": {
    "call_graph": [
      {
        "caller": "CruDataFill1553B",
        "callee": "BufferCopy08to16",
        "file": "/home/hp/文档/output/CE7-FYQ-src_flat_out/CruDataFill1553B/IP_CruDataFill1553B.c",
        "line": 18,
        "kind": "function",
        "resolved": false
      },
      {
        "caller": "CruDataFill1553B",
        "callee": "B1553RtSaWrite",
        "file": "/home/hp/文档/output/CE7-FYQ-src_flat_out/CruDataFill1553B/IP_CruDataFill1553B.c",
        "line": 19,
        "kind": "function",
        "resolved": false
      }
    ],
    "field_accesses": [
      {
        "name": "sCrucialSave.saveBuff",
        "reads": 1,
        "writes": 0,
        "read_writes": 0,
        "functions": [
          "CruDataFill1553B"
        ],
        "readers": [
          "CruDataFill1553B"
        ],
        "writers": []
      }
    ],
    "state_transitions": [],
    "missing_local_includes": [],
    "unresolved_calls": {
      "B1553RtSaWrite": [
        {
          "caller": "CruDataFill1553B",
          "file": "/home/hp/文档/output/CE7-FYQ-src_flat_out/CruDataFill1553B/IP_CruDataFill1553B.c",
          "line": 19
        }
      ],
      "BufferCopy08to16": [
        {
          "caller": "CruDataFill1553B",
          "file": "/home/hp/文档/output/CE7-FYQ-src_flat_out/CruDataFill1553B/IP_CruDataFill1553B.c",
          "line": 18
        }
      ]
    }
  },
  "invariants": {
    "project": [
      {
        "kind": "project_input_field",
        "text": "sCrucialSave.saveBuff is only read by CruDataFill1553B",
        "confidence": "medium",
        "evidence": "field summary",
        "field": "sCrucialSave.saveBuff",
        "readers": [
          "CruDataFill1553B"
        ]
      }
    ]
  }
}
