===== source2fsm batch debug =====
name: CDUToSMUAlign
source: IP_CDUToSMUAlign.c
source directory: /home/hp/文档/output/CE7-FYQ-src_flat_out/CDUToSMUAlign
output directory: /home/hp/文档/output/CE7-FYQ-src_flat_out/CDUToSMUAlign
copied input .c files:
  IP_CDUToSMUAlign.c
===== docker output =====
source-only mode: /work/input/IP_CDUToSMUAlign.c
source-only cfg
function "CDUToSMUAlign" found
nodes: 17
edges: 22
dot: /work/output/.CDUToSMUAlign.dot
cfg nodes:
  n0 [basic] sAlignToSmu.SMUWIFIreleaseFlag = sWalkSendData.WIFIreleaseFlag;
  n1 [if] if(sAlignToSmu.bFWSafeIF == TRUE32)
  n2 [basic] sAlignToSmu.SMUFWSafeIF = sWalkSendData.FWSafeIF; | sFrameCduSend.cntDataItem3 = 8; | sAlignToSmu.bFWSafeIF = FALSE32;
  n3 [if] if(sAlignToSmu.bPathPlanFlag == TRUE32)
  n4 [basic] sAlignToSmu.SMUPathPlanFlag = sWalkSendData.PathPlanFlag; | sFrameCduSend.cntDataItem4 = 8; | sAlignToSmu.bPathPlanFlag = FALSE32;
  n5 [if] if(sAlignToSmu.bMoveNum == TRUE32)
  n6 [basic] sAlignToSmu.SMUMoveNum = sWalkSendData.MoveNum; | sFrameCduSend.cntDataItem5 = 8; | sAlignToSmu.bMoveNum = FALSE32;
  n7 [if] if(sAlignToSmu.bSlopeAgl1 == TRUE32)
  n8 [basic] sAlignToSmu.SMUSlopeAgl1 = sWalkSendData.SlopeAgl1; | sFrameCduSend.cntDataItem8 = 8; | sAlignToSmu.bSlopeAgl1 = FALSE32;
  n9 [if] if(sAlignToSmu.bSlopeAgl2 == TRUE32)
  n10 [basic] sAlignToSmu.SMUSlopeAgl2 = sWalkSendData.SlopeAgl2; | sFrameCduSend.cntDataItem9 = 8; | sAlignToSmu.bSlopeAgl2 = FALSE32;
  n11 [if] if(sAlignToSmu.bDAndTheta == TRUE32)
  n12 [basic] sAlignToSmu.SMUd = sWalkSendData.d; | sAlignToSmu.SMUTurnAgl = sWalkSendData.TurnAgl; | sFrameCduSend.cntDataItem10 = 8; | sAlignToSmu.bDAndTheta = FALSE32;
  n13 [terminal] return;
png: /work/output/CDUToSMUAlign.png
