# No-Compile Static Analysis Log

Root: /home/hp/文档/output/CE7-FYQ-src_flat_out/CDUToSMUAlign/IP_CDUToSMUAlign.c
Files: 1
Functions: 1
Call edges: 0
Field accesses: 34
Unresolved calls: 0
Missing local includes: 0
Function invariants: 45
Project invariants: 28

## Missing Local Includes
- none

## Duplicate Function Definitions
- none

## Unresolved Calls
- none

## Call Graph

## State Transitions
- none

## Field Access Summary
- sAlignToSmu.SMUFWSafeIF: read=0 write=1 read_write=0 functions=CDUToSMUAlign
- sAlignToSmu.SMUMoveNum: read=0 write=1 read_write=0 functions=CDUToSMUAlign
- sAlignToSmu.SMUPathPlanFlag: read=0 write=1 read_write=0 functions=CDUToSMUAlign
- sAlignToSmu.SMUSlopeAgl1: read=0 write=1 read_write=0 functions=CDUToSMUAlign
- sAlignToSmu.SMUSlopeAgl2: read=0 write=1 read_write=0 functions=CDUToSMUAlign
- sAlignToSmu.SMUTurnAgl: read=0 write=1 read_write=0 functions=CDUToSMUAlign
- sAlignToSmu.SMUWIFIreleaseFlag: read=0 write=1 read_write=0 functions=CDUToSMUAlign
- sAlignToSmu.SMUd: read=0 write=1 read_write=0 functions=CDUToSMUAlign
- sAlignToSmu.bDAndTheta: read=1 write=1 read_write=0 functions=CDUToSMUAlign
- sAlignToSmu.bFWSafeIF: read=1 write=1 read_write=0 functions=CDUToSMUAlign
- sAlignToSmu.bMoveNum: read=1 write=1 read_write=0 functions=CDUToSMUAlign
- sAlignToSmu.bPathPlanFlag: read=1 write=1 read_write=0 functions=CDUToSMUAlign
- sAlignToSmu.bSlopeAgl1: read=1 write=1 read_write=0 functions=CDUToSMUAlign
- sAlignToSmu.bSlopeAgl2: read=1 write=1 read_write=0 functions=CDUToSMUAlign
- sFrameCduSend.cntDataItem10: read=0 write=1 read_write=0 functions=CDUToSMUAlign
- sFrameCduSend.cntDataItem3: read=0 write=1 read_write=0 functions=CDUToSMUAlign
- sFrameCduSend.cntDataItem4: read=0 write=1 read_write=0 functions=CDUToSMUAlign
- sFrameCduSend.cntDataItem5: read=0 write=1 read_write=0 functions=CDUToSMUAlign
- sFrameCduSend.cntDataItem8: read=0 write=1 read_write=0 functions=CDUToSMUAlign
- sFrameCduSend.cntDataItem9: read=0 write=1 read_write=0 functions=CDUToSMUAlign
- sWalkSendData.FWSafeIF: read=1 write=0 read_write=0 functions=CDUToSMUAlign
- sWalkSendData.MoveNum: read=1 write=0 read_write=0 functions=CDUToSMUAlign
- sWalkSendData.PathPlanFlag: read=1 write=0 read_write=0 functions=CDUToSMUAlign
- sWalkSendData.SlopeAgl1: read=1 write=0 read_write=0 functions=CDUToSMUAlign
- sWalkSendData.SlopeAgl2: read=1 write=0 read_write=0 functions=CDUToSMUAlign
- sWalkSendData.TurnAgl: read=1 write=0 read_write=0 functions=CDUToSMUAlign
- sWalkSendData.WIFIreleaseFlag: read=1 write=0 read_write=0 functions=CDUToSMUAlign
- sWalkSendData.d: read=1 write=0 read_write=0 functions=CDUToSMUAlign

## Project Invariants
- [project_output_field/medium] sAlignToSmu.SMUFWSafeIF is only written by CDUToSMUAlign (field summary)
- [project_output_field/medium] sAlignToSmu.SMUMoveNum is only written by CDUToSMUAlign (field summary)
- [project_output_field/medium] sAlignToSmu.SMUPathPlanFlag is only written by CDUToSMUAlign (field summary)
- [project_output_field/medium] sAlignToSmu.SMUSlopeAgl1 is only written by CDUToSMUAlign (field summary)
- [project_output_field/medium] sAlignToSmu.SMUSlopeAgl2 is only written by CDUToSMUAlign (field summary)
- [project_output_field/medium] sAlignToSmu.SMUTurnAgl is only written by CDUToSMUAlign (field summary)
- [project_output_field/medium] sAlignToSmu.SMUWIFIreleaseFlag is only written by CDUToSMUAlign (field summary)
- [project_output_field/medium] sAlignToSmu.SMUd is only written by CDUToSMUAlign (field summary)
- [project_state_field/medium] sAlignToSmu.bDAndTheta is read and written (field summary)
- [project_state_field/medium] sAlignToSmu.bFWSafeIF is read and written (field summary)
- [project_state_field/medium] sAlignToSmu.bMoveNum is read and written (field summary)
- [project_state_field/medium] sAlignToSmu.bPathPlanFlag is read and written (field summary)
- [project_state_field/medium] sAlignToSmu.bSlopeAgl1 is read and written (field summary)
- [project_state_field/medium] sAlignToSmu.bSlopeAgl2 is read and written (field summary)
- [project_output_field/medium] sFrameCduSend.cntDataItem10 is only written by CDUToSMUAlign (field summary)
- [project_output_field/medium] sFrameCduSend.cntDataItem3 is only written by CDUToSMUAlign (field summary)
- [project_output_field/medium] sFrameCduSend.cntDataItem4 is only written by CDUToSMUAlign (field summary)
- [project_output_field/medium] sFrameCduSend.cntDataItem5 is only written by CDUToSMUAlign (field summary)
- [project_output_field/medium] sFrameCduSend.cntDataItem8 is only written by CDUToSMUAlign (field summary)
- [project_output_field/medium] sFrameCduSend.cntDataItem9 is only written by CDUToSMUAlign (field summary)
- [project_input_field/medium] sWalkSendData.FWSafeIF is only read by CDUToSMUAlign (field summary)
- [project_input_field/medium] sWalkSendData.MoveNum is only read by CDUToSMUAlign (field summary)
- [project_input_field/medium] sWalkSendData.PathPlanFlag is only read by CDUToSMUAlign (field summary)
- [project_input_field/medium] sWalkSendData.SlopeAgl1 is only read by CDUToSMUAlign (field summary)
- [project_input_field/medium] sWalkSendData.SlopeAgl2 is only read by CDUToSMUAlign (field summary)
- [project_input_field/medium] sWalkSendData.TurnAgl is only read by CDUToSMUAlign (field summary)
- [project_input_field/medium] sWalkSendData.WIFIreleaseFlag is only read by CDUToSMUAlign (field summary)
- [project_input_field/medium] sWalkSendData.d is only read by CDUToSMUAlign (field summary)

## Function Details
### CDUToSMUAlign (IP_CDUToSMUAlign.c:7)
- params: void
- locals: none
- calls: none
- undefined_calls: none
- reads: FALSE32, FWSafeIF, MoveNum, PathPlanFlag, SlopeAgl1, SlopeAgl2, TRUE32, TurnAgl, WIFIreleaseFlag, bDAndTheta, bFWSafeIF, bMoveNum, bPathPlanFlag, bSlopeAgl1, bSlopeAgl2, d, sAlignToSmu, sWalkSendData
- writes: sAlignToSmu, sFrameCduSend
- summary.modifies: sAlignToSmu.SMUFWSafeIF, sAlignToSmu.SMUMoveNum, sAlignToSmu.SMUPathPlanFlag, sAlignToSmu.SMUSlopeAgl1, sAlignToSmu.SMUSlopeAgl2, sAlignToSmu.SMUTurnAgl, sAlignToSmu.SMUWIFIreleaseFlag, sAlignToSmu.SMUd, sAlignToSmu.bDAndTheta, sAlignToSmu.bFWSafeIF, sAlignToSmu.bMoveNum, sAlignToSmu.bPathPlanFlag, sAlignToSmu.bSlopeAgl1, sAlignToSmu.bSlopeAgl2, sFrameCduSend.cntDataItem10, sFrameCduSend.cntDataItem3, sFrameCduSend.cntDataItem4, sFrameCduSend.cntDataItem5, sFrameCduSend.cntDataItem8, sFrameCduSend.cntDataItem9
- summary.ensures_observed:
  - sAlignToSmu.bDAndTheta in [0, 0]
  - sAlignToSmu.bFWSafeIF in [0, 0]
  - sAlignToSmu.bMoveNum in [0, 0]
  - sAlignToSmu.bPathPlanFlag in [0, 0]
  - sAlignToSmu.bSlopeAgl1 in [0, 0]
  - sAlignToSmu.bSlopeAgl2 in [0, 0]
  - sFrameCduSend.cntDataItem10 in [8, 8]
  - sFrameCduSend.cntDataItem3 in [8, 8]
  - sFrameCduSend.cntDataItem4 in [8, 8]
  - sFrameCduSend.cntDataItem5 in [8, 8]
  - sFrameCduSend.cntDataItem8 in [8, 8]
  - sFrameCduSend.cntDataItem9 in [8, 8]
  - sAlignToSmu.bDAndTheta observed states subset of {FALSE32, TRUE32}
  - sAlignToSmu.bFWSafeIF observed states subset of {FALSE32, TRUE32}
  - sAlignToSmu.bMoveNum observed states subset of {FALSE32, TRUE32}
  - sAlignToSmu.bPathPlanFlag observed states subset of {FALSE32, TRUE32}
  - ... 2 more
- invariants:
  - [value_range/medium] sAlignToSmu.bDAndTheta in [0, 0] (macro FALSE32@57)
  - [value_range/medium] sAlignToSmu.bFWSafeIF in [0, 0] (macro FALSE32@16)
  - [value_range/medium] sAlignToSmu.bMoveNum in [0, 0] (macro FALSE32@32)
  - [value_range/medium] sAlignToSmu.bPathPlanFlag in [0, 0] (macro FALSE32@24)
  - [value_range/medium] sAlignToSmu.bSlopeAgl1 in [0, 0] (macro FALSE32@40)
  - [value_range/medium] sAlignToSmu.bSlopeAgl2 in [0, 0] (macro FALSE32@48)
  - [value_range/medium] sFrameCduSend.cntDataItem10 in [8, 8] (literal@56)
  - [value_range/medium] sFrameCduSend.cntDataItem3 in [8, 8] (literal@15)
  - [value_range/medium] sFrameCduSend.cntDataItem4 in [8, 8] (literal@23)
  - [value_range/medium] sFrameCduSend.cntDataItem5 in [8, 8] (literal@31)
  - [value_range/medium] sFrameCduSend.cntDataItem8 in [8, 8] (literal@39)
  - [value_range/medium] sFrameCduSend.cntDataItem9 in [8, 8] (literal@47)
  - [condition_range/high]@12 sAlignToSmu.bFWSafeIF in [1, 4294967295] when sAlignToSmu.bFWSafeIF == TRUE32 (sAlignToSmu.bFWSafeIF == TRUE32)
  - [condition_range/high]@20 sAlignToSmu.bPathPlanFlag in [1, 4294967295] when sAlignToSmu.bPathPlanFlag == TRUE32 (sAlignToSmu.bPathPlanFlag == TRUE32)
  - [condition_range/high]@28 sAlignToSmu.bMoveNum in [1, 4294967295] when sAlignToSmu.bMoveNum == TRUE32 (sAlignToSmu.bMoveNum == TRUE32)
  - [condition_range/high]@36 sAlignToSmu.bSlopeAgl1 in [1, 4294967295] when sAlignToSmu.bSlopeAgl1 == TRUE32 (sAlignToSmu.bSlopeAgl1 == TRUE32)
  - [condition_range/high]@44 sAlignToSmu.bSlopeAgl2 in [1, 4294967295] when sAlignToSmu.bSlopeAgl2 == TRUE32 (sAlignToSmu.bSlopeAgl2 == TRUE32)
  - [condition_range/high]@52 sAlignToSmu.bDAndTheta in [1, 4294967295] when sAlignToSmu.bDAndTheta == TRUE32 (sAlignToSmu.bDAndTheta == TRUE32)
  - [branch_condition/high]@12 inside if branch: sAlignToSmu.bFWSafeIF == TRUE32 (sAlignToSmu.bFWSafeIF == TRUE32)
  - [branch_condition/high]@20 inside if branch: sAlignToSmu.bPathPlanFlag == TRUE32 (sAlignToSmu.bPathPlanFlag == TRUE32)
  - [branch_condition/high]@28 inside if branch: sAlignToSmu.bMoveNum == TRUE32 (sAlignToSmu.bMoveNum == TRUE32)
  - [branch_condition/high]@36 inside if branch: sAlignToSmu.bSlopeAgl1 == TRUE32 (sAlignToSmu.bSlopeAgl1 == TRUE32)
  - [branch_condition/high]@44 inside if branch: sAlignToSmu.bSlopeAgl2 == TRUE32 (sAlignToSmu.bSlopeAgl2 == TRUE32)
  - [branch_condition/high]@52 inside if branch: sAlignToSmu.bDAndTheta == TRUE32 (sAlignToSmu.bDAndTheta == TRUE32)
  - [assignment_value/high]@15 sFrameCduSend.cntDataItem3 may be assigned 8 (sFrameCduSend.cntDataItem3 = 8)
  - [assignment_value/high]@16 sAlignToSmu.bFWSafeIF may be assigned FALSE32 (sAlignToSmu.bFWSafeIF = FALSE32)
  - [assignment_value/high]@23 sFrameCduSend.cntDataItem4 may be assigned 8 (sFrameCduSend.cntDataItem4 = 8)
  - [assignment_value/high]@24 sAlignToSmu.bPathPlanFlag may be assigned FALSE32 (sAlignToSmu.bPathPlanFlag = FALSE32)
  - [assignment_value/high]@31 sFrameCduSend.cntDataItem5 may be assigned 8 (sFrameCduSend.cntDataItem5 = 8)
  - [assignment_value/high]@32 sAlignToSmu.bMoveNum may be assigned FALSE32 (sAlignToSmu.bMoveNum = FALSE32)
  - ... 15 more
- value_ranges:
  - sAlignToSmu.bDAndTheta: [0, 0] (macro FALSE32@57)
  - sAlignToSmu.bFWSafeIF: [0, 0] (macro FALSE32@16)
  - sAlignToSmu.bMoveNum: [0, 0] (macro FALSE32@32)
  - sAlignToSmu.bPathPlanFlag: [0, 0] (macro FALSE32@24)
  - sAlignToSmu.bSlopeAgl1: [0, 0] (macro FALSE32@40)
  - sAlignToSmu.bSlopeAgl2: [0, 0] (macro FALSE32@48)
  - sFrameCduSend.cntDataItem10: [8, 8] (literal@56)
  - sFrameCduSend.cntDataItem3: [8, 8] (literal@15)
  - sFrameCduSend.cntDataItem4: [8, 8] (literal@23)
  - sFrameCduSend.cntDataItem5: [8, 8] (literal@31)
  - sFrameCduSend.cntDataItem8: [8, 8] (literal@39)
  - sFrameCduSend.cntDataItem9: [8, 8] (literal@47)
- condition_ranges:
  - sAlignToSmu.bFWSafeIF: [1, 4294967295] when sAlignToSmu.bFWSafeIF == TRUE32@12
  - sAlignToSmu.bPathPlanFlag: [1, 4294967295] when sAlignToSmu.bPathPlanFlag == TRUE32@20
  - sAlignToSmu.bMoveNum: [1, 4294967295] when sAlignToSmu.bMoveNum == TRUE32@28
  - sAlignToSmu.bSlopeAgl1: [1, 4294967295] when sAlignToSmu.bSlopeAgl1 == TRUE32@36
  - sAlignToSmu.bSlopeAgl2: [1, 4294967295] when sAlignToSmu.bSlopeAgl2 == TRUE32@44
  - sAlignToSmu.bDAndTheta: [1, 4294967295] when sAlignToSmu.bDAndTheta == TRUE32@52
- conditions:
  - if@12: sAlignToSmu.bFWSafeIF == TRUE32
  - if@20: sAlignToSmu.bPathPlanFlag == TRUE32
  - if@28: sAlignToSmu.bMoveNum == TRUE32
  - if@36: sAlignToSmu.bSlopeAgl1 == TRUE32
  - if@44: sAlignToSmu.bSlopeAgl2 == TRUE32
  - if@52: sAlignToSmu.bDAndTheta == TRUE32
- assignments:
  - 9: sAlignToSmu.SMUWIFIreleaseFlag = WIFIreleaseFlag,sWalkSendData
  - 14: sAlignToSmu.SMUFWSafeIF = FWSafeIF,sWalkSendData
  - 15: sFrameCduSend.cntDataItem3 = <literal/unknown>
  - 16: sAlignToSmu.bFWSafeIF = FALSE32
  - 22: sAlignToSmu.SMUPathPlanFlag = PathPlanFlag,sWalkSendData
  - 23: sFrameCduSend.cntDataItem4 = <literal/unknown>
  - 24: sAlignToSmu.bPathPlanFlag = FALSE32
  - 30: sAlignToSmu.SMUMoveNum = MoveNum,sWalkSendData
  - 31: sFrameCduSend.cntDataItem5 = <literal/unknown>
  - 32: sAlignToSmu.bMoveNum = FALSE32
  - 38: sAlignToSmu.SMUSlopeAgl1 = SlopeAgl1,sWalkSendData
  - 39: sFrameCduSend.cntDataItem8 = <literal/unknown>
  - 40: sAlignToSmu.bSlopeAgl1 = FALSE32
  - 46: sAlignToSmu.SMUSlopeAgl2 = SlopeAgl2,sWalkSendData
  - 47: sFrameCduSend.cntDataItem9 = <literal/unknown>
  - 48: sAlignToSmu.bSlopeAgl2 = FALSE32
  - 54: sAlignToSmu.SMUd = d,sWalkSendData
  - 55: sAlignToSmu.SMUTurnAgl = TurnAgl,sWalkSendData
  - 56: sFrameCduSend.cntDataItem10 = <literal/unknown>
  - 57: sAlignToSmu.bDAndTheta = FALSE32

## JSON
{
  "root": "/home/hp/文档/output/CE7-FYQ-src_flat_out/CDUToSMUAlign/IP_CDUToSMUAlign.c",
  "files": [
    {
      "file": "/home/hp/文档/output/CE7-FYQ-src_flat_out/CDUToSMUAlign/IP_CDUToSMUAlign.c",
      "lines": 62,
      "includes": [
        {
          "name": "IP_CDUToSMUAlign.h",
          "kind": "local",
          "line": 1,
          "resolved": "/home/hp/文档/output/CE7-FYQ-src_flat_out/CDUToSMUAlign/IP_CDUToSMUAlign.h"
        }
      ],
      "macros": [],
      "typedefs": [],
      "globals": [],
      "functions": [
        {
          "name": "CDUToSMUAlign",
          "line": 7,
          "params": []
        }
      ]
    }
  ],
  "summary": {
    "file_count": 1,
    "function_count": 1,
    "defined_function_count": 1,
    "declared_function_count": 0,
    "macro_count": 0,
    "typedef_count": 0,
    "global_count": 0,
    "call_edge_count": 0,
    "unresolved_call_count": 0,
    "field_access_count": 34,
    "missing_local_include_count": 0,
    "function_invariant_count": 45,
    "project_invariant_count": 28
  },
  "symbols": {
    "defined_functions": {
      "CDUToSMUAlign": [
        {
          "file": "/home/hp/文档/output/CE7-FYQ-src_flat_out/CDUToSMUAlign/IP_CDUToSMUAlign.c",
          "line": 7
        }
      ]
    },
    "declared_functions": {},
    "macros": {},
    "typedefs": {},
    "enum_constants": [],
    "globals": {},
    "struct_fields": {},
    "duplicate_functions": {}
  },
  "functions": [
    {
      "file": "/home/hp/文档/output/CE7-FYQ-src_flat_out/CDUToSMUAlign/IP_CDUToSMUAlign.c",
      "name": "CDUToSMUAlign",
      "line": 7,
      "return_type": "void",
      "params": [],
      "locals": [],
      "calls": [],
      "assignments": [
        {
          "line": 9,
          "lhs": "sAlignToSmu.SMUWIFIreleaseFlag",
          "operator": "=",
          "rhs": "sWalkSendData.WIFIreleaseFlag",
          "rhs_identifiers": [
            "WIFIreleaseFlag",
            "sWalkSendData"
          ]
        },
        {
          "line": 14,
          "lhs": "sAlignToSmu.SMUFWSafeIF",
          "operator": "=",
          "rhs": "sWalkSendData.FWSafeIF",
          "rhs_identifiers": [
            "FWSafeIF",
            "sWalkSendData"
          ]
        },
        {
          "line": 15,
          "lhs": "sFrameCduSend.cntDataItem3",
          "operator": "=",
          "rhs": "8",
          "rhs_identifiers": []
        },
        {
          "line": 16,
          "lhs": "sAlignToSmu.bFWSafeIF",
          "operator": "=",
          "rhs": "FALSE32",
          "rhs_identifiers": [
            "FALSE32"
          ]
        },
        {
          "line": 22,
          "lhs": "sAlignToSmu.SMUPathPlanFlag",
          "operator": "=",
          "rhs": "sWalkSendData.PathPlanFlag",
          "rhs_identifiers": [
            "PathPlanFlag",
            "sWalkSendData"
          ]
        },
        {
          "line": 23,
          "lhs": "sFrameCduSend.cntDataItem4",
          "operator": "=",
          "rhs": "8",
          "rhs_identifiers": []
        },
        {
          "line": 24,
          "lhs": "sAlignToSmu.bPathPlanFlag",
          "operator": "=",
          "rhs": "FALSE32",
          "rhs_identifiers": [
            "FALSE32"
          ]
        },
        {
          "line": 30,
          "lhs": "sAlignToSmu.SMUMoveNum",
          "operator": "=",
          "rhs": "sWalkSendData.MoveNum",
          "rhs_identifiers": [
            "MoveNum",
            "sWalkSendData"
          ]
        },
        {
          "line": 31,
          "lhs": "sFrameCduSend.cntDataItem5",
          "operator": "=",
          "rhs": "8",
          "rhs_identifiers": []
        },
        {
          "line": 32,
          "lhs": "sAlignToSmu.bMoveNum",
          "operator": "=",
          "rhs": "FALSE32",
          "rhs_identifiers": [
            "FALSE32"
          ]
        },
        {
          "line": 38,
          "lhs": "sAlignToSmu.SMUSlopeAgl1",
          "operator": "=",
          "rhs": "sWalkSendData.SlopeAgl1",
          "rhs_identifiers": [
            "SlopeAgl1",
            "sWalkSendData"
          ]
        },
        {
          "line": 39,
          "lhs": "sFrameCduSend.cntDataItem8",
          "operator": "=",
          "rhs": "8",
          "rhs_identifiers": []
        },
        {
          "line": 40,
          "lhs": "sAlignToSmu.bSlopeAgl1",
          "operator": "=",
          "rhs": "FALSE32",
          "rhs_identifiers": [
            "FALSE32"
          ]
        },
        {
          "line": 46,
          "lhs": "sAlignToSmu.SMUSlopeAgl2",
          "operator": "=",
          "rhs": "sWalkSendData.SlopeAgl2",
          "rhs_identifiers": [
            "SlopeAgl2",
            "sWalkSendData"
          ]
        },
        {
          "line": 47,
          "lhs": "sFrameCduSend.cntDataItem9",
          "operator": "=",
          "rhs": "8",
          "rhs_identifiers": []
        },
        {
          "line": 48,
          "lhs": "sAlignToSmu.bSlopeAgl2",
          "operator": "=",
          "rhs": "FALSE32",
          "rhs_identifiers": [
            "FALSE32"
          ]
        },
        {
          "line": 54,
          "lhs": "sAlignToSmu.SMUd",
          "operator": "=",
          "rhs": "sWalkSendData.d",
          "rhs_identifiers": [
            "d",
            "sWalkSendData"
          ]
        },
        {
          "line": 55,
          "lhs": "sAlignToSmu.SMUTurnAgl",
          "operator": "=",
          "rhs": "sWalkSendData.TurnAgl",
          "rhs_identifiers": [
            "TurnAgl",
            "sWalkSendData"
          ]
        },
        {
          "line": 56,
          "lhs": "sFrameCduSend.cntDataItem10",
          "operator": "=",
          "rhs": "8",
          "rhs_identifiers": []
        },
        {
          "line": 57,
          "lhs": "sAlignToSmu.bDAndTheta",
          "operator": "=",
          "rhs": "FALSE32",
          "rhs_identifiers": [
            "FALSE32"
          ]
        }
      ],
      "conditions": [
        {
          "line": 12,
          "kind": "if",
          "expression": "sAlignToSmu.bFWSafeIF == TRUE32",
          "identifiers": [
            "TRUE32",
            "bFWSafeIF",
            "sAlignToSmu"
          ]
        },
        {
          "line": 20,
          "kind": "if",
          "expression": "sAlignToSmu.bPathPlanFlag == TRUE32",
          "identifiers": [
            "TRUE32",
            "bPathPlanFlag",
            "sAlignToSmu"
          ]
        },
        {
          "line": 28,
          "kind": "if",
          "expression": "sAlignToSmu.bMoveNum == TRUE32",
          "identifiers": [
            "TRUE32",
            "bMoveNum",
            "sAlignToSmu"
          ]
        },
        {
          "line": 36,
          "kind": "if",
          "expression": "sAlignToSmu.bSlopeAgl1 == TRUE32",
          "identifiers": [
            "TRUE32",
            "bSlopeAgl1",
            "sAlignToSmu"
          ]
        },
        {
          "line": 44,
          "kind": "if",
          "expression": "sAlignToSmu.bSlopeAgl2 == TRUE32",
          "identifiers": [
            "TRUE32",
            "bSlopeAgl2",
            "sAlignToSmu"
          ]
        },
        {
          "line": 52,
          "kind": "if",
          "expression": "sAlignToSmu.bDAndTheta == TRUE32",
          "identifiers": [
            "TRUE32",
            "bDAndTheta",
            "sAlignToSmu"
          ]
        }
      ],
      "switch_cases": [],
      "field_accesses": [
        {
          "line": 9,
          "object": "sAlignToSmu",
          "operator": ".",
          "field": "SMUWIFIreleaseFlag",
          "access": "write",
          "name": "sAlignToSmu.SMUWIFIreleaseFlag"
        },
        {
          "line": 9,
          "object": "sWalkSendData",
          "operator": ".",
          "field": "WIFIreleaseFlag",
          "access": "read",
          "name": "sWalkSendData.WIFIreleaseFlag"
        },
        {
          "line": 12,
          "object": "sAlignToSmu",
          "operator": ".",
          "field": "bFWSafeIF",
          "access": "read",
          "name": "sAlignToSmu.bFWSafeIF"
        },
        {
          "line": 14,
          "object": "sAlignToSmu",
          "operator": ".",
          "field": "SMUFWSafeIF",
          "access": "write",
          "name": "sAlignToSmu.SMUFWSafeIF"
        },
        {
          "line": 14,
          "object": "sWalkSendData",
          "operator": ".",
          "field": "FWSafeIF",
          "access": "read",
          "name": "sWalkSendData.FWSafeIF"
        },
        {
          "line": 15,
          "object": "sFrameCduSend",
          "operator": ".",
          "field": "cntDataItem3",
          "access": "write",
          "name": "sFrameCduSend.cntDataItem3"
        },
        {
          "line": 16,
          "object": "sAlignToSmu",
          "operator": ".",
          "field": "bFWSafeIF",
          "access": "write",
          "name": "sAlignToSmu.bFWSafeIF"
        },
        {
          "line": 20,
          "object": "sAlignToSmu",
          "operator": ".",
          "field": "bPathPlanFlag",
          "access": "read",
          "name": "sAlignToSmu.bPathPlanFlag"
        },
        {
          "line": 22,
          "object": "sAlignToSmu",
          "operator": ".",
          "field": "SMUPathPlanFlag",
          "access": "write",
          "name": "sAlignToSmu.SMUPathPlanFlag"
        },
        {
          "line": 22,
          "object": "sWalkSendData",
          "operator": ".",
          "field": "PathPlanFlag",
          "access": "read",
          "name": "sWalkSendData.PathPlanFlag"
        },
        {
          "line": 23,
          "object": "sFrameCduSend",
          "operator": ".",
          "field": "cntDataItem4",
          "access": "write",
          "name": "sFrameCduSend.cntDataItem4"
        },
        {
          "line": 24,
          "object": "sAlignToSmu",
          "operator": ".",
          "field": "bPathPlanFlag",
          "access": "write",
          "name": "sAlignToSmu.bPathPlanFlag"
        },
        {
          "line": 28,
          "object": "sAlignToSmu",
          "operator": ".",
          "field": "bMoveNum",
          "access": "read",
          "name": "sAlignToSmu.bMoveNum"
        },
        {
          "line": 30,
          "object": "sAlignToSmu",
          "operator": ".",
          "field": "SMUMoveNum",
          "access": "write",
          "name": "sAlignToSmu.SMUMoveNum"
        },
        {
          "line": 30,
          "object": "sWalkSendData",
          "operator": ".",
          "field": "MoveNum",
          "access": "read",
          "name": "sWalkSendData.MoveNum"
        },
        {
          "line": 31,
          "object": "sFrameCduSend",
          "operator": ".",
          "field": "cntDataItem5",
          "access": "write",
          "name": "sFrameCduSend.cntDataItem5"
        },
        {
          "line": 32,
          "object": "sAlignToSmu",
          "operator": ".",
          "field": "bMoveNum",
          "access": "write",
          "name": "sAlignToSmu.bMoveNum"
        },
        {
          "line": 36,
          "object": "sAlignToSmu",
          "operator": ".",
          "field": "bSlopeAgl1",
          "access": "read",
          "name": "sAlignToSmu.bSlopeAgl1"
        },
        {
          "line": 38,
          "object": "sAlignToSmu",
          "operator": ".",
          "field": "SMUSlopeAgl1",
          "access": "write",
          "name": "sAlignToSmu.SMUSlopeAgl1"
        },
        {
          "line": 38,
          "object": "sWalkSendData",
          "operator": ".",
          "field": "SlopeAgl1",
          "access": "read",
          "name": "sWalkSendData.SlopeAgl1"
        },
        {
          "line": 39,
          "object": "sFrameCduSend",
          "operator": ".",
          "field": "cntDataItem8",
          "access": "write",
          "name": "sFrameCduSend.cntDataItem8"
        },
        {
          "line": 40,
          "object": "sAlignToSmu",
          "operator": ".",
          "field": "bSlopeAgl1",
          "access": "write",
          "name": "sAlignToSmu.bSlopeAgl1"
        },
        {
          "line": 44,
          "object": "sAlignToSmu",
          "operator": ".",
          "field": "bSlopeAgl2",
          "access": "read",
          "name": "sAlignToSmu.bSlopeAgl2"
        },
        {
          "line": 46,
          "object": "sAlignToSmu",
          "operator": ".",
          "field": "SMUSlopeAgl2",
          "access": "write",
          "name": "sAlignToSmu.SMUSlopeAgl2"
        },
        {
          "line": 46,
          "object": "sWalkSendData",
          "operator": ".",
          "field": "SlopeAgl2",
          "access": "read",
          "name": "sWalkSendData.SlopeAgl2"
        },
        {
          "line": 47,
          "object": "sFrameCduSend",
          "operator": ".",
          "field": "cntDataItem9",
          "access": "write",
          "name": "sFrameCduSend.cntDataItem9"
        },
        {
          "line": 48,
          "object": "sAlignToSmu",
          "operator": ".",
          "field": "bSlopeAgl2",
          "access": "write",
          "name": "sAlignToSmu.bSlopeAgl2"
        },
        {
          "line": 52,
          "object": "sAlignToSmu",
          "operator": ".",
          "field": "bDAndTheta",
          "access": "read",
          "name": "sAlignToSmu.bDAndTheta"
        },
        {
          "line": 54,
          "object": "sAlignToSmu",
          "operator": ".",
          "field": "SMUd",
          "access": "write",
          "name": "sAlignToSmu.SMUd"
        },
        {
          "line": 54,
          "object": "sWalkSendData",
          "operator": ".",
          "field": "d",
          "access": "read",
          "name": "sWalkSendData.d"
        },
        {
          "line": 55,
          "object": "sAlignToSmu",
          "operator": ".",
          "field": "SMUTurnAgl",
          "access": "write",
          "name": "sAlignToSmu.SMUTurnAgl"
        },
        {
          "line": 55,
          "object": "sWalkSendData",
          "operator": ".",
          "field": "TurnAgl",
          "access": "read",
          "name": "sWalkSendData.TurnAgl"
        },
        {
          "line": 56,
          "object": "sFrameCduSend",
          "operator": ".",
          "field": "cntDataItem10",
          "access": "write",
          "name": "sFrameCduSend.cntDataItem10"
        },
        {
          "line": 57,
          "object": "sAlignToSmu",
          "operator": ".",
          "field": "bDAndTheta",
          "access": "write",
          "name": "sAlignToSmu.bDAndTheta"
        }
      ],
      "returns": [
        {
          "line": 60,
          "expression": "",
          "identifiers": []
        }
      ],
      "macro_uses": [
        {
          "name": "FALSE32",
          "line": 16,
          "known": false
        },
        {
          "name": "FALSE32",
          "line": 24,
          "known": false
        },
        {
          "name": "FALSE32",
          "line": 32,
          "known": false
        },
        {
          "name": "FALSE32",
          "line": 40,
          "known": false
        },
        {
          "name": "FALSE32",
          "line": 48,
          "known": false
        },
        {
          "name": "FALSE32",
          "line": 57,
          "known": false
        },
        {
          "name": "TRUE32",
          "line": 12,
          "known": false
        },
        {
          "name": "TRUE32",
          "line": 20,
          "known": false
        },
        {
          "name": "TRUE32",
          "line": 28,
          "known": false
        },
        {
          "name": "TRUE32",
          "line": 36,
          "known": false
        },
        {
          "name": "TRUE32",
          "line": 44,
          "known": false
        },
        {
          "name": "TRUE32",
          "line": 52,
          "known": false
        }
      ],
      "type_uses": [],
      "value_ranges": [
        {
          "symbol": "sAlignToSmu.bDAndTheta",
          "range": "[0, 0]",
          "min": 0.0,
          "max": 0.0,
          "evidence": [
            "macro FALSE32@57"
          ]
        },
        {
          "symbol": "sAlignToSmu.bFWSafeIF",
          "range": "[0, 0]",
          "min": 0.0,
          "max": 0.0,
          "evidence": [
            "macro FALSE32@16"
          ]
        },
        {
          "symbol": "sAlignToSmu.bMoveNum",
          "range": "[0, 0]",
          "min": 0.0,
          "max": 0.0,
          "evidence": [
            "macro FALSE32@32"
          ]
        },
        {
          "symbol": "sAlignToSmu.bPathPlanFlag",
          "range": "[0, 0]",
          "min": 0.0,
          "max": 0.0,
          "evidence": [
            "macro FALSE32@24"
          ]
        },
        {
          "symbol": "sAlignToSmu.bSlopeAgl1",
          "range": "[0, 0]",
          "min": 0.0,
          "max": 0.0,
          "evidence": [
            "macro FALSE32@40"
          ]
        },
        {
          "symbol": "sAlignToSmu.bSlopeAgl2",
          "range": "[0, 0]",
          "min": 0.0,
          "max": 0.0,
          "evidence": [
            "macro FALSE32@48"
          ]
        },
        {
          "symbol": "sFrameCduSend.cntDataItem10",
          "range": "[8, 8]",
          "min": 8.0,
          "max": 8.0,
          "evidence": [
            "literal@56"
          ]
        },
        {
          "symbol": "sFrameCduSend.cntDataItem3",
          "range": "[8, 8]",
          "min": 8.0,
          "max": 8.0,
          "evidence": [
            "literal@15"
          ]
        },
        {
          "symbol": "sFrameCduSend.cntDataItem4",
          "range": "[8, 8]",
          "min": 8.0,
          "max": 8.0,
          "evidence": [
            "literal@23"
          ]
        },
        {
          "symbol": "sFrameCduSend.cntDataItem5",
          "range": "[8, 8]",
          "min": 8.0,
          "max": 8.0,
          "evidence": [
            "literal@31"
          ]
        },
        {
          "symbol": "sFrameCduSend.cntDataItem8",
          "range": "[8, 8]",
          "min": 8.0,
          "max": 8.0,
          "evidence": [
            "literal@39"
          ]
        },
        {
          "symbol": "sFrameCduSend.cntDataItem9",
          "range": "[8, 8]",
          "min": 8.0,
          "max": 8.0,
          "evidence": [
            "literal@47"
          ]
        }
      ],
      "condition_ranges": [
        {
          "symbol": "sAlignToSmu.bFWSafeIF",
          "range": "[1, 4294967295]",
          "min": 1.0,
          "max": 4294967295.0,
          "line": 12,
          "condition": "sAlignToSmu.bFWSafeIF == TRUE32"
        },
        {
          "symbol": "sAlignToSmu.bPathPlanFlag",
          "range": "[1, 4294967295]",
          "min": 1.0,
          "max": 4294967295.0,
          "line": 20,
          "condition": "sAlignToSmu.bPathPlanFlag == TRUE32"
        },
        {
          "symbol": "sAlignToSmu.bMoveNum",
          "range": "[1, 4294967295]",
          "min": 1.0,
          "max": 4294967295.0,
          "line": 28,
          "condition": "sAlignToSmu.bMoveNum == TRUE32"
        },
        {
          "symbol": "sAlignToSmu.bSlopeAgl1",
          "range": "[1, 4294967295]",
          "min": 1.0,
          "max": 4294967295.0,
          "line": 36,
          "condition": "sAlignToSmu.bSlopeAgl1 == TRUE32"
        },
        {
          "symbol": "sAlignToSmu.bSlopeAgl2",
          "range": "[1, 4294967295]",
          "min": 1.0,
          "max": 4294967295.0,
          "line": 44,
          "condition": "sAlignToSmu.bSlopeAgl2 == TRUE32"
        },
        {
          "symbol": "sAlignToSmu.bDAndTheta",
          "range": "[1, 4294967295]",
          "min": 1.0,
          "max": 4294967295.0,
          "line": 52,
          "condition": "sAlignToSmu.bDAndTheta == TRUE32"
        }
      ],
      "reads": [
        "FALSE32",
        "FWSafeIF",
        "MoveNum",
        "PathPlanFlag",
        "SlopeAgl1",
        "SlopeAgl2",
        "TRUE32",
        "TurnAgl",
        "WIFIreleaseFlag",
        "bDAndTheta",
        "bFWSafeIF",
        "bMoveNum",
        "bPathPlanFlag",
        "bSlopeAgl1",
        "bSlopeAgl2",
        "d",
        "sAlignToSmu",
        "sWalkSendData"
      ],
      "writes": [
        "sAlignToSmu",
        "sFrameCduSend"
      ],
      "global_reads": [],
      "global_writes": [],
      "input_fields": [
        "sAlignToSmu.bDAndTheta",
        "sAlignToSmu.bFWSafeIF",
        "sAlignToSmu.bMoveNum",
        "sAlignToSmu.bPathPlanFlag",
        "sAlignToSmu.bSlopeAgl1",
        "sAlignToSmu.bSlopeAgl2",
        "sWalkSendData.FWSafeIF",
        "sWalkSendData.MoveNum",
        "sWalkSendData.PathPlanFlag",
        "sWalkSendData.SlopeAgl1",
        "sWalkSendData.SlopeAgl2",
        "sWalkSendData.TurnAgl",
        "sWalkSendData.WIFIreleaseFlag",
        "sWalkSendData.d"
      ],
      "output_fields": [
        "sAlignToSmu.SMUFWSafeIF",
        "sAlignToSmu.SMUMoveNum",
        "sAlignToSmu.SMUPathPlanFlag",
        "sAlignToSmu.SMUSlopeAgl1",
        "sAlignToSmu.SMUSlopeAgl2",
        "sAlignToSmu.SMUTurnAgl",
        "sAlignToSmu.SMUWIFIreleaseFlag",
        "sAlignToSmu.SMUd",
        "sAlignToSmu.bDAndTheta",
        "sAlignToSmu.bFWSafeIF",
        "sAlignToSmu.bMoveNum",
        "sAlignToSmu.bPathPlanFlag",
        "sAlignToSmu.bSlopeAgl1",
        "sAlignToSmu.bSlopeAgl2",
        "sFrameCduSend.cntDataItem10",
        "sFrameCduSend.cntDataItem3",
        "sFrameCduSend.cntDataItem4",
        "sFrameCduSend.cntDataItem5",
        "sFrameCduSend.cntDataItem8",
        "sFrameCduSend.cntDataItem9"
      ],
      "undefined_calls": [],
      "invariants": [
        {
          "kind": "value_range",
          "text": "sAlignToSmu.bDAndTheta in [0, 0]",
          "confidence": "medium",
          "evidence": "macro FALSE32@57",
          "symbol": "sAlignToSmu.bDAndTheta",
          "min": 0.0,
          "max": 0.0
        },
        {
          "kind": "value_range",
          "text": "sAlignToSmu.bFWSafeIF in [0, 0]",
          "confidence": "medium",
          "evidence": "macro FALSE32@16",
          "symbol": "sAlignToSmu.bFWSafeIF",
          "min": 0.0,
          "max": 0.0
        },
        {
          "kind": "value_range",
          "text": "sAlignToSmu.bMoveNum in [0, 0]",
          "confidence": "medium",
          "evidence": "macro FALSE32@32",
          "symbol": "sAlignToSmu.bMoveNum",
          "min": 0.0,
          "max": 0.0
        },
        {
          "kind": "value_range",
          "text": "sAlignToSmu.bPathPlanFlag in [0, 0]",
          "confidence": "medium",
          "evidence": "macro FALSE32@24",
          "symbol": "sAlignToSmu.bPathPlanFlag",
          "min": 0.0,
          "max": 0.0
        },
        {
          "kind": "value_range",
          "text": "sAlignToSmu.bSlopeAgl1 in [0, 0]",
          "confidence": "medium",
          "evidence": "macro FALSE32@40",
          "symbol": "sAlignToSmu.bSlopeAgl1",
          "min": 0.0,
          "max": 0.0
        },
        {
          "kind": "value_range",
          "text": "sAlignToSmu.bSlopeAgl2 in [0, 0]",
          "confidence": "medium",
          "evidence": "macro FALSE32@48",
          "symbol": "sAlignToSmu.bSlopeAgl2",
          "min": 0.0,
          "max": 0.0
        },
        {
          "kind": "value_range",
          "text": "sFrameCduSend.cntDataItem10 in [8, 8]",
          "confidence": "medium",
          "evidence": "literal@56",
          "symbol": "sFrameCduSend.cntDataItem10",
          "min": 8.0,
          "max": 8.0
        },
        {
          "kind": "value_range",
          "text": "sFrameCduSend.cntDataItem3 in [8, 8]",
          "confidence": "medium",
          "evidence": "literal@15",
          "symbol": "sFrameCduSend.cntDataItem3",
          "min": 8.0,
          "max": 8.0
        },
        {
          "kind": "value_range",
          "text": "sFrameCduSend.cntDataItem4 in [8, 8]",
          "confidence": "medium",
          "evidence": "literal@23",
          "symbol": "sFrameCduSend.cntDataItem4",
          "min": 8.0,
          "max": 8.0
        },
        {
          "kind": "value_range",
          "text": "sFrameCduSend.cntDataItem5 in [8, 8]",
          "confidence": "medium",
          "evidence": "literal@31",
          "symbol": "sFrameCduSend.cntDataItem5",
          "min": 8.0,
          "max": 8.0
        },
        {
          "kind": "value_range",
          "text": "sFrameCduSend.cntDataItem8 in [8, 8]",
          "confidence": "medium",
          "evidence": "literal@39",
          "symbol": "sFrameCduSend.cntDataItem8",
          "min": 8.0,
          "max": 8.0
        },
        {
          "kind": "value_range",
          "text": "sFrameCduSend.cntDataItem9 in [8, 8]",
          "confidence": "medium",
          "evidence": "literal@47",
          "symbol": "sFrameCduSend.cntDataItem9",
          "min": 8.0,
          "max": 8.0
        },
        {
          "kind": "condition_range",
          "text": "sAlignToSmu.bFWSafeIF in [1, 4294967295] when sAlignToSmu.bFWSafeIF == TRUE32",
          "confidence": "high",
          "line": 12,
          "evidence": "sAlignToSmu.bFWSafeIF == TRUE32",
          "symbol": "sAlignToSmu.bFWSafeIF",
          "min": 1.0,
          "max": 4294967295.0
        },
        {
          "kind": "condition_range",
          "text": "sAlignToSmu.bPathPlanFlag in [1, 4294967295] when sAlignToSmu.bPathPlanFlag == TRUE32",
          "confidence": "high",
          "line": 20,
          "evidence": "sAlignToSmu.bPathPlanFlag == TRUE32",
          "symbol": "sAlignToSmu.bPathPlanFlag",
          "min": 1.0,
          "max": 4294967295.0
        },
        {
          "kind": "condition_range",
          "text": "sAlignToSmu.bMoveNum in [1, 4294967295] when sAlignToSmu.bMoveNum == TRUE32",
          "confidence": "high",
          "line": 28,
          "evidence": "sAlignToSmu.bMoveNum == TRUE32",
          "symbol": "sAlignToSmu.bMoveNum",
          "min": 1.0,
          "max": 4294967295.0
        },
        {
          "kind": "condition_range",
          "text": "sAlignToSmu.bSlopeAgl1 in [1, 4294967295] when sAlignToSmu.bSlopeAgl1 == TRUE32",
          "confidence": "high",
          "line": 36,
          "evidence": "sAlignToSmu.bSlopeAgl1 == TRUE32",
          "symbol": "sAlignToSmu.bSlopeAgl1",
          "min": 1.0,
          "max": 4294967295.0
        },
        {
          "kind": "condition_range",
          "text": "sAlignToSmu.bSlopeAgl2 in [1, 4294967295] when sAlignToSmu.bSlopeAgl2 == TRUE32",
          "confidence": "high",
          "line": 44,
          "evidence": "sAlignToSmu.bSlopeAgl2 == TRUE32",
          "symbol": "sAlignToSmu.bSlopeAgl2",
          "min": 1.0,
          "max": 4294967295.0
        },
        {
          "kind": "condition_range",
          "text": "sAlignToSmu.bDAndTheta in [1, 4294967295] when sAlignToSmu.bDAndTheta == TRUE32",
          "confidence": "high",
          "line": 52,
          "evidence": "sAlignToSmu.bDAndTheta == TRUE32",
          "symbol": "sAlignToSmu.bDAndTheta",
          "min": 1.0,
          "max": 4294967295.0
        },
        {
          "kind": "branch_condition",
          "text": "inside if branch: sAlignToSmu.bFWSafeIF == TRUE32",
          "confidence": "high",
          "line": 12,
          "evidence": "sAlignToSmu.bFWSafeIF == TRUE32",
          "identifiers": [
            "TRUE32",
            "bFWSafeIF",
            "sAlignToSmu"
          ]
        },
        {
          "kind": "branch_condition",
          "text": "inside if branch: sAlignToSmu.bPathPlanFlag == TRUE32",
          "confidence": "high",
          "line": 20,
          "evidence": "sAlignToSmu.bPathPlanFlag == TRUE32",
          "identifiers": [
            "TRUE32",
            "bPathPlanFlag",
            "sAlignToSmu"
          ]
        },
        {
          "kind": "branch_condition",
          "text": "inside if branch: sAlignToSmu.bMoveNum == TRUE32",
          "confidence": "high",
          "line": 28,
          "evidence": "sAlignToSmu.bMoveNum == TRUE32",
          "identifiers": [
            "TRUE32",
            "bMoveNum",
            "sAlignToSmu"
          ]
        },
        {
          "kind": "branch_condition",
          "text": "inside if branch: sAlignToSmu.bSlopeAgl1 == TRUE32",
          "confidence": "high",
          "line": 36,
          "evidence": "sAlignToSmu.bSlopeAgl1 == TRUE32",
          "identifiers": [
            "TRUE32",
            "bSlopeAgl1",
            "sAlignToSmu"
          ]
        },
        {
          "kind": "branch_condition",
          "text": "inside if branch: sAlignToSmu.bSlopeAgl2 == TRUE32",
          "confidence": "high",
          "line": 44,
          "evidence": "sAlignToSmu.bSlopeAgl2 == TRUE32",
          "identifiers": [
            "TRUE32",
            "bSlopeAgl2",
            "sAlignToSmu"
          ]
        },
        {
          "kind": "branch_condition",
          "text": "inside if branch: sAlignToSmu.bDAndTheta == TRUE32",
          "confidence": "high",
          "line": 52,
          "evidence": "sAlignToSmu.bDAndTheta == TRUE32",
          "identifiers": [
            "TRUE32",
            "bDAndTheta",
            "sAlignToSmu"
          ]
        },
        {
          "kind": "assignment_value",
          "text": "sFrameCduSend.cntDataItem3 may be assigned 8",
          "confidence": "high",
          "line": 15,
          "evidence": "sFrameCduSend.cntDataItem3 = 8",
          "symbol": "sFrameCduSend.cntDataItem3",
          "value": "8"
        },
        {
          "kind": "assignment_value",
          "text": "sAlignToSmu.bFWSafeIF may be assigned FALSE32",
          "confidence": "high",
          "line": 16,
          "evidence": "sAlignToSmu.bFWSafeIF = FALSE32",
          "symbol": "sAlignToSmu.bFWSafeIF",
          "value": "FALSE32"
        },
        {
          "kind": "assignment_value",
          "text": "sFrameCduSend.cntDataItem4 may be assigned 8",
          "confidence": "high",
          "line": 23,
          "evidence": "sFrameCduSend.cntDataItem4 = 8",
          "symbol": "sFrameCduSend.cntDataItem4",
          "value": "8"
        },
        {
          "kind": "assignment_value",
          "text": "sAlignToSmu.bPathPlanFlag may be assigned FALSE32",
          "confidence": "high",
          "line": 24,
          "evidence": "sAlignToSmu.bPathPlanFlag = FALSE32",
          "symbol": "sAlignToSmu.bPathPlanFlag",
          "value": "FALSE32"
        },
        {
          "kind": "assignment_value",
          "text": "sFrameCduSend.cntDataItem5 may be assigned 8",
          "confidence": "high",
          "line": 31,
          "evidence": "sFrameCduSend.cntDataItem5 = 8",
          "symbol": "sFrameCduSend.cntDataItem5",
          "value": "8"
        },
        {
          "kind": "assignment_value",
          "text": "sAlignToSmu.bMoveNum may be assigned FALSE32",
          "confidence": "high",
          "line": 32,
          "evidence": "sAlignToSmu.bMoveNum = FALSE32",
          "symbol": "sAlignToSmu.bMoveNum",
          "value": "FALSE32"
        },
        {
          "kind": "assignment_value",
          "text": "sFrameCduSend.cntDataItem8 may be assigned 8",
          "confidence": "high",
          "line": 39,
          "evidence": "sFrameCduSend.cntDataItem8 = 8",
          "symbol": "sFrameCduSend.cntDataItem8",
          "value": "8"
        },
        {
          "kind": "assignment_value",
          "text": "sAlignToSmu.bSlopeAgl1 may be assigned FALSE32",
          "confidence": "high",
          "line": 40,
          "evidence": "sAlignToSmu.bSlopeAgl1 = FALSE32",
          "symbol": "sAlignToSmu.bSlopeAgl1",
          "value": "FALSE32"
        },
        {
          "kind": "assignment_value",
          "text": "sFrameCduSend.cntDataItem9 may be assigned 8",
          "confidence": "high",
          "line": 47,
          "evidence": "sFrameCduSend.cntDataItem9 = 8",
          "symbol": "sFrameCduSend.cntDataItem9",
          "value": "8"
        },
        {
          "kind": "assignment_value",
          "text": "sAlignToSmu.bSlopeAgl2 may be assigned FALSE32",
          "confidence": "high",
          "line": 48,
          "evidence": "sAlignToSmu.bSlopeAgl2 = FALSE32",
          "symbol": "sAlignToSmu.bSlopeAgl2",
          "value": "FALSE32"
        },
        {
          "kind": "assignment_value",
          "text": "sFrameCduSend.cntDataItem10 may be assigned 8",
          "confidence": "high",
          "line": 56,
          "evidence": "sFrameCduSend.cntDataItem10 = 8",
          "symbol": "sFrameCduSend.cntDataItem10",
          "value": "8"
        },
        {
          "kind": "assignment_value",
          "text": "sAlignToSmu.bDAndTheta may be assigned FALSE32",
          "confidence": "high",
          "line": 57,
          "evidence": "sAlignToSmu.bDAndTheta = FALSE32",
          "symbol": "sAlignToSmu.bDAndTheta",
          "value": "FALSE32"
        },
        {
          "kind": "state_value_set",
          "text": "sAlignToSmu.bDAndTheta observed states subset of {FALSE32, TRUE32}",
          "confidence": "medium",
          "evidence": "state assignments/tests",
          "symbol": "sAlignToSmu.bDAndTheta",
          "values": [
            "FALSE32",
            "TRUE32"
          ]
        },
        {
          "kind": "state_value_set",
          "text": "sAlignToSmu.bFWSafeIF observed states subset of {FALSE32, TRUE32}",
          "confidence": "medium",
          "evidence": "state assignments/tests",
          "symbol": "sAlignToSmu.bFWSafeIF",
          "values": [
            "FALSE32",
            "TRUE32"
          ]
        },
        {
          "kind": "state_value_set",
          "text": "sAlignToSmu.bMoveNum observed states subset of {FALSE32, TRUE32}",
          "confidence": "medium",
          "evidence": "state assignments/tests",
          "symbol": "sAlignToSmu.bMoveNum",
          "values": [
            "FALSE32",
            "TRUE32"
          ]
        },
        {
          "kind": "state_value_set",
          "text": "sAlignToSmu.bPathPlanFlag observed states subset of {FALSE32, TRUE32}",
          "confidence": "medium",
          "evidence": "state assignments/tests",
          "symbol": "sAlignToSmu.bPathPlanFlag",
          "values": [
            "FALSE32",
            "TRUE32"
          ]
        },
        {
          "kind": "state_value_set",
          "text": "sAlignToSmu.bSlopeAgl1 observed states subset of {FALSE32, TRUE32}",
          "confidence": "medium",
          "evidence": "state assignments/tests",
          "symbol": "sAlignToSmu.bSlopeAgl1",
          "values": [
            "FALSE32",
            "TRUE32"
          ]
        },
        {
          "kind": "state_value_set",
          "text": "sAlignToSmu.bSlopeAgl2 observed states subset of {FALSE32, TRUE32}",
          "confidence": "medium",
          "evidence": "state assignments/tests",
          "symbol": "sAlignToSmu.bSlopeAgl2",
          "values": [
            "FALSE32",
            "TRUE32"
          ]
        },
        {
          "kind": "modifies_fields",
          "text": "function may modify fields: sAlignToSmu.SMUFWSafeIF, sAlignToSmu.SMUMoveNum, sAlignToSmu.SMUPathPlanFlag, sAlignToSmu.SMUSlopeAgl1, sAlignToSmu.SMUSlopeAgl2, sAlignToSmu.SMUTurnAgl, sAlignToSmu.SMUWIFIreleaseFlag, sAlignToSmu.SMUd, sAlignToSmu.bDAndTheta, sAlignToSmu.bFWSafeIF, sAlignToSmu.bMoveNum, sAlignToSmu.bPathPlanFlag, sAlignToSmu.bSlopeAgl1, sAlignToSmu.bSlopeAgl2, sFrameCduSend.cntDataItem10, sFrameCduSend.cntDataItem3, sFrameCduSend.cntDataItem4, sFrameCduSend.cntDataItem5, sFrameCduSend.cntDataItem8, sFrameCduSend.cntDataItem9",
          "confidence": "high",
          "evidence": "field writes",
          "fields": [
            "sAlignToSmu.SMUFWSafeIF",
            "sAlignToSmu.SMUMoveNum",
            "sAlignToSmu.SMUPathPlanFlag",
            "sAlignToSmu.SMUSlopeAgl1",
            "sAlignToSmu.SMUSlopeAgl2",
            "sAlignToSmu.SMUTurnAgl",
            "sAlignToSmu.SMUWIFIreleaseFlag",
            "sAlignToSmu.SMUd",
            "sAlignToSmu.bDAndTheta",
            "sAlignToSmu.bFWSafeIF",
            "sAlignToSmu.bMoveNum",
            "sAlignToSmu.bPathPlanFlag",
            "sAlignToSmu.bSlopeAgl1",
            "sAlignToSmu.bSlopeAgl2",
            "sFrameCduSend.cntDataItem10",
            "sFrameCduSend.cntDataItem3",
            "sFrameCduSend.cntDataItem4",
            "sFrameCduSend.cntDataItem5",
            "sFrameCduSend.cntDataItem8",
            "sFrameCduSend.cntDataItem9"
          ]
        },
        {
          "kind": "reads_fields",
          "text": "function may read fields: sAlignToSmu.bDAndTheta, sAlignToSmu.bFWSafeIF, sAlignToSmu.bMoveNum, sAlignToSmu.bPathPlanFlag, sAlignToSmu.bSlopeAgl1, sAlignToSmu.bSlopeAgl2, sWalkSendData.FWSafeIF, sWalkSendData.MoveNum, sWalkSendData.PathPlanFlag, sWalkSendData.SlopeAgl1, sWalkSendData.SlopeAgl2, sWalkSendData.TurnAgl, sWalkSendData.WIFIreleaseFlag, sWalkSendData.d",
          "confidence": "high",
          "evidence": "field reads",
          "fields": [
            "sAlignToSmu.bDAndTheta",
            "sAlignToSmu.bFWSafeIF",
            "sAlignToSmu.bMoveNum",
            "sAlignToSmu.bPathPlanFlag",
            "sAlignToSmu.bSlopeAgl1",
            "sAlignToSmu.bSlopeAgl2",
            "sWalkSendData.FWSafeIF",
            "sWalkSendData.MoveNum",
            "sWalkSendData.PathPlanFlag",
            "sWalkSendData.SlopeAgl1",
            "sWalkSendData.SlopeAgl2",
            "sWalkSendData.TurnAgl",
            "sWalkSendData.WIFIreleaseFlag",
            "sWalkSendData.d"
          ]
        },
        {
          "kind": "modifies_symbols",
          "text": "function may assign symbols: sAlignToSmu.SMUFWSafeIF, sAlignToSmu.SMUMoveNum, sAlignToSmu.SMUPathPlanFlag, sAlignToSmu.SMUSlopeAgl1, sAlignToSmu.SMUSlopeAgl2, sAlignToSmu.SMUTurnAgl, sAlignToSmu.SMUWIFIreleaseFlag, sAlignToSmu.SMUd, sAlignToSmu.bDAndTheta, sAlignToSmu.bFWSafeIF, sAlignToSmu.bMoveNum, sAlignToSmu.bPathPlanFlag, sAlignToSmu.bSlopeAgl1, sAlignToSmu.bSlopeAgl2, sFrameCduSend.cntDataItem10, sFrameCduSend.cntDataItem3, sFrameCduSend.cntDataItem4, sFrameCduSend.cntDataItem5, sFrameCduSend.cntDataItem8, sFrameCduSend.cntDataItem9",
          "confidence": "medium",
          "evidence": "assignments",
          "symbols": [
            "sAlignToSmu.SMUFWSafeIF",
            "sAlignToSmu.SMUMoveNum",
            "sAlignToSmu.SMUPathPlanFlag",
            "sAlignToSmu.SMUSlopeAgl1",
            "sAlignToSmu.SMUSlopeAgl2",
            "sAlignToSmu.SMUTurnAgl",
            "sAlignToSmu.SMUWIFIreleaseFlag",
            "sAlignToSmu.SMUd",
            "sAlignToSmu.bDAndTheta",
            "sAlignToSmu.bFWSafeIF",
            "sAlignToSmu.bMoveNum",
            "sAlignToSmu.bPathPlanFlag",
            "sAlignToSmu.bSlopeAgl1",
            "sAlignToSmu.bSlopeAgl2",
            "sFrameCduSend.cntDataItem10",
            "sFrameCduSend.cntDataItem3",
            "sFrameCduSend.cntDataItem4",
            "sFrameCduSend.cntDataItem5",
            "sFrameCduSend.cntDataItem8",
            "sFrameCduSend.cntDataItem9"
          ]
        }
      ],
      "summary": {
        "requires_observed": [
          "inside if branch: sAlignToSmu.bFWSafeIF == TRUE32",
          "inside if branch: sAlignToSmu.bPathPlanFlag == TRUE32",
          "inside if branch: sAlignToSmu.bMoveNum == TRUE32",
          "inside if branch: sAlignToSmu.bSlopeAgl1 == TRUE32",
          "inside if branch: sAlignToSmu.bSlopeAgl2 == TRUE32",
          "inside if branch: sAlignToSmu.bDAndTheta == TRUE32"
        ],
        "modifies": [
          "sAlignToSmu.SMUFWSafeIF",
          "sAlignToSmu.SMUMoveNum",
          "sAlignToSmu.SMUPathPlanFlag",
          "sAlignToSmu.SMUSlopeAgl1",
          "sAlignToSmu.SMUSlopeAgl2",
          "sAlignToSmu.SMUTurnAgl",
          "sAlignToSmu.SMUWIFIreleaseFlag",
          "sAlignToSmu.SMUd",
          "sAlignToSmu.bDAndTheta",
          "sAlignToSmu.bFWSafeIF",
          "sAlignToSmu.bMoveNum",
          "sAlignToSmu.bPathPlanFlag",
          "sAlignToSmu.bSlopeAgl1",
          "sAlignToSmu.bSlopeAgl2",
          "sFrameCduSend.cntDataItem10",
          "sFrameCduSend.cntDataItem3",
          "sFrameCduSend.cntDataItem4",
          "sFrameCduSend.cntDataItem5",
          "sFrameCduSend.cntDataItem8",
          "sFrameCduSend.cntDataItem9"
        ],
        "ensures_observed": [
          "sAlignToSmu.bDAndTheta in [0, 0]",
          "sAlignToSmu.bFWSafeIF in [0, 0]",
          "sAlignToSmu.bMoveNum in [0, 0]",
          "sAlignToSmu.bPathPlanFlag in [0, 0]",
          "sAlignToSmu.bSlopeAgl1 in [0, 0]",
          "sAlignToSmu.bSlopeAgl2 in [0, 0]",
          "sFrameCduSend.cntDataItem10 in [8, 8]",
          "sFrameCduSend.cntDataItem3 in [8, 8]",
          "sFrameCduSend.cntDataItem4 in [8, 8]",
          "sFrameCduSend.cntDataItem5 in [8, 8]",
          "sFrameCduSend.cntDataItem8 in [8, 8]",
          "sFrameCduSend.cntDataItem9 in [8, 8]",
          "sAlignToSmu.bDAndTheta observed states subset of {FALSE32, TRUE32}",
          "sAlignToSmu.bFWSafeIF observed states subset of {FALSE32, TRUE32}",
          "sAlignToSmu.bMoveNum observed states subset of {FALSE32, TRUE32}",
          "sAlignToSmu.bPathPlanFlag observed states subset of {FALSE32, TRUE32}",
          "sAlignToSmu.bSlopeAgl1 observed states subset of {FALSE32, TRUE32}",
          "sAlignToSmu.bSlopeAgl2 observed states subset of {FALSE32, TRUE32}"
        ],
        "calls": [],
        "undefined_calls": []
      }
    }
  ],
  "relations": {
    "call_graph": [],
    "field_accesses": [
      {
        "name": "sAlignToSmu.SMUFWSafeIF",
        "reads": 0,
        "writes": 1,
        "read_writes": 0,
        "functions": [
          "CDUToSMUAlign"
        ],
        "readers": [],
        "writers": [
          "CDUToSMUAlign"
        ]
      },
      {
        "name": "sAlignToSmu.SMUMoveNum",
        "reads": 0,
        "writes": 1,
        "read_writes": 0,
        "functions": [
          "CDUToSMUAlign"
        ],
        "readers": [],
        "writers": [
          "CDUToSMUAlign"
        ]
      },
      {
        "name": "sAlignToSmu.SMUPathPlanFlag",
        "reads": 0,
        "writes": 1,
        "read_writes": 0,
        "functions": [
          "CDUToSMUAlign"
        ],
        "readers": [],
        "writers": [
          "CDUToSMUAlign"
        ]
      },
      {
        "name": "sAlignToSmu.SMUSlopeAgl1",
        "reads": 0,
        "writes": 1,
        "read_writes": 0,
        "functions": [
          "CDUToSMUAlign"
        ],
        "readers": [],
        "writers": [
          "CDUToSMUAlign"
        ]
      },
      {
        "name": "sAlignToSmu.SMUSlopeAgl2",
        "reads": 0,
        "writes": 1,
        "read_writes": 0,
        "functions": [
          "CDUToSMUAlign"
        ],
        "readers": [],
        "writers": [
          "CDUToSMUAlign"
        ]
      },
      {
        "name": "sAlignToSmu.SMUTurnAgl",
        "reads": 0,
        "writes": 1,
        "read_writes": 0,
        "functions": [
          "CDUToSMUAlign"
        ],
        "readers": [],
        "writers": [
          "CDUToSMUAlign"
        ]
      },
      {
        "name": "sAlignToSmu.SMUWIFIreleaseFlag",
        "reads": 0,
        "writes": 1,
        "read_writes": 0,
        "functions": [
          "CDUToSMUAlign"
        ],
        "readers": [],
        "writers": [
          "CDUToSMUAlign"
        ]
      },
      {
        "name": "sAlignToSmu.SMUd",
        "reads": 0,
        "writes": 1,
        "read_writes": 0,
        "functions": [
          "CDUToSMUAlign"
        ],
        "readers": [],
        "writers": [
          "CDUToSMUAlign"
        ]
      },
      {
        "name": "sAlignToSmu.bDAndTheta",
        "reads": 1,
        "writes": 1,
        "read_writes": 0,
        "functions": [
          "CDUToSMUAlign"
        ],
        "readers": [
          "CDUToSMUAlign"
        ],
        "writers": [
          "CDUToSMUAlign"
        ]
      },
      {
        "name": "sAlignToSmu.bFWSafeIF",
        "reads": 1,
        "writes": 1,
        "read_writes": 0,
        "functions": [
          "CDUToSMUAlign"
        ],
        "readers": [
          "CDUToSMUAlign"
        ],
        "writers": [
          "CDUToSMUAlign"
        ]
      },
      {
        "name": "sAlignToSmu.bMoveNum",
        "reads": 1,
        "writes": 1,
        "read_writes": 0,
        "functions": [
          "CDUToSMUAlign"
        ],
        "readers": [
          "CDUToSMUAlign"
        ],
        "writers": [
          "CDUToSMUAlign"
        ]
      },
      {
        "name": "sAlignToSmu.bPathPlanFlag",
        "reads": 1,
        "writes": 1,
        "read_writes": 0,
        "functions": [
          "CDUToSMUAlign"
        ],
        "readers": [
          "CDUToSMUAlign"
        ],
        "writers": [
          "CDUToSMUAlign"
        ]
      },
      {
        "name": "sAlignToSmu.bSlopeAgl1",
        "reads": 1,
        "writes": 1,
        "read_writes": 0,
        "functions": [
          "CDUToSMUAlign"
        ],
        "readers": [
          "CDUToSMUAlign"
        ],
        "writers": [
          "CDUToSMUAlign"
        ]
      },
      {
        "name": "sAlignToSmu.bSlopeAgl2",
        "reads": 1,
        "writes": 1,
        "read_writes": 0,
        "functions": [
          "CDUToSMUAlign"
        ],
        "readers": [
          "CDUToSMUAlign"
        ],
        "writers": [
          "CDUToSMUAlign"
        ]
      },
      {
        "name": "sFrameCduSend.cntDataItem10",
        "reads": 0,
        "writes": 1,
        "read_writes": 0,
        "functions": [
          "CDUToSMUAlign"
        ],
        "readers": [],
        "writers": [
          "CDUToSMUAlign"
        ]
      },
      {
        "name": "sFrameCduSend.cntDataItem3",
        "reads": 0,
        "writes": 1,
        "read_writes": 0,
        "functions": [
          "CDUToSMUAlign"
        ],
        "readers": [],
        "writers": [
          "CDUToSMUAlign"
        ]
      },
      {
        "name": "sFrameCduSend.cntDataItem4",
        "reads": 0,
        "writes": 1,
        "read_writes": 0,
        "functions": [
          "CDUToSMUAlign"
        ],
        "readers": [],
        "writers": [
          "CDUToSMUAlign"
        ]
      },
      {
        "name": "sFrameCduSend.cntDataItem5",
        "reads": 0,
        "writes": 1,
        "read_writes": 0,
        "functions": [
          "CDUToSMUAlign"
        ],
        "readers": [],
        "writers": [
          "CDUToSMUAlign"
        ]
      },
      {
        "name": "sFrameCduSend.cntDataItem8",
        "reads": 0,
        "writes": 1,
        "read_writes": 0,
        "functions": [
          "CDUToSMUAlign"
        ],
        "readers": [],
        "writers": [
          "CDUToSMUAlign"
        ]
      },
      {
        "name": "sFrameCduSend.cntDataItem9",
        "reads": 0,
        "writes": 1,
        "read_writes": 0,
        "functions": [
          "CDUToSMUAlign"
        ],
        "readers": [],
        "writers": [
          "CDUToSMUAlign"
        ]
      },
      {
        "name": "sWalkSendData.FWSafeIF",
        "reads": 1,
        "writes": 0,
        "read_writes": 0,
        "functions": [
          "CDUToSMUAlign"
        ],
        "readers": [
          "CDUToSMUAlign"
        ],
        "writers": []
      },
      {
        "name": "sWalkSendData.MoveNum",
        "reads": 1,
        "writes": 0,
        "read_writes": 0,
        "functions": [
          "CDUToSMUAlign"
        ],
        "readers": [
          "CDUToSMUAlign"
        ],
        "writers": []
      },
      {
        "name": "sWalkSendData.PathPlanFlag",
        "reads": 1,
        "writes": 0,
        "read_writes": 0,
        "functions": [
          "CDUToSMUAlign"
        ],
        "readers": [
          "CDUToSMUAlign"
        ],
        "writers": []
      },
      {
        "name": "sWalkSendData.SlopeAgl1",
        "reads": 1,
        "writes": 0,
        "read_writes": 0,
        "functions": [
          "CDUToSMUAlign"
        ],
        "readers": [
          "CDUToSMUAlign"
        ],
        "writers": []
      },
      {
        "name": "sWalkSendData.SlopeAgl2",
        "reads": 1,
        "writes": 0,
        "read_writes": 0,
        "functions": [
          "CDUToSMUAlign"
        ],
        "readers": [
          "CDUToSMUAlign"
        ],
        "writers": []
      },
      {
        "name": "sWalkSendData.TurnAgl",
        "reads": 1,
        "writes": 0,
        "read_writes": 0,
        "functions": [
          "CDUToSMUAlign"
        ],
        "readers": [
          "CDUToSMUAlign"
        ],
        "writers": []
      },
      {
        "name": "sWalkSendData.WIFIreleaseFlag",
        "reads": 1,
        "writes": 0,
        "read_writes": 0,
        "functions": [
          "CDUToSMUAlign"
        ],
        "readers": [
          "CDUToSMUAlign"
        ],
        "writers": []
      },
      {
        "name": "sWalkSendData.d",
        "reads": 1,
        "writes": 0,
        "read_writes": 0,
        "functions": [
          "CDUToSMUAlign"
        ],
        "readers": [
          "CDUToSMUAlign"
        ],
        "writers": []
      }
    ],
    "state_transitions": [],
    "missing_local_includes": [],
    "unresolved_calls": {}
  },
  "invariants": {
    "project": [
      {
        "kind": "project_output_field",
        "text": "sAlignToSmu.SMUFWSafeIF is only written by CDUToSMUAlign",
        "confidence": "medium",
        "evidence": "field summary",
        "field": "sAlignToSmu.SMUFWSafeIF",
        "writers": [
          "CDUToSMUAlign"
        ]
      },
      {
        "kind": "project_output_field",
        "text": "sAlignToSmu.SMUMoveNum is only written by CDUToSMUAlign",
        "confidence": "medium",
        "evidence": "field summary",
        "field": "sAlignToSmu.SMUMoveNum",
        "writers": [
          "CDUToSMUAlign"
        ]
      },
      {
        "kind": "project_output_field",
        "text": "sAlignToSmu.SMUPathPlanFlag is only written by CDUToSMUAlign",
        "confidence": "medium",
        "evidence": "field summary",
        "field": "sAlignToSmu.SMUPathPlanFlag",
        "writers": [
          "CDUToSMUAlign"
        ]
      },
      {
        "kind": "project_output_field",
        "text": "sAlignToSmu.SMUSlopeAgl1 is only written by CDUToSMUAlign",
        "confidence": "medium",
        "evidence": "field summary",
        "field": "sAlignToSmu.SMUSlopeAgl1",
        "writers": [
          "CDUToSMUAlign"
        ]
      },
      {
        "kind": "project_output_field",
        "text": "sAlignToSmu.SMUSlopeAgl2 is only written by CDUToSMUAlign",
        "confidence": "medium",
        "evidence": "field summary",
        "field": "sAlignToSmu.SMUSlopeAgl2",
        "writers": [
          "CDUToSMUAlign"
        ]
      },
      {
        "kind": "project_output_field",
        "text": "sAlignToSmu.SMUTurnAgl is only written by CDUToSMUAlign",
        "confidence": "medium",
        "evidence": "field summary",
        "field": "sAlignToSmu.SMUTurnAgl",
        "writers": [
          "CDUToSMUAlign"
        ]
      },
      {
        "kind": "project_output_field",
        "text": "sAlignToSmu.SMUWIFIreleaseFlag is only written by CDUToSMUAlign",
        "confidence": "medium",
        "evidence": "field summary",
        "field": "sAlignToSmu.SMUWIFIreleaseFlag",
        "writers": [
          "CDUToSMUAlign"
        ]
      },
      {
        "kind": "project_output_field",
        "text": "sAlignToSmu.SMUd is only written by CDUToSMUAlign",
        "confidence": "medium",
        "evidence": "field summary",
        "field": "sAlignToSmu.SMUd",
        "writers": [
          "CDUToSMUAlign"
        ]
      },
      {
        "kind": "project_state_field",
        "text": "sAlignToSmu.bDAndTheta is read and written",
        "confidence": "medium",
        "evidence": "field summary",
        "field": "sAlignToSmu.bDAndTheta",
        "readers": [
          "CDUToSMUAlign"
        ],
        "writers": [
          "CDUToSMUAlign"
        ]
      },
      {
        "kind": "project_state_field",
        "text": "sAlignToSmu.bFWSafeIF is read and written",
        "confidence": "medium",
        "evidence": "field summary",
        "field": "sAlignToSmu.bFWSafeIF",
        "readers": [
          "CDUToSMUAlign"
        ],
        "writers": [
          "CDUToSMUAlign"
        ]
      },
      {
        "kind": "project_state_field",
        "text": "sAlignToSmu.bMoveNum is read and written",
        "confidence": "medium",
        "evidence": "field summary",
        "field": "sAlignToSmu.bMoveNum",
        "readers": [
          "CDUToSMUAlign"
        ],
        "writers": [
          "CDUToSMUAlign"
        ]
      },
      {
        "kind": "project_state_field",
        "text": "sAlignToSmu.bPathPlanFlag is read and written",
        "confidence": "medium",
        "evidence": "field summary",
        "field": "sAlignToSmu.bPathPlanFlag",
        "readers": [
          "CDUToSMUAlign"
        ],
        "writers": [
          "CDUToSMUAlign"
        ]
      },
      {
        "kind": "project_state_field",
        "text": "sAlignToSmu.bSlopeAgl1 is read and written",
        "confidence": "medium",
        "evidence": "field summary",
        "field": "sAlignToSmu.bSlopeAgl1",
        "readers": [
          "CDUToSMUAlign"
        ],
        "writers": [
          "CDUToSMUAlign"
        ]
      },
      {
        "kind": "project_state_field",
        "text": "sAlignToSmu.bSlopeAgl2 is read and written",
        "confidence": "medium",
        "evidence": "field summary",
        "field": "sAlignToSmu.bSlopeAgl2",
        "readers": [
          "CDUToSMUAlign"
        ],
        "writers": [
          "CDUToSMUAlign"
        ]
      },
      {
        "kind": "project_output_field",
        "text": "sFrameCduSend.cntDataItem10 is only written by CDUToSMUAlign",
        "confidence": "medium",
        "evidence": "field summary",
        "field": "sFrameCduSend.cntDataItem10",
        "writers": [
          "CDUToSMUAlign"
        ]
      },
      {
        "kind": "project_output_field",
        "text": "sFrameCduSend.cntDataItem3 is only written by CDUToSMUAlign",
        "confidence": "medium",
        "evidence": "field summary",
        "field": "sFrameCduSend.cntDataItem3",
        "writers": [
          "CDUToSMUAlign"
        ]
      },
      {
        "kind": "project_output_field",
        "text": "sFrameCduSend.cntDataItem4 is only written by CDUToSMUAlign",
        "confidence": "medium",
        "evidence": "field summary",
        "field": "sFrameCduSend.cntDataItem4",
        "writers": [
          "CDUToSMUAlign"
        ]
      },
      {
        "kind": "project_output_field",
        "text": "sFrameCduSend.cntDataItem5 is only written by CDUToSMUAlign",
        "confidence": "medium",
        "evidence": "field summary",
        "field": "sFrameCduSend.cntDataItem5",
        "writers": [
          "CDUToSMUAlign"
        ]
      },
      {
        "kind": "project_output_field",
        "text": "sFrameCduSend.cntDataItem8 is only written by CDUToSMUAlign",
        "confidence": "medium",
        "evidence": "field summary",
        "field": "sFrameCduSend.cntDataItem8",
        "writers": [
          "CDUToSMUAlign"
        ]
      },
      {
        "kind": "project_output_field",
        "text": "sFrameCduSend.cntDataItem9 is only written by CDUToSMUAlign",
        "confidence": "medium",
        "evidence": "field summary",
        "field": "sFrameCduSend.cntDataItem9",
        "writers": [
          "CDUToSMUAlign"
        ]
      },
      {
        "kind": "project_input_field",
        "text": "sWalkSendData.FWSafeIF is only read by CDUToSMUAlign",
        "confidence": "medium",
        "evidence": "field summary",
        "field": "sWalkSendData.FWSafeIF",
        "readers": [
          "CDUToSMUAlign"
        ]
      },
      {
        "kind": "project_input_field",
        "text": "sWalkSendData.MoveNum is only read by CDUToSMUAlign",
        "confidence": "medium",
        "evidence": "field summary",
        "field": "sWalkSendData.MoveNum",
        "readers": [
          "CDUToSMUAlign"
        ]
      },
      {
        "kind": "project_input_field",
        "text": "sWalkSendData.PathPlanFlag is only read by CDUToSMUAlign",
        "confidence": "medium",
        "evidence": "field summary",
        "field": "sWalkSendData.PathPlanFlag",
        "readers": [
          "CDUToSMUAlign"
        ]
      },
      {
        "kind": "project_input_field",
        "text": "sWalkSendData.SlopeAgl1 is only read by CDUToSMUAlign",
        "confidence": "medium",
        "evidence": "field summary",
        "field": "sWalkSendData.SlopeAgl1",
        "readers": [
          "CDUToSMUAlign"
        ]
      },
      {
        "kind": "project_input_field",
        "text": "sWalkSendData.SlopeAgl2 is only read by CDUToSMUAlign",
        "confidence": "medium",
        "evidence": "field summary",
        "field": "sWalkSendData.SlopeAgl2",
        "readers": [
          "CDUToSMUAlign"
        ]
      },
      {
        "kind": "project_input_field",
        "text": "sWalkSendData.TurnAgl is only read by CDUToSMUAlign",
        "confidence": "medium",
        "evidence": "field summary",
        "field": "sWalkSendData.TurnAgl",
        "readers": [
          "CDUToSMUAlign"
        ]
      },
      {
        "kind": "project_input_field",
        "text": "sWalkSendData.WIFIreleaseFlag is only read by CDUToSMUAlign",
        "confidence": "medium",
        "evidence": "field summary",
        "field": "sWalkSendData.WIFIreleaseFlag",
        "readers": [
          "CDUToSMUAlign"
        ]
      },
      {
        "kind": "project_input_field",
        "text": "sWalkSendData.d is only read by CDUToSMUAlign",
        "confidence": "medium",
        "evidence": "field summary",
        "field": "sWalkSendData.d",
        "readers": [
          "CDUToSMUAlign"
        ]
      }
    ]
  }
}
