===== source2fsm batch debug =====
name: CMICalculate
source: IP_CMICalculate.c
source directory: /home/hp/文档/output/CE7-FYQ-src_flat_out/CMICalculate
output directory: /home/hp/文档/output/CE7-FYQ-src_flat_out/CMICalculate
copied input .c files:
  IP_CMICalculate.c
===== docker output =====
source-only mode: /work/input/IP_CMICalculate.c
source-only cfg
function "CMICalculate" found
nodes: 7
edges: 7
dot: /work/output/.CMICalculate.dot
cfg nodes:
  n0 [basic] float64 tmpa; | float64 tmpq[4]; | float64 tmpqr[4];
  n1 [if] if (sNaviFlag.WalkReNaviFlg == 1)
  n2 [basic] sNaviParam.tME = sTime.sstime; | sNaviFlag.WalkReNaviFlg = 0;
  n3 [terminal] tmpa = sNaviParam.wM * (sTime.sstime - sNaviParam.tME) / 2.0; | tmpqr[0] = 0.0; | tmpqr[1] = 0.0; | tmpqr[2] = Sinx(tmpa); | tmpqr[3] = Cosx(tmpa); | QMulti(&tmpq[0], &sNaviParam.qME[0], &tmpqr[0]); | Q2C(&sNaviData.cmi[0][0], &tmpq[0]); | MatrixTran33(&sNaviData.cim[0][0], &sNaviData.cmi[0][0]); | MatrixEval(&sNaviData.wmi[0], &sNaviData.cmi[2][0], 1, 3); | return;
png: /work/output/CMICalculate.png
