# No-Compile Static Analysis Log

Root: /home/hp/文档/output/CE7-FYQ-src_flat_out/CMICalculate/IP_CMICalculate.c
Files: 1
Functions: 1
Call edges: 6
Field accesses: 13
Unresolved calls: 6
Missing local includes: 0
Function invariants: 17
Project invariants: 8

## Missing Local Includes
- none

## Duplicate Function Definitions
- none

## Unresolved Calls
- Cosx: CMICalculate@IP_CMICalculate.c:25
- MatrixEval: CMICalculate@IP_CMICalculate.c:30
- MatrixTran33: CMICalculate@IP_CMICalculate.c:29
- Q2C: CMICalculate@IP_CMICalculate.c:28
- QMulti: CMICalculate@IP_CMICalculate.c:27
- Sinx: CMICalculate@IP_CMICalculate.c:24

## Call Graph
- CMICalculate -> Cosx?, MatrixEval?, MatrixTran33?, Q2C?, QMulti?, Sinx?

## State Transitions
- none

## Field Access Summary
- sNaviData.cim: read=1 write=0 read_write=0 functions=CMICalculate
- sNaviData.cmi: read=3 write=0 read_write=0 functions=CMICalculate
- sNaviData.wmi: read=1 write=0 read_write=0 functions=CMICalculate
- sNaviFlag.WalkReNaviFlg: read=1 write=1 read_write=0 functions=CMICalculate
- sNaviParam.qME: read=1 write=0 read_write=0 functions=CMICalculate
- sNaviParam.tME: read=1 write=1 read_write=0 functions=CMICalculate
- sNaviParam.wM: read=1 write=0 read_write=0 functions=CMICalculate
- sTime.sstime: read=2 write=0 read_write=0 functions=CMICalculate

## Project Invariants
- [project_input_field/medium] sNaviData.cim is only read by CMICalculate (field summary)
- [project_input_field/medium] sNaviData.cmi is only read by CMICalculate (field summary)
- [project_input_field/medium] sNaviData.wmi is only read by CMICalculate (field summary)
- [project_state_field/medium] sNaviFlag.WalkReNaviFlg is read and written (field summary)
- [project_input_field/medium] sNaviParam.qME is only read by CMICalculate (field summary)
- [project_state_field/medium] sNaviParam.tME is read and written (field summary)
- [project_input_field/medium] sNaviParam.wM is only read by CMICalculate (field summary)
- [project_input_field/medium] sTime.sstime is only read by CMICalculate (field summary)

## Function Details
### CMICalculate (IP_CMICalculate.c:7)
- params: void
- locals: tmpa, tmpq, tmpqr
- calls: Sinx, Cosx, QMulti, Q2C, MatrixTran33, MatrixEval
- undefined_calls: Cosx, MatrixEval, MatrixTran33, Q2C, QMulti, Sinx
- reads: Cosx, Sinx, WalkReNaviFlg, sNaviFlag, sNaviParam, sTime, sstime, tME, wM
- writes: sNaviFlag, sNaviParam, tmpa, tmpqr
- summary.modifies: sNaviFlag.WalkReNaviFlg, sNaviParam.tME
- summary.ensures_observed:
  - sNaviFlag.WalkReNaviFlg in [0, 0]
  - tmpa in [-1.79769e+308, 1.79769e+308]
  - tmpq in [-1.79769e+308, 1.79769e+308]
  - tmpqr in [-1.79769e+308, 1.79769e+308]
  - tmpqr[0] in [0, 0]
  - tmpqr[1] in [0, 0]
  - sNaviFlag.WalkReNaviFlg is reset to 0
  - tmpqr[0] is reset to 0
  - tmpqr[1] is reset to 0
- invariants:
  - [value_range/medium] sNaviFlag.WalkReNaviFlg in [0, 0] (literal@18)
  - [value_range/medium] tmpa in [-1.79769e+308, 1.79769e+308] (decl float64@8)
  - [value_range/medium] tmpq in [-1.79769e+308, 1.79769e+308] (decl float64@9)
  - [value_range/medium] tmpqr in [-1.79769e+308, 1.79769e+308] (decl float64@10)
  - [value_range/medium] tmpqr[0] in [0, 0] (literal@22)
  - [value_range/medium] tmpqr[1] in [0, 0] (literal@23)
  - [condition_range/high]@14 sNaviFlag.WalkReNaviFlg in [1, 1] when sNaviFlag.WalkReNaviFlg == 1 (sNaviFlag.WalkReNaviFlg == 1)
  - [branch_condition/high]@14 inside if branch: sNaviFlag.WalkReNaviFlg == 1 (sNaviFlag.WalkReNaviFlg == 1)
  - [assignment_value/high]@18 sNaviFlag.WalkReNaviFlg may be assigned 0 (sNaviFlag.WalkReNaviFlg = 0)
  - [reset/high]@18 sNaviFlag.WalkReNaviFlg is reset to 0 (sNaviFlag.WalkReNaviFlg = 0)
  - [assignment_value/high]@22 tmpqr[0] may be assigned 0.0 (tmpqr[0] = 0.0)
  - [reset/high]@22 tmpqr[0] is reset to 0 (tmpqr[0] = 0.0)
  - [assignment_value/high]@23 tmpqr[1] may be assigned 0.0 (tmpqr[1] = 0.0)
  - [reset/high]@23 tmpqr[1] is reset to 0 (tmpqr[1] = 0.0)
  - [modifies_fields/high] function may modify fields: sNaviFlag.WalkReNaviFlg, sNaviParam.tME (field writes)
  - [reads_fields/high] function may read fields: sNaviData.cim, sNaviData.cmi, sNaviData.wmi, sNaviFlag.WalkReNaviFlg, sNaviParam.qME, sNaviParam.tME, sNaviParam.wM, sTime.sstime (field reads)
  - [modifies_symbols/medium] function may assign symbols: sNaviFlag.WalkReNaviFlg, sNaviParam.tME, tmpa, tmpqr[0], tmpqr[1], tmpqr[2], tmpqr[3] (assignments)
- value_ranges:
  - sNaviFlag.WalkReNaviFlg: [0, 0] (literal@18)
  - tmpa: [-1.79769e+308, 1.79769e+308] (decl float64@8)
  - tmpq: [-1.79769e+308, 1.79769e+308] (decl float64@9)
  - tmpqr: [-1.79769e+308, 1.79769e+308] (decl float64@10)
  - tmpqr[0]: [0, 0] (literal@22)
  - tmpqr[1]: [0, 0] (literal@23)
- condition_ranges:
  - sNaviFlag.WalkReNaviFlg: [1, 1] when sNaviFlag.WalkReNaviFlg == 1@14
- conditions:
  - if@14: sNaviFlag.WalkReNaviFlg == 1
- assignments:
  - 16: sNaviParam.tME = sTime,sstime
  - 18: sNaviFlag.WalkReNaviFlg = <literal/unknown>
  - 21: tmpa = sNaviParam,sTime,sstime,tME,wM
  - 22: tmpqr[0] = <literal/unknown>
  - 23: tmpqr[1] = <literal/unknown>
  - 24: tmpqr[2] = Sinx,tmpa
  - 25: tmpqr[3] = Cosx,tmpa

## JSON
{
  "root": "/home/hp/文档/output/CE7-FYQ-src_flat_out/CMICalculate/IP_CMICalculate.c",
  "files": [
    {
      "file": "/home/hp/文档/output/CE7-FYQ-src_flat_out/CMICalculate/IP_CMICalculate.c",
      "lines": 34,
      "includes": [
        {
          "name": "IP_CMICalculate.h",
          "kind": "local",
          "line": 1,
          "resolved": "/home/hp/文档/output/CE7-FYQ-src_flat_out/CMICalculate/IP_CMICalculate.h"
        }
      ],
      "macros": [],
      "typedefs": [],
      "globals": [],
      "functions": [
        {
          "name": "CMICalculate",
          "line": 7,
          "params": []
        }
      ]
    }
  ],
  "summary": {
    "file_count": 1,
    "function_count": 1,
    "defined_function_count": 1,
    "declared_function_count": 0,
    "macro_count": 0,
    "typedef_count": 0,
    "global_count": 0,
    "call_edge_count": 6,
    "unresolved_call_count": 6,
    "field_access_count": 13,
    "missing_local_include_count": 0,
    "function_invariant_count": 17,
    "project_invariant_count": 8
  },
  "symbols": {
    "defined_functions": {
      "CMICalculate": [
        {
          "file": "/home/hp/文档/output/CE7-FYQ-src_flat_out/CMICalculate/IP_CMICalculate.c",
          "line": 7
        }
      ]
    },
    "declared_functions": {},
    "macros": {},
    "typedefs": {},
    "enum_constants": [],
    "globals": {},
    "struct_fields": {},
    "duplicate_functions": {}
  },
  "functions": [
    {
      "file": "/home/hp/文档/output/CE7-FYQ-src_flat_out/CMICalculate/IP_CMICalculate.c",
      "name": "CMICalculate",
      "line": 7,
      "return_type": "void",
      "params": [],
      "locals": [
        "tmpa",
        "tmpq",
        "tmpqr"
      ],
      "calls": [
        {
          "name": "Sinx",
          "line": 24,
          "kind": "function",
          "resolved": false
        },
        {
          "name": "Cosx",
          "line": 25,
          "kind": "function",
          "resolved": false
        },
        {
          "name": "QMulti",
          "line": 27,
          "kind": "function",
          "resolved": false
        },
        {
          "name": "Q2C",
          "line": 28,
          "kind": "function",
          "resolved": false
        },
        {
          "name": "MatrixTran33",
          "line": 29,
          "kind": "function",
          "resolved": false
        },
        {
          "name": "MatrixEval",
          "line": 30,
          "kind": "function",
          "resolved": false
        }
      ],
      "assignments": [
        {
          "line": 16,
          "lhs": "sNaviParam.tME",
          "operator": "=",
          "rhs": "sTime.sstime",
          "rhs_identifiers": [
            "sTime",
            "sstime"
          ]
        },
        {
          "line": 18,
          "lhs": "sNaviFlag.WalkReNaviFlg",
          "operator": "=",
          "rhs": "0",
          "rhs_identifiers": []
        },
        {
          "line": 21,
          "lhs": "tmpa",
          "operator": "=",
          "rhs": "sNaviParam.wM * (sTime.sstime - sNaviParam.tME) / 2.0",
          "rhs_identifiers": [
            "sNaviParam",
            "sTime",
            "sstime",
            "tME",
            "wM"
          ]
        },
        {
          "line": 22,
          "lhs": "tmpqr[0]",
          "operator": "=",
          "rhs": "0.0",
          "rhs_identifiers": []
        },
        {
          "line": 23,
          "lhs": "tmpqr[1]",
          "operator": "=",
          "rhs": "0.0",
          "rhs_identifiers": []
        },
        {
          "line": 24,
          "lhs": "tmpqr[2]",
          "operator": "=",
          "rhs": "Sinx(tmpa)",
          "rhs_identifiers": [
            "Sinx",
            "tmpa"
          ]
        },
        {
          "line": 25,
          "lhs": "tmpqr[3]",
          "operator": "=",
          "rhs": "Cosx(tmpa)",
          "rhs_identifiers": [
            "Cosx",
            "tmpa"
          ]
        }
      ],
      "conditions": [
        {
          "line": 14,
          "kind": "if",
          "expression": "sNaviFlag.WalkReNaviFlg == 1",
          "identifiers": [
            "WalkReNaviFlg",
            "sNaviFlag"
          ]
        }
      ],
      "switch_cases": [],
      "field_accesses": [
        {
          "line": 14,
          "object": "sNaviFlag",
          "operator": ".",
          "field": "WalkReNaviFlg",
          "access": "read",
          "name": "sNaviFlag.WalkReNaviFlg"
        },
        {
          "line": 16,
          "object": "sNaviParam",
          "operator": ".",
          "field": "tME",
          "access": "write",
          "name": "sNaviParam.tME"
        },
        {
          "line": 16,
          "object": "sTime",
          "operator": ".",
          "field": "sstime",
          "access": "read",
          "name": "sTime.sstime"
        },
        {
          "line": 18,
          "object": "sNaviFlag",
          "operator": ".",
          "field": "WalkReNaviFlg",
          "access": "write",
          "name": "sNaviFlag.WalkReNaviFlg"
        },
        {
          "line": 21,
          "object": "sNaviParam",
          "operator": ".",
          "field": "wM",
          "access": "read",
          "name": "sNaviParam.wM"
        },
        {
          "line": 21,
          "object": "sTime",
          "operator": ".",
          "field": "sstime",
          "access": "read",
          "name": "sTime.sstime"
        },
        {
          "line": 21,
          "object": "sNaviParam",
          "operator": ".",
          "field": "tME",
          "access": "read",
          "name": "sNaviParam.tME"
        },
        {
          "line": 27,
          "object": "sNaviParam",
          "operator": ".",
          "field": "qME",
          "access": "read",
          "name": "sNaviParam.qME"
        },
        {
          "line": 28,
          "object": "sNaviData",
          "operator": ".",
          "field": "cmi",
          "access": "read",
          "name": "sNaviData.cmi"
        },
        {
          "line": 29,
          "object": "sNaviData",
          "operator": ".",
          "field": "cim",
          "access": "read",
          "name": "sNaviData.cim"
        },
        {
          "line": 29,
          "object": "sNaviData",
          "operator": ".",
          "field": "cmi",
          "access": "read",
          "name": "sNaviData.cmi"
        },
        {
          "line": 30,
          "object": "sNaviData",
          "operator": ".",
          "field": "wmi",
          "access": "read",
          "name": "sNaviData.wmi"
        },
        {
          "line": 30,
          "object": "sNaviData",
          "operator": ".",
          "field": "cmi",
          "access": "read",
          "name": "sNaviData.cmi"
        }
      ],
      "returns": [
        {
          "line": 32,
          "expression": "",
          "identifiers": []
        }
      ],
      "macro_uses": [
        {
          "name": "Q2C",
          "line": 28,
          "known": false
        }
      ],
      "type_uses": [],
      "value_ranges": [
        {
          "symbol": "sNaviFlag.WalkReNaviFlg",
          "range": "[0, 0]",
          "min": 0.0,
          "max": 0.0,
          "evidence": [
            "literal@18"
          ]
        },
        {
          "symbol": "tmpa",
          "range": "[-1.79769e+308, 1.79769e+308]",
          "min": -1.7976931348623157e+308,
          "max": 1.7976931348623157e+308,
          "evidence": [
            "decl float64@8"
          ]
        },
        {
          "symbol": "tmpq",
          "range": "[-1.79769e+308, 1.79769e+308]",
          "min": -1.7976931348623157e+308,
          "max": 1.7976931348623157e+308,
          "evidence": [
            "decl float64@9"
          ]
        },
        {
          "symbol": "tmpqr",
          "range": "[-1.79769e+308, 1.79769e+308]",
          "min": -1.7976931348623157e+308,
          "max": 1.7976931348623157e+308,
          "evidence": [
            "decl float64@10"
          ]
        },
        {
          "symbol": "tmpqr[0]",
          "range": "[0, 0]",
          "min": 0.0,
          "max": 0.0,
          "evidence": [
            "literal@22"
          ]
        },
        {
          "symbol": "tmpqr[1]",
          "range": "[0, 0]",
          "min": 0.0,
          "max": 0.0,
          "evidence": [
            "literal@23"
          ]
        }
      ],
      "condition_ranges": [
        {
          "symbol": "sNaviFlag.WalkReNaviFlg",
          "range": "[1, 1]",
          "min": 1.0,
          "max": 1.0,
          "line": 14,
          "condition": "sNaviFlag.WalkReNaviFlg == 1"
        }
      ],
      "reads": [
        "Cosx",
        "Sinx",
        "WalkReNaviFlg",
        "sNaviFlag",
        "sNaviParam",
        "sTime",
        "sstime",
        "tME",
        "wM"
      ],
      "writes": [
        "sNaviFlag",
        "sNaviParam",
        "tmpa",
        "tmpqr"
      ],
      "global_reads": [],
      "global_writes": [],
      "input_fields": [
        "sNaviData.cim",
        "sNaviData.cmi",
        "sNaviData.wmi",
        "sNaviFlag.WalkReNaviFlg",
        "sNaviParam.qME",
        "sNaviParam.tME",
        "sNaviParam.wM",
        "sTime.sstime"
      ],
      "output_fields": [
        "sNaviFlag.WalkReNaviFlg",
        "sNaviParam.tME"
      ],
      "undefined_calls": [
        "Cosx",
        "MatrixEval",
        "MatrixTran33",
        "Q2C",
        "QMulti",
        "Sinx"
      ],
      "invariants": [
        {
          "kind": "value_range",
          "text": "sNaviFlag.WalkReNaviFlg in [0, 0]",
          "confidence": "medium",
          "evidence": "literal@18",
          "symbol": "sNaviFlag.WalkReNaviFlg",
          "min": 0.0,
          "max": 0.0
        },
        {
          "kind": "value_range",
          "text": "tmpa in [-1.79769e+308, 1.79769e+308]",
          "confidence": "medium",
          "evidence": "decl float64@8",
          "symbol": "tmpa",
          "min": -1.7976931348623157e+308,
          "max": 1.7976931348623157e+308
        },
        {
          "kind": "value_range",
          "text": "tmpq in [-1.79769e+308, 1.79769e+308]",
          "confidence": "medium",
          "evidence": "decl float64@9",
          "symbol": "tmpq",
          "min": -1.7976931348623157e+308,
          "max": 1.7976931348623157e+308
        },
        {
          "kind": "value_range",
          "text": "tmpqr in [-1.79769e+308, 1.79769e+308]",
          "confidence": "medium",
          "evidence": "decl float64@10",
          "symbol": "tmpqr",
          "min": -1.7976931348623157e+308,
          "max": 1.7976931348623157e+308
        },
        {
          "kind": "value_range",
          "text": "tmpqr[0] in [0, 0]",
          "confidence": "medium",
          "evidence": "literal@22",
          "symbol": "tmpqr[0]",
          "min": 0.0,
          "max": 0.0
        },
        {
          "kind": "value_range",
          "text": "tmpqr[1] in [0, 0]",
          "confidence": "medium",
          "evidence": "literal@23",
          "symbol": "tmpqr[1]",
          "min": 0.0,
          "max": 0.0
        },
        {
          "kind": "condition_range",
          "text": "sNaviFlag.WalkReNaviFlg in [1, 1] when sNaviFlag.WalkReNaviFlg == 1",
          "confidence": "high",
          "line": 14,
          "evidence": "sNaviFlag.WalkReNaviFlg == 1",
          "symbol": "sNaviFlag.WalkReNaviFlg",
          "min": 1.0,
          "max": 1.0
        },
        {
          "kind": "branch_condition",
          "text": "inside if branch: sNaviFlag.WalkReNaviFlg == 1",
          "confidence": "high",
          "line": 14,
          "evidence": "sNaviFlag.WalkReNaviFlg == 1",
          "identifiers": [
            "WalkReNaviFlg",
            "sNaviFlag"
          ]
        },
        {
          "kind": "assignment_value",
          "text": "sNaviFlag.WalkReNaviFlg may be assigned 0",
          "confidence": "high",
          "line": 18,
          "evidence": "sNaviFlag.WalkReNaviFlg = 0",
          "symbol": "sNaviFlag.WalkReNaviFlg",
          "value": "0"
        },
        {
          "kind": "reset",
          "text": "sNaviFlag.WalkReNaviFlg is reset to 0",
          "confidence": "high",
          "line": 18,
          "evidence": "sNaviFlag.WalkReNaviFlg = 0",
          "symbol": "sNaviFlag.WalkReNaviFlg"
        },
        {
          "kind": "assignment_value",
          "text": "tmpqr[0] may be assigned 0.0",
          "confidence": "high",
          "line": 22,
          "evidence": "tmpqr[0] = 0.0",
          "symbol": "tmpqr[0]",
          "value": "0.0"
        },
        {
          "kind": "reset",
          "text": "tmpqr[0] is reset to 0",
          "confidence": "high",
          "line": 22,
          "evidence": "tmpqr[0] = 0.0",
          "symbol": "tmpqr[0]"
        },
        {
          "kind": "assignment_value",
          "text": "tmpqr[1] may be assigned 0.0",
          "confidence": "high",
          "line": 23,
          "evidence": "tmpqr[1] = 0.0",
          "symbol": "tmpqr[1]",
          "value": "0.0"
        },
        {
          "kind": "reset",
          "text": "tmpqr[1] is reset to 0",
          "confidence": "high",
          "line": 23,
          "evidence": "tmpqr[1] = 0.0",
          "symbol": "tmpqr[1]"
        },
        {
          "kind": "modifies_fields",
          "text": "function may modify fields: sNaviFlag.WalkReNaviFlg, sNaviParam.tME",
          "confidence": "high",
          "evidence": "field writes",
          "fields": [
            "sNaviFlag.WalkReNaviFlg",
            "sNaviParam.tME"
          ]
        },
        {
          "kind": "reads_fields",
          "text": "function may read fields: sNaviData.cim, sNaviData.cmi, sNaviData.wmi, sNaviFlag.WalkReNaviFlg, sNaviParam.qME, sNaviParam.tME, sNaviParam.wM, sTime.sstime",
          "confidence": "high",
          "evidence": "field reads",
          "fields": [
            "sNaviData.cim",
            "sNaviData.cmi",
            "sNaviData.wmi",
            "sNaviFlag.WalkReNaviFlg",
            "sNaviParam.qME",
            "sNaviParam.tME",
            "sNaviParam.wM",
            "sTime.sstime"
          ]
        },
        {
          "kind": "modifies_symbols",
          "text": "function may assign symbols: sNaviFlag.WalkReNaviFlg, sNaviParam.tME, tmpa, tmpqr[0], tmpqr[1], tmpqr[2], tmpqr[3]",
          "confidence": "medium",
          "evidence": "assignments",
          "symbols": [
            "sNaviFlag.WalkReNaviFlg",
            "sNaviParam.tME",
            "tmpa",
            "tmpqr[0]",
            "tmpqr[1]",
            "tmpqr[2]",
            "tmpqr[3]"
          ]
        }
      ],
      "summary": {
        "requires_observed": [
          "inside if branch: sNaviFlag.WalkReNaviFlg == 1"
        ],
        "modifies": [
          "sNaviFlag.WalkReNaviFlg",
          "sNaviParam.tME"
        ],
        "ensures_observed": [
          "sNaviFlag.WalkReNaviFlg in [0, 0]",
          "tmpa in [-1.79769e+308, 1.79769e+308]",
          "tmpq in [-1.79769e+308, 1.79769e+308]",
          "tmpqr in [-1.79769e+308, 1.79769e+308]",
          "tmpqr[0] in [0, 0]",
          "tmpqr[1] in [0, 0]",
          "sNaviFlag.WalkReNaviFlg is reset to 0",
          "tmpqr[0] is reset to 0",
          "tmpqr[1] is reset to 0"
        ],
        "calls": [
          "Sinx",
          "Cosx",
          "QMulti",
          "Q2C",
          "MatrixTran33",
          "MatrixEval"
        ],
        "undefined_calls": [
          "Cosx",
          "MatrixEval",
          "MatrixTran33",
          "Q2C",
          "QMulti",
          "Sinx"
        ]
      }
    }
  ],
  "relations": {
    "call_graph": [
      {
        "caller": "CMICalculate",
        "callee": "Sinx",
        "file": "/home/hp/文档/output/CE7-FYQ-src_flat_out/CMICalculate/IP_CMICalculate.c",
        "line": 24,
        "kind": "function",
        "resolved": false
      },
      {
        "caller": "CMICalculate",
        "callee": "Cosx",
        "file": "/home/hp/文档/output/CE7-FYQ-src_flat_out/CMICalculate/IP_CMICalculate.c",
        "line": 25,
        "kind": "function",
        "resolved": false
      },
      {
        "caller": "CMICalculate",
        "callee": "QMulti",
        "file": "/home/hp/文档/output/CE7-FYQ-src_flat_out/CMICalculate/IP_CMICalculate.c",
        "line": 27,
        "kind": "function",
        "resolved": false
      },
      {
        "caller": "CMICalculate",
        "callee": "Q2C",
        "file": "/home/hp/文档/output/CE7-FYQ-src_flat_out/CMICalculate/IP_CMICalculate.c",
        "line": 28,
        "kind": "function",
        "resolved": false
      },
      {
        "caller": "CMICalculate",
        "callee": "MatrixTran33",
        "file": "/home/hp/文档/output/CE7-FYQ-src_flat_out/CMICalculate/IP_CMICalculate.c",
        "line": 29,
        "kind": "function",
        "resolved": false
      },
      {
        "caller": "CMICalculate",
        "callee": "MatrixEval",
        "file": "/home/hp/文档/output/CE7-FYQ-src_flat_out/CMICalculate/IP_CMICalculate.c",
        "line": 30,
        "kind": "function",
        "resolved": false
      }
    ],
    "field_accesses": [
      {
        "name": "sNaviData.cim",
        "reads": 1,
        "writes": 0,
        "read_writes": 0,
        "functions": [
          "CMICalculate"
        ],
        "readers": [
          "CMICalculate"
        ],
        "writers": []
      },
      {
        "name": "sNaviData.cmi",
        "reads": 3,
        "writes": 0,
        "read_writes": 0,
        "functions": [
          "CMICalculate"
        ],
        "readers": [
          "CMICalculate"
        ],
        "writers": []
      },
      {
        "name": "sNaviData.wmi",
        "reads": 1,
        "writes": 0,
        "read_writes": 0,
        "functions": [
          "CMICalculate"
        ],
        "readers": [
          "CMICalculate"
        ],
        "writers": []
      },
      {
        "name": "sNaviFlag.WalkReNaviFlg",
        "reads": 1,
        "writes": 1,
        "read_writes": 0,
        "functions": [
          "CMICalculate"
        ],
        "readers": [
          "CMICalculate"
        ],
        "writers": [
          "CMICalculate"
        ]
      },
      {
        "name": "sNaviParam.qME",
        "reads": 1,
        "writes": 0,
        "read_writes": 0,
        "functions": [
          "CMICalculate"
        ],
        "readers": [
          "CMICalculate"
        ],
        "writers": []
      },
      {
        "name": "sNaviParam.tME",
        "reads": 1,
        "writes": 1,
        "read_writes": 0,
        "functions": [
          "CMICalculate"
        ],
        "readers": [
          "CMICalculate"
        ],
        "writers": [
          "CMICalculate"
        ]
      },
      {
        "name": "sNaviParam.wM",
        "reads": 1,
        "writes": 0,
        "read_writes": 0,
        "functions": [
          "CMICalculate"
        ],
        "readers": [
          "CMICalculate"
        ],
        "writers": []
      },
      {
        "name": "sTime.sstime",
        "reads": 2,
        "writes": 0,
        "read_writes": 0,
        "functions": [
          "CMICalculate"
        ],
        "readers": [
          "CMICalculate"
        ],
        "writers": []
      }
    ],
    "state_transitions": [],
    "missing_local_includes": [],
    "unresolved_calls": {
      "Cosx": [
        {
          "caller": "CMICalculate",
          "file": "/home/hp/文档/output/CE7-FYQ-src_flat_out/CMICalculate/IP_CMICalculate.c",
          "line": 25
        }
      ],
      "MatrixEval": [
        {
          "caller": "CMICalculate",
          "file": "/home/hp/文档/output/CE7-FYQ-src_flat_out/CMICalculate/IP_CMICalculate.c",
          "line": 30
        }
      ],
      "MatrixTran33": [
        {
          "caller": "CMICalculate",
          "file": "/home/hp/文档/output/CE7-FYQ-src_flat_out/CMICalculate/IP_CMICalculate.c",
          "line": 29
        }
      ],
      "Q2C": [
        {
          "caller": "CMICalculate",
          "file": "/home/hp/文档/output/CE7-FYQ-src_flat_out/CMICalculate/IP_CMICalculate.c",
          "line": 28
        }
      ],
      "QMulti": [
        {
          "caller": "CMICalculate",
          "file": "/home/hp/文档/output/CE7-FYQ-src_flat_out/CMICalculate/IP_CMICalculate.c",
          "line": 27
        }
      ],
      "Sinx": [
        {
          "caller": "CMICalculate",
          "file": "/home/hp/文档/output/CE7-FYQ-src_flat_out/CMICalculate/IP_CMICalculate.c",
          "line": 24
        }
      ]
    }
  },
  "invariants": {
    "project": [
      {
        "kind": "project_input_field",
        "text": "sNaviData.cim is only read by CMICalculate",
        "confidence": "medium",
        "evidence": "field summary",
        "field": "sNaviData.cim",
        "readers": [
          "CMICalculate"
        ]
      },
      {
        "kind": "project_input_field",
        "text": "sNaviData.cmi is only read by CMICalculate",
        "confidence": "medium",
        "evidence": "field summary",
        "field": "sNaviData.cmi",
        "readers": [
          "CMICalculate"
        ]
      },
      {
        "kind": "project_input_field",
        "text": "sNaviData.wmi is only read by CMICalculate",
        "confidence": "medium",
        "evidence": "field summary",
        "field": "sNaviData.wmi",
        "readers": [
          "CMICalculate"
        ]
      },
      {
        "kind": "project_state_field",
        "text": "sNaviFlag.WalkReNaviFlg is read and written",
        "confidence": "medium",
        "evidence": "field summary",
        "field": "sNaviFlag.WalkReNaviFlg",
        "readers": [
          "CMICalculate"
        ],
        "writers": [
          "CMICalculate"
        ]
      },
      {
        "kind": "project_input_field",
        "text": "sNaviParam.qME is only read by CMICalculate",
        "confidence": "medium",
        "evidence": "field summary",
        "field": "sNaviParam.qME",
        "readers": [
          "CMICalculate"
        ]
      },
      {
        "kind": "project_state_field",
        "text": "sNaviParam.tME is read and written",
        "confidence": "medium",
        "evidence": "field summary",
        "field": "sNaviParam.tME",
        "readers": [
          "CMICalculate"
        ],
        "writers": [
          "CMICalculate"
        ]
      },
      {
        "kind": "project_input_field",
        "text": "sNaviParam.wM is only read by CMICalculate",
        "confidence": "medium",
        "evidence": "field summary",
        "field": "sNaviParam.wM",
        "readers": [
          "CMICalculate"
        ]
      },
      {
        "kind": "project_input_field",
        "text": "sTime.sstime is only read by CMICalculate",
        "confidence": "medium",
        "evidence": "field summary",
        "field": "sTime.sstime",
        "readers": [
          "CMICalculate"
        ]
      }
    ]
  }
}
