# No-Compile Static Analysis Log

Root: /home/hp/文档/output/CE7-FYQ-src_flat_out/CalRelativeDistSpeed/IP_CalRelativeDistSpeed.c
Files: 1
Functions: 1
Call edges: 5
Field accesses: 0
Unresolved calls: 3
Missing local includes: 0
Function invariants: 32
Project invariants: 0

## Missing Local Includes
- none

## Duplicate Function Definitions
- none

## Unresolved Calls
- VectorNorm3: CalRelativeDistSpeed@IP_CalRelativeDistSpeed.c:37, CalRelativeDistSpeed@IP_CalRelativeDistSpeed.c:38
- VectorZero: CalRelativeDistSpeed@IP_CalRelativeDistSpeed.c:16, CalRelativeDistSpeed@IP_CalRelativeDistSpeed.c:17
- VectorZeroSint32: CalRelativeDistSpeed@IP_CalRelativeDistSpeed.c:18

## Call Graph
- CalRelativeDistSpeed -> VectorNorm3? x2, VectorZero? x2, VectorZeroSint32?

## State Transitions
- none

## Field Access Summary

## Project Invariants
- none

## Function Details
### CalRelativeDistSpeed (IP_CalRelativeDistSpeed.c:7)
- params: float64 *RelativeDist, float64 *RelativeSpeed, siint32 *LegDoubleTouchSignal, float64 *pf_m, float64 *vf_m, siint32 *touch_s_L
- locals: i, j, k, tmpDis, tmpSpeed, z
- calls: VectorZero, VectorZero, VectorZeroSint32, VectorNorm3, VectorNorm3
- undefined_calls: VectorNorm3, VectorZero, VectorZeroSint32
- reads: VectorNorm3
- writes: LegDoubleTouchSignal, RelativeDist, RelativeSpeed, i, j, k, tmpDis, tmpSpeed, z
- summary.ensures_observed:
  - LegDoubleTouchSignal in [-2147483648, 2147483647]
  - LegDoubleTouchSignal[z] in [1, 1]
  - RelativeDist in [-1.79769e+308, 1.79769e+308]
  - RelativeSpeed in [-1.79769e+308, 1.79769e+308]
  - i in [0, 4]
  - j in [-2147483648, 2147483648]
  - k in [0, 2]
  - pf_m in [-1.79769e+308, 1.79769e+308]
  - tmpDis in [-1.79769e+308, 1.79769e+308]
  - tmpSpeed in [-1.79769e+308, 1.79769e+308]
  - touch_s_L in [-2147483648, 2147483647]
  - vf_m in [-1.79769e+308, 1.79769e+308]
  - z in [-2147483648, 2147483647]
  - z is reset to 0
  - i is reset to 0
  - k is reset to 0
- invariants:
  - [value_range/medium] LegDoubleTouchSignal in [-2147483648, 2147483647] (type siint32)
  - [value_range/medium] LegDoubleTouchSignal[z] in [1, 1] (literal@28)
  - [value_range/medium] RelativeDist in [-1.79769e+308, 1.79769e+308] (type float64)
  - [value_range/medium] RelativeSpeed in [-1.79769e+308, 1.79769e+308] (type float64)
  - [value_range/medium] i in [0, 4] (decl siint32@8; literal@22; ++@22; for-loop < 5@22)
  - [value_range/medium] j in [-2147483648, 2147483648] (decl siint32@9; ++@24)
  - [value_range/medium] k in [0, 2] (decl siint32@11; literal@31; ++@31; for-loop < 3@31)
  - [value_range/medium] pf_m in [-1.79769e+308, 1.79769e+308] (type float64)
  - [value_range/medium] tmpDis in [-1.79769e+308, 1.79769e+308] (decl float64@12)
  - [value_range/medium] tmpSpeed in [-1.79769e+308, 1.79769e+308] (decl float64@13)
  - [value_range/medium] touch_s_L in [-2147483648, 2147483647] (type siint32)
  - [value_range/medium] vf_m in [-1.79769e+308, 1.79769e+308] (type float64)
  - [value_range/medium] z in [-2147483648, 2147483647] (decl siint32@10; literal@20)
  - [condition_range/high]@22 i in [-1.79769e+308, 4] when i < 5 (i < 5)
  - [condition_range/high]@24 j in [-1.79769e+308, 5] when j < 6 (j < 6)
  - [condition_range/high]@31 k in [-1.79769e+308, 2] when k < 3 (k < 3)
  - [branch_condition/high]@26 inside if branch: (touch_s_L[i] == 1) && (touch_s_L[j] == 1) ((touch_s_L[i] == 1) && (touch_s_L[j] == 1))
  - [loop_index_range/high]@22 i in [0, 4] (for-loop i=0; i<5; i++)
  - [loop_index_range/high]@31 k in [0, 2] (for-loop k=0; k<3; k++)
  - [array_index_range/medium]@33 tmpDis[k] uses k in [0, 2] (loop@31)
  - [array_index_range/medium]@34 tmpSpeed[k] uses k in [0, 2] (loop@31)
  - [assignment_value/high]@20 z may be assigned 0 (z = 0)
  - [reset/high]@20 z is reset to 0 (z = 0)
  - [assignment_value/high]@22 i may be assigned 0 (i = 0)
  - [reset/high]@22 i is reset to 0 (i = 0)
  - [counter_update/medium]@22 i is nondecreasing at this update (i ++)
  - [counter_update/medium]@24 j is nondecreasing at this update (j ++)
  - [assignment_value/high]@28 LegDoubleTouchSignal[z] may be assigned 1 (LegDoubleTouchSignal[z] = 1)
  - [assignment_value/high]@31 k may be assigned 0 (k = 0)
  - [reset/high]@31 k is reset to 0 (k = 0)
  - ... 2 more
- value_ranges:
  - LegDoubleTouchSignal: [-2147483648, 2147483647] (type siint32)
  - LegDoubleTouchSignal[z]: [1, 1] (literal@28)
  - RelativeDist: [-1.79769e+308, 1.79769e+308] (type float64)
  - RelativeSpeed: [-1.79769e+308, 1.79769e+308] (type float64)
  - i: [0, 4] (decl siint32@8; literal@22; ++@22; for-loop < 5@22)
  - j: [-2147483648, 2147483648] (decl siint32@9; ++@24)
  - k: [0, 2] (decl siint32@11; literal@31; ++@31; for-loop < 3@31)
  - pf_m: [-1.79769e+308, 1.79769e+308] (type float64)
  - tmpDis: [-1.79769e+308, 1.79769e+308] (decl float64@12)
  - tmpSpeed: [-1.79769e+308, 1.79769e+308] (decl float64@13)
  - touch_s_L: [-2147483648, 2147483647] (type siint32)
  - vf_m: [-1.79769e+308, 1.79769e+308] (type float64)
  - z: [-2147483648, 2147483647] (decl siint32@10; literal@20)
- condition_ranges:
  - i: [-1.79769e+308, 4] when i < 5@22
  - j: [-1.79769e+308, 5] when j < 6@24
  - k: [-1.79769e+308, 2] when k < 3@31
- conditions:
  - for@22: i=0; i<5; i++
  - for@24: j=i+1; j<6; j++
  - if@26: (touch_s_L[i] == 1) && (touch_s_L[j] == 1)
  - for@31: k=0; k<3; k++
- assignments:
  - 20: z = <literal/unknown>
  - 22: i = <literal/unknown>
  - 22: i ++ <literal/unknown>
  - 24: j = i
  - 24: j ++ <literal/unknown>
  - 28: LegDoubleTouchSignal[z] = <literal/unknown>
  - 31: k = <literal/unknown>
  - 31: k ++ <literal/unknown>
  - 33: tmpDis[k] = i,j,k,pf_m
  - 34: tmpSpeed[k] = i,j,k,vf_m
  - 37: RelativeDist[z] = VectorNorm3,tmpDis
  - 38: RelativeSpeed[z] = VectorNorm3,tmpSpeed
  - 40: z = z

## JSON
{
  "root": "/home/hp/文档/output/CE7-FYQ-src_flat_out/CalRelativeDistSpeed/IP_CalRelativeDistSpeed.c",
  "files": [
    {
      "file": "/home/hp/文档/output/CE7-FYQ-src_flat_out/CalRelativeDistSpeed/IP_CalRelativeDistSpeed.c",
      "lines": 46,
      "includes": [
        {
          "name": "IP_CalRelativeDistSpeed.h",
          "kind": "local",
          "line": 1,
          "resolved": "/home/hp/文档/output/CE7-FYQ-src_flat_out/CalRelativeDistSpeed/IP_CalRelativeDistSpeed.h"
        }
      ],
      "macros": [],
      "typedefs": [],
      "globals": [],
      "functions": [
        {
          "name": "CalRelativeDistSpeed",
          "line": 7,
          "params": [
            "float64 *RelativeDist",
            "float64 *RelativeSpeed",
            "siint32 *LegDoubleTouchSignal",
            "float64 *pf_m",
            "float64 *vf_m",
            "siint32 *touch_s_L"
          ]
        }
      ]
    }
  ],
  "summary": {
    "file_count": 1,
    "function_count": 1,
    "defined_function_count": 1,
    "declared_function_count": 0,
    "macro_count": 0,
    "typedef_count": 0,
    "global_count": 0,
    "call_edge_count": 5,
    "unresolved_call_count": 3,
    "field_access_count": 0,
    "missing_local_include_count": 0,
    "function_invariant_count": 32,
    "project_invariant_count": 0
  },
  "symbols": {
    "defined_functions": {
      "CalRelativeDistSpeed": [
        {
          "file": "/home/hp/文档/output/CE7-FYQ-src_flat_out/CalRelativeDistSpeed/IP_CalRelativeDistSpeed.c",
          "line": 7
        }
      ]
    },
    "declared_functions": {},
    "macros": {},
    "typedefs": {},
    "enum_constants": [],
    "globals": {},
    "struct_fields": {},
    "duplicate_functions": {}
  },
  "functions": [
    {
      "file": "/home/hp/文档/output/CE7-FYQ-src_flat_out/CalRelativeDistSpeed/IP_CalRelativeDistSpeed.c",
      "name": "CalRelativeDistSpeed",
      "line": 7,
      "return_type": "void",
      "params": [
        "float64 *RelativeDist",
        "float64 *RelativeSpeed",
        "siint32 *LegDoubleTouchSignal",
        "float64 *pf_m",
        "float64 *vf_m",
        "siint32 *touch_s_L"
      ],
      "locals": [
        "i",
        "j",
        "k",
        "tmpDis",
        "tmpSpeed",
        "z"
      ],
      "calls": [
        {
          "name": "VectorZero",
          "line": 16,
          "kind": "function",
          "resolved": false
        },
        {
          "name": "VectorZero",
          "line": 17,
          "kind": "function",
          "resolved": false
        },
        {
          "name": "VectorZeroSint32",
          "line": 18,
          "kind": "function",
          "resolved": false
        },
        {
          "name": "VectorNorm3",
          "line": 37,
          "kind": "function",
          "resolved": false
        },
        {
          "name": "VectorNorm3",
          "line": 38,
          "kind": "function",
          "resolved": false
        }
      ],
      "assignments": [
        {
          "line": 20,
          "lhs": "z",
          "operator": "=",
          "rhs": "0",
          "rhs_identifiers": []
        },
        {
          "line": 22,
          "lhs": "i",
          "operator": "=",
          "rhs": "0",
          "rhs_identifiers": []
        },
        {
          "line": 22,
          "lhs": "i",
          "operator": "++",
          "rhs": "",
          "rhs_identifiers": []
        },
        {
          "line": 24,
          "lhs": "j",
          "operator": "=",
          "rhs": "i+1",
          "rhs_identifiers": [
            "i"
          ]
        },
        {
          "line": 24,
          "lhs": "j",
          "operator": "++",
          "rhs": "",
          "rhs_identifiers": []
        },
        {
          "line": 28,
          "lhs": "LegDoubleTouchSignal[z]",
          "operator": "=",
          "rhs": "1",
          "rhs_identifiers": []
        },
        {
          "line": 31,
          "lhs": "k",
          "operator": "=",
          "rhs": "0",
          "rhs_identifiers": []
        },
        {
          "line": 31,
          "lhs": "k",
          "operator": "++",
          "rhs": "",
          "rhs_identifiers": []
        },
        {
          "line": 33,
          "lhs": "tmpDis[k]",
          "operator": "=",
          "rhs": "pf_m[k*6 + i] - pf_m[k*6 + j]",
          "rhs_identifiers": [
            "i",
            "j",
            "k",
            "pf_m"
          ]
        },
        {
          "line": 34,
          "lhs": "tmpSpeed[k]",
          "operator": "=",
          "rhs": "vf_m[k*6 + i] - vf_m[k*6 + j]",
          "rhs_identifiers": [
            "i",
            "j",
            "k",
            "vf_m"
          ]
        },
        {
          "line": 37,
          "lhs": "RelativeDist[z]",
          "operator": "=",
          "rhs": "VectorNorm3(&tmpDis[0])",
          "rhs_identifiers": [
            "VectorNorm3",
            "tmpDis"
          ]
        },
        {
          "line": 38,
          "lhs": "RelativeSpeed[z]",
          "operator": "=",
          "rhs": "VectorNorm3(&tmpSpeed[0])",
          "rhs_identifiers": [
            "VectorNorm3",
            "tmpSpeed"
          ]
        },
        {
          "line": 40,
          "lhs": "z",
          "operator": "=",
          "rhs": "z + 1",
          "rhs_identifiers": [
            "z"
          ]
        }
      ],
      "conditions": [
        {
          "line": 22,
          "kind": "for",
          "expression": "i=0; i<5; i++",
          "identifiers": [
            "i"
          ]
        },
        {
          "line": 24,
          "kind": "for",
          "expression": "j=i+1; j<6; j++",
          "identifiers": [
            "i",
            "j"
          ]
        },
        {
          "line": 26,
          "kind": "if",
          "expression": "(touch_s_L[i] == 1) && (touch_s_L[j] == 1)",
          "identifiers": [
            "i",
            "j",
            "touch_s_L"
          ]
        },
        {
          "line": 31,
          "kind": "for",
          "expression": "k=0; k<3; k++",
          "identifiers": [
            "k"
          ]
        }
      ],
      "switch_cases": [],
      "field_accesses": [],
      "returns": [
        {
          "line": 44,
          "expression": "",
          "identifiers": []
        }
      ],
      "macro_uses": [],
      "type_uses": [],
      "value_ranges": [
        {
          "symbol": "LegDoubleTouchSignal",
          "range": "[-2147483648, 2147483647]",
          "min": -2147483648.0,
          "max": 2147483647.0,
          "evidence": [
            "type siint32"
          ]
        },
        {
          "symbol": "LegDoubleTouchSignal[z]",
          "range": "[1, 1]",
          "min": 1.0,
          "max": 1.0,
          "evidence": [
            "literal@28"
          ]
        },
        {
          "symbol": "RelativeDist",
          "range": "[-1.79769e+308, 1.79769e+308]",
          "min": -1.7976931348623157e+308,
          "max": 1.7976931348623157e+308,
          "evidence": [
            "type float64"
          ]
        },
        {
          "symbol": "RelativeSpeed",
          "range": "[-1.79769e+308, 1.79769e+308]",
          "min": -1.7976931348623157e+308,
          "max": 1.7976931348623157e+308,
          "evidence": [
            "type float64"
          ]
        },
        {
          "symbol": "i",
          "range": "[0, 4]",
          "min": 0.0,
          "max": 4.0,
          "evidence": [
            "decl siint32@8",
            "literal@22",
            "++@22",
            "for-loop < 5@22"
          ]
        },
        {
          "symbol": "j",
          "range": "[-2147483648, 2147483648]",
          "min": -2147483648.0,
          "max": 2147483648.0,
          "evidence": [
            "decl siint32@9",
            "++@24"
          ]
        },
        {
          "symbol": "k",
          "range": "[0, 2]",
          "min": 0.0,
          "max": 2.0,
          "evidence": [
            "decl siint32@11",
            "literal@31",
            "++@31",
            "for-loop < 3@31"
          ]
        },
        {
          "symbol": "pf_m",
          "range": "[-1.79769e+308, 1.79769e+308]",
          "min": -1.7976931348623157e+308,
          "max": 1.7976931348623157e+308,
          "evidence": [
            "type float64"
          ]
        },
        {
          "symbol": "tmpDis",
          "range": "[-1.79769e+308, 1.79769e+308]",
          "min": -1.7976931348623157e+308,
          "max": 1.7976931348623157e+308,
          "evidence": [
            "decl float64@12"
          ]
        },
        {
          "symbol": "tmpSpeed",
          "range": "[-1.79769e+308, 1.79769e+308]",
          "min": -1.7976931348623157e+308,
          "max": 1.7976931348623157e+308,
          "evidence": [
            "decl float64@13"
          ]
        },
        {
          "symbol": "touch_s_L",
          "range": "[-2147483648, 2147483647]",
          "min": -2147483648.0,
          "max": 2147483647.0,
          "evidence": [
            "type siint32"
          ]
        },
        {
          "symbol": "vf_m",
          "range": "[-1.79769e+308, 1.79769e+308]",
          "min": -1.7976931348623157e+308,
          "max": 1.7976931348623157e+308,
          "evidence": [
            "type float64"
          ]
        },
        {
          "symbol": "z",
          "range": "[-2147483648, 2147483647]",
          "min": -2147483648.0,
          "max": 2147483647.0,
          "evidence": [
            "decl siint32@10",
            "literal@20"
          ]
        }
      ],
      "condition_ranges": [
        {
          "symbol": "i",
          "range": "[-1.79769e+308, 4]",
          "min": -1.7976931348623157e+308,
          "max": 4.0,
          "line": 22,
          "condition": "i < 5"
        },
        {
          "symbol": "j",
          "range": "[-1.79769e+308, 5]",
          "min": -1.7976931348623157e+308,
          "max": 5.0,
          "line": 24,
          "condition": "j < 6"
        },
        {
          "symbol": "k",
          "range": "[-1.79769e+308, 2]",
          "min": -1.7976931348623157e+308,
          "max": 2.0,
          "line": 31,
          "condition": "k < 3"
        }
      ],
      "reads": [
        "VectorNorm3"
      ],
      "writes": [
        "LegDoubleTouchSignal",
        "RelativeDist",
        "RelativeSpeed",
        "i",
        "j",
        "k",
        "tmpDis",
        "tmpSpeed",
        "z"
      ],
      "global_reads": [],
      "global_writes": [],
      "input_fields": [],
      "output_fields": [],
      "undefined_calls": [
        "VectorNorm3",
        "VectorZero",
        "VectorZeroSint32"
      ],
      "invariants": [
        {
          "kind": "value_range",
          "text": "LegDoubleTouchSignal in [-2147483648, 2147483647]",
          "confidence": "medium",
          "evidence": "type siint32",
          "symbol": "LegDoubleTouchSignal",
          "min": -2147483648.0,
          "max": 2147483647.0
        },
        {
          "kind": "value_range",
          "text": "LegDoubleTouchSignal[z] in [1, 1]",
          "confidence": "medium",
          "evidence": "literal@28",
          "symbol": "LegDoubleTouchSignal[z]",
          "min": 1.0,
          "max": 1.0
        },
        {
          "kind": "value_range",
          "text": "RelativeDist in [-1.79769e+308, 1.79769e+308]",
          "confidence": "medium",
          "evidence": "type float64",
          "symbol": "RelativeDist",
          "min": -1.7976931348623157e+308,
          "max": 1.7976931348623157e+308
        },
        {
          "kind": "value_range",
          "text": "RelativeSpeed in [-1.79769e+308, 1.79769e+308]",
          "confidence": "medium",
          "evidence": "type float64",
          "symbol": "RelativeSpeed",
          "min": -1.7976931348623157e+308,
          "max": 1.7976931348623157e+308
        },
        {
          "kind": "value_range",
          "text": "i in [0, 4]",
          "confidence": "medium",
          "evidence": "decl siint32@8; literal@22; ++@22; for-loop < 5@22",
          "symbol": "i",
          "min": 0.0,
          "max": 4.0
        },
        {
          "kind": "value_range",
          "text": "j in [-2147483648, 2147483648]",
          "confidence": "medium",
          "evidence": "decl siint32@9; ++@24",
          "symbol": "j",
          "min": -2147483648.0,
          "max": 2147483648.0
        },
        {
          "kind": "value_range",
          "text": "k in [0, 2]",
          "confidence": "medium",
          "evidence": "decl siint32@11; literal@31; ++@31; for-loop < 3@31",
          "symbol": "k",
          "min": 0.0,
          "max": 2.0
        },
        {
          "kind": "value_range",
          "text": "pf_m in [-1.79769e+308, 1.79769e+308]",
          "confidence": "medium",
          "evidence": "type float64",
          "symbol": "pf_m",
          "min": -1.7976931348623157e+308,
          "max": 1.7976931348623157e+308
        },
        {
          "kind": "value_range",
          "text": "tmpDis in [-1.79769e+308, 1.79769e+308]",
          "confidence": "medium",
          "evidence": "decl float64@12",
          "symbol": "tmpDis",
          "min": -1.7976931348623157e+308,
          "max": 1.7976931348623157e+308
        },
        {
          "kind": "value_range",
          "text": "tmpSpeed in [-1.79769e+308, 1.79769e+308]",
          "confidence": "medium",
          "evidence": "decl float64@13",
          "symbol": "tmpSpeed",
          "min": -1.7976931348623157e+308,
          "max": 1.7976931348623157e+308
        },
        {
          "kind": "value_range",
          "text": "touch_s_L in [-2147483648, 2147483647]",
          "confidence": "medium",
          "evidence": "type siint32",
          "symbol": "touch_s_L",
          "min": -2147483648.0,
          "max": 2147483647.0
        },
        {
          "kind": "value_range",
          "text": "vf_m in [-1.79769e+308, 1.79769e+308]",
          "confidence": "medium",
          "evidence": "type float64",
          "symbol": "vf_m",
          "min": -1.7976931348623157e+308,
          "max": 1.7976931348623157e+308
        },
        {
          "kind": "value_range",
          "text": "z in [-2147483648, 2147483647]",
          "confidence": "medium",
          "evidence": "decl siint32@10; literal@20",
          "symbol": "z",
          "min": -2147483648.0,
          "max": 2147483647.0
        },
        {
          "kind": "condition_range",
          "text": "i in [-1.79769e+308, 4] when i < 5",
          "confidence": "high",
          "line": 22,
          "evidence": "i < 5",
          "symbol": "i",
          "min": -1.7976931348623157e+308,
          "max": 4.0
        },
        {
          "kind": "condition_range",
          "text": "j in [-1.79769e+308, 5] when j < 6",
          "confidence": "high",
          "line": 24,
          "evidence": "j < 6",
          "symbol": "j",
          "min": -1.7976931348623157e+308,
          "max": 5.0
        },
        {
          "kind": "condition_range",
          "text": "k in [-1.79769e+308, 2] when k < 3",
          "confidence": "high",
          "line": 31,
          "evidence": "k < 3",
          "symbol": "k",
          "min": -1.7976931348623157e+308,
          "max": 2.0
        },
        {
          "kind": "branch_condition",
          "text": "inside if branch: (touch_s_L[i] == 1) && (touch_s_L[j] == 1)",
          "confidence": "high",
          "line": 26,
          "evidence": "(touch_s_L[i] == 1) && (touch_s_L[j] == 1)",
          "identifiers": [
            "i",
            "j",
            "touch_s_L"
          ]
        },
        {
          "kind": "loop_index_range",
          "text": "i in [0, 4]",
          "confidence": "high",
          "line": 22,
          "evidence": "for-loop i=0; i<5; i++",
          "symbol": "i",
          "min": 0.0,
          "max": 4.0
        },
        {
          "kind": "loop_index_range",
          "text": "k in [0, 2]",
          "confidence": "high",
          "line": 31,
          "evidence": "for-loop k=0; k<3; k++",
          "symbol": "k",
          "min": 0.0,
          "max": 2.0
        },
        {
          "kind": "array_index_range",
          "text": "tmpDis[k] uses k in [0, 2]",
          "confidence": "medium",
          "line": 33,
          "evidence": "loop@31",
          "array": "tmpDis",
          "index": "k",
          "min": 0.0,
          "max": 2.0
        },
        {
          "kind": "array_index_range",
          "text": "tmpSpeed[k] uses k in [0, 2]",
          "confidence": "medium",
          "line": 34,
          "evidence": "loop@31",
          "array": "tmpSpeed",
          "index": "k",
          "min": 0.0,
          "max": 2.0
        },
        {
          "kind": "assignment_value",
          "text": "z may be assigned 0",
          "confidence": "high",
          "line": 20,
          "evidence": "z = 0",
          "symbol": "z",
          "value": "0"
        },
        {
          "kind": "reset",
          "text": "z is reset to 0",
          "confidence": "high",
          "line": 20,
          "evidence": "z = 0",
          "symbol": "z"
        },
        {
          "kind": "assignment_value",
          "text": "i may be assigned 0",
          "confidence": "high",
          "line": 22,
          "evidence": "i = 0",
          "symbol": "i",
          "value": "0"
        },
        {
          "kind": "reset",
          "text": "i is reset to 0",
          "confidence": "high",
          "line": 22,
          "evidence": "i = 0",
          "symbol": "i"
        },
        {
          "kind": "counter_update",
          "text": "i is nondecreasing at this update",
          "confidence": "medium",
          "line": 22,
          "evidence": "i ++",
          "symbol": "i",
          "direction": "nondecreasing"
        },
        {
          "kind": "counter_update",
          "text": "j is nondecreasing at this update",
          "confidence": "medium",
          "line": 24,
          "evidence": "j ++",
          "symbol": "j",
          "direction": "nondecreasing"
        },
        {
          "kind": "assignment_value",
          "text": "LegDoubleTouchSignal[z] may be assigned 1",
          "confidence": "high",
          "line": 28,
          "evidence": "LegDoubleTouchSignal[z] = 1",
          "symbol": "LegDoubleTouchSignal[z]",
          "value": "1"
        },
        {
          "kind": "assignment_value",
          "text": "k may be assigned 0",
          "confidence": "high",
          "line": 31,
          "evidence": "k = 0",
          "symbol": "k",
          "value": "0"
        },
        {
          "kind": "reset",
          "text": "k is reset to 0",
          "confidence": "high",
          "line": 31,
          "evidence": "k = 0",
          "symbol": "k"
        },
        {
          "kind": "counter_update",
          "text": "k is nondecreasing at this update",
          "confidence": "medium",
          "line": 31,
          "evidence": "k ++",
          "symbol": "k",
          "direction": "nondecreasing"
        },
        {
          "kind": "modifies_symbols",
          "text": "function may assign symbols: LegDoubleTouchSignal[z], RelativeDist[z], RelativeSpeed[z], i, j, k, tmpDis[k], tmpSpeed[k], z",
          "confidence": "medium",
          "evidence": "assignments",
          "symbols": [
            "LegDoubleTouchSignal[z]",
            "RelativeDist[z]",
            "RelativeSpeed[z]",
            "i",
            "j",
            "k",
            "tmpDis[k]",
            "tmpSpeed[k]",
            "z"
          ]
        }
      ],
      "summary": {
        "requires_observed": [
          "inside if branch: (touch_s_L[i] == 1) && (touch_s_L[j] == 1)"
        ],
        "modifies": [],
        "ensures_observed": [
          "LegDoubleTouchSignal in [-2147483648, 2147483647]",
          "LegDoubleTouchSignal[z] in [1, 1]",
          "RelativeDist in [-1.79769e+308, 1.79769e+308]",
          "RelativeSpeed in [-1.79769e+308, 1.79769e+308]",
          "i in [0, 4]",
          "j in [-2147483648, 2147483648]",
          "k in [0, 2]",
          "pf_m in [-1.79769e+308, 1.79769e+308]",
          "tmpDis in [-1.79769e+308, 1.79769e+308]",
          "tmpSpeed in [-1.79769e+308, 1.79769e+308]",
          "touch_s_L in [-2147483648, 2147483647]",
          "vf_m in [-1.79769e+308, 1.79769e+308]",
          "z in [-2147483648, 2147483647]",
          "z is reset to 0",
          "i is reset to 0",
          "k is reset to 0"
        ],
        "calls": [
          "VectorZero",
          "VectorZero",
          "VectorZeroSint32",
          "VectorNorm3",
          "VectorNorm3"
        ],
        "undefined_calls": [
          "VectorNorm3",
          "VectorZero",
          "VectorZeroSint32"
        ]
      }
    }
  ],
  "relations": {
    "call_graph": [
      {
        "caller": "CalRelativeDistSpeed",
        "callee": "VectorZero",
        "file": "/home/hp/文档/output/CE7-FYQ-src_flat_out/CalRelativeDistSpeed/IP_CalRelativeDistSpeed.c",
        "line": 16,
        "kind": "function",
        "resolved": false
      },
      {
        "caller": "CalRelativeDistSpeed",
        "callee": "VectorZero",
        "file": "/home/hp/文档/output/CE7-FYQ-src_flat_out/CalRelativeDistSpeed/IP_CalRelativeDistSpeed.c",
        "line": 17,
        "kind": "function",
        "resolved": false
      },
      {
        "caller": "CalRelativeDistSpeed",
        "callee": "VectorZeroSint32",
        "file": "/home/hp/文档/output/CE7-FYQ-src_flat_out/CalRelativeDistSpeed/IP_CalRelativeDistSpeed.c",
        "line": 18,
        "kind": "function",
        "resolved": false
      },
      {
        "caller": "CalRelativeDistSpeed",
        "callee": "VectorNorm3",
        "file": "/home/hp/文档/output/CE7-FYQ-src_flat_out/CalRelativeDistSpeed/IP_CalRelativeDistSpeed.c",
        "line": 37,
        "kind": "function",
        "resolved": false
      },
      {
        "caller": "CalRelativeDistSpeed",
        "callee": "VectorNorm3",
        "file": "/home/hp/文档/output/CE7-FYQ-src_flat_out/CalRelativeDistSpeed/IP_CalRelativeDistSpeed.c",
        "line": 38,
        "kind": "function",
        "resolved": false
      }
    ],
    "field_accesses": [],
    "state_transitions": [],
    "missing_local_includes": [],
    "unresolved_calls": {
      "VectorNorm3": [
        {
          "caller": "CalRelativeDistSpeed",
          "file": "/home/hp/文档/output/CE7-FYQ-src_flat_out/CalRelativeDistSpeed/IP_CalRelativeDistSpeed.c",
          "line": 37
        },
        {
          "caller": "CalRelativeDistSpeed",
          "file": "/home/hp/文档/output/CE7-FYQ-src_flat_out/CalRelativeDistSpeed/IP_CalRelativeDistSpeed.c",
          "line": 38
        }
      ],
      "VectorZero": [
        {
          "caller": "CalRelativeDistSpeed",
          "file": "/home/hp/文档/output/CE7-FYQ-src_flat_out/CalRelativeDistSpeed/IP_CalRelativeDistSpeed.c",
          "line": 16
        },
        {
          "caller": "CalRelativeDistSpeed",
          "file": "/home/hp/文档/output/CE7-FYQ-src_flat_out/CalRelativeDistSpeed/IP_CalRelativeDistSpeed.c",
          "line": 17
        }
      ],
      "VectorZeroSint32": [
        {
          "caller": "CalRelativeDistSpeed",
          "file": "/home/hp/文档/output/CE7-FYQ-src_flat_out/CalRelativeDistSpeed/IP_CalRelativeDistSpeed.c",
          "line": 18
        }
      ]
    }
  },
  "invariants": {
    "project": []
  }
}
