===== source2fsm batch debug =====
name: BinarySearch_New
source: IP_BinarySearch_New.c
source directory: /home/hp/文档/output/CE7-FYQ-src_flat_out/BinarySearch_New
output directory: /home/hp/文档/output/CE7-FYQ-src_flat_out/BinarySearch_New
copied input .c files:
  IP_BinarySearch_New.c
===== docker output =====
source-only mode: /work/input/IP_BinarySearch_New.c
source-only cfg
function "BinarySearch_New" found
nodes: 15
edges: 18
dot: /work/output/.BinarySearch_New.dot
cfg nodes:
  n0 [basic] siint32 mid; | siint32 resultIndx; | boolu32 bFindId; | ASSERT(iniIndx <= endIndx); | bFindId = FALSE32; | mid = 0;
  n1 [loop] while ((iniIndx <= endIndx) && (bFindId == FALSE32))
  n2 [basic] mid = (iniIndx + endIndx) / 2;
  n3 [if] if (paraTab[mid].paraID < id)
  n4 [basic] iniIndx = mid + 1;
  n5 [if] if (paraTab[mid].paraID > id)
  n6 [basic] endIndx = mid - 1;
  n7 [basic] bFindId = TRUE32;
  n8 [if] if (bFindId == TRUE32)
  n9 [basic] resultIndx = mid;
  n10 [basic] resultIndx = -1;
  n11 [terminal] return resultIndx;
png: /work/output/BinarySearch_New.png
