===== source2fsm batch debug =====
name: AttiErrCalc
source: IP_AttiErrCalc.c
source directory: /home/hp/文档/output/CE7-FYQ-src_flat_out/AttiErrCalc
output directory: /home/hp/文档/output/CE7-FYQ-src_flat_out/AttiErrCalc
copied input .c files:
  IP_AttiErrCalc.c
===== docker output =====
source-only mode: /work/input/IP_AttiErrCalc.c
source-only cfg
function "AttiErrCalc" found
nodes: 19
edges: 24
dot: /work/output/.AttiErrCalc.dot
cfg nodes:
  n0 [basic] float64 tmpFlt; | float64 deltTheta; | float64 tmpq[4]; | float64 tmpQBT[4]; | float64 tmpWBT[3]; | float64 tmpVec[3]; | float64 tmpeMat31[3]; | float64 Sd[3]; | float64 Sv[3]; | float64 tmpC[3][3]; | float64 Cx[3][3]; | float64 tmpMat33[3][3]; | float64 tmpMat33T[3][3]; | float64 tmpCBIT[3][3]; | float64 tmpCBI[3][3]; | Qdiv(&tmpQBT[0], &sAttiData.qGI.q4[0], &sAttiData.q.q4[0]); | tmpFlt = LimitDouble(tmpQBT[3], 1.0); | sAttiData.eulerBT = 2.0 * Acosx(tmpFlt); | Q2C(&tmpMat33[0][0], &tmpQBT[0]); | MatrixMulti331(&tmpVec[0], &tmpMat33[0][0], &sAttiData.wGI[0]); | VectorSub3(&tmpWBT[0], &sGyroData.w[0], &tmpVec[0]);
  n1 [if] if (UI32_BIT_GET1(sGncCtrlFlag.ZT9, 1u) == 1)
  n2 [basic] VectorSub3(&tmpWBT[0], &sGyroData.w8[0], &tmpVec[0]);
  n3 [if] if (Fabsx(tmpQBT[0] * 2.0) < sAttiModifyParam.LmtPhi)
  n4 [basic] sGncCtrlFlag.FlgPhi = 0;
  n5 [basic] sGncCtrlFlag.FlgPhi = 1;
  n6 [basic] sAttiCtrl.bAVCtrl = FALSE32; | sGncCtrlFlag.AVCFlgX = FALSE32; | sGncCtrlFlag.AVCFlgY = FALSE32; | sGncCtrlFlag.AVCFlgZ = FALSE32;
  n7 [if] if (sAttiData.eulerBT >= sAttiCtrlParam.thetaM)
  n8 [if] if ((UI32_BIT_GET1(sGncCtrlFlag.ZT10, 5u) == 0) || (sGncCtrlFlag.FlgPhi == | 0))
  n9 [basic] sAttiCtrl.bAVCtrl = TRUE32; | DivNorm(&tmpeMat31[0], &tmpQBT[0], 3); | VectorAddCoef(&tmpWBT[0], &tmpWBT[0], &tmpeMat31[0], | -sAttiCtrlParam.dThetar, 3);
  n10 [basic] Q2C(&tmpCBIT[0][0], &sAttiData.qGI.q4[0]); | Q2C(&tmpCBI[0][0], &sAttiData.q.q4[0]); | MatrixExtractRow(&tmpeMat31[0], &tmpCBIT[0][0], 3, 3, 0); | MatrixMulti331(&Sd[0], &tmpCBI[0][0], &tmpeMat31[0]); | Sv[0] = 0.0; | Sv[1] = -Sd[2]; | Sv[2] = Sd[1]; | DivNorm(&Sv[0], &Sv[0], 3); | tmpFlt = LimitDouble(Sd[0], 1.0); | deltTheta = Acosx(tmpFlt); | tmpFlt = Sinx(deltTheta/2.0); | VectorScalar(&tmpq[0], &Sv[0], tmpFlt, 3); | tmpq[3] = Cosx(deltTheta/2.0); | QUnit(&tmpq[0]); | Q2C(&tmpC[0][0], &tmpq[0]); | MatrixMulti333(&tmpMat33[0][0], &tmpC[0][0], &tmpCBI[0][0]); | MatrixTran33(&tmpMat33T[0][0], &tmpMat33[0][0]); | MatrixMulti333(&Cx[0][0], &tmpCBIT[0][0], &tmpMat33T[0][0]); | sAttiCtrl.angleErr[0] = -Atan2x(Cx[1][2], Cx[1][1]); | sAttiCtrl.angleErr[1] = -2.0 * tmpq[1]; | sAttiCtrl.angleErr[2] = -2.0 * tmpq[2]; | tmpQBT[0] = sAttiCtrl.angleErr[0]/2.0; | tmpQBT[1] = sAttiCtrl.angleErr[1]/2.0; | tmpQBT[2] = sAttiCtrl.angleErr[2]/2.0;
  n11 [if] if (Fabsx(sAttiCtrl.angleErr[0]) > sAttiCtrlParam.thetaM)
  n12 [basic] sGncCtrlFlag.AVCFlgX = TRUE32; | tmpWBT[0] = tmpWBT[0] - sAttiCtrlParam.dThetar * | Sgn3(sAttiCtrl.angleErr[0]);
  n13 [if] if (deltTheta > sAttiCtrlParam.thetaM)
  n14 [basic] sGncCtrlFlag.AVCFlgY = TRUE32; | sGncCtrlFlag.AVCFlgZ = TRUE32; | tmpWBT[1] = tmpWBT[1] + sAttiCtrlParam.dThetar * Sv[1]; | tmpWBT[2] = tmpWBT[2] + sAttiCtrlParam.dThetar * Sv[2];
  n15 [terminal] VectorScalar3(&sAttiCtrl.angleErr[0], &tmpQBT[0], 2.0); | VectorEval3(&sAttiCtrl.rateErr[0], &tmpWBT[0]); | return;
png: /work/output/AttiErrCalc.png
