# No-Compile Static Analysis Log

Root: /home/hp/文档/output/CE7-FYQ-src_flat_out/AttiErrCalc/IP_AttiErrCalc.c
Files: 1
Functions: 1
Call edges: 32
Field accesses: 40
Unresolved calls: 21
Missing local includes: 0
Function invariants: 50
Project invariants: 18

## Missing Local Includes
- none

## Duplicate Function Definitions
- none

## Unresolved Calls
- Acosx: AttiErrCalc@IP_AttiErrCalc.c:28, AttiErrCalc@IP_AttiErrCalc.c:90
- Atan2x: AttiErrCalc@IP_AttiErrCalc.c:109
- Cosx: AttiErrCalc@IP_AttiErrCalc.c:95
- DivNorm: AttiErrCalc@IP_AttiErrCalc.c:66, AttiErrCalc@IP_AttiErrCalc.c:86
- Fabsx: AttiErrCalc@IP_AttiErrCalc.c:41, AttiErrCalc@IP_AttiErrCalc.c:120
- LimitDouble: AttiErrCalc@IP_AttiErrCalc.c:27, AttiErrCalc@IP_AttiErrCalc.c:89
- MatrixExtractRow: AttiErrCalc@IP_AttiErrCalc.c:78
- MatrixMulti331: AttiErrCalc@IP_AttiErrCalc.c:31, AttiErrCalc@IP_AttiErrCalc.c:79
- MatrixMulti333: AttiErrCalc@IP_AttiErrCalc.c:104, AttiErrCalc@IP_AttiErrCalc.c:106
- MatrixTran33: AttiErrCalc@IP_AttiErrCalc.c:105
- Q2C: AttiErrCalc@IP_AttiErrCalc.c:30, AttiErrCalc@IP_AttiErrCalc.c:73, AttiErrCalc@IP_AttiErrCalc.c:74, AttiErrCalc@IP_AttiErrCalc.c:101
- QUnit: AttiErrCalc@IP_AttiErrCalc.c:98
- Qdiv: AttiErrCalc@IP_AttiErrCalc.c:26
- Sgn3: AttiErrCalc@IP_AttiErrCalc.c:123
- Sinx: AttiErrCalc@IP_AttiErrCalc.c:93
- UI32_BIT_GET1: AttiErrCalc@IP_AttiErrCalc.c:35, AttiErrCalc@IP_AttiErrCalc.c:60
- VectorAddCoef: AttiErrCalc@IP_AttiErrCalc.c:68
- VectorEval3: AttiErrCalc@IP_AttiErrCalc.c:139
- VectorScalar: AttiErrCalc@IP_AttiErrCalc.c:94
- VectorScalar3: AttiErrCalc@IP_AttiErrCalc.c:138
- VectorSub3: AttiErrCalc@IP_AttiErrCalc.c:32, AttiErrCalc@IP_AttiErrCalc.c:37

## Call Graph
- AttiErrCalc -> Acosx? x2, Atan2x?, Cosx?, DivNorm? x2, Fabsx? x2, LimitDouble? x2, MatrixExtractRow?, MatrixMulti331? x2, MatrixMulti333? x2, MatrixTran33?, Q2C? x4, QUnit?, Qdiv?, Sgn3?, Sinx?, UI32_BIT_GET1? x2, VectorAddCoef?, VectorEval3?, VectorScalar3?, VectorScalar?, VectorSub3? x2

## State Transitions
- none

## Field Access Summary
- sAttiCtrl.angleErr: read=6 write=3 read_write=0 functions=AttiErrCalc
- sAttiCtrl.bAVCtrl: read=0 write=2 read_write=0 functions=AttiErrCalc
- sAttiCtrl.rateErr: read=1 write=0 read_write=0 functions=AttiErrCalc
- sAttiCtrlParam.dThetar: read=4 write=0 read_write=0 functions=AttiErrCalc
- sAttiCtrlParam.thetaM: read=3 write=0 read_write=0 functions=AttiErrCalc
- sAttiData.eulerBT: read=1 write=1 read_write=0 functions=AttiErrCalc
- sAttiData.q: read=2 write=0 read_write=0 functions=AttiErrCalc
- sAttiData.qGI: read=2 write=0 read_write=0 functions=AttiErrCalc
- sAttiData.wGI: read=1 write=0 read_write=0 functions=AttiErrCalc
- sAttiModifyParam.LmtPhi: read=1 write=0 read_write=0 functions=AttiErrCalc
- sGncCtrlFlag.AVCFlgX: read=0 write=2 read_write=0 functions=AttiErrCalc
- sGncCtrlFlag.AVCFlgY: read=0 write=2 read_write=0 functions=AttiErrCalc
- sGncCtrlFlag.AVCFlgZ: read=0 write=2 read_write=0 functions=AttiErrCalc
- sGncCtrlFlag.FlgPhi: read=1 write=2 read_write=0 functions=AttiErrCalc
- sGncCtrlFlag.ZT10: read=1 write=0 read_write=0 functions=AttiErrCalc
- sGncCtrlFlag.ZT9: read=1 write=0 read_write=0 functions=AttiErrCalc
- sGyroData.w: read=1 write=0 read_write=0 functions=AttiErrCalc
- sGyroData.w8: read=1 write=0 read_write=0 functions=AttiErrCalc

## Project Invariants
- [project_state_field/medium] sAttiCtrl.angleErr is read and written (field summary)
- [project_output_field/medium] sAttiCtrl.bAVCtrl is only written by AttiErrCalc (field summary)
- [project_input_field/medium] sAttiCtrl.rateErr is only read by AttiErrCalc (field summary)
- [project_input_field/medium] sAttiCtrlParam.dThetar is only read by AttiErrCalc (field summary)
- [project_input_field/medium] sAttiCtrlParam.thetaM is only read by AttiErrCalc (field summary)
- [project_state_field/medium] sAttiData.eulerBT is read and written (field summary)
- [project_input_field/medium] sAttiData.q is only read by AttiErrCalc (field summary)
- [project_input_field/medium] sAttiData.qGI is only read by AttiErrCalc (field summary)
- [project_input_field/medium] sAttiData.wGI is only read by AttiErrCalc (field summary)
- [project_input_field/medium] sAttiModifyParam.LmtPhi is only read by AttiErrCalc (field summary)
- [project_output_field/medium] sGncCtrlFlag.AVCFlgX is only written by AttiErrCalc (field summary)
- [project_output_field/medium] sGncCtrlFlag.AVCFlgY is only written by AttiErrCalc (field summary)
- [project_output_field/medium] sGncCtrlFlag.AVCFlgZ is only written by AttiErrCalc (field summary)
- [project_state_field/medium] sGncCtrlFlag.FlgPhi is read and written (field summary)
- [project_input_field/medium] sGncCtrlFlag.ZT10 is only read by AttiErrCalc (field summary)
- [project_input_field/medium] sGncCtrlFlag.ZT9 is only read by AttiErrCalc (field summary)
- [project_input_field/medium] sGyroData.w is only read by AttiErrCalc (field summary)
- [project_input_field/medium] sGyroData.w8 is only read by AttiErrCalc (field summary)

## Function Details
### AttiErrCalc (IP_AttiErrCalc.c:7)
- params: void
- locals: Cx, Sd, Sv, deltTheta, tmpC, tmpCBI, tmpCBIT, tmpFlt, tmpMat33, tmpMat33T, tmpQBT, tmpVec, tmpWBT, tmpeMat31, tmpq
- calls: Qdiv, LimitDouble, Acosx, Q2C, MatrixMulti331, VectorSub3, UI32_BIT_GET1, VectorSub3, Fabsx, UI32_BIT_GET1, DivNorm, VectorAddCoef, Q2C, Q2C, MatrixExtractRow, MatrixMulti331, DivNorm, LimitDouble, Acosx, Sinx, VectorScalar, Cosx, QUnit, Q2C, MatrixMulti333, MatrixTran33, MatrixMulti333, Atan2x, Fabsx, Sgn3, VectorScalar3, VectorEval3
- undefined_calls: Acosx, Atan2x, Cosx, DivNorm, Fabsx, LimitDouble, MatrixExtractRow, MatrixMulti331, MatrixMulti333, MatrixTran33, Q2C, QUnit, Qdiv, Sgn3, Sinx, UI32_BIT_GET1, VectorAddCoef, VectorEval3, VectorScalar, VectorScalar3, VectorSub3
- reads: Acosx, Atan2x, Cosx, FALSE32, Fabsx, FlgPhi, LimitDouble, LmtPhi, Sgn3, Sinx, TRUE32, UI32_BIT_GET1, ZT10, ZT9, angleErr, dThetar, eulerBT, sAttiCtrl, sAttiCtrlParam, sAttiData, sAttiModifyParam, sGncCtrlFlag, thetaM
- writes: Sv, deltTheta, sAttiCtrl, sAttiData, sGncCtrlFlag, tmpFlt, tmpQBT, tmpWBT, tmpq
- summary.modifies: sAttiCtrl.angleErr, sAttiCtrl.bAVCtrl, sAttiData.eulerBT, sGncCtrlFlag.AVCFlgX, sGncCtrlFlag.AVCFlgY, sGncCtrlFlag.AVCFlgZ, sGncCtrlFlag.FlgPhi
- summary.ensures_observed:
  - Cx in [-1.79769e+308, 1.79769e+308]
  - Sd in [-1.79769e+308, 1.79769e+308]
  - Sv in [-1.79769e+308, 1.79769e+308]
  - Sv[0] in [0, 0]
  - deltTheta in [-1.79769e+308, 1.79769e+308]
  - sAttiCtrl.bAVCtrl in [0, 4294967295]
  - sGncCtrlFlag.AVCFlgX in [0, 4294967295]
  - sGncCtrlFlag.AVCFlgY in [0, 4294967295]
  - sGncCtrlFlag.AVCFlgZ in [0, 4294967295]
  - sGncCtrlFlag.FlgPhi in [0, 1]
  - tmpC in [-1.79769e+308, 1.79769e+308]
  - tmpCBI in [-1.79769e+308, 1.79769e+308]
  - tmpCBIT in [-1.79769e+308, 1.79769e+308]
  - tmpFlt in [-1.79769e+308, 1.79769e+308]
  - tmpMat33 in [-1.79769e+308, 1.79769e+308]
  - tmpMat33T in [-1.79769e+308, 1.79769e+308]
  - ... 13 more
- invariants:
  - [value_range/medium] Cx in [-1.79769e+308, 1.79769e+308] (decl float64@18)
  - [value_range/medium] Sd in [-1.79769e+308, 1.79769e+308] (decl float64@15)
  - [value_range/medium] Sv in [-1.79769e+308, 1.79769e+308] (decl float64@16)
  - [value_range/medium] Sv[0] in [0, 0] (literal@81)
  - [value_range/medium] deltTheta in [-1.79769e+308, 1.79769e+308] (decl float64@9)
  - [value_range/medium] sAttiCtrl.bAVCtrl in [0, 4294967295] (macro FALSE32@52; macro TRUE32@63)
  - [value_range/medium] sGncCtrlFlag.AVCFlgX in [0, 4294967295] (macro FALSE32@53; macro TRUE32@122)
  - [value_range/medium] sGncCtrlFlag.AVCFlgY in [0, 4294967295] (macro FALSE32@54; macro TRUE32@129)
  - [value_range/medium] sGncCtrlFlag.AVCFlgZ in [0, 4294967295] (macro FALSE32@55; macro TRUE32@130)
  - [value_range/medium] sGncCtrlFlag.FlgPhi in [0, 1] (literal@43; literal@47)
  - [value_range/medium] tmpC in [-1.79769e+308, 1.79769e+308] (decl float64@17)
  - [value_range/medium] tmpCBI in [-1.79769e+308, 1.79769e+308] (decl float64@22)
  - [value_range/medium] tmpCBIT in [-1.79769e+308, 1.79769e+308] (decl float64@21)
  - [value_range/medium] tmpFlt in [-1.79769e+308, 1.79769e+308] (decl float64@8)
  - [value_range/medium] tmpMat33 in [-1.79769e+308, 1.79769e+308] (decl float64@19)
  - [value_range/medium] tmpMat33T in [-1.79769e+308, 1.79769e+308] (decl float64@20)
  - [value_range/medium] tmpQBT in [-1.79769e+308, 1.79769e+308] (decl float64@11)
  - [value_range/medium] tmpVec in [-1.79769e+308, 1.79769e+308] (decl float64@13)
  - [value_range/medium] tmpWBT in [-1.79769e+308, 1.79769e+308] (decl float64@12)
  - [value_range/medium] tmpeMat31 in [-1.79769e+308, 1.79769e+308] (decl float64@14)
  - [value_range/medium] tmpq in [-1.79769e+308, 1.79769e+308] (decl float64@10)
  - [condition_range/high]@60 sGncCtrlFlag.FlgPhi in [0, 0] when sGncCtrlFlag.FlgPhi == 0 (sGncCtrlFlag.FlgPhi == 0)
  - [branch_condition/high]@35 inside if branch: UI32_BIT_GET1(sGncCtrlFlag.ZT9, 1u) == 1 (UI32_BIT_GET1(sGncCtrlFlag.ZT9, 1u) == 1)
  - [branch_condition/high]@41 inside if branch: Fabsx(tmpQBT[0] * 2.0) < sAttiModifyParam.LmtPhi (Fabsx(tmpQBT[0] * 2.0) < sAttiModifyParam.LmtPhi)
  - [branch_condition/high]@58 inside if branch: sAttiData.eulerBT >= sAttiCtrlParam.thetaM (sAttiData.eulerBT >= sAttiCtrlParam.thetaM)
  - [branch_condition/high]@60 inside if branch: (UI32_BIT_GET1(sGncCtrlFlag.ZT10, 5u) == 0) || (sGncCtrlFlag.FlgPhi == 0) ((UI32_BIT_GET1(sGncCtrlFlag.ZT10, 5u) == 0) || (sGncCtrlFlag.FlgPhi == 0))
  - [branch_condition/high]@120 inside if branch: Fabsx(sAttiCtrl.angleErr[0]) > sAttiCtrlParam.thetaM (Fabsx(sAttiCtrl.angleErr[0]) > sAttiCtrlParam.thetaM)
  - [branch_condition/high]@127 inside if branch: deltTheta > sAttiCtrlParam.thetaM (deltTheta > sAttiCtrlParam.thetaM)
  - [assignment_value/high]@43 sGncCtrlFlag.FlgPhi may be assigned 0 (sGncCtrlFlag.FlgPhi = 0)
  - [reset/high]@43 sGncCtrlFlag.FlgPhi is reset to 0 (sGncCtrlFlag.FlgPhi = 0)
  - ... 20 more
- value_ranges:
  - Cx: [-1.79769e+308, 1.79769e+308] (decl float64@18)
  - Sd: [-1.79769e+308, 1.79769e+308] (decl float64@15)
  - Sv: [-1.79769e+308, 1.79769e+308] (decl float64@16)
  - Sv[0]: [0, 0] (literal@81)
  - deltTheta: [-1.79769e+308, 1.79769e+308] (decl float64@9)
  - sAttiCtrl.bAVCtrl: [0, 4294967295] (macro FALSE32@52; macro TRUE32@63)
  - sGncCtrlFlag.AVCFlgX: [0, 4294967295] (macro FALSE32@53; macro TRUE32@122)
  - sGncCtrlFlag.AVCFlgY: [0, 4294967295] (macro FALSE32@54; macro TRUE32@129)
  - sGncCtrlFlag.AVCFlgZ: [0, 4294967295] (macro FALSE32@55; macro TRUE32@130)
  - sGncCtrlFlag.FlgPhi: [0, 1] (literal@43; literal@47)
  - tmpC: [-1.79769e+308, 1.79769e+308] (decl float64@17)
  - tmpCBI: [-1.79769e+308, 1.79769e+308] (decl float64@22)
  - tmpCBIT: [-1.79769e+308, 1.79769e+308] (decl float64@21)
  - tmpFlt: [-1.79769e+308, 1.79769e+308] (decl float64@8)
  - tmpMat33: [-1.79769e+308, 1.79769e+308] (decl float64@19)
  - tmpMat33T: [-1.79769e+308, 1.79769e+308] (decl float64@20)
  - tmpQBT: [-1.79769e+308, 1.79769e+308] (decl float64@11)
  - tmpVec: [-1.79769e+308, 1.79769e+308] (decl float64@13)
  - tmpWBT: [-1.79769e+308, 1.79769e+308] (decl float64@12)
  - tmpeMat31: [-1.79769e+308, 1.79769e+308] (decl float64@14)
  - tmpq: [-1.79769e+308, 1.79769e+308] (decl float64@10)
- condition_ranges:
  - sGncCtrlFlag.FlgPhi: [0, 0] when sGncCtrlFlag.FlgPhi == 0@60
- conditions:
  - if@35: UI32_BIT_GET1(sGncCtrlFlag.ZT9, 1u) == 1
  - if@41: Fabsx(tmpQBT[0] * 2.0) < sAttiModifyParam.LmtPhi
  - if@58: sAttiData.eulerBT >= sAttiCtrlParam.thetaM
  - if@60: (UI32_BIT_GET1(sGncCtrlFlag.ZT10, 5u) == 0) || (sGncCtrlFlag.FlgPhi == 0)
  - if@120: Fabsx(sAttiCtrl.angleErr[0]) > sAttiCtrlParam.thetaM
  - if@127: deltTheta > sAttiCtrlParam.thetaM
- assignments:
  - 27: tmpFlt = LimitDouble,tmpQBT
  - 28: sAttiData.eulerBT = Acosx,tmpFlt
  - 43: sGncCtrlFlag.FlgPhi = <literal/unknown>
  - 47: sGncCtrlFlag.FlgPhi = <literal/unknown>
  - 52: sAttiCtrl.bAVCtrl = FALSE32
  - 53: sGncCtrlFlag.AVCFlgX = FALSE32
  - 54: sGncCtrlFlag.AVCFlgY = FALSE32
  - 55: sGncCtrlFlag.AVCFlgZ = FALSE32
  - 63: sAttiCtrl.bAVCtrl = TRUE32
  - 81: Sv[0] = <literal/unknown>
  - 82: Sv[1] = Sd
  - 83: Sv[2] = Sd
  - 89: tmpFlt = LimitDouble,Sd
  - 90: deltTheta = Acosx,tmpFlt
  - 93: tmpFlt = Sinx,deltTheta
  - 95: tmpq[3] = Cosx,deltTheta
  - 109: sAttiCtrl.angleErr[0] = Atan2x,Cx
  - 111: sAttiCtrl.angleErr[1] = tmpq
  - 113: sAttiCtrl.angleErr[2] = tmpq
  - 115: tmpQBT[0] = angleErr,sAttiCtrl
  - 116: tmpQBT[1] = angleErr,sAttiCtrl
  - 117: tmpQBT[2] = angleErr,sAttiCtrl
  - 122: sGncCtrlFlag.AVCFlgX = TRUE32
  - 123: tmpWBT[0] = Sgn3,angleErr,dThetar,sAttiCtrl,sAttiCtrlParam,tmpWBT
  - 129: sGncCtrlFlag.AVCFlgY = TRUE32
  - 130: sGncCtrlFlag.AVCFlgZ = TRUE32
  - 131: tmpWBT[1] = Sv,dThetar,sAttiCtrlParam,tmpWBT
  - 132: tmpWBT[2] = Sv,dThetar,sAttiCtrlParam,tmpWBT

## JSON
{
  "root": "/home/hp/文档/output/CE7-FYQ-src_flat_out/AttiErrCalc/IP_AttiErrCalc.c",
  "files": [
    {
      "file": "/home/hp/文档/output/CE7-FYQ-src_flat_out/AttiErrCalc/IP_AttiErrCalc.c",
      "lines": 143,
      "includes": [
        {
          "name": "IP_AttiErrCalc.h",
          "kind": "local",
          "line": 1,
          "resolved": "/home/hp/文档/output/CE7-FYQ-src_flat_out/AttiErrCalc/IP_AttiErrCalc.h"
        }
      ],
      "macros": [],
      "typedefs": [],
      "globals": [],
      "functions": [
        {
          "name": "AttiErrCalc",
          "line": 7,
          "params": []
        }
      ]
    }
  ],
  "summary": {
    "file_count": 1,
    "function_count": 1,
    "defined_function_count": 1,
    "declared_function_count": 0,
    "macro_count": 0,
    "typedef_count": 0,
    "global_count": 0,
    "call_edge_count": 32,
    "unresolved_call_count": 21,
    "field_access_count": 40,
    "missing_local_include_count": 0,
    "function_invariant_count": 50,
    "project_invariant_count": 18
  },
  "symbols": {
    "defined_functions": {
      "AttiErrCalc": [
        {
          "file": "/home/hp/文档/output/CE7-FYQ-src_flat_out/AttiErrCalc/IP_AttiErrCalc.c",
          "line": 7
        }
      ]
    },
    "declared_functions": {},
    "macros": {},
    "typedefs": {},
    "enum_constants": [],
    "globals": {},
    "struct_fields": {},
    "duplicate_functions": {}
  },
  "functions": [
    {
      "file": "/home/hp/文档/output/CE7-FYQ-src_flat_out/AttiErrCalc/IP_AttiErrCalc.c",
      "name": "AttiErrCalc",
      "line": 7,
      "return_type": "void",
      "params": [],
      "locals": [
        "Cx",
        "Sd",
        "Sv",
        "deltTheta",
        "tmpC",
        "tmpCBI",
        "tmpCBIT",
        "tmpFlt",
        "tmpMat33",
        "tmpMat33T",
        "tmpQBT",
        "tmpVec",
        "tmpWBT",
        "tmpeMat31",
        "tmpq"
      ],
      "calls": [
        {
          "name": "Qdiv",
          "line": 26,
          "kind": "function",
          "resolved": false
        },
        {
          "name": "LimitDouble",
          "line": 27,
          "kind": "function",
          "resolved": false
        },
        {
          "name": "Acosx",
          "line": 28,
          "kind": "function",
          "resolved": false
        },
        {
          "name": "Q2C",
          "line": 30,
          "kind": "function",
          "resolved": false
        },
        {
          "name": "MatrixMulti331",
          "line": 31,
          "kind": "function",
          "resolved": false
        },
        {
          "name": "VectorSub3",
          "line": 32,
          "kind": "function",
          "resolved": false
        },
        {
          "name": "UI32_BIT_GET1",
          "line": 35,
          "kind": "function",
          "resolved": false
        },
        {
          "name": "VectorSub3",
          "line": 37,
          "kind": "function",
          "resolved": false
        },
        {
          "name": "Fabsx",
          "line": 41,
          "kind": "function",
          "resolved": false
        },
        {
          "name": "UI32_BIT_GET1",
          "line": 60,
          "kind": "function",
          "resolved": false
        },
        {
          "name": "DivNorm",
          "line": 66,
          "kind": "function",
          "resolved": false
        },
        {
          "name": "VectorAddCoef",
          "line": 68,
          "kind": "function",
          "resolved": false
        },
        {
          "name": "Q2C",
          "line": 73,
          "kind": "function",
          "resolved": false
        },
        {
          "name": "Q2C",
          "line": 74,
          "kind": "function",
          "resolved": false
        },
        {
          "name": "MatrixExtractRow",
          "line": 78,
          "kind": "function",
          "resolved": false
        },
        {
          "name": "MatrixMulti331",
          "line": 79,
          "kind": "function",
          "resolved": false
        },
        {
          "name": "DivNorm",
          "line": 86,
          "kind": "function",
          "resolved": false
        },
        {
          "name": "LimitDouble",
          "line": 89,
          "kind": "function",
          "resolved": false
        },
        {
          "name": "Acosx",
          "line": 90,
          "kind": "function",
          "resolved": false
        },
        {
          "name": "Sinx",
          "line": 93,
          "kind": "function",
          "resolved": false
        },
        {
          "name": "VectorScalar",
          "line": 94,
          "kind": "function",
          "resolved": false
        },
        {
          "name": "Cosx",
          "line": 95,
          "kind": "function",
          "resolved": false
        },
        {
          "name": "QUnit",
          "line": 98,
          "kind": "function",
          "resolved": false
        },
        {
          "name": "Q2C",
          "line": 101,
          "kind": "function",
          "resolved": false
        },
        {
          "name": "MatrixMulti333",
          "line": 104,
          "kind": "function",
          "resolved": false
        },
        {
          "name": "MatrixTran33",
          "line": 105,
          "kind": "function",
          "resolved": false
        },
        {
          "name": "MatrixMulti333",
          "line": 106,
          "kind": "function",
          "resolved": false
        },
        {
          "name": "Atan2x",
          "line": 109,
          "kind": "function",
          "resolved": false
        },
        {
          "name": "Fabsx",
          "line": 120,
          "kind": "function",
          "resolved": false
        },
        {
          "name": "Sgn3",
          "line": 123,
          "kind": "function",
          "resolved": false
        },
        {
          "name": "VectorScalar3",
          "line": 138,
          "kind": "function",
          "resolved": false
        },
        {
          "name": "VectorEval3",
          "line": 139,
          "kind": "function",
          "resolved": false
        }
      ],
      "assignments": [
        {
          "line": 27,
          "lhs": "tmpFlt",
          "operator": "=",
          "rhs": "LimitDouble(tmpQBT[3], 1.0)",
          "rhs_identifiers": [
            "LimitDouble",
            "tmpQBT"
          ]
        },
        {
          "line": 28,
          "lhs": "sAttiData.eulerBT",
          "operator": "=",
          "rhs": "2.0 * Acosx(tmpFlt)",
          "rhs_identifiers": [
            "Acosx",
            "tmpFlt"
          ]
        },
        {
          "line": 43,
          "lhs": "sGncCtrlFlag.FlgPhi",
          "operator": "=",
          "rhs": "0",
          "rhs_identifiers": []
        },
        {
          "line": 47,
          "lhs": "sGncCtrlFlag.FlgPhi",
          "operator": "=",
          "rhs": "1",
          "rhs_identifiers": []
        },
        {
          "line": 52,
          "lhs": "sAttiCtrl.bAVCtrl",
          "operator": "=",
          "rhs": "FALSE32",
          "rhs_identifiers": [
            "FALSE32"
          ]
        },
        {
          "line": 53,
          "lhs": "sGncCtrlFlag.AVCFlgX",
          "operator": "=",
          "rhs": "FALSE32",
          "rhs_identifiers": [
            "FALSE32"
          ]
        },
        {
          "line": 54,
          "lhs": "sGncCtrlFlag.AVCFlgY",
          "operator": "=",
          "rhs": "FALSE32",
          "rhs_identifiers": [
            "FALSE32"
          ]
        },
        {
          "line": 55,
          "lhs": "sGncCtrlFlag.AVCFlgZ",
          "operator": "=",
          "rhs": "FALSE32",
          "rhs_identifiers": [
            "FALSE32"
          ]
        },
        {
          "line": 63,
          "lhs": "sAttiCtrl.bAVCtrl",
          "operator": "=",
          "rhs": "TRUE32",
          "rhs_identifiers": [
            "TRUE32"
          ]
        },
        {
          "line": 81,
          "lhs": "Sv[0]",
          "operator": "=",
          "rhs": "0.0",
          "rhs_identifiers": []
        },
        {
          "line": 82,
          "lhs": "Sv[1]",
          "operator": "=",
          "rhs": "-Sd[2]",
          "rhs_identifiers": [
            "Sd"
          ]
        },
        {
          "line": 83,
          "lhs": "Sv[2]",
          "operator": "=",
          "rhs": "Sd[1]",
          "rhs_identifiers": [
            "Sd"
          ]
        },
        {
          "line": 89,
          "lhs": "tmpFlt",
          "operator": "=",
          "rhs": "LimitDouble(Sd[0], 1.0)",
          "rhs_identifiers": [
            "LimitDouble",
            "Sd"
          ]
        },
        {
          "line": 90,
          "lhs": "deltTheta",
          "operator": "=",
          "rhs": "Acosx(tmpFlt)",
          "rhs_identifiers": [
            "Acosx",
            "tmpFlt"
          ]
        },
        {
          "line": 93,
          "lhs": "tmpFlt",
          "operator": "=",
          "rhs": "Sinx(deltTheta/2.0)",
          "rhs_identifiers": [
            "Sinx",
            "deltTheta"
          ]
        },
        {
          "line": 95,
          "lhs": "tmpq[3]",
          "operator": "=",
          "rhs": "Cosx(deltTheta/2.0)",
          "rhs_identifiers": [
            "Cosx",
            "deltTheta"
          ]
        },
        {
          "line": 109,
          "lhs": "sAttiCtrl.angleErr[0]",
          "operator": "=",
          "rhs": "-Atan2x(Cx[1][2], Cx[1][1])",
          "rhs_identifiers": [
            "Atan2x",
            "Cx"
          ]
        },
        {
          "line": 111,
          "lhs": "sAttiCtrl.angleErr[1]",
          "operator": "=",
          "rhs": "-2.0 * tmpq[1]",
          "rhs_identifiers": [
            "tmpq"
          ]
        },
        {
          "line": 113,
          "lhs": "sAttiCtrl.angleErr[2]",
          "operator": "=",
          "rhs": "-2.0 * tmpq[2]",
          "rhs_identifiers": [
            "tmpq"
          ]
        },
        {
          "line": 115,
          "lhs": "tmpQBT[0]",
          "operator": "=",
          "rhs": "sAttiCtrl.angleErr[0]/2.0",
          "rhs_identifiers": [
            "angleErr",
            "sAttiCtrl"
          ]
        },
        {
          "line": 116,
          "lhs": "tmpQBT[1]",
          "operator": "=",
          "rhs": "sAttiCtrl.angleErr[1]/2.0",
          "rhs_identifiers": [
            "angleErr",
            "sAttiCtrl"
          ]
        },
        {
          "line": 117,
          "lhs": "tmpQBT[2]",
          "operator": "=",
          "rhs": "sAttiCtrl.angleErr[2]/2.0",
          "rhs_identifiers": [
            "angleErr",
            "sAttiCtrl"
          ]
        },
        {
          "line": 122,
          "lhs": "sGncCtrlFlag.AVCFlgX",
          "operator": "=",
          "rhs": "TRUE32",
          "rhs_identifiers": [
            "TRUE32"
          ]
        },
        {
          "line": 123,
          "lhs": "tmpWBT[0]",
          "operator": "=",
          "rhs": "tmpWBT[0] - sAttiCtrlParam.dThetar * Sgn3(sAttiCtrl.angleErr[0])",
          "rhs_identifiers": [
            "Sgn3",
            "angleErr",
            "dThetar",
            "sAttiCtrl",
            "sAttiCtrlParam",
            "tmpWBT"
          ]
        },
        {
          "line": 129,
          "lhs": "sGncCtrlFlag.AVCFlgY",
          "operator": "=",
          "rhs": "TRUE32",
          "rhs_identifiers": [
            "TRUE32"
          ]
        },
        {
          "line": 130,
          "lhs": "sGncCtrlFlag.AVCFlgZ",
          "operator": "=",
          "rhs": "TRUE32",
          "rhs_identifiers": [
            "TRUE32"
          ]
        },
        {
          "line": 131,
          "lhs": "tmpWBT[1]",
          "operator": "=",
          "rhs": "tmpWBT[1] + sAttiCtrlParam.dThetar * Sv[1]",
          "rhs_identifiers": [
            "Sv",
            "dThetar",
            "sAttiCtrlParam",
            "tmpWBT"
          ]
        },
        {
          "line": 132,
          "lhs": "tmpWBT[2]",
          "operator": "=",
          "rhs": "tmpWBT[2] + sAttiCtrlParam.dThetar * Sv[2]",
          "rhs_identifiers": [
            "Sv",
            "dThetar",
            "sAttiCtrlParam",
            "tmpWBT"
          ]
        }
      ],
      "conditions": [
        {
          "line": 35,
          "kind": "if",
          "expression": "UI32_BIT_GET1(sGncCtrlFlag.ZT9, 1u) == 1",
          "identifiers": [
            "UI32_BIT_GET1",
            "ZT9",
            "sGncCtrlFlag"
          ]
        },
        {
          "line": 41,
          "kind": "if",
          "expression": "Fabsx(tmpQBT[0] * 2.0) < sAttiModifyParam.LmtPhi",
          "identifiers": [
            "Fabsx",
            "LmtPhi",
            "sAttiModifyParam",
            "tmpQBT"
          ]
        },
        {
          "line": 58,
          "kind": "if",
          "expression": "sAttiData.eulerBT >= sAttiCtrlParam.thetaM",
          "identifiers": [
            "eulerBT",
            "sAttiCtrlParam",
            "sAttiData",
            "thetaM"
          ]
        },
        {
          "line": 60,
          "kind": "if",
          "expression": "(UI32_BIT_GET1(sGncCtrlFlag.ZT10, 5u) == 0) || (sGncCtrlFlag.FlgPhi == 0)",
          "identifiers": [
            "FlgPhi",
            "UI32_BIT_GET1",
            "ZT10",
            "sGncCtrlFlag"
          ]
        },
        {
          "line": 120,
          "kind": "if",
          "expression": "Fabsx(sAttiCtrl.angleErr[0]) > sAttiCtrlParam.thetaM",
          "identifiers": [
            "Fabsx",
            "angleErr",
            "sAttiCtrl",
            "sAttiCtrlParam",
            "thetaM"
          ]
        },
        {
          "line": 127,
          "kind": "if",
          "expression": "deltTheta > sAttiCtrlParam.thetaM",
          "identifiers": [
            "deltTheta",
            "sAttiCtrlParam",
            "thetaM"
          ]
        }
      ],
      "switch_cases": [],
      "field_accesses": [
        {
          "line": 26,
          "object": "sAttiData",
          "operator": ".",
          "field": "qGI",
          "access": "read",
          "name": "sAttiData.qGI"
        },
        {
          "line": 26,
          "object": "sAttiData",
          "operator": ".",
          "field": "q",
          "access": "read",
          "name": "sAttiData.q"
        },
        {
          "line": 28,
          "object": "sAttiData",
          "operator": ".",
          "field": "eulerBT",
          "access": "write",
          "name": "sAttiData.eulerBT"
        },
        {
          "line": 31,
          "object": "sAttiData",
          "operator": ".",
          "field": "wGI",
          "access": "read",
          "name": "sAttiData.wGI"
        },
        {
          "line": 32,
          "object": "sGyroData",
          "operator": ".",
          "field": "w",
          "access": "read",
          "name": "sGyroData.w"
        },
        {
          "line": 35,
          "object": "sGncCtrlFlag",
          "operator": ".",
          "field": "ZT9",
          "access": "read",
          "name": "sGncCtrlFlag.ZT9"
        },
        {
          "line": 37,
          "object": "sGyroData",
          "operator": ".",
          "field": "w8",
          "access": "read",
          "name": "sGyroData.w8"
        },
        {
          "line": 41,
          "object": "sAttiModifyParam",
          "operator": ".",
          "field": "LmtPhi",
          "access": "read",
          "name": "sAttiModifyParam.LmtPhi"
        },
        {
          "line": 43,
          "object": "sGncCtrlFlag",
          "operator": ".",
          "field": "FlgPhi",
          "access": "write",
          "name": "sGncCtrlFlag.FlgPhi"
        },
        {
          "line": 47,
          "object": "sGncCtrlFlag",
          "operator": ".",
          "field": "FlgPhi",
          "access": "write",
          "name": "sGncCtrlFlag.FlgPhi"
        },
        {
          "line": 52,
          "object": "sAttiCtrl",
          "operator": ".",
          "field": "bAVCtrl",
          "access": "write",
          "name": "sAttiCtrl.bAVCtrl"
        },
        {
          "line": 53,
          "object": "sGncCtrlFlag",
          "operator": ".",
          "field": "AVCFlgX",
          "access": "write",
          "name": "sGncCtrlFlag.AVCFlgX"
        },
        {
          "line": 54,
          "object": "sGncCtrlFlag",
          "operator": ".",
          "field": "AVCFlgY",
          "access": "write",
          "name": "sGncCtrlFlag.AVCFlgY"
        },
        {
          "line": 55,
          "object": "sGncCtrlFlag",
          "operator": ".",
          "field": "AVCFlgZ",
          "access": "write",
          "name": "sGncCtrlFlag.AVCFlgZ"
        },
        {
          "line": 58,
          "object": "sAttiData",
          "operator": ".",
          "field": "eulerBT",
          "access": "read",
          "name": "sAttiData.eulerBT"
        },
        {
          "line": 58,
          "object": "sAttiCtrlParam",
          "operator": ".",
          "field": "thetaM",
          "access": "read",
          "name": "sAttiCtrlParam.thetaM"
        },
        {
          "line": 60,
          "object": "sGncCtrlFlag",
          "operator": ".",
          "field": "ZT10",
          "access": "read",
          "name": "sGncCtrlFlag.ZT10"
        },
        {
          "line": 60,
          "object": "sGncCtrlFlag",
          "operator": ".",
          "field": "FlgPhi",
          "access": "read",
          "name": "sGncCtrlFlag.FlgPhi"
        },
        {
          "line": 63,
          "object": "sAttiCtrl",
          "operator": ".",
          "field": "bAVCtrl",
          "access": "write",
          "name": "sAttiCtrl.bAVCtrl"
        },
        {
          "line": 68,
          "object": "sAttiCtrlParam",
          "operator": ".",
          "field": "dThetar",
          "access": "read",
          "name": "sAttiCtrlParam.dThetar"
        },
        {
          "line": 73,
          "object": "sAttiData",
          "operator": ".",
          "field": "qGI",
          "access": "read",
          "name": "sAttiData.qGI"
        },
        {
          "line": 74,
          "object": "sAttiData",
          "operator": ".",
          "field": "q",
          "access": "read",
          "name": "sAttiData.q"
        },
        {
          "line": 109,
          "object": "sAttiCtrl",
          "operator": ".",
          "field": "angleErr",
          "access": "write",
          "name": "sAttiCtrl.angleErr"
        },
        {
          "line": 111,
          "object": "sAttiCtrl",
          "operator": ".",
          "field": "angleErr",
          "access": "write",
          "name": "sAttiCtrl.angleErr"
        },
        {
          "line": 113,
          "object": "sAttiCtrl",
          "operator": ".",
          "field": "angleErr",
          "access": "write",
          "name": "sAttiCtrl.angleErr"
        },
        {
          "line": 115,
          "object": "sAttiCtrl",
          "operator": ".",
          "field": "angleErr",
          "access": "read",
          "name": "sAttiCtrl.angleErr"
        },
        {
          "line": 116,
          "object": "sAttiCtrl",
          "operator": ".",
          "field": "angleErr",
          "access": "read",
          "name": "sAttiCtrl.angleErr"
        },
        {
          "line": 117,
          "object": "sAttiCtrl",
          "operator": ".",
          "field": "angleErr",
          "access": "read",
          "name": "sAttiCtrl.angleErr"
        },
        {
          "line": 120,
          "object": "sAttiCtrl",
          "operator": ".",
          "field": "angleErr",
          "access": "read",
          "name": "sAttiCtrl.angleErr"
        },
        {
          "line": 120,
          "object": "sAttiCtrlParam",
          "operator": ".",
          "field": "thetaM",
          "access": "read",
          "name": "sAttiCtrlParam.thetaM"
        },
        {
          "line": 122,
          "object": "sGncCtrlFlag",
          "operator": ".",
          "field": "AVCFlgX",
          "access": "write",
          "name": "sGncCtrlFlag.AVCFlgX"
        },
        {
          "line": 123,
          "object": "sAttiCtrlParam",
          "operator": ".",
          "field": "dThetar",
          "access": "read",
          "name": "sAttiCtrlParam.dThetar"
        },
        {
          "line": 123,
          "object": "sAttiCtrl",
          "operator": ".",
          "field": "angleErr",
          "access": "read",
          "name": "sAttiCtrl.angleErr"
        },
        {
          "line": 127,
          "object": "sAttiCtrlParam",
          "operator": ".",
          "field": "thetaM",
          "access": "read",
          "name": "sAttiCtrlParam.thetaM"
        },
        {
          "line": 129,
          "object": "sGncCtrlFlag",
          "operator": ".",
          "field": "AVCFlgY",
          "access": "write",
          "name": "sGncCtrlFlag.AVCFlgY"
        },
        {
          "line": 130,
          "object": "sGncCtrlFlag",
          "operator": ".",
          "field": "AVCFlgZ",
          "access": "write",
          "name": "sGncCtrlFlag.AVCFlgZ"
        },
        {
          "line": 131,
          "object": "sAttiCtrlParam",
          "operator": ".",
          "field": "dThetar",
          "access": "read",
          "name": "sAttiCtrlParam.dThetar"
        },
        {
          "line": 132,
          "object": "sAttiCtrlParam",
          "operator": ".",
          "field": "dThetar",
          "access": "read",
          "name": "sAttiCtrlParam.dThetar"
        },
        {
          "line": 138,
          "object": "sAttiCtrl",
          "operator": ".",
          "field": "angleErr",
          "access": "read",
          "name": "sAttiCtrl.angleErr"
        },
        {
          "line": 139,
          "object": "sAttiCtrl",
          "operator": ".",
          "field": "rateErr",
          "access": "read",
          "name": "sAttiCtrl.rateErr"
        }
      ],
      "returns": [
        {
          "line": 141,
          "expression": "",
          "identifiers": []
        }
      ],
      "macro_uses": [
        {
          "name": "FALSE32",
          "line": 52,
          "known": false
        },
        {
          "name": "FALSE32",
          "line": 53,
          "known": false
        },
        {
          "name": "FALSE32",
          "line": 54,
          "known": false
        },
        {
          "name": "FALSE32",
          "line": 55,
          "known": false
        },
        {
          "name": "Q2C",
          "line": 30,
          "known": false
        },
        {
          "name": "Q2C",
          "line": 73,
          "known": false
        },
        {
          "name": "Q2C",
          "line": 74,
          "known": false
        },
        {
          "name": "Q2C",
          "line": 101,
          "known": false
        },
        {
          "name": "TRUE32",
          "line": 63,
          "known": false
        },
        {
          "name": "TRUE32",
          "line": 122,
          "known": false
        },
        {
          "name": "TRUE32",
          "line": 129,
          "known": false
        },
        {
          "name": "TRUE32",
          "line": 130,
          "known": false
        },
        {
          "name": "UI32_BIT_GET1",
          "line": 35,
          "known": false
        },
        {
          "name": "UI32_BIT_GET1",
          "line": 60,
          "known": false
        },
        {
          "name": "ZT10",
          "line": 60,
          "known": false
        },
        {
          "name": "ZT9",
          "line": 35,
          "known": false
        }
      ],
      "type_uses": [],
      "value_ranges": [
        {
          "symbol": "Cx",
          "range": "[-1.79769e+308, 1.79769e+308]",
          "min": -1.7976931348623157e+308,
          "max": 1.7976931348623157e+308,
          "evidence": [
            "decl float64@18"
          ]
        },
        {
          "symbol": "Sd",
          "range": "[-1.79769e+308, 1.79769e+308]",
          "min": -1.7976931348623157e+308,
          "max": 1.7976931348623157e+308,
          "evidence": [
            "decl float64@15"
          ]
        },
        {
          "symbol": "Sv",
          "range": "[-1.79769e+308, 1.79769e+308]",
          "min": -1.7976931348623157e+308,
          "max": 1.7976931348623157e+308,
          "evidence": [
            "decl float64@16"
          ]
        },
        {
          "symbol": "Sv[0]",
          "range": "[0, 0]",
          "min": 0.0,
          "max": 0.0,
          "evidence": [
            "literal@81"
          ]
        },
        {
          "symbol": "deltTheta",
          "range": "[-1.79769e+308, 1.79769e+308]",
          "min": -1.7976931348623157e+308,
          "max": 1.7976931348623157e+308,
          "evidence": [
            "decl float64@9"
          ]
        },
        {
          "symbol": "sAttiCtrl.bAVCtrl",
          "range": "[0, 4294967295]",
          "min": 0.0,
          "max": 4294967295.0,
          "evidence": [
            "macro FALSE32@52",
            "macro TRUE32@63"
          ]
        },
        {
          "symbol": "sGncCtrlFlag.AVCFlgX",
          "range": "[0, 4294967295]",
          "min": 0.0,
          "max": 4294967295.0,
          "evidence": [
            "macro FALSE32@53",
            "macro TRUE32@122"
          ]
        },
        {
          "symbol": "sGncCtrlFlag.AVCFlgY",
          "range": "[0, 4294967295]",
          "min": 0.0,
          "max": 4294967295.0,
          "evidence": [
            "macro FALSE32@54",
            "macro TRUE32@129"
          ]
        },
        {
          "symbol": "sGncCtrlFlag.AVCFlgZ",
          "range": "[0, 4294967295]",
          "min": 0.0,
          "max": 4294967295.0,
          "evidence": [
            "macro FALSE32@55",
            "macro TRUE32@130"
          ]
        },
        {
          "symbol": "sGncCtrlFlag.FlgPhi",
          "range": "[0, 1]",
          "min": 0.0,
          "max": 1.0,
          "evidence": [
            "literal@43",
            "literal@47"
          ]
        },
        {
          "symbol": "tmpC",
          "range": "[-1.79769e+308, 1.79769e+308]",
          "min": -1.7976931348623157e+308,
          "max": 1.7976931348623157e+308,
          "evidence": [
            "decl float64@17"
          ]
        },
        {
          "symbol": "tmpCBI",
          "range": "[-1.79769e+308, 1.79769e+308]",
          "min": -1.7976931348623157e+308,
          "max": 1.7976931348623157e+308,
          "evidence": [
            "decl float64@22"
          ]
        },
        {
          "symbol": "tmpCBIT",
          "range": "[-1.79769e+308, 1.79769e+308]",
          "min": -1.7976931348623157e+308,
          "max": 1.7976931348623157e+308,
          "evidence": [
            "decl float64@21"
          ]
        },
        {
          "symbol": "tmpFlt",
          "range": "[-1.79769e+308, 1.79769e+308]",
          "min": -1.7976931348623157e+308,
          "max": 1.7976931348623157e+308,
          "evidence": [
            "decl float64@8"
          ]
        },
        {
          "symbol": "tmpMat33",
          "range": "[-1.79769e+308, 1.79769e+308]",
          "min": -1.7976931348623157e+308,
          "max": 1.7976931348623157e+308,
          "evidence": [
            "decl float64@19"
          ]
        },
        {
          "symbol": "tmpMat33T",
          "range": "[-1.79769e+308, 1.79769e+308]",
          "min": -1.7976931348623157e+308,
          "max": 1.7976931348623157e+308,
          "evidence": [
            "decl float64@20"
          ]
        },
        {
          "symbol": "tmpQBT",
          "range": "[-1.79769e+308, 1.79769e+308]",
          "min": -1.7976931348623157e+308,
          "max": 1.7976931348623157e+308,
          "evidence": [
            "decl float64@11"
          ]
        },
        {
          "symbol": "tmpVec",
          "range": "[-1.79769e+308, 1.79769e+308]",
          "min": -1.7976931348623157e+308,
          "max": 1.7976931348623157e+308,
          "evidence": [
            "decl float64@13"
          ]
        },
        {
          "symbol": "tmpWBT",
          "range": "[-1.79769e+308, 1.79769e+308]",
          "min": -1.7976931348623157e+308,
          "max": 1.7976931348623157e+308,
          "evidence": [
            "decl float64@12"
          ]
        },
        {
          "symbol": "tmpeMat31",
          "range": "[-1.79769e+308, 1.79769e+308]",
          "min": -1.7976931348623157e+308,
          "max": 1.7976931348623157e+308,
          "evidence": [
            "decl float64@14"
          ]
        },
        {
          "symbol": "tmpq",
          "range": "[-1.79769e+308, 1.79769e+308]",
          "min": -1.7976931348623157e+308,
          "max": 1.7976931348623157e+308,
          "evidence": [
            "decl float64@10"
          ]
        }
      ],
      "condition_ranges": [
        {
          "symbol": "sGncCtrlFlag.FlgPhi",
          "range": "[0, 0]",
          "min": 0.0,
          "max": 0.0,
          "line": 60,
          "condition": "sGncCtrlFlag.FlgPhi == 0"
        }
      ],
      "reads": [
        "Acosx",
        "Atan2x",
        "Cosx",
        "FALSE32",
        "Fabsx",
        "FlgPhi",
        "LimitDouble",
        "LmtPhi",
        "Sgn3",
        "Sinx",
        "TRUE32",
        "UI32_BIT_GET1",
        "ZT10",
        "ZT9",
        "angleErr",
        "dThetar",
        "eulerBT",
        "sAttiCtrl",
        "sAttiCtrlParam",
        "sAttiData",
        "sAttiModifyParam",
        "sGncCtrlFlag",
        "thetaM"
      ],
      "writes": [
        "Sv",
        "deltTheta",
        "sAttiCtrl",
        "sAttiData",
        "sGncCtrlFlag",
        "tmpFlt",
        "tmpQBT",
        "tmpWBT",
        "tmpq"
      ],
      "global_reads": [],
      "global_writes": [],
      "input_fields": [
        "sAttiCtrl.angleErr",
        "sAttiCtrl.rateErr",
        "sAttiCtrlParam.dThetar",
        "sAttiCtrlParam.thetaM",
        "sAttiData.eulerBT",
        "sAttiData.q",
        "sAttiData.qGI",
        "sAttiData.wGI",
        "sAttiModifyParam.LmtPhi",
        "sGncCtrlFlag.FlgPhi",
        "sGncCtrlFlag.ZT10",
        "sGncCtrlFlag.ZT9",
        "sGyroData.w",
        "sGyroData.w8"
      ],
      "output_fields": [
        "sAttiCtrl.angleErr",
        "sAttiCtrl.bAVCtrl",
        "sAttiData.eulerBT",
        "sGncCtrlFlag.AVCFlgX",
        "sGncCtrlFlag.AVCFlgY",
        "sGncCtrlFlag.AVCFlgZ",
        "sGncCtrlFlag.FlgPhi"
      ],
      "undefined_calls": [
        "Acosx",
        "Atan2x",
        "Cosx",
        "DivNorm",
        "Fabsx",
        "LimitDouble",
        "MatrixExtractRow",
        "MatrixMulti331",
        "MatrixMulti333",
        "MatrixTran33",
        "Q2C",
        "QUnit",
        "Qdiv",
        "Sgn3",
        "Sinx",
        "UI32_BIT_GET1",
        "VectorAddCoef",
        "VectorEval3",
        "VectorScalar",
        "VectorScalar3",
        "VectorSub3"
      ],
      "invariants": [
        {
          "kind": "value_range",
          "text": "Cx in [-1.79769e+308, 1.79769e+308]",
          "confidence": "medium",
          "evidence": "decl float64@18",
          "symbol": "Cx",
          "min": -1.7976931348623157e+308,
          "max": 1.7976931348623157e+308
        },
        {
          "kind": "value_range",
          "text": "Sd in [-1.79769e+308, 1.79769e+308]",
          "confidence": "medium",
          "evidence": "decl float64@15",
          "symbol": "Sd",
          "min": -1.7976931348623157e+308,
          "max": 1.7976931348623157e+308
        },
        {
          "kind": "value_range",
          "text": "Sv in [-1.79769e+308, 1.79769e+308]",
          "confidence": "medium",
          "evidence": "decl float64@16",
          "symbol": "Sv",
          "min": -1.7976931348623157e+308,
          "max": 1.7976931348623157e+308
        },
        {
          "kind": "value_range",
          "text": "Sv[0] in [0, 0]",
          "confidence": "medium",
          "evidence": "literal@81",
          "symbol": "Sv[0]",
          "min": 0.0,
          "max": 0.0
        },
        {
          "kind": "value_range",
          "text": "deltTheta in [-1.79769e+308, 1.79769e+308]",
          "confidence": "medium",
          "evidence": "decl float64@9",
          "symbol": "deltTheta",
          "min": -1.7976931348623157e+308,
          "max": 1.7976931348623157e+308
        },
        {
          "kind": "value_range",
          "text": "sAttiCtrl.bAVCtrl in [0, 4294967295]",
          "confidence": "medium",
          "evidence": "macro FALSE32@52; macro TRUE32@63",
          "symbol": "sAttiCtrl.bAVCtrl",
          "min": 0.0,
          "max": 4294967295.0
        },
        {
          "kind": "value_range",
          "text": "sGncCtrlFlag.AVCFlgX in [0, 4294967295]",
          "confidence": "medium",
          "evidence": "macro FALSE32@53; macro TRUE32@122",
          "symbol": "sGncCtrlFlag.AVCFlgX",
          "min": 0.0,
          "max": 4294967295.0
        },
        {
          "kind": "value_range",
          "text": "sGncCtrlFlag.AVCFlgY in [0, 4294967295]",
          "confidence": "medium",
          "evidence": "macro FALSE32@54; macro TRUE32@129",
          "symbol": "sGncCtrlFlag.AVCFlgY",
          "min": 0.0,
          "max": 4294967295.0
        },
        {
          "kind": "value_range",
          "text": "sGncCtrlFlag.AVCFlgZ in [0, 4294967295]",
          "confidence": "medium",
          "evidence": "macro FALSE32@55; macro TRUE32@130",
          "symbol": "sGncCtrlFlag.AVCFlgZ",
          "min": 0.0,
          "max": 4294967295.0
        },
        {
          "kind": "value_range",
          "text": "sGncCtrlFlag.FlgPhi in [0, 1]",
          "confidence": "medium",
          "evidence": "literal@43; literal@47",
          "symbol": "sGncCtrlFlag.FlgPhi",
          "min": 0.0,
          "max": 1.0
        },
        {
          "kind": "value_range",
          "text": "tmpC in [-1.79769e+308, 1.79769e+308]",
          "confidence": "medium",
          "evidence": "decl float64@17",
          "symbol": "tmpC",
          "min": -1.7976931348623157e+308,
          "max": 1.7976931348623157e+308
        },
        {
          "kind": "value_range",
          "text": "tmpCBI in [-1.79769e+308, 1.79769e+308]",
          "confidence": "medium",
          "evidence": "decl float64@22",
          "symbol": "tmpCBI",
          "min": -1.7976931348623157e+308,
          "max": 1.7976931348623157e+308
        },
        {
          "kind": "value_range",
          "text": "tmpCBIT in [-1.79769e+308, 1.79769e+308]",
          "confidence": "medium",
          "evidence": "decl float64@21",
          "symbol": "tmpCBIT",
          "min": -1.7976931348623157e+308,
          "max": 1.7976931348623157e+308
        },
        {
          "kind": "value_range",
          "text": "tmpFlt in [-1.79769e+308, 1.79769e+308]",
          "confidence": "medium",
          "evidence": "decl float64@8",
          "symbol": "tmpFlt",
          "min": -1.7976931348623157e+308,
          "max": 1.7976931348623157e+308
        },
        {
          "kind": "value_range",
          "text": "tmpMat33 in [-1.79769e+308, 1.79769e+308]",
          "confidence": "medium",
          "evidence": "decl float64@19",
          "symbol": "tmpMat33",
          "min": -1.7976931348623157e+308,
          "max": 1.7976931348623157e+308
        },
        {
          "kind": "value_range",
          "text": "tmpMat33T in [-1.79769e+308, 1.79769e+308]",
          "confidence": "medium",
          "evidence": "decl float64@20",
          "symbol": "tmpMat33T",
          "min": -1.7976931348623157e+308,
          "max": 1.7976931348623157e+308
        },
        {
          "kind": "value_range",
          "text": "tmpQBT in [-1.79769e+308, 1.79769e+308]",
          "confidence": "medium",
          "evidence": "decl float64@11",
          "symbol": "tmpQBT",
          "min": -1.7976931348623157e+308,
          "max": 1.7976931348623157e+308
        },
        {
          "kind": "value_range",
          "text": "tmpVec in [-1.79769e+308, 1.79769e+308]",
          "confidence": "medium",
          "evidence": "decl float64@13",
          "symbol": "tmpVec",
          "min": -1.7976931348623157e+308,
          "max": 1.7976931348623157e+308
        },
        {
          "kind": "value_range",
          "text": "tmpWBT in [-1.79769e+308, 1.79769e+308]",
          "confidence": "medium",
          "evidence": "decl float64@12",
          "symbol": "tmpWBT",
          "min": -1.7976931348623157e+308,
          "max": 1.7976931348623157e+308
        },
        {
          "kind": "value_range",
          "text": "tmpeMat31 in [-1.79769e+308, 1.79769e+308]",
          "confidence": "medium",
          "evidence": "decl float64@14",
          "symbol": "tmpeMat31",
          "min": -1.7976931348623157e+308,
          "max": 1.7976931348623157e+308
        },
        {
          "kind": "value_range",
          "text": "tmpq in [-1.79769e+308, 1.79769e+308]",
          "confidence": "medium",
          "evidence": "decl float64@10",
          "symbol": "tmpq",
          "min": -1.7976931348623157e+308,
          "max": 1.7976931348623157e+308
        },
        {
          "kind": "condition_range",
          "text": "sGncCtrlFlag.FlgPhi in [0, 0] when sGncCtrlFlag.FlgPhi == 0",
          "confidence": "high",
          "line": 60,
          "evidence": "sGncCtrlFlag.FlgPhi == 0",
          "symbol": "sGncCtrlFlag.FlgPhi",
          "min": 0.0,
          "max": 0.0
        },
        {
          "kind": "branch_condition",
          "text": "inside if branch: UI32_BIT_GET1(sGncCtrlFlag.ZT9, 1u) == 1",
          "confidence": "high",
          "line": 35,
          "evidence": "UI32_BIT_GET1(sGncCtrlFlag.ZT9, 1u) == 1",
          "identifiers": [
            "UI32_BIT_GET1",
            "ZT9",
            "sGncCtrlFlag"
          ]
        },
        {
          "kind": "branch_condition",
          "text": "inside if branch: Fabsx(tmpQBT[0] * 2.0) < sAttiModifyParam.LmtPhi",
          "confidence": "high",
          "line": 41,
          "evidence": "Fabsx(tmpQBT[0] * 2.0) < sAttiModifyParam.LmtPhi",
          "identifiers": [
            "Fabsx",
            "LmtPhi",
            "sAttiModifyParam",
            "tmpQBT"
          ]
        },
        {
          "kind": "branch_condition",
          "text": "inside if branch: sAttiData.eulerBT >= sAttiCtrlParam.thetaM",
          "confidence": "high",
          "line": 58,
          "evidence": "sAttiData.eulerBT >= sAttiCtrlParam.thetaM",
          "identifiers": [
            "eulerBT",
            "sAttiCtrlParam",
            "sAttiData",
            "thetaM"
          ]
        },
        {
          "kind": "branch_condition",
          "text": "inside if branch: (UI32_BIT_GET1(sGncCtrlFlag.ZT10, 5u) == 0) || (sGncCtrlFlag.FlgPhi == 0)",
          "confidence": "high",
          "line": 60,
          "evidence": "(UI32_BIT_GET1(sGncCtrlFlag.ZT10, 5u) == 0) || (sGncCtrlFlag.FlgPhi == 0)",
          "identifiers": [
            "FlgPhi",
            "UI32_BIT_GET1",
            "ZT10",
            "sGncCtrlFlag"
          ]
        },
        {
          "kind": "branch_condition",
          "text": "inside if branch: Fabsx(sAttiCtrl.angleErr[0]) > sAttiCtrlParam.thetaM",
          "confidence": "high",
          "line": 120,
          "evidence": "Fabsx(sAttiCtrl.angleErr[0]) > sAttiCtrlParam.thetaM",
          "identifiers": [
            "Fabsx",
            "angleErr",
            "sAttiCtrl",
            "sAttiCtrlParam",
            "thetaM"
          ]
        },
        {
          "kind": "branch_condition",
          "text": "inside if branch: deltTheta > sAttiCtrlParam.thetaM",
          "confidence": "high",
          "line": 127,
          "evidence": "deltTheta > sAttiCtrlParam.thetaM",
          "identifiers": [
            "deltTheta",
            "sAttiCtrlParam",
            "thetaM"
          ]
        },
        {
          "kind": "assignment_value",
          "text": "sGncCtrlFlag.FlgPhi may be assigned 0",
          "confidence": "high",
          "line": 43,
          "evidence": "sGncCtrlFlag.FlgPhi = 0",
          "symbol": "sGncCtrlFlag.FlgPhi",
          "value": "0"
        },
        {
          "kind": "reset",
          "text": "sGncCtrlFlag.FlgPhi is reset to 0",
          "confidence": "high",
          "line": 43,
          "evidence": "sGncCtrlFlag.FlgPhi = 0",
          "symbol": "sGncCtrlFlag.FlgPhi"
        },
        {
          "kind": "assignment_value",
          "text": "sGncCtrlFlag.FlgPhi may be assigned 1",
          "confidence": "high",
          "line": 47,
          "evidence": "sGncCtrlFlag.FlgPhi = 1",
          "symbol": "sGncCtrlFlag.FlgPhi",
          "value": "1"
        },
        {
          "kind": "assignment_value",
          "text": "sAttiCtrl.bAVCtrl may be assigned FALSE32",
          "confidence": "high",
          "line": 52,
          "evidence": "sAttiCtrl.bAVCtrl = FALSE32",
          "symbol": "sAttiCtrl.bAVCtrl",
          "value": "FALSE32"
        },
        {
          "kind": "assignment_value",
          "text": "sGncCtrlFlag.AVCFlgX may be assigned FALSE32",
          "confidence": "high",
          "line": 53,
          "evidence": "sGncCtrlFlag.AVCFlgX = FALSE32",
          "symbol": "sGncCtrlFlag.AVCFlgX",
          "value": "FALSE32"
        },
        {
          "kind": "assignment_value",
          "text": "sGncCtrlFlag.AVCFlgY may be assigned FALSE32",
          "confidence": "high",
          "line": 54,
          "evidence": "sGncCtrlFlag.AVCFlgY = FALSE32",
          "symbol": "sGncCtrlFlag.AVCFlgY",
          "value": "FALSE32"
        },
        {
          "kind": "assignment_value",
          "text": "sGncCtrlFlag.AVCFlgZ may be assigned FALSE32",
          "confidence": "high",
          "line": 55,
          "evidence": "sGncCtrlFlag.AVCFlgZ = FALSE32",
          "symbol": "sGncCtrlFlag.AVCFlgZ",
          "value": "FALSE32"
        },
        {
          "kind": "assignment_value",
          "text": "sAttiCtrl.bAVCtrl may be assigned TRUE32",
          "confidence": "high",
          "line": 63,
          "evidence": "sAttiCtrl.bAVCtrl = TRUE32",
          "symbol": "sAttiCtrl.bAVCtrl",
          "value": "TRUE32"
        },
        {
          "kind": "assignment_value",
          "text": "Sv[0] may be assigned 0.0",
          "confidence": "high",
          "line": 81,
          "evidence": "Sv[0] = 0.0",
          "symbol": "Sv[0]",
          "value": "0.0"
        },
        {
          "kind": "reset",
          "text": "Sv[0] is reset to 0",
          "confidence": "high",
          "line": 81,
          "evidence": "Sv[0] = 0.0",
          "symbol": "Sv[0]"
        },
        {
          "kind": "assignment_value",
          "text": "sGncCtrlFlag.AVCFlgX may be assigned TRUE32",
          "confidence": "high",
          "line": 122,
          "evidence": "sGncCtrlFlag.AVCFlgX = TRUE32",
          "symbol": "sGncCtrlFlag.AVCFlgX",
          "value": "TRUE32"
        },
        {
          "kind": "assignment_value",
          "text": "sGncCtrlFlag.AVCFlgY may be assigned TRUE32",
          "confidence": "high",
          "line": 129,
          "evidence": "sGncCtrlFlag.AVCFlgY = TRUE32",
          "symbol": "sGncCtrlFlag.AVCFlgY",
          "value": "TRUE32"
        },
        {
          "kind": "assignment_value",
          "text": "sGncCtrlFlag.AVCFlgZ may be assigned TRUE32",
          "confidence": "high",
          "line": 130,
          "evidence": "sGncCtrlFlag.AVCFlgZ = TRUE32",
          "symbol": "sGncCtrlFlag.AVCFlgZ",
          "value": "TRUE32"
        },
        {
          "kind": "assigned_value_set",
          "text": "sAttiCtrl.bAVCtrl assigned values are subset of {FALSE32, TRUE32}",
          "confidence": "medium",
          "evidence": "literal/macro assignments",
          "symbol": "sAttiCtrl.bAVCtrl",
          "values": [
            "FALSE32",
            "TRUE32"
          ]
        },
        {
          "kind": "assigned_value_set",
          "text": "sGncCtrlFlag.AVCFlgX assigned values are subset of {FALSE32, TRUE32}",
          "confidence": "medium",
          "evidence": "literal/macro assignments",
          "symbol": "sGncCtrlFlag.AVCFlgX",
          "values": [
            "FALSE32",
            "TRUE32"
          ]
        },
        {
          "kind": "assigned_value_set",
          "text": "sGncCtrlFlag.AVCFlgY assigned values are subset of {FALSE32, TRUE32}",
          "confidence": "medium",
          "evidence": "literal/macro assignments",
          "symbol": "sGncCtrlFlag.AVCFlgY",
          "values": [
            "FALSE32",
            "TRUE32"
          ]
        },
        {
          "kind": "assigned_value_set",
          "text": "sGncCtrlFlag.AVCFlgZ assigned values are subset of {FALSE32, TRUE32}",
          "confidence": "medium",
          "evidence": "literal/macro assignments",
          "symbol": "sGncCtrlFlag.AVCFlgZ",
          "values": [
            "FALSE32",
            "TRUE32"
          ]
        },
        {
          "kind": "assigned_value_set",
          "text": "sGncCtrlFlag.FlgPhi assigned values are subset of {0, 1}",
          "confidence": "medium",
          "evidence": "literal/macro assignments",
          "symbol": "sGncCtrlFlag.FlgPhi",
          "values": [
            "0",
            "1"
          ]
        },
        {
          "kind": "state_value_set",
          "text": "sAttiCtrl.bAVCtrl observed states subset of {FALSE32, TRUE32}",
          "confidence": "medium",
          "evidence": "state assignments/tests",
          "symbol": "sAttiCtrl.bAVCtrl",
          "values": [
            "FALSE32",
            "TRUE32"
          ]
        },
        {
          "kind": "modifies_fields",
          "text": "function may modify fields: sAttiCtrl.angleErr, sAttiCtrl.bAVCtrl, sAttiData.eulerBT, sGncCtrlFlag.AVCFlgX, sGncCtrlFlag.AVCFlgY, sGncCtrlFlag.AVCFlgZ, sGncCtrlFlag.FlgPhi",
          "confidence": "high",
          "evidence": "field writes",
          "fields": [
            "sAttiCtrl.angleErr",
            "sAttiCtrl.bAVCtrl",
            "sAttiData.eulerBT",
            "sGncCtrlFlag.AVCFlgX",
            "sGncCtrlFlag.AVCFlgY",
            "sGncCtrlFlag.AVCFlgZ",
            "sGncCtrlFlag.FlgPhi"
          ]
        },
        {
          "kind": "reads_fields",
          "text": "function may read fields: sAttiCtrl.angleErr, sAttiCtrl.rateErr, sAttiCtrlParam.dThetar, sAttiCtrlParam.thetaM, sAttiData.eulerBT, sAttiData.q, sAttiData.qGI, sAttiData.wGI, sAttiModifyParam.LmtPhi, sGncCtrlFlag.FlgPhi, sGncCtrlFlag.ZT10, sGncCtrlFlag.ZT9, sGyroData.w, sGyroData.w8",
          "confidence": "high",
          "evidence": "field reads",
          "fields": [
            "sAttiCtrl.angleErr",
            "sAttiCtrl.rateErr",
            "sAttiCtrlParam.dThetar",
            "sAttiCtrlParam.thetaM",
            "sAttiData.eulerBT",
            "sAttiData.q",
            "sAttiData.qGI",
            "sAttiData.wGI",
            "sAttiModifyParam.LmtPhi",
            "sGncCtrlFlag.FlgPhi",
            "sGncCtrlFlag.ZT10",
            "sGncCtrlFlag.ZT9",
            "sGyroData.w",
            "sGyroData.w8"
          ]
        },
        {
          "kind": "modifies_symbols",
          "text": "function may assign symbols: Sv[0], Sv[1], Sv[2], deltTheta, sAttiCtrl.angleErr[0], sAttiCtrl.angleErr[1], sAttiCtrl.angleErr[2], sAttiCtrl.bAVCtrl, sAttiData.eulerBT, sGncCtrlFlag.AVCFlgX, sGncCtrlFlag.AVCFlgY, sGncCtrlFlag.AVCFlgZ, sGncCtrlFlag.FlgPhi, tmpFlt, tmpQBT[0], tmpQBT[1], tmpQBT[2], tmpWBT[0], tmpWBT[1], tmpWBT[2], tmpq[3]",
          "confidence": "medium",
          "evidence": "assignments",
          "symbols": [
            "Sv[0]",
            "Sv[1]",
            "Sv[2]",
            "deltTheta",
            "sAttiCtrl.angleErr[0]",
            "sAttiCtrl.angleErr[1]",
            "sAttiCtrl.angleErr[2]",
            "sAttiCtrl.bAVCtrl",
            "sAttiData.eulerBT",
            "sGncCtrlFlag.AVCFlgX",
            "sGncCtrlFlag.AVCFlgY",
            "sGncCtrlFlag.AVCFlgZ",
            "sGncCtrlFlag.FlgPhi",
            "tmpFlt",
            "tmpQBT[0]",
            "tmpQBT[1]",
            "tmpQBT[2]",
            "tmpWBT[0]",
            "tmpWBT[1]",
            "tmpWBT[2]",
            "tmpq[3]"
          ]
        }
      ],
      "summary": {
        "requires_observed": [
          "inside if branch: UI32_BIT_GET1(sGncCtrlFlag.ZT9, 1u) == 1",
          "inside if branch: Fabsx(tmpQBT[0] * 2.0) < sAttiModifyParam.LmtPhi",
          "inside if branch: sAttiData.eulerBT >= sAttiCtrlParam.thetaM",
          "inside if branch: (UI32_BIT_GET1(sGncCtrlFlag.ZT10, 5u) == 0) || (sGncCtrlFlag.FlgPhi == 0)",
          "inside if branch: Fabsx(sAttiCtrl.angleErr[0]) > sAttiCtrlParam.thetaM",
          "inside if branch: deltTheta > sAttiCtrlParam.thetaM"
        ],
        "modifies": [
          "sAttiCtrl.angleErr",
          "sAttiCtrl.bAVCtrl",
          "sAttiData.eulerBT",
          "sGncCtrlFlag.AVCFlgX",
          "sGncCtrlFlag.AVCFlgY",
          "sGncCtrlFlag.AVCFlgZ",
          "sGncCtrlFlag.FlgPhi"
        ],
        "ensures_observed": [
          "Cx in [-1.79769e+308, 1.79769e+308]",
          "Sd in [-1.79769e+308, 1.79769e+308]",
          "Sv in [-1.79769e+308, 1.79769e+308]",
          "Sv[0] in [0, 0]",
          "deltTheta in [-1.79769e+308, 1.79769e+308]",
          "sAttiCtrl.bAVCtrl in [0, 4294967295]",
          "sGncCtrlFlag.AVCFlgX in [0, 4294967295]",
          "sGncCtrlFlag.AVCFlgY in [0, 4294967295]",
          "sGncCtrlFlag.AVCFlgZ in [0, 4294967295]",
          "sGncCtrlFlag.FlgPhi in [0, 1]",
          "tmpC in [-1.79769e+308, 1.79769e+308]",
          "tmpCBI in [-1.79769e+308, 1.79769e+308]",
          "tmpCBIT in [-1.79769e+308, 1.79769e+308]",
          "tmpFlt in [-1.79769e+308, 1.79769e+308]",
          "tmpMat33 in [-1.79769e+308, 1.79769e+308]",
          "tmpMat33T in [-1.79769e+308, 1.79769e+308]",
          "tmpQBT in [-1.79769e+308, 1.79769e+308]",
          "tmpVec in [-1.79769e+308, 1.79769e+308]",
          "tmpWBT in [-1.79769e+308, 1.79769e+308]",
          "tmpeMat31 in [-1.79769e+308, 1.79769e+308]",
          "tmpq in [-1.79769e+308, 1.79769e+308]",
          "sGncCtrlFlag.FlgPhi is reset to 0",
          "Sv[0] is reset to 0",
          "sAttiCtrl.bAVCtrl assigned values are subset of {FALSE32, TRUE32}",
          "sGncCtrlFlag.AVCFlgX assigned values are subset of {FALSE32, TRUE32}",
          "sGncCtrlFlag.AVCFlgY assigned values are subset of {FALSE32, TRUE32}",
          "sGncCtrlFlag.AVCFlgZ assigned values are subset of {FALSE32, TRUE32}",
          "sGncCtrlFlag.FlgPhi assigned values are subset of {0, 1}",
          "sAttiCtrl.bAVCtrl observed states subset of {FALSE32, TRUE32}"
        ],
        "calls": [
          "Qdiv",
          "LimitDouble",
          "Acosx",
          "Q2C",
          "MatrixMulti331",
          "VectorSub3",
          "UI32_BIT_GET1",
          "VectorSub3",
          "Fabsx",
          "UI32_BIT_GET1",
          "DivNorm",
          "VectorAddCoef",
          "Q2C",
          "Q2C",
          "MatrixExtractRow",
          "MatrixMulti331",
          "DivNorm",
          "LimitDouble",
          "Acosx",
          "Sinx",
          "VectorScalar",
          "Cosx",
          "QUnit",
          "Q2C",
          "MatrixMulti333",
          "MatrixTran33",
          "MatrixMulti333",
          "Atan2x",
          "Fabsx",
          "Sgn3",
          "VectorScalar3",
          "VectorEval3"
        ],
        "undefined_calls": [
          "Acosx",
          "Atan2x",
          "Cosx",
          "DivNorm",
          "Fabsx",
          "LimitDouble",
          "MatrixExtractRow",
          "MatrixMulti331",
          "MatrixMulti333",
          "MatrixTran33",
          "Q2C",
          "QUnit",
          "Qdiv",
          "Sgn3",
          "Sinx",
          "UI32_BIT_GET1",
          "VectorAddCoef",
          "VectorEval3",
          "VectorScalar",
          "VectorScalar3",
          "VectorSub3"
        ]
      }
    }
  ],
  "relations": {
    "call_graph": [
      {
        "caller": "AttiErrCalc",
        "callee": "Qdiv",
        "file": "/home/hp/文档/output/CE7-FYQ-src_flat_out/AttiErrCalc/IP_AttiErrCalc.c",
        "line": 26,
        "kind": "function",
        "resolved": false
      },
      {
        "caller": "AttiErrCalc",
        "callee": "LimitDouble",
        "file": "/home/hp/文档/output/CE7-FYQ-src_flat_out/AttiErrCalc/IP_AttiErrCalc.c",
        "line": 27,
        "kind": "function",
        "resolved": false
      },
      {
        "caller": "AttiErrCalc",
        "callee": "Acosx",
        "file": "/home/hp/文档/output/CE7-FYQ-src_flat_out/AttiErrCalc/IP_AttiErrCalc.c",
        "line": 28,
        "kind": "function",
        "resolved": false
      },
      {
        "caller": "AttiErrCalc",
        "callee": "Q2C",
        "file": "/home/hp/文档/output/CE7-FYQ-src_flat_out/AttiErrCalc/IP_AttiErrCalc.c",
        "line": 30,
        "kind": "function",
        "resolved": false
      },
      {
        "caller": "AttiErrCalc",
        "callee": "MatrixMulti331",
        "file": "/home/hp/文档/output/CE7-FYQ-src_flat_out/AttiErrCalc/IP_AttiErrCalc.c",
        "line": 31,
        "kind": "function",
        "resolved": false
      },
      {
        "caller": "AttiErrCalc",
        "callee": "VectorSub3",
        "file": "/home/hp/文档/output/CE7-FYQ-src_flat_out/AttiErrCalc/IP_AttiErrCalc.c",
        "line": 32,
        "kind": "function",
        "resolved": false
      },
      {
        "caller": "AttiErrCalc",
        "callee": "UI32_BIT_GET1",
        "file": "/home/hp/文档/output/CE7-FYQ-src_flat_out/AttiErrCalc/IP_AttiErrCalc.c",
        "line": 35,
        "kind": "function",
        "resolved": false
      },
      {
        "caller": "AttiErrCalc",
        "callee": "VectorSub3",
        "file": "/home/hp/文档/output/CE7-FYQ-src_flat_out/AttiErrCalc/IP_AttiErrCalc.c",
        "line": 37,
        "kind": "function",
        "resolved": false
      },
      {
        "caller": "AttiErrCalc",
        "callee": "Fabsx",
        "file": "/home/hp/文档/output/CE7-FYQ-src_flat_out/AttiErrCalc/IP_AttiErrCalc.c",
        "line": 41,
        "kind": "function",
        "resolved": false
      },
      {
        "caller": "AttiErrCalc",
        "callee": "UI32_BIT_GET1",
        "file": "/home/hp/文档/output/CE7-FYQ-src_flat_out/AttiErrCalc/IP_AttiErrCalc.c",
        "line": 60,
        "kind": "function",
        "resolved": false
      },
      {
        "caller": "AttiErrCalc",
        "callee": "DivNorm",
        "file": "/home/hp/文档/output/CE7-FYQ-src_flat_out/AttiErrCalc/IP_AttiErrCalc.c",
        "line": 66,
        "kind": "function",
        "resolved": false
      },
      {
        "caller": "AttiErrCalc",
        "callee": "VectorAddCoef",
        "file": "/home/hp/文档/output/CE7-FYQ-src_flat_out/AttiErrCalc/IP_AttiErrCalc.c",
        "line": 68,
        "kind": "function",
        "resolved": false
      },
      {
        "caller": "AttiErrCalc",
        "callee": "Q2C",
        "file": "/home/hp/文档/output/CE7-FYQ-src_flat_out/AttiErrCalc/IP_AttiErrCalc.c",
        "line": 73,
        "kind": "function",
        "resolved": false
      },
      {
        "caller": "AttiErrCalc",
        "callee": "Q2C",
        "file": "/home/hp/文档/output/CE7-FYQ-src_flat_out/AttiErrCalc/IP_AttiErrCalc.c",
        "line": 74,
        "kind": "function",
        "resolved": false
      },
      {
        "caller": "AttiErrCalc",
        "callee": "MatrixExtractRow",
        "file": "/home/hp/文档/output/CE7-FYQ-src_flat_out/AttiErrCalc/IP_AttiErrCalc.c",
        "line": 78,
        "kind": "function",
        "resolved": false
      },
      {
        "caller": "AttiErrCalc",
        "callee": "MatrixMulti331",
        "file": "/home/hp/文档/output/CE7-FYQ-src_flat_out/AttiErrCalc/IP_AttiErrCalc.c",
        "line": 79,
        "kind": "function",
        "resolved": false
      },
      {
        "caller": "AttiErrCalc",
        "callee": "DivNorm",
        "file": "/home/hp/文档/output/CE7-FYQ-src_flat_out/AttiErrCalc/IP_AttiErrCalc.c",
        "line": 86,
        "kind": "function",
        "resolved": false
      },
      {
        "caller": "AttiErrCalc",
        "callee": "LimitDouble",
        "file": "/home/hp/文档/output/CE7-FYQ-src_flat_out/AttiErrCalc/IP_AttiErrCalc.c",
        "line": 89,
        "kind": "function",
        "resolved": false
      },
      {
        "caller": "AttiErrCalc",
        "callee": "Acosx",
        "file": "/home/hp/文档/output/CE7-FYQ-src_flat_out/AttiErrCalc/IP_AttiErrCalc.c",
        "line": 90,
        "kind": "function",
        "resolved": false
      },
      {
        "caller": "AttiErrCalc",
        "callee": "Sinx",
        "file": "/home/hp/文档/output/CE7-FYQ-src_flat_out/AttiErrCalc/IP_AttiErrCalc.c",
        "line": 93,
        "kind": "function",
        "resolved": false
      },
      {
        "caller": "AttiErrCalc",
        "callee": "VectorScalar",
        "file": "/home/hp/文档/output/CE7-FYQ-src_flat_out/AttiErrCalc/IP_AttiErrCalc.c",
        "line": 94,
        "kind": "function",
        "resolved": false
      },
      {
        "caller": "AttiErrCalc",
        "callee": "Cosx",
        "file": "/home/hp/文档/output/CE7-FYQ-src_flat_out/AttiErrCalc/IP_AttiErrCalc.c",
        "line": 95,
        "kind": "function",
        "resolved": false
      },
      {
        "caller": "AttiErrCalc",
        "callee": "QUnit",
        "file": "/home/hp/文档/output/CE7-FYQ-src_flat_out/AttiErrCalc/IP_AttiErrCalc.c",
        "line": 98,
        "kind": "function",
        "resolved": false
      },
      {
        "caller": "AttiErrCalc",
        "callee": "Q2C",
        "file": "/home/hp/文档/output/CE7-FYQ-src_flat_out/AttiErrCalc/IP_AttiErrCalc.c",
        "line": 101,
        "kind": "function",
        "resolved": false
      },
      {
        "caller": "AttiErrCalc",
        "callee": "MatrixMulti333",
        "file": "/home/hp/文档/output/CE7-FYQ-src_flat_out/AttiErrCalc/IP_AttiErrCalc.c",
        "line": 104,
        "kind": "function",
        "resolved": false
      },
      {
        "caller": "AttiErrCalc",
        "callee": "MatrixTran33",
        "file": "/home/hp/文档/output/CE7-FYQ-src_flat_out/AttiErrCalc/IP_AttiErrCalc.c",
        "line": 105,
        "kind": "function",
        "resolved": false
      },
      {
        "caller": "AttiErrCalc",
        "callee": "MatrixMulti333",
        "file": "/home/hp/文档/output/CE7-FYQ-src_flat_out/AttiErrCalc/IP_AttiErrCalc.c",
        "line": 106,
        "kind": "function",
        "resolved": false
      },
      {
        "caller": "AttiErrCalc",
        "callee": "Atan2x",
        "file": "/home/hp/文档/output/CE7-FYQ-src_flat_out/AttiErrCalc/IP_AttiErrCalc.c",
        "line": 109,
        "kind": "function",
        "resolved": false
      },
      {
        "caller": "AttiErrCalc",
        "callee": "Fabsx",
        "file": "/home/hp/文档/output/CE7-FYQ-src_flat_out/AttiErrCalc/IP_AttiErrCalc.c",
        "line": 120,
        "kind": "function",
        "resolved": false
      },
      {
        "caller": "AttiErrCalc",
        "callee": "Sgn3",
        "file": "/home/hp/文档/output/CE7-FYQ-src_flat_out/AttiErrCalc/IP_AttiErrCalc.c",
        "line": 123,
        "kind": "function",
        "resolved": false
      },
      {
        "caller": "AttiErrCalc",
        "callee": "VectorScalar3",
        "file": "/home/hp/文档/output/CE7-FYQ-src_flat_out/AttiErrCalc/IP_AttiErrCalc.c",
        "line": 138,
        "kind": "function",
        "resolved": false
      },
      {
        "caller": "AttiErrCalc",
        "callee": "VectorEval3",
        "file": "/home/hp/文档/output/CE7-FYQ-src_flat_out/AttiErrCalc/IP_AttiErrCalc.c",
        "line": 139,
        "kind": "function",
        "resolved": false
      }
    ],
    "field_accesses": [
      {
        "name": "sAttiCtrl.angleErr",
        "reads": 6,
        "writes": 3,
        "read_writes": 0,
        "functions": [
          "AttiErrCalc"
        ],
        "readers": [
          "AttiErrCalc"
        ],
        "writers": [
          "AttiErrCalc"
        ]
      },
      {
        "name": "sAttiCtrl.bAVCtrl",
        "reads": 0,
        "writes": 2,
        "read_writes": 0,
        "functions": [
          "AttiErrCalc"
        ],
        "readers": [],
        "writers": [
          "AttiErrCalc"
        ]
      },
      {
        "name": "sAttiCtrl.rateErr",
        "reads": 1,
        "writes": 0,
        "read_writes": 0,
        "functions": [
          "AttiErrCalc"
        ],
        "readers": [
          "AttiErrCalc"
        ],
        "writers": []
      },
      {
        "name": "sAttiCtrlParam.dThetar",
        "reads": 4,
        "writes": 0,
        "read_writes": 0,
        "functions": [
          "AttiErrCalc"
        ],
        "readers": [
          "AttiErrCalc"
        ],
        "writers": []
      },
      {
        "name": "sAttiCtrlParam.thetaM",
        "reads": 3,
        "writes": 0,
        "read_writes": 0,
        "functions": [
          "AttiErrCalc"
        ],
        "readers": [
          "AttiErrCalc"
        ],
        "writers": []
      },
      {
        "name": "sAttiData.eulerBT",
        "reads": 1,
        "writes": 1,
        "read_writes": 0,
        "functions": [
          "AttiErrCalc"
        ],
        "readers": [
          "AttiErrCalc"
        ],
        "writers": [
          "AttiErrCalc"
        ]
      },
      {
        "name": "sAttiData.q",
        "reads": 2,
        "writes": 0,
        "read_writes": 0,
        "functions": [
          "AttiErrCalc"
        ],
        "readers": [
          "AttiErrCalc"
        ],
        "writers": []
      },
      {
        "name": "sAttiData.qGI",
        "reads": 2,
        "writes": 0,
        "read_writes": 0,
        "functions": [
          "AttiErrCalc"
        ],
        "readers": [
          "AttiErrCalc"
        ],
        "writers": []
      },
      {
        "name": "sAttiData.wGI",
        "reads": 1,
        "writes": 0,
        "read_writes": 0,
        "functions": [
          "AttiErrCalc"
        ],
        "readers": [
          "AttiErrCalc"
        ],
        "writers": []
      },
      {
        "name": "sAttiModifyParam.LmtPhi",
        "reads": 1,
        "writes": 0,
        "read_writes": 0,
        "functions": [
          "AttiErrCalc"
        ],
        "readers": [
          "AttiErrCalc"
        ],
        "writers": []
      },
      {
        "name": "sGncCtrlFlag.AVCFlgX",
        "reads": 0,
        "writes": 2,
        "read_writes": 0,
        "functions": [
          "AttiErrCalc"
        ],
        "readers": [],
        "writers": [
          "AttiErrCalc"
        ]
      },
      {
        "name": "sGncCtrlFlag.AVCFlgY",
        "reads": 0,
        "writes": 2,
        "read_writes": 0,
        "functions": [
          "AttiErrCalc"
        ],
        "readers": [],
        "writers": [
          "AttiErrCalc"
        ]
      },
      {
        "name": "sGncCtrlFlag.AVCFlgZ",
        "reads": 0,
        "writes": 2,
        "read_writes": 0,
        "functions": [
          "AttiErrCalc"
        ],
        "readers": [],
        "writers": [
          "AttiErrCalc"
        ]
      },
      {
        "name": "sGncCtrlFlag.FlgPhi",
        "reads": 1,
        "writes": 2,
        "read_writes": 0,
        "functions": [
          "AttiErrCalc"
        ],
        "readers": [
          "AttiErrCalc"
        ],
        "writers": [
          "AttiErrCalc"
        ]
      },
      {
        "name": "sGncCtrlFlag.ZT10",
        "reads": 1,
        "writes": 0,
        "read_writes": 0,
        "functions": [
          "AttiErrCalc"
        ],
        "readers": [
          "AttiErrCalc"
        ],
        "writers": []
      },
      {
        "name": "sGncCtrlFlag.ZT9",
        "reads": 1,
        "writes": 0,
        "read_writes": 0,
        "functions": [
          "AttiErrCalc"
        ],
        "readers": [
          "AttiErrCalc"
        ],
        "writers": []
      },
      {
        "name": "sGyroData.w",
        "reads": 1,
        "writes": 0,
        "read_writes": 0,
        "functions": [
          "AttiErrCalc"
        ],
        "readers": [
          "AttiErrCalc"
        ],
        "writers": []
      },
      {
        "name": "sGyroData.w8",
        "reads": 1,
        "writes": 0,
        "read_writes": 0,
        "functions": [
          "AttiErrCalc"
        ],
        "readers": [
          "AttiErrCalc"
        ],
        "writers": []
      }
    ],
    "state_transitions": [],
    "missing_local_includes": [],
    "unresolved_calls": {
      "Acosx": [
        {
          "caller": "AttiErrCalc",
          "file": "/home/hp/文档/output/CE7-FYQ-src_flat_out/AttiErrCalc/IP_AttiErrCalc.c",
          "line": 28
        },
        {
          "caller": "AttiErrCalc",
          "file": "/home/hp/文档/output/CE7-FYQ-src_flat_out/AttiErrCalc/IP_AttiErrCalc.c",
          "line": 90
        }
      ],
      "Atan2x": [
        {
          "caller": "AttiErrCalc",
          "file": "/home/hp/文档/output/CE7-FYQ-src_flat_out/AttiErrCalc/IP_AttiErrCalc.c",
          "line": 109
        }
      ],
      "Cosx": [
        {
          "caller": "AttiErrCalc",
          "file": "/home/hp/文档/output/CE7-FYQ-src_flat_out/AttiErrCalc/IP_AttiErrCalc.c",
          "line": 95
        }
      ],
      "DivNorm": [
        {
          "caller": "AttiErrCalc",
          "file": "/home/hp/文档/output/CE7-FYQ-src_flat_out/AttiErrCalc/IP_AttiErrCalc.c",
          "line": 66
        },
        {
          "caller": "AttiErrCalc",
          "file": "/home/hp/文档/output/CE7-FYQ-src_flat_out/AttiErrCalc/IP_AttiErrCalc.c",
          "line": 86
        }
      ],
      "Fabsx": [
        {
          "caller": "AttiErrCalc",
          "file": "/home/hp/文档/output/CE7-FYQ-src_flat_out/AttiErrCalc/IP_AttiErrCalc.c",
          "line": 41
        },
        {
          "caller": "AttiErrCalc",
          "file": "/home/hp/文档/output/CE7-FYQ-src_flat_out/AttiErrCalc/IP_AttiErrCalc.c",
          "line": 120
        }
      ],
      "LimitDouble": [
        {
          "caller": "AttiErrCalc",
          "file": "/home/hp/文档/output/CE7-FYQ-src_flat_out/AttiErrCalc/IP_AttiErrCalc.c",
          "line": 27
        },
        {
          "caller": "AttiErrCalc",
          "file": "/home/hp/文档/output/CE7-FYQ-src_flat_out/AttiErrCalc/IP_AttiErrCalc.c",
          "line": 89
        }
      ],
      "MatrixExtractRow": [
        {
          "caller": "AttiErrCalc",
          "file": "/home/hp/文档/output/CE7-FYQ-src_flat_out/AttiErrCalc/IP_AttiErrCalc.c",
          "line": 78
        }
      ],
      "MatrixMulti331": [
        {
          "caller": "AttiErrCalc",
          "file": "/home/hp/文档/output/CE7-FYQ-src_flat_out/AttiErrCalc/IP_AttiErrCalc.c",
          "line": 31
        },
        {
          "caller": "AttiErrCalc",
          "file": "/home/hp/文档/output/CE7-FYQ-src_flat_out/AttiErrCalc/IP_AttiErrCalc.c",
          "line": 79
        }
      ],
      "MatrixMulti333": [
        {
          "caller": "AttiErrCalc",
          "file": "/home/hp/文档/output/CE7-FYQ-src_flat_out/AttiErrCalc/IP_AttiErrCalc.c",
          "line": 104
        },
        {
          "caller": "AttiErrCalc",
          "file": "/home/hp/文档/output/CE7-FYQ-src_flat_out/AttiErrCalc/IP_AttiErrCalc.c",
          "line": 106
        }
      ],
      "MatrixTran33": [
        {
          "caller": "AttiErrCalc",
          "file": "/home/hp/文档/output/CE7-FYQ-src_flat_out/AttiErrCalc/IP_AttiErrCalc.c",
          "line": 105
        }
      ],
      "Q2C": [
        {
          "caller": "AttiErrCalc",
          "file": "/home/hp/文档/output/CE7-FYQ-src_flat_out/AttiErrCalc/IP_AttiErrCalc.c",
          "line": 30
        },
        {
          "caller": "AttiErrCalc",
          "file": "/home/hp/文档/output/CE7-FYQ-src_flat_out/AttiErrCalc/IP_AttiErrCalc.c",
          "line": 73
        },
        {
          "caller": "AttiErrCalc",
          "file": "/home/hp/文档/output/CE7-FYQ-src_flat_out/AttiErrCalc/IP_AttiErrCalc.c",
          "line": 74
        },
        {
          "caller": "AttiErrCalc",
          "file": "/home/hp/文档/output/CE7-FYQ-src_flat_out/AttiErrCalc/IP_AttiErrCalc.c",
          "line": 101
        }
      ],
      "QUnit": [
        {
          "caller": "AttiErrCalc",
          "file": "/home/hp/文档/output/CE7-FYQ-src_flat_out/AttiErrCalc/IP_AttiErrCalc.c",
          "line": 98
        }
      ],
      "Qdiv": [
        {
          "caller": "AttiErrCalc",
          "file": "/home/hp/文档/output/CE7-FYQ-src_flat_out/AttiErrCalc/IP_AttiErrCalc.c",
          "line": 26
        }
      ],
      "Sgn3": [
        {
          "caller": "AttiErrCalc",
          "file": "/home/hp/文档/output/CE7-FYQ-src_flat_out/AttiErrCalc/IP_AttiErrCalc.c",
          "line": 123
        }
      ],
      "Sinx": [
        {
          "caller": "AttiErrCalc",
          "file": "/home/hp/文档/output/CE7-FYQ-src_flat_out/AttiErrCalc/IP_AttiErrCalc.c",
          "line": 93
        }
      ],
      "UI32_BIT_GET1": [
        {
          "caller": "AttiErrCalc",
          "file": "/home/hp/文档/output/CE7-FYQ-src_flat_out/AttiErrCalc/IP_AttiErrCalc.c",
          "line": 35
        },
        {
          "caller": "AttiErrCalc",
          "file": "/home/hp/文档/output/CE7-FYQ-src_flat_out/AttiErrCalc/IP_AttiErrCalc.c",
          "line": 60
        }
      ],
      "VectorAddCoef": [
        {
          "caller": "AttiErrCalc",
          "file": "/home/hp/文档/output/CE7-FYQ-src_flat_out/AttiErrCalc/IP_AttiErrCalc.c",
          "line": 68
        }
      ],
      "VectorEval3": [
        {
          "caller": "AttiErrCalc",
          "file": "/home/hp/文档/output/CE7-FYQ-src_flat_out/AttiErrCalc/IP_AttiErrCalc.c",
          "line": 139
        }
      ],
      "VectorScalar": [
        {
          "caller": "AttiErrCalc",
          "file": "/home/hp/文档/output/CE7-FYQ-src_flat_out/AttiErrCalc/IP_AttiErrCalc.c",
          "line": 94
        }
      ],
      "VectorScalar3": [
        {
          "caller": "AttiErrCalc",
          "file": "/home/hp/文档/output/CE7-FYQ-src_flat_out/AttiErrCalc/IP_AttiErrCalc.c",
          "line": 138
        }
      ],
      "VectorSub3": [
        {
          "caller": "AttiErrCalc",
          "file": "/home/hp/文档/output/CE7-FYQ-src_flat_out/AttiErrCalc/IP_AttiErrCalc.c",
          "line": 32
        },
        {
          "caller": "AttiErrCalc",
          "file": "/home/hp/文档/output/CE7-FYQ-src_flat_out/AttiErrCalc/IP_AttiErrCalc.c",
          "line": 37
        }
      ]
    }
  },
  "invariants": {
    "project": [
      {
        "kind": "project_state_field",
        "text": "sAttiCtrl.angleErr is read and written",
        "confidence": "medium",
        "evidence": "field summary",
        "field": "sAttiCtrl.angleErr",
        "readers": [
          "AttiErrCalc"
        ],
        "writers": [
          "AttiErrCalc"
        ]
      },
      {
        "kind": "project_output_field",
        "text": "sAttiCtrl.bAVCtrl is only written by AttiErrCalc",
        "confidence": "medium",
        "evidence": "field summary",
        "field": "sAttiCtrl.bAVCtrl",
        "writers": [
          "AttiErrCalc"
        ]
      },
      {
        "kind": "project_input_field",
        "text": "sAttiCtrl.rateErr is only read by AttiErrCalc",
        "confidence": "medium",
        "evidence": "field summary",
        "field": "sAttiCtrl.rateErr",
        "readers": [
          "AttiErrCalc"
        ]
      },
      {
        "kind": "project_input_field",
        "text": "sAttiCtrlParam.dThetar is only read by AttiErrCalc",
        "confidence": "medium",
        "evidence": "field summary",
        "field": "sAttiCtrlParam.dThetar",
        "readers": [
          "AttiErrCalc"
        ]
      },
      {
        "kind": "project_input_field",
        "text": "sAttiCtrlParam.thetaM is only read by AttiErrCalc",
        "confidence": "medium",
        "evidence": "field summary",
        "field": "sAttiCtrlParam.thetaM",
        "readers": [
          "AttiErrCalc"
        ]
      },
      {
        "kind": "project_state_field",
        "text": "sAttiData.eulerBT is read and written",
        "confidence": "medium",
        "evidence": "field summary",
        "field": "sAttiData.eulerBT",
        "readers": [
          "AttiErrCalc"
        ],
        "writers": [
          "AttiErrCalc"
        ]
      },
      {
        "kind": "project_input_field",
        "text": "sAttiData.q is only read by AttiErrCalc",
        "confidence": "medium",
        "evidence": "field summary",
        "field": "sAttiData.q",
        "readers": [
          "AttiErrCalc"
        ]
      },
      {
        "kind": "project_input_field",
        "text": "sAttiData.qGI is only read by AttiErrCalc",
        "confidence": "medium",
        "evidence": "field summary",
        "field": "sAttiData.qGI",
        "readers": [
          "AttiErrCalc"
        ]
      },
      {
        "kind": "project_input_field",
        "text": "sAttiData.wGI is only read by AttiErrCalc",
        "confidence": "medium",
        "evidence": "field summary",
        "field": "sAttiData.wGI",
        "readers": [
          "AttiErrCalc"
        ]
      },
      {
        "kind": "project_input_field",
        "text": "sAttiModifyParam.LmtPhi is only read by AttiErrCalc",
        "confidence": "medium",
        "evidence": "field summary",
        "field": "sAttiModifyParam.LmtPhi",
        "readers": [
          "AttiErrCalc"
        ]
      },
      {
        "kind": "project_output_field",
        "text": "sGncCtrlFlag.AVCFlgX is only written by AttiErrCalc",
        "confidence": "medium",
        "evidence": "field summary",
        "field": "sGncCtrlFlag.AVCFlgX",
        "writers": [
          "AttiErrCalc"
        ]
      },
      {
        "kind": "project_output_field",
        "text": "sGncCtrlFlag.AVCFlgY is only written by AttiErrCalc",
        "confidence": "medium",
        "evidence": "field summary",
        "field": "sGncCtrlFlag.AVCFlgY",
        "writers": [
          "AttiErrCalc"
        ]
      },
      {
        "kind": "project_output_field",
        "text": "sGncCtrlFlag.AVCFlgZ is only written by AttiErrCalc",
        "confidence": "medium",
        "evidence": "field summary",
        "field": "sGncCtrlFlag.AVCFlgZ",
        "writers": [
          "AttiErrCalc"
        ]
      },
      {
        "kind": "project_state_field",
        "text": "sGncCtrlFlag.FlgPhi is read and written",
        "confidence": "medium",
        "evidence": "field summary",
        "field": "sGncCtrlFlag.FlgPhi",
        "readers": [
          "AttiErrCalc"
        ],
        "writers": [
          "AttiErrCalc"
        ]
      },
      {
        "kind": "project_input_field",
        "text": "sGncCtrlFlag.ZT10 is only read by AttiErrCalc",
        "confidence": "medium",
        "evidence": "field summary",
        "field": "sGncCtrlFlag.ZT10",
        "readers": [
          "AttiErrCalc"
        ]
      },
      {
        "kind": "project_input_field",
        "text": "sGncCtrlFlag.ZT9 is only read by AttiErrCalc",
        "confidence": "medium",
        "evidence": "field summary",
        "field": "sGncCtrlFlag.ZT9",
        "readers": [
          "AttiErrCalc"
        ]
      },
      {
        "kind": "project_input_field",
        "text": "sGyroData.w is only read by AttiErrCalc",
        "confidence": "medium",
        "evidence": "field summary",
        "field": "sGyroData.w",
        "readers": [
          "AttiErrCalc"
        ]
      },
      {
        "kind": "project_input_field",
        "text": "sGyroData.w8 is only read by AttiErrCalc",
        "confidence": "medium",
        "evidence": "field summary",
        "field": "sGyroData.w8",
        "readers": [
          "AttiErrCalc"
        ]
      }
    ]
  }
}
