===== source2fsm batch debug =====
name: CruDataFillTr32
source: IP_CruDataFillTr32.c
source directory: /home/hp/文档/output/CE7-FYQ-src_flat_out/CruDataFillTr32
output directory: /home/hp/文档/output/CE7-FYQ-src_flat_out/CruDataFillTr32
copied input .c files:
  IP_CruDataFillTr32.c
===== docker output =====
source-only mode: /work/input/IP_CruDataFillTr32.c
source-only cfg
function "CruDataFillTr32" found
nodes: 7
edges: 7
dot: /work/output/.CruDataFillTr32.dot
cfg nodes:
  n0 [basic] unint32 tr32Var; | unint32 countOfbuffer;
  n1 [loop] for(countOfbuffer=0; countOfbuffer<CRU_TOTAL_LENGTH; | countOfbuffer=countOfbuffer+4)
  n2 [basic] tr32Var = UI32_MAKE(sCrucialSave.saveBuffLast[countOfbuffer + 0], | sCrucialSave.saveBuffLast[countOfbuffer + 1], | sCrucialSave.saveBuffLast[countOfbuffer + 2], | sCrucialSave.saveBuffLast[countOfbuffer + 3]); | Tr32UintValue((volatile unint32 *)(SOC_SRAM_TR32_CRUDATA_FIRST + | countOfbuffer), (volatile unint32 *)(SOC_SRAM_TR32_CRUDATA_SECOND + | countOfbuffer), (volatile unint32 *)(SOC_SRAM_TR32_CRUDATA_THIRD + | countOfbuffer), tr32Var);
  n3 [terminal] return;
png: /work/output/CruDataFillTr32.png
