# No-Compile Static Analysis Log

Root: /home/hp/文档/output/CE7-FYQ-src_flat_out/CruDataFillTr32/IP_CruDataFillTr32.c
Files: 1
Functions: 1
Call edges: 2
Field accesses: 4
Unresolved calls: 2
Missing local includes: 0
Function invariants: 6
Project invariants: 1

## Missing Local Includes
- none

## Duplicate Function Definitions
- none

## Unresolved Calls
- Tr32UintValue: CruDataFillTr32@IP_CruDataFillTr32.c:18
- UI32_MAKE: CruDataFillTr32@IP_CruDataFillTr32.c:13

## Call Graph
- CruDataFillTr32 -> Tr32UintValue?, UI32_MAKE?

## State Transitions
- none

## Field Access Summary
- sCrucialSave.saveBuffLast: read=4 write=0 read_write=0 functions=CruDataFillTr32

## Project Invariants
- [project_input_field/medium] sCrucialSave.saveBuffLast is only read by CruDataFillTr32 (field summary)

## Function Details
### CruDataFillTr32 (IP_CruDataFillTr32.c:7)
- params: void
- locals: countOfbuffer, tr32Var
- calls: UI32_MAKE, Tr32UintValue
- undefined_calls: Tr32UintValue, UI32_MAKE
- reads: CRU_TOTAL_LENGTH, UI32_MAKE, sCrucialSave, saveBuffLast
- writes: countOfbuffer, tr32Var
- summary.ensures_observed:
  - countOfbuffer in [0, 4294967295]
  - tr32Var in [0, 4294967295]
  - countOfbuffer is reset to 0
- invariants:
  - [value_range/medium] countOfbuffer in [0, 4294967295] (decl unint32@9; literal@11)
  - [value_range/medium] tr32Var in [0, 4294967295] (decl unint32@8)
  - [assignment_value/high]@11 countOfbuffer may be assigned 0 (countOfbuffer = 0)
  - [reset/high]@11 countOfbuffer is reset to 0 (countOfbuffer = 0)
  - [reads_fields/high] function may read fields: sCrucialSave.saveBuffLast (field reads)
  - [modifies_symbols/medium] function may assign symbols: countOfbuffer, tr32Var (assignments)
- value_ranges:
  - countOfbuffer: [0, 4294967295] (decl unint32@9; literal@11)
  - tr32Var: [0, 4294967295] (decl unint32@8)
- conditions:
  - for@11: countOfbuffer=0; countOfbuffer<CRU_TOTAL_LENGTH; countOfbuffer=countOfbuffer+4
- assignments:
  - 11: countOfbuffer = <literal/unknown>
  - 11: countOfbuffer = UI32_MAKE,countOfbuffer,sCrucialSave,saveBuffLast,tr32Var
  - 13: tr32Var = UI32_MAKE,countOfbuffer,sCrucialSave,saveBuffLast

## JSON
{
  "root": "/home/hp/文档/output/CE7-FYQ-src_flat_out/CruDataFillTr32/IP_CruDataFillTr32.c",
  "files": [
    {
      "file": "/home/hp/文档/output/CE7-FYQ-src_flat_out/CruDataFillTr32/IP_CruDataFillTr32.c",
      "lines": 26,
      "includes": [
        {
          "name": "IP_CruDataFillTr32.h",
          "kind": "local",
          "line": 1,
          "resolved": "/home/hp/文档/output/CE7-FYQ-src_flat_out/CruDataFillTr32/IP_CruDataFillTr32.h"
        }
      ],
      "macros": [],
      "typedefs": [],
      "globals": [],
      "functions": [
        {
          "name": "CruDataFillTr32",
          "line": 7,
          "params": []
        }
      ]
    }
  ],
  "summary": {
    "file_count": 1,
    "function_count": 1,
    "defined_function_count": 1,
    "declared_function_count": 0,
    "macro_count": 0,
    "typedef_count": 0,
    "global_count": 0,
    "call_edge_count": 2,
    "unresolved_call_count": 2,
    "field_access_count": 4,
    "missing_local_include_count": 0,
    "function_invariant_count": 6,
    "project_invariant_count": 1
  },
  "symbols": {
    "defined_functions": {
      "CruDataFillTr32": [
        {
          "file": "/home/hp/文档/output/CE7-FYQ-src_flat_out/CruDataFillTr32/IP_CruDataFillTr32.c",
          "line": 7
        }
      ]
    },
    "declared_functions": {},
    "macros": {},
    "typedefs": {},
    "enum_constants": [],
    "globals": {},
    "struct_fields": {},
    "duplicate_functions": {}
  },
  "functions": [
    {
      "file": "/home/hp/文档/output/CE7-FYQ-src_flat_out/CruDataFillTr32/IP_CruDataFillTr32.c",
      "name": "CruDataFillTr32",
      "line": 7,
      "return_type": "void",
      "params": [],
      "locals": [
        "countOfbuffer",
        "tr32Var"
      ],
      "calls": [
        {
          "name": "UI32_MAKE",
          "line": 13,
          "kind": "function",
          "resolved": false
        },
        {
          "name": "Tr32UintValue",
          "line": 18,
          "kind": "function",
          "resolved": false
        }
      ],
      "assignments": [
        {
          "line": 11,
          "lhs": "countOfbuffer",
          "operator": "=",
          "rhs": "0",
          "rhs_identifiers": []
        },
        {
          "line": 11,
          "lhs": "countOfbuffer",
          "operator": "=",
          "rhs": "countOfbuffer+4) { tr32Var = UI32_MAKE(sCrucialSave.saveBuffLast[countOfbuffer + 0], sCrucialSave.saveBuffLast[countOfbuffer + 1], sCrucialSave.saveBuffLast[countOfbuffer + 2], sCrucialSave.saveBuffLast[countOfbuffer + 3])",
          "rhs_identifiers": [
            "UI32_MAKE",
            "countOfbuffer",
            "sCrucialSave",
            "saveBuffLast",
            "tr32Var"
          ]
        },
        {
          "line": 13,
          "lhs": "tr32Var",
          "operator": "=",
          "rhs": "UI32_MAKE(sCrucialSave.saveBuffLast[countOfbuffer + 0], sCrucialSave.saveBuffLast[countOfbuffer + 1], sCrucialSave.saveBuffLast[countOfbuffer + 2], sCrucialSave.saveBuffLast[countOfbuffer + 3])",
          "rhs_identifiers": [
            "UI32_MAKE",
            "countOfbuffer",
            "sCrucialSave",
            "saveBuffLast"
          ]
        }
      ],
      "conditions": [
        {
          "line": 11,
          "kind": "for",
          "expression": "countOfbuffer=0; countOfbuffer<CRU_TOTAL_LENGTH; countOfbuffer=countOfbuffer+4",
          "identifiers": [
            "CRU_TOTAL_LENGTH",
            "countOfbuffer"
          ]
        }
      ],
      "switch_cases": [],
      "field_accesses": [
        {
          "line": 13,
          "object": "sCrucialSave",
          "operator": ".",
          "field": "saveBuffLast",
          "access": "read",
          "name": "sCrucialSave.saveBuffLast"
        },
        {
          "line": 14,
          "object": "sCrucialSave",
          "operator": ".",
          "field": "saveBuffLast",
          "access": "read",
          "name": "sCrucialSave.saveBuffLast"
        },
        {
          "line": 15,
          "object": "sCrucialSave",
          "operator": ".",
          "field": "saveBuffLast",
          "access": "read",
          "name": "sCrucialSave.saveBuffLast"
        },
        {
          "line": 16,
          "object": "sCrucialSave",
          "operator": ".",
          "field": "saveBuffLast",
          "access": "read",
          "name": "sCrucialSave.saveBuffLast"
        }
      ],
      "returns": [
        {
          "line": 24,
          "expression": "",
          "identifiers": []
        }
      ],
      "macro_uses": [
        {
          "name": "CRU_TOTAL_LENGTH",
          "line": 11,
          "known": false
        },
        {
          "name": "SOC_SRAM_TR32_CRUDATA_FIRST",
          "line": 18,
          "known": false
        },
        {
          "name": "SOC_SRAM_TR32_CRUDATA_SECOND",
          "line": 19,
          "known": false
        },
        {
          "name": "SOC_SRAM_TR32_CRUDATA_THIRD",
          "line": 20,
          "known": false
        },
        {
          "name": "UI32_MAKE",
          "line": 13,
          "known": false
        }
      ],
      "type_uses": [],
      "value_ranges": [
        {
          "symbol": "countOfbuffer",
          "range": "[0, 4294967295]",
          "min": 0.0,
          "max": 4294967295.0,
          "evidence": [
            "decl unint32@9",
            "literal@11"
          ]
        },
        {
          "symbol": "tr32Var",
          "range": "[0, 4294967295]",
          "min": 0.0,
          "max": 4294967295.0,
          "evidence": [
            "decl unint32@8"
          ]
        }
      ],
      "condition_ranges": [],
      "reads": [
        "CRU_TOTAL_LENGTH",
        "UI32_MAKE",
        "sCrucialSave",
        "saveBuffLast"
      ],
      "writes": [
        "countOfbuffer",
        "tr32Var"
      ],
      "global_reads": [],
      "global_writes": [],
      "input_fields": [
        "sCrucialSave.saveBuffLast"
      ],
      "output_fields": [],
      "undefined_calls": [
        "Tr32UintValue",
        "UI32_MAKE"
      ],
      "invariants": [
        {
          "kind": "value_range",
          "text": "countOfbuffer in [0, 4294967295]",
          "confidence": "medium",
          "evidence": "decl unint32@9; literal@11",
          "symbol": "countOfbuffer",
          "min": 0.0,
          "max": 4294967295.0
        },
        {
          "kind": "value_range",
          "text": "tr32Var in [0, 4294967295]",
          "confidence": "medium",
          "evidence": "decl unint32@8",
          "symbol": "tr32Var",
          "min": 0.0,
          "max": 4294967295.0
        },
        {
          "kind": "assignment_value",
          "text": "countOfbuffer may be assigned 0",
          "confidence": "high",
          "line": 11,
          "evidence": "countOfbuffer = 0",
          "symbol": "countOfbuffer",
          "value": "0"
        },
        {
          "kind": "reset",
          "text": "countOfbuffer is reset to 0",
          "confidence": "high",
          "line": 11,
          "evidence": "countOfbuffer = 0",
          "symbol": "countOfbuffer"
        },
        {
          "kind": "reads_fields",
          "text": "function may read fields: sCrucialSave.saveBuffLast",
          "confidence": "high",
          "evidence": "field reads",
          "fields": [
            "sCrucialSave.saveBuffLast"
          ]
        },
        {
          "kind": "modifies_symbols",
          "text": "function may assign symbols: countOfbuffer, tr32Var",
          "confidence": "medium",
          "evidence": "assignments",
          "symbols": [
            "countOfbuffer",
            "tr32Var"
          ]
        }
      ],
      "summary": {
        "requires_observed": [],
        "modifies": [],
        "ensures_observed": [
          "countOfbuffer in [0, 4294967295]",
          "tr32Var in [0, 4294967295]",
          "countOfbuffer is reset to 0"
        ],
        "calls": [
          "UI32_MAKE",
          "Tr32UintValue"
        ],
        "undefined_calls": [
          "Tr32UintValue",
          "UI32_MAKE"
        ]
      }
    }
  ],
  "relations": {
    "call_graph": [
      {
        "caller": "CruDataFillTr32",
        "callee": "UI32_MAKE",
        "file": "/home/hp/文档/output/CE7-FYQ-src_flat_out/CruDataFillTr32/IP_CruDataFillTr32.c",
        "line": 13,
        "kind": "function",
        "resolved": false
      },
      {
        "caller": "CruDataFillTr32",
        "callee": "Tr32UintValue",
        "file": "/home/hp/文档/output/CE7-FYQ-src_flat_out/CruDataFillTr32/IP_CruDataFillTr32.c",
        "line": 18,
        "kind": "function",
        "resolved": false
      }
    ],
    "field_accesses": [
      {
        "name": "sCrucialSave.saveBuffLast",
        "reads": 4,
        "writes": 0,
        "read_writes": 0,
        "functions": [
          "CruDataFillTr32"
        ],
        "readers": [
          "CruDataFillTr32"
        ],
        "writers": []
      }
    ],
    "state_transitions": [],
    "missing_local_includes": [],
    "unresolved_calls": {
      "Tr32UintValue": [
        {
          "caller": "CruDataFillTr32",
          "file": "/home/hp/文档/output/CE7-FYQ-src_flat_out/CruDataFillTr32/IP_CruDataFillTr32.c",
          "line": 18
        }
      ],
      "UI32_MAKE": [
        {
          "caller": "CruDataFillTr32",
          "file": "/home/hp/文档/output/CE7-FYQ-src_flat_out/CruDataFillTr32/IP_CruDataFillTr32.c",
          "line": 13
        }
      ]
    }
  },
  "invariants": {
    "project": [
      {
        "kind": "project_input_field",
        "text": "sCrucialSave.saveBuffLast is only read by CruDataFillTr32",
        "confidence": "medium",
        "evidence": "field summary",
        "field": "sCrucialSave.saveBuffLast",
        "readers": [
          "CruDataFillTr32"
        ]
      }
    ]
  }
}
