# No-Compile Static Analysis Log

Root: /home/hp/文档/output/CE7-FYQ-src_flat_out/CcuUartDataProc/IP_CcuUartDataProc.c
Files: 1
Functions: 1
Call edges: 32
Field accesses: 22
Unresolved calls: 6
Missing local includes: 0
Function invariants: 35
Project invariants: 12

## Missing Local Includes
- none

## Duplicate Function Definitions
- none

## Unresolved Calls
- CheckSumAdd08: CcuUartDataProc@IP_CcuUartDataProc.c:36
- MEM_TO_FLT32: CcuUartDataProc@IP_CcuUartDataProc.c:60
- MEM_TO_FLT64: CcuUartDataProc@IP_CcuUartDataProc.c:56, CcuUartDataProc@IP_CcuUartDataProc.c:114, CcuUartDataProc@IP_CcuUartDataProc.c:138, CcuUartDataProc@IP_CcuUartDataProc.c:162
- UI16_MAKE: CcuUartDataProc@IP_CcuUartDataProc.c:22
- UI32_MAKE: CcuUartDataProc@IP_CcuUartDataProc.c:53, CcuUartDataProc@IP_CcuUartDataProc.c:54, CcuUartDataProc@IP_CcuUartDataProc.c:59, CcuUartDataProc@IP_CcuUartDataProc.c:95, CcuUartDataProc@IP_CcuUartDataProc.c:99, CcuUartDataProc@IP_CcuUartDataProc.c:103, CcuUartDataProc@IP_CcuUartDataProc.c:107, CcuUartDataProc@IP_CcuUartDataProc.c:111 (+13 more)
- UI64_MAKE32: CcuUartDataProc@IP_CcuUartDataProc.c:55, CcuUartDataProc@IP_CcuUartDataProc.c:113, CcuUartDataProc@IP_CcuUartDataProc.c:137, CcuUartDataProc@IP_CcuUartDataProc.c:161

## Call Graph
- CcuUartDataProc -> CheckSumAdd08?, MEM_TO_FLT32?, MEM_TO_FLT64? x4, UI16_MAKE?, UI32_MAKE? x21, UI64_MAKE32? x4

## State Transitions
- none

## Field Access Summary
- sTime.sstime: read=4 write=0 read_write=0 functions=CcuUartDataProc
- sZlqCcuRecvData.ZBZ4: read=0 write=1 read_write=0 functions=CcuUartDataProc
- sZlqCcuRecvData.ZZT4: read=0 write=1 read_write=0 functions=CcuUartDataProc
- sZlqCcuRecvData.Zt: read=1 write=1 read_write=0 functions=CcuUartDataProc
- sZlqCcuRecvData.ZtNJSum: read=0 write=1 read_write=0 functions=CcuUartDataProc
- sZlqCcuRecvData.ZtSA: read=2 write=1 read_write=0 functions=CcuUartDataProc
- sZlqCcuRecvData.ZtSB: read=2 write=1 read_write=0 functions=CcuUartDataProc
- sZlqCcuRecvData.ZtSC: read=2 write=1 read_write=0 functions=CcuUartDataProc
- sZlqCcuRecvData.bDataValid: read=0 write=1 read_write=0 functions=CcuUartDataProc
- sZlqCcuRecvData.flgAbnormal: read=0 write=1 read_write=0 functions=CcuUartDataProc
- sZlqCcuRecvData.tmTimezql: read=0 write=1 read_write=0 functions=CcuUartDataProc
- sZlqCcuStatus.flgCommValidRecv: read=1 write=0 read_write=0 functions=CcuUartDataProc

## Project Invariants
- [project_input_field/medium] sTime.sstime is only read by CcuUartDataProc (field summary)
- [project_output_field/medium] sZlqCcuRecvData.ZBZ4 is only written by CcuUartDataProc (field summary)
- [project_output_field/medium] sZlqCcuRecvData.ZZT4 is only written by CcuUartDataProc (field summary)
- [project_state_field/medium] sZlqCcuRecvData.Zt is read and written (field summary)
- [project_output_field/medium] sZlqCcuRecvData.ZtNJSum is only written by CcuUartDataProc (field summary)
- [project_state_field/medium] sZlqCcuRecvData.ZtSA is read and written (field summary)
- [project_state_field/medium] sZlqCcuRecvData.ZtSB is read and written (field summary)
- [project_state_field/medium] sZlqCcuRecvData.ZtSC is read and written (field summary)
- [project_output_field/medium] sZlqCcuRecvData.bDataValid is only written by CcuUartDataProc (field summary)
- [project_output_field/medium] sZlqCcuRecvData.flgAbnormal is only written by CcuUartDataProc (field summary)
- [project_output_field/medium] sZlqCcuRecvData.tmTimezql is only written by CcuUartDataProc (field summary)
- [project_input_field/medium] sZlqCcuStatus.flgCommValidRecv is only read by CcuUartDataProc (field summary)

## Function Details
### CcuUartDataProc (IP_CcuUartDataProc.c:7)
- params: unint08 *buffer08
- locals: bDataValid, chksum, tmpAbnormal, tmpUn16, tmpUn32, tmpUn32more, tmpUn64
- calls: UI16_MAKE, CheckSumAdd08, UI32_MAKE, UI32_MAKE, UI64_MAKE32, MEM_TO_FLT64, UI32_MAKE, MEM_TO_FLT32, UI32_MAKE, UI32_MAKE, UI32_MAKE, UI32_MAKE, UI32_MAKE, UI32_MAKE, UI64_MAKE32, MEM_TO_FLT64, UI32_MAKE, UI32_MAKE, UI32_MAKE, UI32_MAKE, UI32_MAKE, UI32_MAKE, UI64_MAKE32, MEM_TO_FLT64, UI32_MAKE, UI32_MAKE, UI32_MAKE, UI32_MAKE, UI32_MAKE, UI32_MAKE, UI64_MAKE32, MEM_TO_FLT64
- undefined_calls: CheckSumAdd08, MEM_TO_FLT32, MEM_TO_FLT64, UI16_MAKE, UI32_MAKE, UI64_MAKE32
- reads: CheckSumAdd08, FALSE32, MEM_TO_FLT32, MEM_TO_FLT64, POW_2E_N30, TRUE32, UI16_MAKE, UI32_MAKE, UI64_MAKE32, ZLQ_CCU_RECV_DATA_LEN, Zt, ZtSA, ZtSB, ZtSC, attQuat, flgCommValidRecv, float64, sStsRaw, sTime, sZlqCcuRecvData, sZlqCcuStatus, siint32, sstime, unint32
- writes: attQuat, bDataValid, chksum, qv, sZlqCcuRecvData, tS, tSTM, tmpAbnormal, tmpUn16, tmpUn32, tmpUn32more, tmpUn64
- summary.modifies: sZlqCcuRecvData.ZBZ4, sZlqCcuRecvData.ZZT4, sZlqCcuRecvData.Zt, sZlqCcuRecvData.ZtNJSum, sZlqCcuRecvData.ZtSA, sZlqCcuRecvData.ZtSB, sZlqCcuRecvData.ZtSC, sZlqCcuRecvData.bDataValid, sZlqCcuRecvData.flgAbnormal, sZlqCcuRecvData.tmTimezql
- summary.ensures_observed:
  - bDataValid in [0, 4294967295]
  - buffer08 in [0, 255]
  - chksum in [0, 255]
  - sZlqCcuRecvData.bDataValid in [0, 4294967295]
  - sZlqCcuRecvData.flgAbnormal in [0, 255]
  - tmpAbnormal in [0, 255]
  - tmpUn16 in [0, 65535]
  - tmpAbnormal is reset to 0
  - bDataValid assigned values are subset of {FALSE32, TRUE32}
  - tmpAbnormal assigned values are subset of {0x00, 0x11, 0x33, 0xFF}
  - bDataValid observed states subset of {FALSE32, TRUE32}
  - sZlqCcuStatus.flgCommValidRecv observed states subset of {0}
- invariants:
  - [value_range/medium] bDataValid in [0, 4294967295] (macro FALSE32@45; macro TRUE32@50; macro TRUE32@69; macro FALSE32@73; macro TRUE32@78; macro FALSE32@82; macro TRUE32@87; macro FALSE32@91)
  - [value_range/medium] buffer08 in [0, 255] (type unint08)
  - [value_range/medium] chksum in [0, 255] (decl unint08@11)
  - [value_range/medium] sZlqCcuRecvData.bDataValid in [0, 4294967295] (known-symbol@171)
  - [value_range/medium] sZlqCcuRecvData.flgAbnormal in [0, 255] (known-symbol@174)
  - [value_range/medium] tmpAbnormal in [0, 255] (literal@19; literal@26; literal@32; literal@41)
  - [value_range/medium] tmpUn16 in [0, 65535] (decl unint16@13)
  - [condition_range/high]@47 tmpAbnormal in [0, 0] when tmpAbnormal == 0x00 (tmpAbnormal == 0x00)
  - [branch_condition/high]@23 inside if branch: tmpUn16 != 0xEB90 (tmpUn16 != 0xEB90)
  - [branch_condition/high]@29 inside if branch: sZlqCcuStatus.flgCommValidRecv != 0x00 (sZlqCcuStatus.flgCommValidRecv != 0x00)
  - [branch_condition/high]@38 inside if branch: buffer08[ZLQ_CCU_RECV_DATA_LEN-1] != chksum (buffer08[ZLQ_CCU_RECV_DATA_LEN-1] != chksum)
  - [branch_condition/high]@47 inside if branch: tmpAbnormal == 0x00 (tmpAbnormal == 0x00)
  - [branch_condition/high]@67 inside if branch: buffer08[16] == 0x05 (buffer08[16] == 0x05)
  - [branch_condition/high]@76 inside if branch: buffer08[17] == 0x05 (buffer08[17] == 0x05)
  - [branch_condition/high]@85 inside if branch: buffer08[18] == 0x05 (buffer08[18] == 0x05)
  - [assignment_value/high]@19 tmpAbnormal may be assigned 0x00 (tmpAbnormal = 0x00)
  - [reset/high]@19 tmpAbnormal is reset to 0 (tmpAbnormal = 0x00)
  - [assignment_value/high]@26 tmpAbnormal may be assigned 0x11 (tmpAbnormal = 0x11)
  - [assignment_value/high]@32 tmpAbnormal may be assigned 0xFF (tmpAbnormal = 0xFF)
  - [assignment_value/high]@41 tmpAbnormal may be assigned 0x33 (tmpAbnormal = 0x33)
  - [assignment_value/high]@45 bDataValid may be assigned FALSE32 (bDataValid = FALSE32)
  - [assignment_value/high]@50 bDataValid may be assigned TRUE32 (bDataValid = TRUE32)
  - [assignment_value/high]@69 bDataValid may be assigned TRUE32 (bDataValid = TRUE32)
  - [assignment_value/high]@73 bDataValid may be assigned FALSE32 (bDataValid = FALSE32)
  - [assignment_value/high]@78 bDataValid may be assigned TRUE32 (bDataValid = TRUE32)
  - [assignment_value/high]@82 bDataValid may be assigned FALSE32 (bDataValid = FALSE32)
  - [assignment_value/high]@87 bDataValid may be assigned TRUE32 (bDataValid = TRUE32)
  - [assignment_value/high]@91 bDataValid may be assigned FALSE32 (bDataValid = FALSE32)
  - [assigned_value_set/medium] bDataValid assigned values are subset of {FALSE32, TRUE32} (literal/macro assignments)
  - [assigned_value_set/medium] tmpAbnormal assigned values are subset of {0x00, 0x11, 0x33, 0xFF} (literal/macro assignments)
  - ... 5 more
- value_ranges:
  - bDataValid: [0, 4294967295] (macro FALSE32@45; macro TRUE32@50; macro TRUE32@69; macro FALSE32@73; +4 more)
  - buffer08: [0, 255] (type unint08)
  - chksum: [0, 255] (decl unint08@11)
  - sZlqCcuRecvData.bDataValid: [0, 4294967295] (known-symbol@171)
  - sZlqCcuRecvData.flgAbnormal: [0, 255] (known-symbol@174)
  - tmpAbnormal: [0, 255] (literal@19; literal@26; literal@32; literal@41)
  - tmpUn16: [0, 65535] (decl unint16@13)
- condition_ranges:
  - tmpAbnormal: [0, 0] when tmpAbnormal == 0x00@47
- conditions:
  - if@23: tmpUn16 != 0xEB90
  - if@29: sZlqCcuStatus.flgCommValidRecv != 0x00
  - if@38: buffer08[ZLQ_CCU_RECV_DATA_LEN-1] != chksum
  - if@47: tmpAbnormal == 0x00
  - if@67: buffer08[16] == 0x05
  - if@76: buffer08[17] == 0x05
  - if@85: buffer08[18] == 0x05
- assignments:
  - 19: tmpAbnormal = <literal/unknown>
  - 22: tmpUn16 = UI16_MAKE,buffer08
  - 26: tmpAbnormal = <literal/unknown>
  - 32: tmpAbnormal = <literal/unknown>
  - 36: chksum = CheckSumAdd08,ZLQ_CCU_RECV_DATA_LEN,buffer08
  - 41: tmpAbnormal = <literal/unknown>
  - 45: bDataValid = FALSE32
  - 50: bDataValid = TRUE32
  - 53: tmpUn32 = UI32_MAKE,buffer08
  - 54: tmpUn32more = UI32_MAKE,buffer08
  - 55: tmpUn64 = UI64_MAKE32,tmpUn32,tmpUn32more
  - 56: sZlqCcuRecvData.Zt = MEM_TO_FLT64,tmpUn64
  - 59: tmpUn32 = UI32_MAKE,buffer08
  - 60: sZlqCcuRecvData.ZtNJSum = MEM_TO_FLT32,float64,tmpUn32
  - 63: sZlqCcuRecvData.ZZT4 = buffer08,unint32
  - 64: sZlqCcuRecvData.ZBZ4 = buffer08,unint32
  - 69: bDataValid = TRUE32
  - 73: bDataValid = FALSE32
  - 78: bDataValid = TRUE32
  - 82: bDataValid = FALSE32
  - 87: bDataValid = TRUE32
  - 91: bDataValid = FALSE32
  - 95: tmpUn32 = UI32_MAKE,buffer08
  - 96: attQuat[0] = siint32,tmpUn32
  - 97: qv[0] = POW_2E_N30,attQuat,float64,sStsRaw
  - 99: tmpUn32 = UI32_MAKE,buffer08
  - 100: attQuat[1] = siint32,tmpUn32
  - 101: qv[1] = POW_2E_N30,attQuat,float64,sStsRaw
  - 103: tmpUn32 = UI32_MAKE,buffer08
  - 104: attQuat[2] = siint32,tmpUn32
  - 105: qv[2] = POW_2E_N30,attQuat,float64,sStsRaw
  - 107: tmpUn32 = UI32_MAKE,buffer08
  - 108: attQuat[3] = siint32,tmpUn32
  - 109: qv[3] = POW_2E_N30,attQuat,float64,sStsRaw
  - 111: tmpUn32 = UI32_MAKE,buffer08
  - 112: tmpUn32more = UI32_MAKE,buffer08
  - 113: tmpUn64 = UI64_MAKE32,tmpUn32,tmpUn32more
  - 114: sZlqCcuRecvData.ZtSA = MEM_TO_FLT64,tmpUn64
  - 115: tSTM = ZtSA,sTime,sZlqCcuRecvData,sstime
  - 116: tS = ZtSA,sZlqCcuRecvData
  - ... 39 more

## JSON
{
  "root": "/home/hp/文档/output/CE7-FYQ-src_flat_out/CcuUartDataProc/IP_CcuUartDataProc.c",
  "files": [
    {
      "file": "/home/hp/文档/output/CE7-FYQ-src_flat_out/CcuUartDataProc/IP_CcuUartDataProc.c",
      "lines": 178,
      "includes": [
        {
          "name": "IP_CcuUartDataProc.h",
          "kind": "local",
          "line": 1,
          "resolved": "/home/hp/文档/output/CE7-FYQ-src_flat_out/CcuUartDataProc/IP_CcuUartDataProc.h"
        }
      ],
      "macros": [],
      "typedefs": [],
      "globals": [],
      "functions": [
        {
          "name": "CcuUartDataProc",
          "line": 7,
          "params": [
            "unint08 *buffer08"
          ]
        }
      ]
    }
  ],
  "summary": {
    "file_count": 1,
    "function_count": 1,
    "defined_function_count": 1,
    "declared_function_count": 0,
    "macro_count": 0,
    "typedef_count": 0,
    "global_count": 0,
    "call_edge_count": 32,
    "unresolved_call_count": 6,
    "field_access_count": 22,
    "missing_local_include_count": 0,
    "function_invariant_count": 35,
    "project_invariant_count": 12
  },
  "symbols": {
    "defined_functions": {
      "CcuUartDataProc": [
        {
          "file": "/home/hp/文档/output/CE7-FYQ-src_flat_out/CcuUartDataProc/IP_CcuUartDataProc.c",
          "line": 7
        }
      ]
    },
    "declared_functions": {},
    "macros": {},
    "typedefs": {},
    "enum_constants": [],
    "globals": {},
    "struct_fields": {},
    "duplicate_functions": {}
  },
  "functions": [
    {
      "file": "/home/hp/文档/output/CE7-FYQ-src_flat_out/CcuUartDataProc/IP_CcuUartDataProc.c",
      "name": "CcuUartDataProc",
      "line": 7,
      "return_type": "boolu32",
      "params": [
        "unint08 *buffer08"
      ],
      "locals": [
        "bDataValid",
        "chksum",
        "tmpAbnormal",
        "tmpUn16",
        "tmpUn32",
        "tmpUn32more",
        "tmpUn64"
      ],
      "calls": [
        {
          "name": "UI16_MAKE",
          "line": 22,
          "kind": "function",
          "resolved": false
        },
        {
          "name": "CheckSumAdd08",
          "line": 36,
          "kind": "function",
          "resolved": false
        },
        {
          "name": "UI32_MAKE",
          "line": 53,
          "kind": "function",
          "resolved": false
        },
        {
          "name": "UI32_MAKE",
          "line": 54,
          "kind": "function",
          "resolved": false
        },
        {
          "name": "UI64_MAKE32",
          "line": 55,
          "kind": "function",
          "resolved": false
        },
        {
          "name": "MEM_TO_FLT64",
          "line": 56,
          "kind": "function",
          "resolved": false
        },
        {
          "name": "UI32_MAKE",
          "line": 59,
          "kind": "function",
          "resolved": false
        },
        {
          "name": "MEM_TO_FLT32",
          "line": 60,
          "kind": "function",
          "resolved": false
        },
        {
          "name": "UI32_MAKE",
          "line": 95,
          "kind": "function",
          "resolved": false
        },
        {
          "name": "UI32_MAKE",
          "line": 99,
          "kind": "function",
          "resolved": false
        },
        {
          "name": "UI32_MAKE",
          "line": 103,
          "kind": "function",
          "resolved": false
        },
        {
          "name": "UI32_MAKE",
          "line": 107,
          "kind": "function",
          "resolved": false
        },
        {
          "name": "UI32_MAKE",
          "line": 111,
          "kind": "function",
          "resolved": false
        },
        {
          "name": "UI32_MAKE",
          "line": 112,
          "kind": "function",
          "resolved": false
        },
        {
          "name": "UI64_MAKE32",
          "line": 113,
          "kind": "function",
          "resolved": false
        },
        {
          "name": "MEM_TO_FLT64",
          "line": 114,
          "kind": "function",
          "resolved": false
        },
        {
          "name": "UI32_MAKE",
          "line": 119,
          "kind": "function",
          "resolved": false
        },
        {
          "name": "UI32_MAKE",
          "line": 123,
          "kind": "function",
          "resolved": false
        },
        {
          "name": "UI32_MAKE",
          "line": 127,
          "kind": "function",
          "resolved": false
        },
        {
          "name": "UI32_MAKE",
          "line": 131,
          "kind": "function",
          "resolved": false
        },
        {
          "name": "UI32_MAKE",
          "line": 135,
          "kind": "function",
          "resolved": false
        },
        {
          "name": "UI32_MAKE",
          "line": 136,
          "kind": "function",
          "resolved": false
        },
        {
          "name": "UI64_MAKE32",
          "line": 137,
          "kind": "function",
          "resolved": false
        },
        {
          "name": "MEM_TO_FLT64",
          "line": 138,
          "kind": "function",
          "resolved": false
        },
        {
          "name": "UI32_MAKE",
          "line": 143,
          "kind": "function",
          "resolved": false
        },
        {
          "name": "UI32_MAKE",
          "line": 147,
          "kind": "function",
          "resolved": false
        },
        {
          "name": "UI32_MAKE",
          "line": 151,
          "kind": "function",
          "resolved": false
        },
        {
          "name": "UI32_MAKE",
          "line": 155,
          "kind": "function",
          "resolved": false
        },
        {
          "name": "UI32_MAKE",
          "line": 159,
          "kind": "function",
          "resolved": false
        },
        {
          "name": "UI32_MAKE",
          "line": 160,
          "kind": "function",
          "resolved": false
        },
        {
          "name": "UI64_MAKE32",
          "line": 161,
          "kind": "function",
          "resolved": false
        },
        {
          "name": "MEM_TO_FLT64",
          "line": 162,
          "kind": "function",
          "resolved": false
        }
      ],
      "assignments": [
        {
          "line": 19,
          "lhs": "tmpAbnormal",
          "operator": "=",
          "rhs": "0x00",
          "rhs_identifiers": []
        },
        {
          "line": 22,
          "lhs": "tmpUn16",
          "operator": "=",
          "rhs": "UI16_MAKE(buffer08[0], buffer08[1])",
          "rhs_identifiers": [
            "UI16_MAKE",
            "buffer08"
          ]
        },
        {
          "line": 26,
          "lhs": "tmpAbnormal",
          "operator": "=",
          "rhs": "0x11",
          "rhs_identifiers": []
        },
        {
          "line": 32,
          "lhs": "tmpAbnormal",
          "operator": "=",
          "rhs": "0xFF",
          "rhs_identifiers": []
        },
        {
          "line": 36,
          "lhs": "chksum",
          "operator": "=",
          "rhs": "CheckSumAdd08(&buffer08[0], (ZLQ_CCU_RECV_DATA_LEN-1))",
          "rhs_identifiers": [
            "CheckSumAdd08",
            "ZLQ_CCU_RECV_DATA_LEN",
            "buffer08"
          ]
        },
        {
          "line": 41,
          "lhs": "tmpAbnormal",
          "operator": "=",
          "rhs": "0x33",
          "rhs_identifiers": []
        },
        {
          "line": 45,
          "lhs": "bDataValid",
          "operator": "=",
          "rhs": "FALSE32",
          "rhs_identifiers": [
            "FALSE32"
          ]
        },
        {
          "line": 50,
          "lhs": "bDataValid",
          "operator": "=",
          "rhs": "TRUE32",
          "rhs_identifiers": [
            "TRUE32"
          ]
        },
        {
          "line": 53,
          "lhs": "tmpUn32",
          "operator": "=",
          "rhs": "UI32_MAKE(buffer08[2], buffer08[3], buffer08[4], buffer08[5])",
          "rhs_identifiers": [
            "UI32_MAKE",
            "buffer08"
          ]
        },
        {
          "line": 54,
          "lhs": "tmpUn32more",
          "operator": "=",
          "rhs": "UI32_MAKE(buffer08[6], buffer08[7], buffer08[8], buffer08[9])",
          "rhs_identifiers": [
            "UI32_MAKE",
            "buffer08"
          ]
        },
        {
          "line": 55,
          "lhs": "tmpUn64",
          "operator": "=",
          "rhs": "UI64_MAKE32(tmpUn32, tmpUn32more)",
          "rhs_identifiers": [
            "UI64_MAKE32",
            "tmpUn32",
            "tmpUn32more"
          ]
        },
        {
          "line": 56,
          "lhs": "sZlqCcuRecvData.Zt",
          "operator": "=",
          "rhs": "MEM_TO_FLT64(&tmpUn64)",
          "rhs_identifiers": [
            "MEM_TO_FLT64",
            "tmpUn64"
          ]
        },
        {
          "line": 59,
          "lhs": "tmpUn32",
          "operator": "=",
          "rhs": "UI32_MAKE(buffer08[10], buffer08[11], buffer08[12], buffer08[13])",
          "rhs_identifiers": [
            "UI32_MAKE",
            "buffer08"
          ]
        },
        {
          "line": 60,
          "lhs": "sZlqCcuRecvData.ZtNJSum",
          "operator": "=",
          "rhs": "(float64)MEM_TO_FLT32(&tmpUn32)",
          "rhs_identifiers": [
            "MEM_TO_FLT32",
            "float64",
            "tmpUn32"
          ]
        },
        {
          "line": 63,
          "lhs": "sZlqCcuRecvData.ZZT4",
          "operator": "=",
          "rhs": "(unint32)buffer08[14]",
          "rhs_identifiers": [
            "buffer08",
            "unint32"
          ]
        },
        {
          "line": 64,
          "lhs": "sZlqCcuRecvData.ZBZ4",
          "operator": "=",
          "rhs": "(unint32)buffer08[15]",
          "rhs_identifiers": [
            "buffer08",
            "unint32"
          ]
        },
        {
          "line": 69,
          "lhs": "bDataValid",
          "operator": "=",
          "rhs": "TRUE32",
          "rhs_identifiers": [
            "TRUE32"
          ]
        },
        {
          "line": 73,
          "lhs": "bDataValid",
          "operator": "=",
          "rhs": "FALSE32",
          "rhs_identifiers": [
            "FALSE32"
          ]
        },
        {
          "line": 78,
          "lhs": "bDataValid",
          "operator": "=",
          "rhs": "TRUE32",
          "rhs_identifiers": [
            "TRUE32"
          ]
        },
        {
          "line": 82,
          "lhs": "bDataValid",
          "operator": "=",
          "rhs": "FALSE32",
          "rhs_identifiers": [
            "FALSE32"
          ]
        },
        {
          "line": 87,
          "lhs": "bDataValid",
          "operator": "=",
          "rhs": "TRUE32",
          "rhs_identifiers": [
            "TRUE32"
          ]
        },
        {
          "line": 91,
          "lhs": "bDataValid",
          "operator": "=",
          "rhs": "FALSE32",
          "rhs_identifiers": [
            "FALSE32"
          ]
        },
        {
          "line": 95,
          "lhs": "tmpUn32",
          "operator": "=",
          "rhs": "UI32_MAKE(buffer08[19], buffer08[20], buffer08[21], buffer08[22])",
          "rhs_identifiers": [
            "UI32_MAKE",
            "buffer08"
          ]
        },
        {
          "line": 96,
          "lhs": "attQuat[0]",
          "operator": "=",
          "rhs": "(siint32)tmpUn32",
          "rhs_identifiers": [
            "siint32",
            "tmpUn32"
          ]
        },
        {
          "line": 97,
          "lhs": "qv[0]",
          "operator": "=",
          "rhs": "(float64)sStsRaw[2].attQuat[0] * POW_2E_N30",
          "rhs_identifiers": [
            "POW_2E_N30",
            "attQuat",
            "float64",
            "sStsRaw"
          ]
        },
        {
          "line": 99,
          "lhs": "tmpUn32",
          "operator": "=",
          "rhs": "UI32_MAKE(buffer08[23], buffer08[24], buffer08[25], buffer08[26])",
          "rhs_identifiers": [
            "UI32_MAKE",
            "buffer08"
          ]
        },
        {
          "line": 100,
          "lhs": "attQuat[1]",
          "operator": "=",
          "rhs": "(siint32)tmpUn32",
          "rhs_identifiers": [
            "siint32",
            "tmpUn32"
          ]
        },
        {
          "line": 101,
          "lhs": "qv[1]",
          "operator": "=",
          "rhs": "(float64)sStsRaw[2].attQuat[1] * POW_2E_N30",
          "rhs_identifiers": [
            "POW_2E_N30",
            "attQuat",
            "float64",
            "sStsRaw"
          ]
        },
        {
          "line": 103,
          "lhs": "tmpUn32",
          "operator": "=",
          "rhs": "UI32_MAKE(buffer08[27], buffer08[28], buffer08[29], buffer08[30])",
          "rhs_identifiers": [
            "UI32_MAKE",
            "buffer08"
          ]
        },
        {
          "line": 104,
          "lhs": "attQuat[2]",
          "operator": "=",
          "rhs": "(siint32)tmpUn32",
          "rhs_identifiers": [
            "siint32",
            "tmpUn32"
          ]
        },
        {
          "line": 105,
          "lhs": "qv[2]",
          "operator": "=",
          "rhs": "(float64)sStsRaw[2].attQuat[2] * POW_2E_N30",
          "rhs_identifiers": [
            "POW_2E_N30",
            "attQuat",
            "float64",
            "sStsRaw"
          ]
        },
        {
          "line": 107,
          "lhs": "tmpUn32",
          "operator": "=",
          "rhs": "UI32_MAKE(buffer08[31], buffer08[32], buffer08[33], buffer08[34])",
          "rhs_identifiers": [
            "UI32_MAKE",
            "buffer08"
          ]
        },
        {
          "line": 108,
          "lhs": "attQuat[3]",
          "operator": "=",
          "rhs": "(siint32)tmpUn32",
          "rhs_identifiers": [
            "siint32",
            "tmpUn32"
          ]
        },
        {
          "line": 109,
          "lhs": "qv[3]",
          "operator": "=",
          "rhs": "(float64)sStsRaw[2].attQuat[3] * POW_2E_N30",
          "rhs_identifiers": [
            "POW_2E_N30",
            "attQuat",
            "float64",
            "sStsRaw"
          ]
        },
        {
          "line": 111,
          "lhs": "tmpUn32",
          "operator": "=",
          "rhs": "UI32_MAKE(buffer08[35], buffer08[36], buffer08[37], buffer08[38])",
          "rhs_identifiers": [
            "UI32_MAKE",
            "buffer08"
          ]
        },
        {
          "line": 112,
          "lhs": "tmpUn32more",
          "operator": "=",
          "rhs": "UI32_MAKE(buffer08[39], buffer08[40], buffer08[41], buffer08[42])",
          "rhs_identifiers": [
            "UI32_MAKE",
            "buffer08"
          ]
        },
        {
          "line": 113,
          "lhs": "tmpUn64",
          "operator": "=",
          "rhs": "UI64_MAKE32(tmpUn32, tmpUn32more)",
          "rhs_identifiers": [
            "UI64_MAKE32",
            "tmpUn32",
            "tmpUn32more"
          ]
        },
        {
          "line": 114,
          "lhs": "sZlqCcuRecvData.ZtSA",
          "operator": "=",
          "rhs": "MEM_TO_FLT64(&tmpUn64)",
          "rhs_identifiers": [
            "MEM_TO_FLT64",
            "tmpUn64"
          ]
        },
        {
          "line": 115,
          "lhs": "tSTM",
          "operator": "=",
          "rhs": "sTime.sstime - sZlqCcuRecvData.ZtSA",
          "rhs_identifiers": [
            "ZtSA",
            "sTime",
            "sZlqCcuRecvData",
            "sstime"
          ]
        },
        {
          "line": 116,
          "lhs": "tS",
          "operator": "=",
          "rhs": "sZlqCcuRecvData.ZtSA",
          "rhs_identifiers": [
            "ZtSA",
            "sZlqCcuRecvData"
          ]
        },
        {
          "line": 119,
          "lhs": "tmpUn32",
          "operator": "=",
          "rhs": "UI32_MAKE(buffer08[43], buffer08[44], buffer08[45], buffer08[46])",
          "rhs_identifiers": [
            "UI32_MAKE",
            "buffer08"
          ]
        },
        {
          "line": 120,
          "lhs": "attQuat[0]",
          "operator": "=",
          "rhs": "(siint32)tmpUn32",
          "rhs_identifiers": [
            "siint32",
            "tmpUn32"
          ]
        },
        {
          "line": 121,
          "lhs": "qv[0]",
          "operator": "=",
          "rhs": "(float64)sStsRaw[3].attQuat[0] * POW_2E_N30",
          "rhs_identifiers": [
            "POW_2E_N30",
            "attQuat",
            "float64",
            "sStsRaw"
          ]
        },
        {
          "line": 123,
          "lhs": "tmpUn32",
          "operator": "=",
          "rhs": "UI32_MAKE(buffer08[47], buffer08[48], buffer08[49], buffer08[50])",
          "rhs_identifiers": [
            "UI32_MAKE",
            "buffer08"
          ]
        },
        {
          "line": 124,
          "lhs": "attQuat[1]",
          "operator": "=",
          "rhs": "(siint32)tmpUn32",
          "rhs_identifiers": [
            "siint32",
            "tmpUn32"
          ]
        },
        {
          "line": 125,
          "lhs": "qv[1]",
          "operator": "=",
          "rhs": "(float64)sStsRaw[3].attQuat[1] * POW_2E_N30",
          "rhs_identifiers": [
            "POW_2E_N30",
            "attQuat",
            "float64",
            "sStsRaw"
          ]
        },
        {
          "line": 127,
          "lhs": "tmpUn32",
          "operator": "=",
          "rhs": "UI32_MAKE(buffer08[51], buffer08[52], buffer08[53], buffer08[54])",
          "rhs_identifiers": [
            "UI32_MAKE",
            "buffer08"
          ]
        },
        {
          "line": 128,
          "lhs": "attQuat[2]",
          "operator": "=",
          "rhs": "(siint32)tmpUn32",
          "rhs_identifiers": [
            "siint32",
            "tmpUn32"
          ]
        },
        {
          "line": 129,
          "lhs": "qv[2]",
          "operator": "=",
          "rhs": "(float64)sStsRaw[3].attQuat[2] * POW_2E_N30",
          "rhs_identifiers": [
            "POW_2E_N30",
            "attQuat",
            "float64",
            "sStsRaw"
          ]
        },
        {
          "line": 131,
          "lhs": "tmpUn32",
          "operator": "=",
          "rhs": "UI32_MAKE(buffer08[55], buffer08[56], buffer08[57], buffer08[58])",
          "rhs_identifiers": [
            "UI32_MAKE",
            "buffer08"
          ]
        },
        {
          "line": 132,
          "lhs": "attQuat[3]",
          "operator": "=",
          "rhs": "(siint32)tmpUn32",
          "rhs_identifiers": [
            "siint32",
            "tmpUn32"
          ]
        },
        {
          "line": 133,
          "lhs": "qv[3]",
          "operator": "=",
          "rhs": "(float64)sStsRaw[3].attQuat[3] * POW_2E_N30",
          "rhs_identifiers": [
            "POW_2E_N30",
            "attQuat",
            "float64",
            "sStsRaw"
          ]
        },
        {
          "line": 135,
          "lhs": "tmpUn32",
          "operator": "=",
          "rhs": "UI32_MAKE(buffer08[59], buffer08[60], buffer08[61], buffer08[62])",
          "rhs_identifiers": [
            "UI32_MAKE",
            "buffer08"
          ]
        },
        {
          "line": 136,
          "lhs": "tmpUn32more",
          "operator": "=",
          "rhs": "UI32_MAKE(buffer08[63], buffer08[64], buffer08[65], buffer08[66])",
          "rhs_identifiers": [
            "UI32_MAKE",
            "buffer08"
          ]
        },
        {
          "line": 137,
          "lhs": "tmpUn64",
          "operator": "=",
          "rhs": "UI64_MAKE32(tmpUn32, tmpUn32more)",
          "rhs_identifiers": [
            "UI64_MAKE32",
            "tmpUn32",
            "tmpUn32more"
          ]
        },
        {
          "line": 138,
          "lhs": "sZlqCcuRecvData.ZtSB",
          "operator": "=",
          "rhs": "MEM_TO_FLT64(&tmpUn64)",
          "rhs_identifiers": [
            "MEM_TO_FLT64",
            "tmpUn64"
          ]
        },
        {
          "line": 139,
          "lhs": "tSTM",
          "operator": "=",
          "rhs": "sTime.sstime - sZlqCcuRecvData.ZtSB",
          "rhs_identifiers": [
            "ZtSB",
            "sTime",
            "sZlqCcuRecvData",
            "sstime"
          ]
        },
        {
          "line": 140,
          "lhs": "tS",
          "operator": "=",
          "rhs": "sZlqCcuRecvData.ZtSB",
          "rhs_identifiers": [
            "ZtSB",
            "sZlqCcuRecvData"
          ]
        },
        {
          "line": 143,
          "lhs": "tmpUn32",
          "operator": "=",
          "rhs": "UI32_MAKE(buffer08[67], buffer08[68], buffer08[69], buffer08[70])",
          "rhs_identifiers": [
            "UI32_MAKE",
            "buffer08"
          ]
        },
        {
          "line": 144,
          "lhs": "attQuat[0]",
          "operator": "=",
          "rhs": "(siint32)tmpUn32",
          "rhs_identifiers": [
            "siint32",
            "tmpUn32"
          ]
        },
        {
          "line": 145,
          "lhs": "qv[0]",
          "operator": "=",
          "rhs": "(float64)sStsRaw[4].attQuat[0] * POW_2E_N30",
          "rhs_identifiers": [
            "POW_2E_N30",
            "attQuat",
            "float64",
            "sStsRaw"
          ]
        },
        {
          "line": 147,
          "lhs": "tmpUn32",
          "operator": "=",
          "rhs": "UI32_MAKE(buffer08[71], buffer08[72], buffer08[73], buffer08[74])",
          "rhs_identifiers": [
            "UI32_MAKE",
            "buffer08"
          ]
        },
        {
          "line": 148,
          "lhs": "attQuat[1]",
          "operator": "=",
          "rhs": "(siint32)tmpUn32",
          "rhs_identifiers": [
            "siint32",
            "tmpUn32"
          ]
        },
        {
          "line": 149,
          "lhs": "qv[1]",
          "operator": "=",
          "rhs": "(float64)sStsRaw[4].attQuat[1] * POW_2E_N30",
          "rhs_identifiers": [
            "POW_2E_N30",
            "attQuat",
            "float64",
            "sStsRaw"
          ]
        },
        {
          "line": 151,
          "lhs": "tmpUn32",
          "operator": "=",
          "rhs": "UI32_MAKE(buffer08[75], buffer08[76], buffer08[77], buffer08[78])",
          "rhs_identifiers": [
            "UI32_MAKE",
            "buffer08"
          ]
        },
        {
          "line": 152,
          "lhs": "attQuat[2]",
          "operator": "=",
          "rhs": "(siint32)tmpUn32",
          "rhs_identifiers": [
            "siint32",
            "tmpUn32"
          ]
        },
        {
          "line": 153,
          "lhs": "qv[2]",
          "operator": "=",
          "rhs": "(float64)sStsRaw[4].attQuat[2] * POW_2E_N30",
          "rhs_identifiers": [
            "POW_2E_N30",
            "attQuat",
            "float64",
            "sStsRaw"
          ]
        },
        {
          "line": 155,
          "lhs": "tmpUn32",
          "operator": "=",
          "rhs": "UI32_MAKE(buffer08[79], buffer08[80], buffer08[81], buffer08[82])",
          "rhs_identifiers": [
            "UI32_MAKE",
            "buffer08"
          ]
        },
        {
          "line": 156,
          "lhs": "attQuat[3]",
          "operator": "=",
          "rhs": "(siint32)tmpUn32",
          "rhs_identifiers": [
            "siint32",
            "tmpUn32"
          ]
        },
        {
          "line": 157,
          "lhs": "qv[3]",
          "operator": "=",
          "rhs": "(float64)sStsRaw[4].attQuat[3] * POW_2E_N30",
          "rhs_identifiers": [
            "POW_2E_N30",
            "attQuat",
            "float64",
            "sStsRaw"
          ]
        },
        {
          "line": 159,
          "lhs": "tmpUn32",
          "operator": "=",
          "rhs": "UI32_MAKE(buffer08[83], buffer08[84], buffer08[85], buffer08[86])",
          "rhs_identifiers": [
            "UI32_MAKE",
            "buffer08"
          ]
        },
        {
          "line": 160,
          "lhs": "tmpUn32more",
          "operator": "=",
          "rhs": "UI32_MAKE(buffer08[87], buffer08[88], buffer08[89], buffer08[90])",
          "rhs_identifiers": [
            "UI32_MAKE",
            "buffer08"
          ]
        },
        {
          "line": 161,
          "lhs": "tmpUn64",
          "operator": "=",
          "rhs": "UI64_MAKE32(tmpUn32, tmpUn32more)",
          "rhs_identifiers": [
            "UI64_MAKE32",
            "tmpUn32",
            "tmpUn32more"
          ]
        },
        {
          "line": 162,
          "lhs": "sZlqCcuRecvData.ZtSC",
          "operator": "=",
          "rhs": "MEM_TO_FLT64(&tmpUn64)",
          "rhs_identifiers": [
            "MEM_TO_FLT64",
            "tmpUn64"
          ]
        },
        {
          "line": 163,
          "lhs": "tSTM",
          "operator": "=",
          "rhs": "sTime.sstime - sZlqCcuRecvData.ZtSC",
          "rhs_identifiers": [
            "ZtSC",
            "sTime",
            "sZlqCcuRecvData",
            "sstime"
          ]
        },
        {
          "line": 164,
          "lhs": "tS",
          "operator": "=",
          "rhs": "sZlqCcuRecvData.ZtSC",
          "rhs_identifiers": [
            "ZtSC",
            "sZlqCcuRecvData"
          ]
        },
        {
          "line": 167,
          "lhs": "sZlqCcuRecvData.tmTimezql",
          "operator": "=",
          "rhs": "sTime.sstime - sZlqCcuRecvData.Zt",
          "rhs_identifiers": [
            "Zt",
            "sTime",
            "sZlqCcuRecvData",
            "sstime"
          ]
        },
        {
          "line": 171,
          "lhs": "sZlqCcuRecvData.bDataValid",
          "operator": "=",
          "rhs": "bDataValid",
          "rhs_identifiers": [
            "bDataValid"
          ]
        },
        {
          "line": 174,
          "lhs": "sZlqCcuRecvData.flgAbnormal",
          "operator": "=",
          "rhs": "tmpAbnormal",
          "rhs_identifiers": [
            "tmpAbnormal"
          ]
        }
      ],
      "conditions": [
        {
          "line": 23,
          "kind": "if",
          "expression": "tmpUn16 != 0xEB90",
          "identifiers": [
            "tmpUn16"
          ]
        },
        {
          "line": 29,
          "kind": "if",
          "expression": "sZlqCcuStatus.flgCommValidRecv != 0x00",
          "identifiers": [
            "flgCommValidRecv",
            "sZlqCcuStatus"
          ]
        },
        {
          "line": 38,
          "kind": "if",
          "expression": "buffer08[ZLQ_CCU_RECV_DATA_LEN-1] != chksum",
          "identifiers": [
            "ZLQ_CCU_RECV_DATA_LEN",
            "buffer08",
            "chksum"
          ]
        },
        {
          "line": 47,
          "kind": "if",
          "expression": "tmpAbnormal == 0x00",
          "identifiers": [
            "tmpAbnormal"
          ]
        },
        {
          "line": 67,
          "kind": "if",
          "expression": "buffer08[16] == 0x05",
          "identifiers": [
            "buffer08"
          ]
        },
        {
          "line": 76,
          "kind": "if",
          "expression": "buffer08[17] == 0x05",
          "identifiers": [
            "buffer08"
          ]
        },
        {
          "line": 85,
          "kind": "if",
          "expression": "buffer08[18] == 0x05",
          "identifiers": [
            "buffer08"
          ]
        }
      ],
      "switch_cases": [],
      "field_accesses": [
        {
          "line": 29,
          "object": "sZlqCcuStatus",
          "operator": ".",
          "field": "flgCommValidRecv",
          "access": "read",
          "name": "sZlqCcuStatus.flgCommValidRecv"
        },
        {
          "line": 56,
          "object": "sZlqCcuRecvData",
          "operator": ".",
          "field": "Zt",
          "access": "write",
          "name": "sZlqCcuRecvData.Zt"
        },
        {
          "line": 60,
          "object": "sZlqCcuRecvData",
          "operator": ".",
          "field": "ZtNJSum",
          "access": "write",
          "name": "sZlqCcuRecvData.ZtNJSum"
        },
        {
          "line": 63,
          "object": "sZlqCcuRecvData",
          "operator": ".",
          "field": "ZZT4",
          "access": "write",
          "name": "sZlqCcuRecvData.ZZT4"
        },
        {
          "line": 64,
          "object": "sZlqCcuRecvData",
          "operator": ".",
          "field": "ZBZ4",
          "access": "write",
          "name": "sZlqCcuRecvData.ZBZ4"
        },
        {
          "line": 114,
          "object": "sZlqCcuRecvData",
          "operator": ".",
          "field": "ZtSA",
          "access": "write",
          "name": "sZlqCcuRecvData.ZtSA"
        },
        {
          "line": 115,
          "object": "sTime",
          "operator": ".",
          "field": "sstime",
          "access": "read",
          "name": "sTime.sstime"
        },
        {
          "line": 115,
          "object": "sZlqCcuRecvData",
          "operator": ".",
          "field": "ZtSA",
          "access": "read",
          "name": "sZlqCcuRecvData.ZtSA"
        },
        {
          "line": 116,
          "object": "sZlqCcuRecvData",
          "operator": ".",
          "field": "ZtSA",
          "access": "read",
          "name": "sZlqCcuRecvData.ZtSA"
        },
        {
          "line": 138,
          "object": "sZlqCcuRecvData",
          "operator": ".",
          "field": "ZtSB",
          "access": "write",
          "name": "sZlqCcuRecvData.ZtSB"
        },
        {
          "line": 139,
          "object": "sTime",
          "operator": ".",
          "field": "sstime",
          "access": "read",
          "name": "sTime.sstime"
        },
        {
          "line": 139,
          "object": "sZlqCcuRecvData",
          "operator": ".",
          "field": "ZtSB",
          "access": "read",
          "name": "sZlqCcuRecvData.ZtSB"
        },
        {
          "line": 140,
          "object": "sZlqCcuRecvData",
          "operator": ".",
          "field": "ZtSB",
          "access": "read",
          "name": "sZlqCcuRecvData.ZtSB"
        },
        {
          "line": 162,
          "object": "sZlqCcuRecvData",
          "operator": ".",
          "field": "ZtSC",
          "access": "write",
          "name": "sZlqCcuRecvData.ZtSC"
        },
        {
          "line": 163,
          "object": "sTime",
          "operator": ".",
          "field": "sstime",
          "access": "read",
          "name": "sTime.sstime"
        },
        {
          "line": 163,
          "object": "sZlqCcuRecvData",
          "operator": ".",
          "field": "ZtSC",
          "access": "read",
          "name": "sZlqCcuRecvData.ZtSC"
        },
        {
          "line": 164,
          "object": "sZlqCcuRecvData",
          "operator": ".",
          "field": "ZtSC",
          "access": "read",
          "name": "sZlqCcuRecvData.ZtSC"
        },
        {
          "line": 167,
          "object": "sZlqCcuRecvData",
          "operator": ".",
          "field": "tmTimezql",
          "access": "write",
          "name": "sZlqCcuRecvData.tmTimezql"
        },
        {
          "line": 167,
          "object": "sTime",
          "operator": ".",
          "field": "sstime",
          "access": "read",
          "name": "sTime.sstime"
        },
        {
          "line": 167,
          "object": "sZlqCcuRecvData",
          "operator": ".",
          "field": "Zt",
          "access": "read",
          "name": "sZlqCcuRecvData.Zt"
        },
        {
          "line": 171,
          "object": "sZlqCcuRecvData",
          "operator": ".",
          "field": "bDataValid",
          "access": "write",
          "name": "sZlqCcuRecvData.bDataValid"
        },
        {
          "line": 174,
          "object": "sZlqCcuRecvData",
          "operator": ".",
          "field": "flgAbnormal",
          "access": "write",
          "name": "sZlqCcuRecvData.flgAbnormal"
        }
      ],
      "returns": [
        {
          "line": 176,
          "expression": "bDataValid",
          "identifiers": [
            "bDataValid"
          ]
        }
      ],
      "macro_uses": [
        {
          "name": "FALSE32",
          "line": 45,
          "known": false
        },
        {
          "name": "FALSE32",
          "line": 73,
          "known": false
        },
        {
          "name": "FALSE32",
          "line": 82,
          "known": false
        },
        {
          "name": "FALSE32",
          "line": 91,
          "known": false
        },
        {
          "name": "MEM_TO_FLT32",
          "line": 60,
          "known": false
        },
        {
          "name": "MEM_TO_FLT64",
          "line": 56,
          "known": false
        },
        {
          "name": "MEM_TO_FLT64",
          "line": 114,
          "known": false
        },
        {
          "name": "MEM_TO_FLT64",
          "line": 138,
          "known": false
        },
        {
          "name": "MEM_TO_FLT64",
          "line": 162,
          "known": false
        },
        {
          "name": "POW_2E_N30",
          "line": 97,
          "known": false
        },
        {
          "name": "POW_2E_N30",
          "line": 101,
          "known": false
        },
        {
          "name": "POW_2E_N30",
          "line": 105,
          "known": false
        },
        {
          "name": "POW_2E_N30",
          "line": 109,
          "known": false
        },
        {
          "name": "POW_2E_N30",
          "line": 121,
          "known": false
        },
        {
          "name": "POW_2E_N30",
          "line": 125,
          "known": false
        },
        {
          "name": "POW_2E_N30",
          "line": 129,
          "known": false
        },
        {
          "name": "POW_2E_N30",
          "line": 133,
          "known": false
        },
        {
          "name": "POW_2E_N30",
          "line": 145,
          "known": false
        },
        {
          "name": "POW_2E_N30",
          "line": 149,
          "known": false
        },
        {
          "name": "POW_2E_N30",
          "line": 153,
          "known": false
        },
        {
          "name": "POW_2E_N30",
          "line": 157,
          "known": false
        },
        {
          "name": "TRUE32",
          "line": 50,
          "known": false
        },
        {
          "name": "TRUE32",
          "line": 69,
          "known": false
        },
        {
          "name": "TRUE32",
          "line": 78,
          "known": false
        },
        {
          "name": "TRUE32",
          "line": 87,
          "known": false
        },
        {
          "name": "UI16_MAKE",
          "line": 22,
          "known": false
        },
        {
          "name": "UI32_MAKE",
          "line": 53,
          "known": false
        },
        {
          "name": "UI32_MAKE",
          "line": 54,
          "known": false
        },
        {
          "name": "UI32_MAKE",
          "line": 59,
          "known": false
        },
        {
          "name": "UI32_MAKE",
          "line": 95,
          "known": false
        },
        {
          "name": "UI32_MAKE",
          "line": 99,
          "known": false
        },
        {
          "name": "UI32_MAKE",
          "line": 103,
          "known": false
        },
        {
          "name": "UI32_MAKE",
          "line": 107,
          "known": false
        },
        {
          "name": "UI32_MAKE",
          "line": 111,
          "known": false
        },
        {
          "name": "UI32_MAKE",
          "line": 112,
          "known": false
        },
        {
          "name": "UI32_MAKE",
          "line": 119,
          "known": false
        },
        {
          "name": "UI32_MAKE",
          "line": 123,
          "known": false
        },
        {
          "name": "UI32_MAKE",
          "line": 127,
          "known": false
        },
        {
          "name": "UI32_MAKE",
          "line": 131,
          "known": false
        },
        {
          "name": "UI32_MAKE",
          "line": 135,
          "known": false
        },
        {
          "name": "UI32_MAKE",
          "line": 136,
          "known": false
        },
        {
          "name": "UI32_MAKE",
          "line": 143,
          "known": false
        },
        {
          "name": "UI32_MAKE",
          "line": 147,
          "known": false
        },
        {
          "name": "UI32_MAKE",
          "line": 151,
          "known": false
        },
        {
          "name": "UI32_MAKE",
          "line": 155,
          "known": false
        },
        {
          "name": "UI32_MAKE",
          "line": 159,
          "known": false
        },
        {
          "name": "UI32_MAKE",
          "line": 160,
          "known": false
        },
        {
          "name": "UI64_MAKE32",
          "line": 55,
          "known": false
        },
        {
          "name": "UI64_MAKE32",
          "line": 113,
          "known": false
        },
        {
          "name": "UI64_MAKE32",
          "line": 137,
          "known": false
        },
        {
          "name": "UI64_MAKE32",
          "line": 161,
          "known": false
        },
        {
          "name": "ZBZ4",
          "line": 64,
          "known": false
        },
        {
          "name": "ZLQ_CCU_RECV_DATA_LEN",
          "line": 36,
          "known": false
        },
        {
          "name": "ZLQ_CCU_RECV_DATA_LEN",
          "line": 38,
          "known": false
        },
        {
          "name": "ZZT4",
          "line": 63,
          "known": false
        }
      ],
      "type_uses": [],
      "value_ranges": [
        {
          "symbol": "bDataValid",
          "range": "[0, 4294967295]",
          "min": 0.0,
          "max": 4294967295.0,
          "evidence": [
            "macro FALSE32@45",
            "macro TRUE32@50",
            "macro TRUE32@69",
            "macro FALSE32@73",
            "macro TRUE32@78",
            "macro FALSE32@82",
            "macro TRUE32@87",
            "macro FALSE32@91"
          ]
        },
        {
          "symbol": "buffer08",
          "range": "[0, 255]",
          "min": 0.0,
          "max": 255.0,
          "evidence": [
            "type unint08"
          ]
        },
        {
          "symbol": "chksum",
          "range": "[0, 255]",
          "min": 0.0,
          "max": 255.0,
          "evidence": [
            "decl unint08@11"
          ]
        },
        {
          "symbol": "sZlqCcuRecvData.bDataValid",
          "range": "[0, 4294967295]",
          "min": 0.0,
          "max": 4294967295.0,
          "evidence": [
            "known-symbol@171"
          ]
        },
        {
          "symbol": "sZlqCcuRecvData.flgAbnormal",
          "range": "[0, 255]",
          "min": 0.0,
          "max": 255.0,
          "evidence": [
            "known-symbol@174"
          ]
        },
        {
          "symbol": "tmpAbnormal",
          "range": "[0, 255]",
          "min": 0.0,
          "max": 255.0,
          "evidence": [
            "literal@19",
            "literal@26",
            "literal@32",
            "literal@41"
          ]
        },
        {
          "symbol": "tmpUn16",
          "range": "[0, 65535]",
          "min": 0.0,
          "max": 65535.0,
          "evidence": [
            "decl unint16@13"
          ]
        }
      ],
      "condition_ranges": [
        {
          "symbol": "tmpAbnormal",
          "range": "[0, 0]",
          "min": 0.0,
          "max": 0.0,
          "line": 47,
          "condition": "tmpAbnormal == 0x00"
        }
      ],
      "reads": [
        "CheckSumAdd08",
        "FALSE32",
        "MEM_TO_FLT32",
        "MEM_TO_FLT64",
        "POW_2E_N30",
        "TRUE32",
        "UI16_MAKE",
        "UI32_MAKE",
        "UI64_MAKE32",
        "ZLQ_CCU_RECV_DATA_LEN",
        "Zt",
        "ZtSA",
        "ZtSB",
        "ZtSC",
        "attQuat",
        "flgCommValidRecv",
        "float64",
        "sStsRaw",
        "sTime",
        "sZlqCcuRecvData",
        "sZlqCcuStatus",
        "siint32",
        "sstime",
        "unint32"
      ],
      "writes": [
        "attQuat",
        "bDataValid",
        "chksum",
        "qv",
        "sZlqCcuRecvData",
        "tS",
        "tSTM",
        "tmpAbnormal",
        "tmpUn16",
        "tmpUn32",
        "tmpUn32more",
        "tmpUn64"
      ],
      "global_reads": [],
      "global_writes": [],
      "input_fields": [
        "sTime.sstime",
        "sZlqCcuRecvData.Zt",
        "sZlqCcuRecvData.ZtSA",
        "sZlqCcuRecvData.ZtSB",
        "sZlqCcuRecvData.ZtSC",
        "sZlqCcuStatus.flgCommValidRecv"
      ],
      "output_fields": [
        "sZlqCcuRecvData.ZBZ4",
        "sZlqCcuRecvData.ZZT4",
        "sZlqCcuRecvData.Zt",
        "sZlqCcuRecvData.ZtNJSum",
        "sZlqCcuRecvData.ZtSA",
        "sZlqCcuRecvData.ZtSB",
        "sZlqCcuRecvData.ZtSC",
        "sZlqCcuRecvData.bDataValid",
        "sZlqCcuRecvData.flgAbnormal",
        "sZlqCcuRecvData.tmTimezql"
      ],
      "undefined_calls": [
        "CheckSumAdd08",
        "MEM_TO_FLT32",
        "MEM_TO_FLT64",
        "UI16_MAKE",
        "UI32_MAKE",
        "UI64_MAKE32"
      ],
      "invariants": [
        {
          "kind": "value_range",
          "text": "bDataValid in [0, 4294967295]",
          "confidence": "medium",
          "evidence": "macro FALSE32@45; macro TRUE32@50; macro TRUE32@69; macro FALSE32@73; macro TRUE32@78; macro FALSE32@82; macro TRUE32@87; macro FALSE32@91",
          "symbol": "bDataValid",
          "min": 0.0,
          "max": 4294967295.0
        },
        {
          "kind": "value_range",
          "text": "buffer08 in [0, 255]",
          "confidence": "medium",
          "evidence": "type unint08",
          "symbol": "buffer08",
          "min": 0.0,
          "max": 255.0
        },
        {
          "kind": "value_range",
          "text": "chksum in [0, 255]",
          "confidence": "medium",
          "evidence": "decl unint08@11",
          "symbol": "chksum",
          "min": 0.0,
          "max": 255.0
        },
        {
          "kind": "value_range",
          "text": "sZlqCcuRecvData.bDataValid in [0, 4294967295]",
          "confidence": "medium",
          "evidence": "known-symbol@171",
          "symbol": "sZlqCcuRecvData.bDataValid",
          "min": 0.0,
          "max": 4294967295.0
        },
        {
          "kind": "value_range",
          "text": "sZlqCcuRecvData.flgAbnormal in [0, 255]",
          "confidence": "medium",
          "evidence": "known-symbol@174",
          "symbol": "sZlqCcuRecvData.flgAbnormal",
          "min": 0.0,
          "max": 255.0
        },
        {
          "kind": "value_range",
          "text": "tmpAbnormal in [0, 255]",
          "confidence": "medium",
          "evidence": "literal@19; literal@26; literal@32; literal@41",
          "symbol": "tmpAbnormal",
          "min": 0.0,
          "max": 255.0
        },
        {
          "kind": "value_range",
          "text": "tmpUn16 in [0, 65535]",
          "confidence": "medium",
          "evidence": "decl unint16@13",
          "symbol": "tmpUn16",
          "min": 0.0,
          "max": 65535.0
        },
        {
          "kind": "condition_range",
          "text": "tmpAbnormal in [0, 0] when tmpAbnormal == 0x00",
          "confidence": "high",
          "line": 47,
          "evidence": "tmpAbnormal == 0x00",
          "symbol": "tmpAbnormal",
          "min": 0.0,
          "max": 0.0
        },
        {
          "kind": "branch_condition",
          "text": "inside if branch: tmpUn16 != 0xEB90",
          "confidence": "high",
          "line": 23,
          "evidence": "tmpUn16 != 0xEB90",
          "identifiers": [
            "tmpUn16"
          ]
        },
        {
          "kind": "branch_condition",
          "text": "inside if branch: sZlqCcuStatus.flgCommValidRecv != 0x00",
          "confidence": "high",
          "line": 29,
          "evidence": "sZlqCcuStatus.flgCommValidRecv != 0x00",
          "identifiers": [
            "flgCommValidRecv",
            "sZlqCcuStatus"
          ]
        },
        {
          "kind": "branch_condition",
          "text": "inside if branch: buffer08[ZLQ_CCU_RECV_DATA_LEN-1] != chksum",
          "confidence": "high",
          "line": 38,
          "evidence": "buffer08[ZLQ_CCU_RECV_DATA_LEN-1] != chksum",
          "identifiers": [
            "ZLQ_CCU_RECV_DATA_LEN",
            "buffer08",
            "chksum"
          ]
        },
        {
          "kind": "branch_condition",
          "text": "inside if branch: tmpAbnormal == 0x00",
          "confidence": "high",
          "line": 47,
          "evidence": "tmpAbnormal == 0x00",
          "identifiers": [
            "tmpAbnormal"
          ]
        },
        {
          "kind": "branch_condition",
          "text": "inside if branch: buffer08[16] == 0x05",
          "confidence": "high",
          "line": 67,
          "evidence": "buffer08[16] == 0x05",
          "identifiers": [
            "buffer08"
          ]
        },
        {
          "kind": "branch_condition",
          "text": "inside if branch: buffer08[17] == 0x05",
          "confidence": "high",
          "line": 76,
          "evidence": "buffer08[17] == 0x05",
          "identifiers": [
            "buffer08"
          ]
        },
        {
          "kind": "branch_condition",
          "text": "inside if branch: buffer08[18] == 0x05",
          "confidence": "high",
          "line": 85,
          "evidence": "buffer08[18] == 0x05",
          "identifiers": [
            "buffer08"
          ]
        },
        {
          "kind": "assignment_value",
          "text": "tmpAbnormal may be assigned 0x00",
          "confidence": "high",
          "line": 19,
          "evidence": "tmpAbnormal = 0x00",
          "symbol": "tmpAbnormal",
          "value": "0x00"
        },
        {
          "kind": "reset",
          "text": "tmpAbnormal is reset to 0",
          "confidence": "high",
          "line": 19,
          "evidence": "tmpAbnormal = 0x00",
          "symbol": "tmpAbnormal"
        },
        {
          "kind": "assignment_value",
          "text": "tmpAbnormal may be assigned 0x11",
          "confidence": "high",
          "line": 26,
          "evidence": "tmpAbnormal = 0x11",
          "symbol": "tmpAbnormal",
          "value": "0x11"
        },
        {
          "kind": "assignment_value",
          "text": "tmpAbnormal may be assigned 0xFF",
          "confidence": "high",
          "line": 32,
          "evidence": "tmpAbnormal = 0xFF",
          "symbol": "tmpAbnormal",
          "value": "0xFF"
        },
        {
          "kind": "assignment_value",
          "text": "tmpAbnormal may be assigned 0x33",
          "confidence": "high",
          "line": 41,
          "evidence": "tmpAbnormal = 0x33",
          "symbol": "tmpAbnormal",
          "value": "0x33"
        },
        {
          "kind": "assignment_value",
          "text": "bDataValid may be assigned FALSE32",
          "confidence": "high",
          "line": 45,
          "evidence": "bDataValid = FALSE32",
          "symbol": "bDataValid",
          "value": "FALSE32"
        },
        {
          "kind": "assignment_value",
          "text": "bDataValid may be assigned TRUE32",
          "confidence": "high",
          "line": 50,
          "evidence": "bDataValid = TRUE32",
          "symbol": "bDataValid",
          "value": "TRUE32"
        },
        {
          "kind": "assignment_value",
          "text": "bDataValid may be assigned TRUE32",
          "confidence": "high",
          "line": 69,
          "evidence": "bDataValid = TRUE32",
          "symbol": "bDataValid",
          "value": "TRUE32"
        },
        {
          "kind": "assignment_value",
          "text": "bDataValid may be assigned FALSE32",
          "confidence": "high",
          "line": 73,
          "evidence": "bDataValid = FALSE32",
          "symbol": "bDataValid",
          "value": "FALSE32"
        },
        {
          "kind": "assignment_value",
          "text": "bDataValid may be assigned TRUE32",
          "confidence": "high",
          "line": 78,
          "evidence": "bDataValid = TRUE32",
          "symbol": "bDataValid",
          "value": "TRUE32"
        },
        {
          "kind": "assignment_value",
          "text": "bDataValid may be assigned FALSE32",
          "confidence": "high",
          "line": 82,
          "evidence": "bDataValid = FALSE32",
          "symbol": "bDataValid",
          "value": "FALSE32"
        },
        {
          "kind": "assignment_value",
          "text": "bDataValid may be assigned TRUE32",
          "confidence": "high",
          "line": 87,
          "evidence": "bDataValid = TRUE32",
          "symbol": "bDataValid",
          "value": "TRUE32"
        },
        {
          "kind": "assignment_value",
          "text": "bDataValid may be assigned FALSE32",
          "confidence": "high",
          "line": 91,
          "evidence": "bDataValid = FALSE32",
          "symbol": "bDataValid",
          "value": "FALSE32"
        },
        {
          "kind": "assigned_value_set",
          "text": "bDataValid assigned values are subset of {FALSE32, TRUE32}",
          "confidence": "medium",
          "evidence": "literal/macro assignments",
          "symbol": "bDataValid",
          "values": [
            "FALSE32",
            "TRUE32"
          ]
        },
        {
          "kind": "assigned_value_set",
          "text": "tmpAbnormal assigned values are subset of {0x00, 0x11, 0x33, 0xFF}",
          "confidence": "medium",
          "evidence": "literal/macro assignments",
          "symbol": "tmpAbnormal",
          "values": [
            "0x00",
            "0x11",
            "0x33",
            "0xFF"
          ]
        },
        {
          "kind": "state_value_set",
          "text": "bDataValid observed states subset of {FALSE32, TRUE32}",
          "confidence": "medium",
          "evidence": "state assignments/tests",
          "symbol": "bDataValid",
          "values": [
            "FALSE32",
            "TRUE32"
          ]
        },
        {
          "kind": "state_value_set",
          "text": "sZlqCcuStatus.flgCommValidRecv observed states subset of {0}",
          "confidence": "medium",
          "evidence": "state assignments/tests",
          "symbol": "sZlqCcuStatus.flgCommValidRecv",
          "values": [
            "0"
          ]
        },
        {
          "kind": "modifies_fields",
          "text": "function may modify fields: sZlqCcuRecvData.ZBZ4, sZlqCcuRecvData.ZZT4, sZlqCcuRecvData.Zt, sZlqCcuRecvData.ZtNJSum, sZlqCcuRecvData.ZtSA, sZlqCcuRecvData.ZtSB, sZlqCcuRecvData.ZtSC, sZlqCcuRecvData.bDataValid, sZlqCcuRecvData.flgAbnormal, sZlqCcuRecvData.tmTimezql",
          "confidence": "high",
          "evidence": "field writes",
          "fields": [
            "sZlqCcuRecvData.ZBZ4",
            "sZlqCcuRecvData.ZZT4",
            "sZlqCcuRecvData.Zt",
            "sZlqCcuRecvData.ZtNJSum",
            "sZlqCcuRecvData.ZtSA",
            "sZlqCcuRecvData.ZtSB",
            "sZlqCcuRecvData.ZtSC",
            "sZlqCcuRecvData.bDataValid",
            "sZlqCcuRecvData.flgAbnormal",
            "sZlqCcuRecvData.tmTimezql"
          ]
        },
        {
          "kind": "reads_fields",
          "text": "function may read fields: sTime.sstime, sZlqCcuRecvData.Zt, sZlqCcuRecvData.ZtSA, sZlqCcuRecvData.ZtSB, sZlqCcuRecvData.ZtSC, sZlqCcuStatus.flgCommValidRecv",
          "confidence": "high",
          "evidence": "field reads",
          "fields": [
            "sTime.sstime",
            "sZlqCcuRecvData.Zt",
            "sZlqCcuRecvData.ZtSA",
            "sZlqCcuRecvData.ZtSB",
            "sZlqCcuRecvData.ZtSC",
            "sZlqCcuStatus.flgCommValidRecv"
          ]
        },
        {
          "kind": "modifies_symbols",
          "text": "function may assign symbols: attQuat[0], attQuat[1], attQuat[2], attQuat[3], bDataValid, chksum, qv[0], qv[1], qv[2], qv[3], sZlqCcuRecvData.ZBZ4, sZlqCcuRecvData.ZZT4, sZlqCcuRecvData.Zt, sZlqCcuRecvData.ZtNJSum, sZlqCcuRecvData.ZtSA, sZlqCcuRecvData.ZtSB, sZlqCcuRecvData.ZtSC, sZlqCcuRecvData.bDataValid, sZlqCcuRecvData.flgAbnormal, sZlqCcuRecvData.tmTimezql, tS, tSTM, tmpAbnormal, tmpUn16, tmpUn32, tmpUn32more, tmpUn64",
          "confidence": "medium",
          "evidence": "assignments",
          "symbols": [
            "attQuat[0]",
            "attQuat[1]",
            "attQuat[2]",
            "attQuat[3]",
            "bDataValid",
            "chksum",
            "qv[0]",
            "qv[1]",
            "qv[2]",
            "qv[3]",
            "sZlqCcuRecvData.ZBZ4",
            "sZlqCcuRecvData.ZZT4",
            "sZlqCcuRecvData.Zt",
            "sZlqCcuRecvData.ZtNJSum",
            "sZlqCcuRecvData.ZtSA",
            "sZlqCcuRecvData.ZtSB",
            "sZlqCcuRecvData.ZtSC",
            "sZlqCcuRecvData.bDataValid",
            "sZlqCcuRecvData.flgAbnormal",
            "sZlqCcuRecvData.tmTimezql",
            "tS",
            "tSTM",
            "tmpAbnormal",
            "tmpUn16",
            "tmpUn32",
            "tmpUn32more",
            "tmpUn64"
          ]
        }
      ],
      "summary": {
        "requires_observed": [
          "inside if branch: tmpUn16 != 0xEB90",
          "inside if branch: sZlqCcuStatus.flgCommValidRecv != 0x00",
          "inside if branch: buffer08[ZLQ_CCU_RECV_DATA_LEN-1] != chksum",
          "inside if branch: tmpAbnormal == 0x00",
          "inside if branch: buffer08[16] == 0x05",
          "inside if branch: buffer08[17] == 0x05",
          "inside if branch: buffer08[18] == 0x05"
        ],
        "modifies": [
          "sZlqCcuRecvData.ZBZ4",
          "sZlqCcuRecvData.ZZT4",
          "sZlqCcuRecvData.Zt",
          "sZlqCcuRecvData.ZtNJSum",
          "sZlqCcuRecvData.ZtSA",
          "sZlqCcuRecvData.ZtSB",
          "sZlqCcuRecvData.ZtSC",
          "sZlqCcuRecvData.bDataValid",
          "sZlqCcuRecvData.flgAbnormal",
          "sZlqCcuRecvData.tmTimezql"
        ],
        "ensures_observed": [
          "bDataValid in [0, 4294967295]",
          "buffer08 in [0, 255]",
          "chksum in [0, 255]",
          "sZlqCcuRecvData.bDataValid in [0, 4294967295]",
          "sZlqCcuRecvData.flgAbnormal in [0, 255]",
          "tmpAbnormal in [0, 255]",
          "tmpUn16 in [0, 65535]",
          "tmpAbnormal is reset to 0",
          "bDataValid assigned values are subset of {FALSE32, TRUE32}",
          "tmpAbnormal assigned values are subset of {0x00, 0x11, 0x33, 0xFF}",
          "bDataValid observed states subset of {FALSE32, TRUE32}",
          "sZlqCcuStatus.flgCommValidRecv observed states subset of {0}"
        ],
        "calls": [
          "UI16_MAKE",
          "CheckSumAdd08",
          "UI32_MAKE",
          "UI32_MAKE",
          "UI64_MAKE32",
          "MEM_TO_FLT64",
          "UI32_MAKE",
          "MEM_TO_FLT32",
          "UI32_MAKE",
          "UI32_MAKE",
          "UI32_MAKE",
          "UI32_MAKE",
          "UI32_MAKE",
          "UI32_MAKE",
          "UI64_MAKE32",
          "MEM_TO_FLT64",
          "UI32_MAKE",
          "UI32_MAKE",
          "UI32_MAKE",
          "UI32_MAKE",
          "UI32_MAKE",
          "UI32_MAKE",
          "UI64_MAKE32",
          "MEM_TO_FLT64",
          "UI32_MAKE",
          "UI32_MAKE",
          "UI32_MAKE",
          "UI32_MAKE",
          "UI32_MAKE",
          "UI32_MAKE",
          "UI64_MAKE32",
          "MEM_TO_FLT64"
        ],
        "undefined_calls": [
          "CheckSumAdd08",
          "MEM_TO_FLT32",
          "MEM_TO_FLT64",
          "UI16_MAKE",
          "UI32_MAKE",
          "UI64_MAKE32"
        ]
      }
    }
  ],
  "relations": {
    "call_graph": [
      {
        "caller": "CcuUartDataProc",
        "callee": "UI16_MAKE",
        "file": "/home/hp/文档/output/CE7-FYQ-src_flat_out/CcuUartDataProc/IP_CcuUartDataProc.c",
        "line": 22,
        "kind": "function",
        "resolved": false
      },
      {
        "caller": "CcuUartDataProc",
        "callee": "CheckSumAdd08",
        "file": "/home/hp/文档/output/CE7-FYQ-src_flat_out/CcuUartDataProc/IP_CcuUartDataProc.c",
        "line": 36,
        "kind": "function",
        "resolved": false
      },
      {
        "caller": "CcuUartDataProc",
        "callee": "UI32_MAKE",
        "file": "/home/hp/文档/output/CE7-FYQ-src_flat_out/CcuUartDataProc/IP_CcuUartDataProc.c",
        "line": 53,
        "kind": "function",
        "resolved": false
      },
      {
        "caller": "CcuUartDataProc",
        "callee": "UI32_MAKE",
        "file": "/home/hp/文档/output/CE7-FYQ-src_flat_out/CcuUartDataProc/IP_CcuUartDataProc.c",
        "line": 54,
        "kind": "function",
        "resolved": false
      },
      {
        "caller": "CcuUartDataProc",
        "callee": "UI64_MAKE32",
        "file": "/home/hp/文档/output/CE7-FYQ-src_flat_out/CcuUartDataProc/IP_CcuUartDataProc.c",
        "line": 55,
        "kind": "function",
        "resolved": false
      },
      {
        "caller": "CcuUartDataProc",
        "callee": "MEM_TO_FLT64",
        "file": "/home/hp/文档/output/CE7-FYQ-src_flat_out/CcuUartDataProc/IP_CcuUartDataProc.c",
        "line": 56,
        "kind": "function",
        "resolved": false
      },
      {
        "caller": "CcuUartDataProc",
        "callee": "UI32_MAKE",
        "file": "/home/hp/文档/output/CE7-FYQ-src_flat_out/CcuUartDataProc/IP_CcuUartDataProc.c",
        "line": 59,
        "kind": "function",
        "resolved": false
      },
      {
        "caller": "CcuUartDataProc",
        "callee": "MEM_TO_FLT32",
        "file": "/home/hp/文档/output/CE7-FYQ-src_flat_out/CcuUartDataProc/IP_CcuUartDataProc.c",
        "line": 60,
        "kind": "function",
        "resolved": false
      },
      {
        "caller": "CcuUartDataProc",
        "callee": "UI32_MAKE",
        "file": "/home/hp/文档/output/CE7-FYQ-src_flat_out/CcuUartDataProc/IP_CcuUartDataProc.c",
        "line": 95,
        "kind": "function",
        "resolved": false
      },
      {
        "caller": "CcuUartDataProc",
        "callee": "UI32_MAKE",
        "file": "/home/hp/文档/output/CE7-FYQ-src_flat_out/CcuUartDataProc/IP_CcuUartDataProc.c",
        "line": 99,
        "kind": "function",
        "resolved": false
      },
      {
        "caller": "CcuUartDataProc",
        "callee": "UI32_MAKE",
        "file": "/home/hp/文档/output/CE7-FYQ-src_flat_out/CcuUartDataProc/IP_CcuUartDataProc.c",
        "line": 103,
        "kind": "function",
        "resolved": false
      },
      {
        "caller": "CcuUartDataProc",
        "callee": "UI32_MAKE",
        "file": "/home/hp/文档/output/CE7-FYQ-src_flat_out/CcuUartDataProc/IP_CcuUartDataProc.c",
        "line": 107,
        "kind": "function",
        "resolved": false
      },
      {
        "caller": "CcuUartDataProc",
        "callee": "UI32_MAKE",
        "file": "/home/hp/文档/output/CE7-FYQ-src_flat_out/CcuUartDataProc/IP_CcuUartDataProc.c",
        "line": 111,
        "kind": "function",
        "resolved": false
      },
      {
        "caller": "CcuUartDataProc",
        "callee": "UI32_MAKE",
        "file": "/home/hp/文档/output/CE7-FYQ-src_flat_out/CcuUartDataProc/IP_CcuUartDataProc.c",
        "line": 112,
        "kind": "function",
        "resolved": false
      },
      {
        "caller": "CcuUartDataProc",
        "callee": "UI64_MAKE32",
        "file": "/home/hp/文档/output/CE7-FYQ-src_flat_out/CcuUartDataProc/IP_CcuUartDataProc.c",
        "line": 113,
        "kind": "function",
        "resolved": false
      },
      {
        "caller": "CcuUartDataProc",
        "callee": "MEM_TO_FLT64",
        "file": "/home/hp/文档/output/CE7-FYQ-src_flat_out/CcuUartDataProc/IP_CcuUartDataProc.c",
        "line": 114,
        "kind": "function",
        "resolved": false
      },
      {
        "caller": "CcuUartDataProc",
        "callee": "UI32_MAKE",
        "file": "/home/hp/文档/output/CE7-FYQ-src_flat_out/CcuUartDataProc/IP_CcuUartDataProc.c",
        "line": 119,
        "kind": "function",
        "resolved": false
      },
      {
        "caller": "CcuUartDataProc",
        "callee": "UI32_MAKE",
        "file": "/home/hp/文档/output/CE7-FYQ-src_flat_out/CcuUartDataProc/IP_CcuUartDataProc.c",
        "line": 123,
        "kind": "function",
        "resolved": false
      },
      {
        "caller": "CcuUartDataProc",
        "callee": "UI32_MAKE",
        "file": "/home/hp/文档/output/CE7-FYQ-src_flat_out/CcuUartDataProc/IP_CcuUartDataProc.c",
        "line": 127,
        "kind": "function",
        "resolved": false
      },
      {
        "caller": "CcuUartDataProc",
        "callee": "UI32_MAKE",
        "file": "/home/hp/文档/output/CE7-FYQ-src_flat_out/CcuUartDataProc/IP_CcuUartDataProc.c",
        "line": 131,
        "kind": "function",
        "resolved": false
      },
      {
        "caller": "CcuUartDataProc",
        "callee": "UI32_MAKE",
        "file": "/home/hp/文档/output/CE7-FYQ-src_flat_out/CcuUartDataProc/IP_CcuUartDataProc.c",
        "line": 135,
        "kind": "function",
        "resolved": false
      },
      {
        "caller": "CcuUartDataProc",
        "callee": "UI32_MAKE",
        "file": "/home/hp/文档/output/CE7-FYQ-src_flat_out/CcuUartDataProc/IP_CcuUartDataProc.c",
        "line": 136,
        "kind": "function",
        "resolved": false
      },
      {
        "caller": "CcuUartDataProc",
        "callee": "UI64_MAKE32",
        "file": "/home/hp/文档/output/CE7-FYQ-src_flat_out/CcuUartDataProc/IP_CcuUartDataProc.c",
        "line": 137,
        "kind": "function",
        "resolved": false
      },
      {
        "caller": "CcuUartDataProc",
        "callee": "MEM_TO_FLT64",
        "file": "/home/hp/文档/output/CE7-FYQ-src_flat_out/CcuUartDataProc/IP_CcuUartDataProc.c",
        "line": 138,
        "kind": "function",
        "resolved": false
      },
      {
        "caller": "CcuUartDataProc",
        "callee": "UI32_MAKE",
        "file": "/home/hp/文档/output/CE7-FYQ-src_flat_out/CcuUartDataProc/IP_CcuUartDataProc.c",
        "line": 143,
        "kind": "function",
        "resolved": false
      },
      {
        "caller": "CcuUartDataProc",
        "callee": "UI32_MAKE",
        "file": "/home/hp/文档/output/CE7-FYQ-src_flat_out/CcuUartDataProc/IP_CcuUartDataProc.c",
        "line": 147,
        "kind": "function",
        "resolved": false
      },
      {
        "caller": "CcuUartDataProc",
        "callee": "UI32_MAKE",
        "file": "/home/hp/文档/output/CE7-FYQ-src_flat_out/CcuUartDataProc/IP_CcuUartDataProc.c",
        "line": 151,
        "kind": "function",
        "resolved": false
      },
      {
        "caller": "CcuUartDataProc",
        "callee": "UI32_MAKE",
        "file": "/home/hp/文档/output/CE7-FYQ-src_flat_out/CcuUartDataProc/IP_CcuUartDataProc.c",
        "line": 155,
        "kind": "function",
        "resolved": false
      },
      {
        "caller": "CcuUartDataProc",
        "callee": "UI32_MAKE",
        "file": "/home/hp/文档/output/CE7-FYQ-src_flat_out/CcuUartDataProc/IP_CcuUartDataProc.c",
        "line": 159,
        "kind": "function",
        "resolved": false
      },
      {
        "caller": "CcuUartDataProc",
        "callee": "UI32_MAKE",
        "file": "/home/hp/文档/output/CE7-FYQ-src_flat_out/CcuUartDataProc/IP_CcuUartDataProc.c",
        "line": 160,
        "kind": "function",
        "resolved": false
      },
      {
        "caller": "CcuUartDataProc",
        "callee": "UI64_MAKE32",
        "file": "/home/hp/文档/output/CE7-FYQ-src_flat_out/CcuUartDataProc/IP_CcuUartDataProc.c",
        "line": 161,
        "kind": "function",
        "resolved": false
      },
      {
        "caller": "CcuUartDataProc",
        "callee": "MEM_TO_FLT64",
        "file": "/home/hp/文档/output/CE7-FYQ-src_flat_out/CcuUartDataProc/IP_CcuUartDataProc.c",
        "line": 162,
        "kind": "function",
        "resolved": false
      }
    ],
    "field_accesses": [
      {
        "name": "sTime.sstime",
        "reads": 4,
        "writes": 0,
        "read_writes": 0,
        "functions": [
          "CcuUartDataProc"
        ],
        "readers": [
          "CcuUartDataProc"
        ],
        "writers": []
      },
      {
        "name": "sZlqCcuRecvData.ZBZ4",
        "reads": 0,
        "writes": 1,
        "read_writes": 0,
        "functions": [
          "CcuUartDataProc"
        ],
        "readers": [],
        "writers": [
          "CcuUartDataProc"
        ]
      },
      {
        "name": "sZlqCcuRecvData.ZZT4",
        "reads": 0,
        "writes": 1,
        "read_writes": 0,
        "functions": [
          "CcuUartDataProc"
        ],
        "readers": [],
        "writers": [
          "CcuUartDataProc"
        ]
      },
      {
        "name": "sZlqCcuRecvData.Zt",
        "reads": 1,
        "writes": 1,
        "read_writes": 0,
        "functions": [
          "CcuUartDataProc"
        ],
        "readers": [
          "CcuUartDataProc"
        ],
        "writers": [
          "CcuUartDataProc"
        ]
      },
      {
        "name": "sZlqCcuRecvData.ZtNJSum",
        "reads": 0,
        "writes": 1,
        "read_writes": 0,
        "functions": [
          "CcuUartDataProc"
        ],
        "readers": [],
        "writers": [
          "CcuUartDataProc"
        ]
      },
      {
        "name": "sZlqCcuRecvData.ZtSA",
        "reads": 2,
        "writes": 1,
        "read_writes": 0,
        "functions": [
          "CcuUartDataProc"
        ],
        "readers": [
          "CcuUartDataProc"
        ],
        "writers": [
          "CcuUartDataProc"
        ]
      },
      {
        "name": "sZlqCcuRecvData.ZtSB",
        "reads": 2,
        "writes": 1,
        "read_writes": 0,
        "functions": [
          "CcuUartDataProc"
        ],
        "readers": [
          "CcuUartDataProc"
        ],
        "writers": [
          "CcuUartDataProc"
        ]
      },
      {
        "name": "sZlqCcuRecvData.ZtSC",
        "reads": 2,
        "writes": 1,
        "read_writes": 0,
        "functions": [
          "CcuUartDataProc"
        ],
        "readers": [
          "CcuUartDataProc"
        ],
        "writers": [
          "CcuUartDataProc"
        ]
      },
      {
        "name": "sZlqCcuRecvData.bDataValid",
        "reads": 0,
        "writes": 1,
        "read_writes": 0,
        "functions": [
          "CcuUartDataProc"
        ],
        "readers": [],
        "writers": [
          "CcuUartDataProc"
        ]
      },
      {
        "name": "sZlqCcuRecvData.flgAbnormal",
        "reads": 0,
        "writes": 1,
        "read_writes": 0,
        "functions": [
          "CcuUartDataProc"
        ],
        "readers": [],
        "writers": [
          "CcuUartDataProc"
        ]
      },
      {
        "name": "sZlqCcuRecvData.tmTimezql",
        "reads": 0,
        "writes": 1,
        "read_writes": 0,
        "functions": [
          "CcuUartDataProc"
        ],
        "readers": [],
        "writers": [
          "CcuUartDataProc"
        ]
      },
      {
        "name": "sZlqCcuStatus.flgCommValidRecv",
        "reads": 1,
        "writes": 0,
        "read_writes": 0,
        "functions": [
          "CcuUartDataProc"
        ],
        "readers": [
          "CcuUartDataProc"
        ],
        "writers": []
      }
    ],
    "state_transitions": [],
    "missing_local_includes": [],
    "unresolved_calls": {
      "CheckSumAdd08": [
        {
          "caller": "CcuUartDataProc",
          "file": "/home/hp/文档/output/CE7-FYQ-src_flat_out/CcuUartDataProc/IP_CcuUartDataProc.c",
          "line": 36
        }
      ],
      "MEM_TO_FLT32": [
        {
          "caller": "CcuUartDataProc",
          "file": "/home/hp/文档/output/CE7-FYQ-src_flat_out/CcuUartDataProc/IP_CcuUartDataProc.c",
          "line": 60
        }
      ],
      "MEM_TO_FLT64": [
        {
          "caller": "CcuUartDataProc",
          "file": "/home/hp/文档/output/CE7-FYQ-src_flat_out/CcuUartDataProc/IP_CcuUartDataProc.c",
          "line": 56
        },
        {
          "caller": "CcuUartDataProc",
          "file": "/home/hp/文档/output/CE7-FYQ-src_flat_out/CcuUartDataProc/IP_CcuUartDataProc.c",
          "line": 114
        },
        {
          "caller": "CcuUartDataProc",
          "file": "/home/hp/文档/output/CE7-FYQ-src_flat_out/CcuUartDataProc/IP_CcuUartDataProc.c",
          "line": 138
        },
        {
          "caller": "CcuUartDataProc",
          "file": "/home/hp/文档/output/CE7-FYQ-src_flat_out/CcuUartDataProc/IP_CcuUartDataProc.c",
          "line": 162
        }
      ],
      "UI16_MAKE": [
        {
          "caller": "CcuUartDataProc",
          "file": "/home/hp/文档/output/CE7-FYQ-src_flat_out/CcuUartDataProc/IP_CcuUartDataProc.c",
          "line": 22
        }
      ],
      "UI32_MAKE": [
        {
          "caller": "CcuUartDataProc",
          "file": "/home/hp/文档/output/CE7-FYQ-src_flat_out/CcuUartDataProc/IP_CcuUartDataProc.c",
          "line": 53
        },
        {
          "caller": "CcuUartDataProc",
          "file": "/home/hp/文档/output/CE7-FYQ-src_flat_out/CcuUartDataProc/IP_CcuUartDataProc.c",
          "line": 54
        },
        {
          "caller": "CcuUartDataProc",
          "file": "/home/hp/文档/output/CE7-FYQ-src_flat_out/CcuUartDataProc/IP_CcuUartDataProc.c",
          "line": 59
        },
        {
          "caller": "CcuUartDataProc",
          "file": "/home/hp/文档/output/CE7-FYQ-src_flat_out/CcuUartDataProc/IP_CcuUartDataProc.c",
          "line": 95
        },
        {
          "caller": "CcuUartDataProc",
          "file": "/home/hp/文档/output/CE7-FYQ-src_flat_out/CcuUartDataProc/IP_CcuUartDataProc.c",
          "line": 99
        },
        {
          "caller": "CcuUartDataProc",
          "file": "/home/hp/文档/output/CE7-FYQ-src_flat_out/CcuUartDataProc/IP_CcuUartDataProc.c",
          "line": 103
        },
        {
          "caller": "CcuUartDataProc",
          "file": "/home/hp/文档/output/CE7-FYQ-src_flat_out/CcuUartDataProc/IP_CcuUartDataProc.c",
          "line": 107
        },
        {
          "caller": "CcuUartDataProc",
          "file": "/home/hp/文档/output/CE7-FYQ-src_flat_out/CcuUartDataProc/IP_CcuUartDataProc.c",
          "line": 111
        },
        {
          "caller": "CcuUartDataProc",
          "file": "/home/hp/文档/output/CE7-FYQ-src_flat_out/CcuUartDataProc/IP_CcuUartDataProc.c",
          "line": 112
        },
        {
          "caller": "CcuUartDataProc",
          "file": "/home/hp/文档/output/CE7-FYQ-src_flat_out/CcuUartDataProc/IP_CcuUartDataProc.c",
          "line": 119
        },
        {
          "caller": "CcuUartDataProc",
          "file": "/home/hp/文档/output/CE7-FYQ-src_flat_out/CcuUartDataProc/IP_CcuUartDataProc.c",
          "line": 123
        },
        {
          "caller": "CcuUartDataProc",
          "file": "/home/hp/文档/output/CE7-FYQ-src_flat_out/CcuUartDataProc/IP_CcuUartDataProc.c",
          "line": 127
        },
        {
          "caller": "CcuUartDataProc",
          "file": "/home/hp/文档/output/CE7-FYQ-src_flat_out/CcuUartDataProc/IP_CcuUartDataProc.c",
          "line": 131
        },
        {
          "caller": "CcuUartDataProc",
          "file": "/home/hp/文档/output/CE7-FYQ-src_flat_out/CcuUartDataProc/IP_CcuUartDataProc.c",
          "line": 135
        },
        {
          "caller": "CcuUartDataProc",
          "file": "/home/hp/文档/output/CE7-FYQ-src_flat_out/CcuUartDataProc/IP_CcuUartDataProc.c",
          "line": 136
        },
        {
          "caller": "CcuUartDataProc",
          "file": "/home/hp/文档/output/CE7-FYQ-src_flat_out/CcuUartDataProc/IP_CcuUartDataProc.c",
          "line": 143
        },
        {
          "caller": "CcuUartDataProc",
          "file": "/home/hp/文档/output/CE7-FYQ-src_flat_out/CcuUartDataProc/IP_CcuUartDataProc.c",
          "line": 147
        },
        {
          "caller": "CcuUartDataProc",
          "file": "/home/hp/文档/output/CE7-FYQ-src_flat_out/CcuUartDataProc/IP_CcuUartDataProc.c",
          "line": 151
        },
        {
          "caller": "CcuUartDataProc",
          "file": "/home/hp/文档/output/CE7-FYQ-src_flat_out/CcuUartDataProc/IP_CcuUartDataProc.c",
          "line": 155
        },
        {
          "caller": "CcuUartDataProc",
          "file": "/home/hp/文档/output/CE7-FYQ-src_flat_out/CcuUartDataProc/IP_CcuUartDataProc.c",
          "line": 159
        },
        {
          "caller": "CcuUartDataProc",
          "file": "/home/hp/文档/output/CE7-FYQ-src_flat_out/CcuUartDataProc/IP_CcuUartDataProc.c",
          "line": 160
        }
      ],
      "UI64_MAKE32": [
        {
          "caller": "CcuUartDataProc",
          "file": "/home/hp/文档/output/CE7-FYQ-src_flat_out/CcuUartDataProc/IP_CcuUartDataProc.c",
          "line": 55
        },
        {
          "caller": "CcuUartDataProc",
          "file": "/home/hp/文档/output/CE7-FYQ-src_flat_out/CcuUartDataProc/IP_CcuUartDataProc.c",
          "line": 113
        },
        {
          "caller": "CcuUartDataProc",
          "file": "/home/hp/文档/output/CE7-FYQ-src_flat_out/CcuUartDataProc/IP_CcuUartDataProc.c",
          "line": 137
        },
        {
          "caller": "CcuUartDataProc",
          "file": "/home/hp/文档/output/CE7-FYQ-src_flat_out/CcuUartDataProc/IP_CcuUartDataProc.c",
          "line": 161
        }
      ]
    }
  },
  "invariants": {
    "project": [
      {
        "kind": "project_input_field",
        "text": "sTime.sstime is only read by CcuUartDataProc",
        "confidence": "medium",
        "evidence": "field summary",
        "field": "sTime.sstime",
        "readers": [
          "CcuUartDataProc"
        ]
      },
      {
        "kind": "project_output_field",
        "text": "sZlqCcuRecvData.ZBZ4 is only written by CcuUartDataProc",
        "confidence": "medium",
        "evidence": "field summary",
        "field": "sZlqCcuRecvData.ZBZ4",
        "writers": [
          "CcuUartDataProc"
        ]
      },
      {
        "kind": "project_output_field",
        "text": "sZlqCcuRecvData.ZZT4 is only written by CcuUartDataProc",
        "confidence": "medium",
        "evidence": "field summary",
        "field": "sZlqCcuRecvData.ZZT4",
        "writers": [
          "CcuUartDataProc"
        ]
      },
      {
        "kind": "project_state_field",
        "text": "sZlqCcuRecvData.Zt is read and written",
        "confidence": "medium",
        "evidence": "field summary",
        "field": "sZlqCcuRecvData.Zt",
        "readers": [
          "CcuUartDataProc"
        ],
        "writers": [
          "CcuUartDataProc"
        ]
      },
      {
        "kind": "project_output_field",
        "text": "sZlqCcuRecvData.ZtNJSum is only written by CcuUartDataProc",
        "confidence": "medium",
        "evidence": "field summary",
        "field": "sZlqCcuRecvData.ZtNJSum",
        "writers": [
          "CcuUartDataProc"
        ]
      },
      {
        "kind": "project_state_field",
        "text": "sZlqCcuRecvData.ZtSA is read and written",
        "confidence": "medium",
        "evidence": "field summary",
        "field": "sZlqCcuRecvData.ZtSA",
        "readers": [
          "CcuUartDataProc"
        ],
        "writers": [
          "CcuUartDataProc"
        ]
      },
      {
        "kind": "project_state_field",
        "text": "sZlqCcuRecvData.ZtSB is read and written",
        "confidence": "medium",
        "evidence": "field summary",
        "field": "sZlqCcuRecvData.ZtSB",
        "readers": [
          "CcuUartDataProc"
        ],
        "writers": [
          "CcuUartDataProc"
        ]
      },
      {
        "kind": "project_state_field",
        "text": "sZlqCcuRecvData.ZtSC is read and written",
        "confidence": "medium",
        "evidence": "field summary",
        "field": "sZlqCcuRecvData.ZtSC",
        "readers": [
          "CcuUartDataProc"
        ],
        "writers": [
          "CcuUartDataProc"
        ]
      },
      {
        "kind": "project_output_field",
        "text": "sZlqCcuRecvData.bDataValid is only written by CcuUartDataProc",
        "confidence": "medium",
        "evidence": "field summary",
        "field": "sZlqCcuRecvData.bDataValid",
        "writers": [
          "CcuUartDataProc"
        ]
      },
      {
        "kind": "project_output_field",
        "text": "sZlqCcuRecvData.flgAbnormal is only written by CcuUartDataProc",
        "confidence": "medium",
        "evidence": "field summary",
        "field": "sZlqCcuRecvData.flgAbnormal",
        "writers": [
          "CcuUartDataProc"
        ]
      },
      {
        "kind": "project_output_field",
        "text": "sZlqCcuRecvData.tmTimezql is only written by CcuUartDataProc",
        "confidence": "medium",
        "evidence": "field summary",
        "field": "sZlqCcuRecvData.tmTimezql",
        "writers": [
          "CcuUartDataProc"
        ]
      },
      {
        "kind": "project_input_field",
        "text": "sZlqCcuStatus.flgCommValidRecv is only read by CcuUartDataProc",
        "confidence": "medium",
        "evidence": "field summary",
        "field": "sZlqCcuStatus.flgCommValidRecv",
        "readers": [
          "CcuUartDataProc"
        ]
      }
    ]
  }
}
