Program: `/tmp/qcp-null-macro-ude8hn9d/xizi_circular_area_data_length.c`
Start to parse strategies file common
File Path: builtin/common.strategies
Finish parsing strategies file common
Start to parse strategies file string_literal
File Path: builtin/string_literal.strategies
Finish parsing strategies file string_literal
Start to parse function declaration of function KPrintf
Function `CircularAreaIsFull`
Start to parse strategies file uchar_array
File Path: builtin/uchar_array.strategies
Finish parsing strategies file uchar_array
Start to parse strategies file undef_uchar_array
File Path: builtin/undef_uchar_array.strategies
Finish parsing strategies file undef_uchar_array
Start to parse strategies file mixed_uchar_array
File Path: builtin/mixed_uchar_array.strategies
Finish parsing strategies file mixed_uchar_array
Start to parse strategies file uchar_array_shape
File Path: builtin/uchar_array_shape.strategies
Finish parsing strategies file uchar_array_shape
End of function `CircularAreaIsFull`
Function `CircularAreaGetDataLength`
End of function `CircularAreaGetDataLength`
Successfully finished symbolic execution
