===== source2fsm batch debug =====
name: Avv
source: IP_Avv.c
source directory: /home/hp/文档/output/CE7-FYQ-src_flat_out/Avv
output directory: /home/hp/文档/output/CE7-FYQ-src_flat_out/Avv
copied input .c files:
  IP_Avv.c
===== docker output =====
source-only mode: /work/input/IP_Avv.c
source-only cfg
function "Avv" found
nodes: 8
edges: 9
dot: /work/output/.Avv.dot
cfg nodes:
  n0 [basic] float64 V2I[3]; | float64 V2b[3]; | float64 V3I[3]; | float64 V3b[3]; | unint32 i; | unint32 j; | unint32 u; | VectorCross3(&V2I[0], X1I, X2I); | VectorUnit3(&V2I[0]); | VectorCross3(&V3I[0], X1I, &V2I[0]); | VectorCross3(&V2b[0], X1b, X2b); | VectorUnit3(&V2b[0]); | VectorCross3(&V3b[0], X1b, &V2b[0]);
  n1 [loop] for (i=0; i<3; i++)
  n2 [loop] for (j=0; j<3; j++)
  n3 [basic] u = i*3 + j; | mat33[u] = X1b[i] * X1I[j] + V2b[i] * V2I[j] + V3b[i] * V3I[j];
  n4 [terminal] return;
png: /work/output/Avv.png
