===== source2fsm batch debug =====
name: CruPack
source: IP_CruPack.c
source directory: /home/hp/文档/output/CE7-FYQ-src_flat_out/CruPack
output directory: /home/hp/文档/output/CE7-FYQ-src_flat_out/CruPack
copied input .c files:
  IP_CruPack.c
===== docker output =====
source-only mode: /work/input/IP_CruPack.c
source-only cfg
function "CruPack" found
nodes: 21
edges: 27
dot: /work/output/.CruPack.dot
cfg nodes:
  n0 [basic] Memsetx(&sCrucialSave.saveBuff[0], 0xFF, CRU_TOTAL_LENGTH_CRUDATA); | sCrucialRest.tim = sTime.sstime;
  n1 [if] if (bFlyNotWalk == TRUE32)
  n2 [if] if (sGncCtrlFlag.BZ1 == WORK_MODE_TRANSLATION)
  n3 [basic] sCrucialSave.tmpTime = sModeProcess.t30;
  n4 [if] if (sGncCtrlFlag.BZ1 == WORK_MODE_RISEATTI)
  n5 [basic] sCrucialSave.tmpTime = sModeProcess.t40;
  n6 [if] if (sGncCtrlFlag.BZ1 == WORK_MODE_GLIDE)
  n7 [basic] sCrucialSave.tmpTime = sModeProcess.t50;
  n8 [if] if (sGncCtrlFlag.BZ1 == WORK_MODE_SPEEDDECEL)
  n9 [basic] sCrucialSave.tmpTime = sModeProcess.t60;
  n10 [if] if (sGncCtrlFlag.BZ1 == WORK_MODE_APPROACH)
  n11 [basic] sCrucialSave.tmpTime = sModeProcess.t70;
  n12 [if] if (sGncCtrlFlag.BZ1 == WORK_MODE_SLOWDOWN)
  n13 [basic] sCrucialSave.tmpTime = sModeProcess.t8;
  n14 [basic] sCrucialSave.tmpTime = 0.0;
  n15 [basic] sCrucialSave.saveBuff[0] = 0xAA; | AutuPackDataflow(&sCrucialSave.saveBuff[1], &CRUPK_FLY[0], | &sCrucialSave.firstTime, CRU_FLY_MAPTABLE_LENGTH, (CRU_TOTAL_LENGTH_CRUDATA | - 2));
  n16 [basic] sCrucialSave.saveBuff[0] = 0xBB; | AutuPackDataflow(&sCrucialSave.saveBuff[1], &CRUPK_WALK[0], | &sCrucialSave.firstTime, CRU_WALK_MAPTABLE_LENGTH, (CRU_TOTAL_LENGTH_CRUDATA | - 2));
  n17 [terminal] sCrucialSave.saveBuff[CRU_TOTAL_LENGTH_CRUDATA - 1] = | CheckSumAdd08(&sCrucialSave.saveBuff[0], (CRU_TOTAL_LENGTH_CRUDATA-1)); | return;
png: /work/output/CruPack.png
