===== source2fsm batch debug =====
name: ConstDiagSignInt
source: IP_ConstDiagSignInt.c
source directory: /home/hp/文档/output/CE7-FYQ-src_flat_out/ConstDiagSignInt
output directory: /home/hp/文档/output/CE7-FYQ-src_flat_out/ConstDiagSignInt
copied input .c files:
  IP_ConstDiagSignInt.c
===== docker output =====
source-only mode: /work/input/IP_ConstDiagSignInt.c
source-only cfg
function "ConstDiagSignInt" found
nodes: 13
edges: 16
dot: /work/output/.ConstDiagSignInt.dot
cfg nodes:
  n0 [basic] boolu32 bConst; | siint32 iCnt; | siint32 cntAll; | bConst = FALSE32; | cntAll = 0;
  n1 [loop] for (iCnt=0; iCnt<sizeVar; iCnt++)
  n2 [if] if (var[iCnt] == oldVar[iCnt])
  n3 [basic] cntAll++;
  n4 [if] if (cntAll == sizeVar)
  n5 [basic] (*cntConst)++;
  n6 [basic] *cntConst = 0;
  n7 [if] if (*cntConst > numConstMax)
  n8 [basic] bConst = TRUE32;
  n9 [terminal] return bConst;
png: /work/output/ConstDiagSignInt.png
